<?xml version="1.0" encoding="ISO-8859-1" ?>
<link_info>
   <banner>TI ARM Clang Linker PC v3.2.2.LTS</banner>
   <copyright>Copyright (c) 1996-2018 Texas Instruments Incorporated</copyright>
   <link_time>0x66ab0c97</link_time>
   <link_errors>0x0</link_errors>
   <output_file>F:\EDC\EDC_workspace\control\Debug\control.out</output_file>
   <entry_point>
      <name>_c_int00_noargs</name>
      <address>0x4579</address>
   </entry_point>
   <input_file_list>
      <input_file id="fl-1">
         <path>F:\EDC\EDC_workspace\control\Debug\.\</path>
         <kind>object</kind>
         <file>control.o</file>
         <name>control.o</name>
      </input_file>
      <input_file id="fl-2">
         <path>F:\EDC\EDC_workspace\control\Debug\.\</path>
         <kind>object</kind>
         <file>ti_msp_dl_config.o</file>
         <name>ti_msp_dl_config.o</name>
      </input_file>
      <input_file id="fl-3">
         <path>F:\EDC\EDC_workspace\control\Debug\.\</path>
         <kind>object</kind>
         <file>startup_mspm0g350x_ticlang.o</file>
         <name>startup_mspm0g350x_ticlang.o</name>
      </input_file>
      <input_file id="fl-4">
         <path>F:\EDC\EDC_workspace\control\Debug\.\code\</path>
         <kind>object</kind>
         <file>Buzzer.o</file>
         <name>Buzzer.o</name>
      </input_file>
      <input_file id="fl-5">
         <path>F:\EDC\EDC_workspace\control\Debug\.\code\</path>
         <kind>object</kind>
         <file>CCD.o</file>
         <name>CCD.o</name>
      </input_file>
      <input_file id="fl-6">
         <path>F:\EDC\EDC_workspace\control\Debug\.\code\</path>
         <kind>object</kind>
         <file>Chassis.o</file>
         <name>Chassis.o</name>
      </input_file>
      <input_file id="fl-7">
         <path>F:\EDC\EDC_workspace\control\Debug\.\code\</path>
         <kind>object</kind>
         <file>Controller.o</file>
         <name>Controller.o</name>
      </input_file>
      <input_file id="fl-8">
         <path>F:\EDC\EDC_workspace\control\Debug\.\code\</path>
         <kind>object</kind>
         <file>Encoder.o</file>
         <name>Encoder.o</name>
      </input_file>
      <input_file id="fl-9">
         <path>F:\EDC\EDC_workspace\control\Debug\.\code\</path>
         <kind>object</kind>
         <file>IMU.o</file>
         <name>IMU.o</name>
      </input_file>
      <input_file id="fl-a">
         <path>F:\EDC\EDC_workspace\control\Debug\.\code\</path>
         <kind>object</kind>
         <file>LS7366R.o</file>
         <name>LS7366R.o</name>
      </input_file>
      <input_file id="fl-b">
         <path>F:\EDC\EDC_workspace\control\Debug\.\code\</path>
         <kind>object</kind>
         <file>N20_Motor.o</file>
         <name>N20_Motor.o</name>
      </input_file>
      <input_file id="fl-c">
         <path>F:\EDC\EDC_workspace\control\Debug\.\code\</path>
         <kind>object</kind>
         <file>PID.o</file>
         <name>PID.o</name>
      </input_file>
      <input_file id="fl-d">
         <path>F:\EDC\EDC_workspace\control\Debug\.\code\</path>
         <kind>object</kind>
         <file>PID_Controller.o</file>
         <name>PID_Controller.o</name>
      </input_file>
      <input_file id="fl-e">
         <path>F:\EDC\EDC_workspace\control\Debug\.\code\</path>
         <kind>object</kind>
         <file>QEI.o</file>
         <name>QEI.o</name>
      </input_file>
      <input_file id="fl-f">
         <path>F:\EDC\EDC_workspace\control\Debug\.\code\</path>
         <kind>object</kind>
         <file>Remote.o</file>
         <name>Remote.o</name>
      </input_file>
      <input_file id="fl-10">
         <path>F:\EDC\EDC_workspace\control\Debug\.\code\</path>
         <kind>object</kind>
         <file>hal.o</file>
         <name>hal.o</name>
      </input_file>
      <input_file id="fl-11">
         <path>F:\EDC\EDC_workspace\control\Debug\.\code\</path>
         <kind>object</kind>
         <file>imu660.o</file>
         <name>imu660.o</name>
      </input_file>
      <input_file id="fl-12">
         <path>F:\EDC\EDC_workspace\control\Debug\.\code\</path>
         <kind>object</kind>
         <file>imu963ra.o</file>
         <name>imu963ra.o</name>
      </input_file>
      <input_file id="fl-13">
         <path>F:\EDC\EDC_workspace\control\Debug\.\code\</path>
         <kind>object</kind>
         <file>it.o</file>
         <name>it.o</name>
      </input_file>
      <input_file id="fl-14">
         <path>F:\EDC\EDC_workspace\control\Debug\.\code\</path>
         <kind>object</kind>
         <file>task.o</file>
         <name>task.o</name>
      </input_file>
      <input_file id="fl-22">
         <path>F:\EDC\EDC_workspace\control\Debug\</path>
         <kind>object</kind>
         <file>&lt;internal&gt;</file>
         <name>&lt;internal&gt;</name>
      </input_file>
      <input_file id="fl-23">
         <path>C:\ti\mspm0_sdk_2_01_00_03\source\third_party\CMSIS\DSP\lib\ticlang\m0p\</path>
         <kind>archive</kind>
         <file>arm_cortexM0l_math.a</file>
         <name>arm_sin_cos_f32.o</name>
      </input_file>
      <input_file id="fl-24">
         <path>C:\ti\mspm0_sdk_2_01_00_03\source\third_party\CMSIS\DSP\lib\ticlang\m0p\</path>
         <kind>archive</kind>
         <file>arm_cortexM0l_math.a</file>
         <name>arm_common_tables.o</name>
      </input_file>
      <input_file id="fl-25">
         <path>C:\ti\mspm0_sdk_2_01_00_03\source\ti\driverlib\lib\ticlang\m0p\mspm0g1x0x_g3x0x\</path>
         <kind>archive</kind>
         <file>driverlib.a</file>
         <name>dl_adc12.o</name>
      </input_file>
      <input_file id="fl-26">
         <path>C:\ti\mspm0_sdk_2_01_00_03\source\ti\driverlib\lib\ticlang\m0p\mspm0g1x0x_g3x0x\</path>
         <kind>archive</kind>
         <file>driverlib.a</file>
         <name>dl_common.o</name>
      </input_file>
      <input_file id="fl-27">
         <path>C:\ti\mspm0_sdk_2_01_00_03\source\ti\driverlib\lib\ticlang\m0p\mspm0g1x0x_g3x0x\</path>
         <kind>archive</kind>
         <file>driverlib.a</file>
         <name>dl_dma.o</name>
      </input_file>
      <input_file id="fl-28">
         <path>C:\ti\mspm0_sdk_2_01_00_03\source\ti\driverlib\lib\ticlang\m0p\mspm0g1x0x_g3x0x\</path>
         <kind>archive</kind>
         <file>driverlib.a</file>
         <name>dl_spi.o</name>
      </input_file>
      <input_file id="fl-29">
         <path>C:\ti\mspm0_sdk_2_01_00_03\source\ti\driverlib\lib\ticlang\m0p\mspm0g1x0x_g3x0x\</path>
         <kind>archive</kind>
         <file>driverlib.a</file>
         <name>dl_timer.o</name>
      </input_file>
      <input_file id="fl-2a">
         <path>C:\ti\mspm0_sdk_2_01_00_03\source\ti\driverlib\lib\ticlang\m0p\mspm0g1x0x_g3x0x\</path>
         <kind>archive</kind>
         <file>driverlib.a</file>
         <name>dl_uart.o</name>
      </input_file>
      <input_file id="fl-2b">
         <path>C:\ti\mspm0_sdk_2_01_00_03\source\ti\driverlib\lib\ticlang\m0p\mspm0g1x0x_g3x0x\</path>
         <kind>archive</kind>
         <file>driverlib.a</file>
         <name>dl_sysctl_mspm0g1x0x_g3x0x.o</name>
      </input_file>
      <input_file id="fl-3a">
         <path>F:\ti\ccs1271\ccs\tools\compiler\ti-cgt-armllvm_3.2.2.LTS\lib\armv6m-ti-none-eabi\c\</path>
         <kind>archive</kind>
         <file>libc.a</file>
         <name>e_atan2f.c.obj</name>
      </input_file>
      <input_file id="fl-3b">
         <path>F:\ti\ccs1271\ccs\tools\compiler\ti-cgt-armllvm_3.2.2.LTS\lib\armv6m-ti-none-eabi\c\</path>
         <kind>archive</kind>
         <file>libc.a</file>
         <name>e_sqrtf.c.obj</name>
      </input_file>
      <input_file id="fl-3c">
         <path>F:\ti\ccs1271\ccs\tools\compiler\ti-cgt-armllvm_3.2.2.LTS\lib\armv6m-ti-none-eabi\c\</path>
         <kind>archive</kind>
         <file>libc.a</file>
         <name>s_atanf.c.obj</name>
      </input_file>
      <input_file id="fl-3d">
         <path>F:\ti\ccs1271\ccs\tools\compiler\ti-cgt-armllvm_3.2.2.LTS\lib\armv6m-ti-none-eabi\c\</path>
         <kind>archive</kind>
         <file>libc.a</file>
         <name>aeabi_portable.c.obj</name>
      </input_file>
      <input_file id="fl-3e">
         <path>F:\ti\ccs1271\ccs\tools\compiler\ti-cgt-armllvm_3.2.2.LTS\lib\armv6m-ti-none-eabi\c\</path>
         <kind>archive</kind>
         <file>libc.a</file>
         <name>assert.c.obj</name>
      </input_file>
      <input_file id="fl-3f">
         <path>F:\ti\ccs1271\ccs\tools\compiler\ti-cgt-armllvm_3.2.2.LTS\lib\armv6m-ti-none-eabi\c\</path>
         <kind>archive</kind>
         <file>libc.a</file>
         <name>defs.c.obj</name>
      </input_file>
      <input_file id="fl-40">
         <path>F:\ti\ccs1271\ccs\tools\compiler\ti-cgt-armllvm_3.2.2.LTS\lib\armv6m-ti-none-eabi\c\</path>
         <kind>archive</kind>
         <file>libc.a</file>
         <name>memory.c.obj</name>
      </input_file>
      <input_file id="fl-41">
         <path>F:\ti\ccs1271\ccs\tools\compiler\ti-cgt-armllvm_3.2.2.LTS\lib\armv6m-ti-none-eabi\c\</path>
         <kind>archive</kind>
         <file>libc.a</file>
         <name>boot_cortex_m.c.obj</name>
      </input_file>
      <input_file id="fl-42">
         <path>F:\ti\ccs1271\ccs\tools\compiler\ti-cgt-armllvm_3.2.2.LTS\lib\armv6m-ti-none-eabi\c\</path>
         <kind>archive</kind>
         <file>libc.a</file>
         <name>mathacl_init.c.obj</name>
      </input_file>
      <input_file id="fl-43">
         <path>F:\ti\ccs1271\ccs\tools\compiler\ti-cgt-armllvm_3.2.2.LTS\lib\armv6m-ti-none-eabi\c\</path>
         <kind>archive</kind>
         <file>libc.a</file>
         <name>autoinit.c.obj</name>
      </input_file>
      <input_file id="fl-44">
         <path>F:\ti\ccs1271\ccs\tools\compiler\ti-cgt-armllvm_3.2.2.LTS\lib\armv6m-ti-none-eabi\c\</path>
         <kind>archive</kind>
         <file>libc.a</file>
         <name>pre_init.c.obj</name>
      </input_file>
      <input_file id="fl-45">
         <path>F:\ti\ccs1271\ccs\tools\compiler\ti-cgt-armllvm_3.2.2.LTS\lib\armv6m-ti-none-eabi\c\</path>
         <kind>archive</kind>
         <file>libc.a</file>
         <name>cpy_tbl.c.obj</name>
      </input_file>
      <input_file id="fl-46">
         <path>F:\ti\ccs1271\ccs\tools\compiler\ti-cgt-armllvm_3.2.2.LTS\lib\armv6m-ti-none-eabi\c\</path>
         <kind>archive</kind>
         <file>libc.a</file>
         <name>copy_zero_init.c.obj</name>
      </input_file>
      <input_file id="fl-47">
         <path>F:\ti\ccs1271\ccs\tools\compiler\ti-cgt-armllvm_3.2.2.LTS\lib\armv6m-ti-none-eabi\c\</path>
         <kind>archive</kind>
         <file>libc.a</file>
         <name>copy_decompress_none.c.obj</name>
      </input_file>
      <input_file id="fl-48">
         <path>F:\ti\ccs1271\ccs\tools\compiler\ti-cgt-armllvm_3.2.2.LTS\lib\armv6m-ti-none-eabi\c\</path>
         <kind>archive</kind>
         <file>libc.a</file>
         <name>copy_decompress_lzss.c.obj</name>
      </input_file>
      <input_file id="fl-49">
         <path>F:\ti\ccs1271\ccs\tools\compiler\ti-cgt-armllvm_3.2.2.LTS\lib\armv6m-ti-none-eabi\c\</path>
         <kind>archive</kind>
         <file>libc.a</file>
         <name>sprintf.c.obj</name>
      </input_file>
      <input_file id="fl-4a">
         <path>F:\ti\ccs1271\ccs\tools\compiler\ti-cgt-armllvm_3.2.2.LTS\lib\armv6m-ti-none-eabi\c\</path>
         <kind>archive</kind>
         <file>libc.a</file>
         <name>fflush.c.obj</name>
      </input_file>
      <input_file id="fl-4b">
         <path>F:\ti\ccs1271\ccs\tools\compiler\ti-cgt-armllvm_3.2.2.LTS\lib\armv6m-ti-none-eabi\c\</path>
         <kind>archive</kind>
         <file>libc.a</file>
         <name>fputs.c.obj</name>
      </input_file>
      <input_file id="fl-4c">
         <path>F:\ti\ccs1271\ccs\tools\compiler\ti-cgt-armllvm_3.2.2.LTS\lib\armv6m-ti-none-eabi\c\</path>
         <kind>archive</kind>
         <file>libc.a</file>
         <name>_io_perm.c.obj</name>
      </input_file>
      <input_file id="fl-4d">
         <path>F:\ti\ccs1271\ccs\tools\compiler\ti-cgt-armllvm_3.2.2.LTS\lib\armv6m-ti-none-eabi\c\</path>
         <kind>archive</kind>
         <file>libc.a</file>
         <name>setvbuf.c.obj</name>
      </input_file>
      <input_file id="fl-4e">
         <path>F:\ti\ccs1271\ccs\tools\compiler\ti-cgt-armllvm_3.2.2.LTS\lib\armv6m-ti-none-eabi\c\</path>
         <kind>archive</kind>
         <file>libc.a</file>
         <name>exit.c.obj</name>
      </input_file>
      <input_file id="fl-4f">
         <path>F:\ti\ccs1271\ccs\tools\compiler\ti-cgt-armllvm_3.2.2.LTS\lib\armv6m-ti-none-eabi\c\</path>
         <kind>archive</kind>
         <file>libc.a</file>
         <name>_lock.c.obj</name>
      </input_file>
      <input_file id="fl-50">
         <path>F:\ti\ccs1271\ccs\tools\compiler\ti-cgt-armllvm_3.2.2.LTS\lib\armv6m-ti-none-eabi\c\</path>
         <kind>archive</kind>
         <file>libc.a</file>
         <name>args_main.c.obj</name>
      </input_file>
      <input_file id="fl-51">
         <path>F:\ti\ccs1271\ccs\tools\compiler\ti-cgt-armllvm_3.2.2.LTS\lib\armv6m-ti-none-eabi\c\</path>
         <kind>archive</kind>
         <file>libc.a</file>
         <name>_printfi.c.obj</name>
      </input_file>
      <input_file id="fl-52">
         <path>F:\ti\ccs1271\ccs\tools\compiler\ti-cgt-armllvm_3.2.2.LTS\lib\armv6m-ti-none-eabi\c\</path>
         <kind>archive</kind>
         <file>libc.a</file>
         <name>fopen.c.obj</name>
      </input_file>
      <input_file id="fl-53">
         <path>F:\ti\ccs1271\ccs\tools\compiler\ti-cgt-armllvm_3.2.2.LTS\lib\armv6m-ti-none-eabi\c\</path>
         <kind>archive</kind>
         <file>libc.a</file>
         <name>fseek.c.obj</name>
      </input_file>
      <input_file id="fl-54">
         <path>F:\ti\ccs1271\ccs\tools\compiler\ti-cgt-armllvm_3.2.2.LTS\lib\armv6m-ti-none-eabi\c\</path>
         <kind>archive</kind>
         <file>libc.a</file>
         <name>s_frexp.c.obj</name>
      </input_file>
      <input_file id="fl-55">
         <path>F:\ti\ccs1271\ccs\tools\compiler\ti-cgt-armllvm_3.2.2.LTS\lib\armv6m-ti-none-eabi\c\</path>
         <kind>archive</kind>
         <file>libc.a</file>
         <name>s_scalbn.c.obj</name>
      </input_file>
      <input_file id="fl-56">
         <path>F:\ti\ccs1271\ccs\tools\compiler\ti-cgt-armllvm_3.2.2.LTS\lib\armv6m-ti-none-eabi\c\</path>
         <kind>archive</kind>
         <file>libc.a</file>
         <name>_ltoa.c.obj</name>
      </input_file>
      <input_file id="fl-57">
         <path>F:\ti\ccs1271\ccs\tools\compiler\ti-cgt-armllvm_3.2.2.LTS\lib\armv6m-ti-none-eabi\c\</path>
         <kind>archive</kind>
         <file>libc.a</file>
         <name>atoi.c.obj</name>
      </input_file>
      <input_file id="fl-58">
         <path>F:\ti\ccs1271\ccs\tools\compiler\ti-cgt-armllvm_3.2.2.LTS\lib\armv6m-ti-none-eabi\c\</path>
         <kind>archive</kind>
         <file>libc.a</file>
         <name>memccpy.c.obj</name>
      </input_file>
      <input_file id="fl-59">
         <path>F:\ti\ccs1271\ccs\tools\compiler\ti-cgt-armllvm_3.2.2.LTS\lib\armv6m-ti-none-eabi\c\</path>
         <kind>archive</kind>
         <file>libc.a</file>
         <name>wcslen.c.obj</name>
      </input_file>
      <input_file id="fl-5a">
         <path>F:\ti\ccs1271\ccs\tools\compiler\ti-cgt-armllvm_3.2.2.LTS\lib\armv6m-ti-none-eabi\c\</path>
         <kind>archive</kind>
         <file>libc.a</file>
         <name>fclose.c.obj</name>
      </input_file>
      <input_file id="fl-5b">
         <path>F:\ti\ccs1271\ccs\tools\compiler\ti-cgt-armllvm_3.2.2.LTS\lib\armv6m-ti-none-eabi\c\</path>
         <kind>archive</kind>
         <file>libc.a</file>
         <name>aeabi_ctype.S.obj</name>
      </input_file>
      <input_file id="fl-c1">
         <path>F:\ti\ccs1271\ccs\tools\compiler\ti-cgt-armllvm_3.2.2.LTS\lib\armv6m-ti-none-eabi\c\</path>
         <kind>archive</kind>
         <file>libsysbm.a</file>
         <name>write.c.obj</name>
      </input_file>
      <input_file id="fl-c2">
         <path>F:\ti\ccs1271\ccs\tools\compiler\ti-cgt-armllvm_3.2.2.LTS\lib\armv6m-ti-none-eabi\c\</path>
         <kind>archive</kind>
         <file>libsysbm.a</file>
         <name>host_device.c.obj</name>
      </input_file>
      <input_file id="fl-c3">
         <path>F:\ti\ccs1271\ccs\tools\compiler\ti-cgt-armllvm_3.2.2.LTS\lib\armv6m-ti-none-eabi\c\</path>
         <kind>archive</kind>
         <file>libsysbm.a</file>
         <name>remove.c.obj</name>
      </input_file>
      <input_file id="fl-c4">
         <path>F:\ti\ccs1271\ccs\tools\compiler\ti-cgt-armllvm_3.2.2.LTS\lib\armv6m-ti-none-eabi\c\</path>
         <kind>archive</kind>
         <file>libsysbm.a</file>
         <name>open.c.obj</name>
      </input_file>
      <input_file id="fl-c5">
         <path>F:\ti\ccs1271\ccs\tools\compiler\ti-cgt-armllvm_3.2.2.LTS\lib\armv6m-ti-none-eabi\c\</path>
         <kind>archive</kind>
         <file>libsysbm.a</file>
         <name>lseek.c.obj</name>
      </input_file>
      <input_file id="fl-c6">
         <path>F:\ti\ccs1271\ccs\tools\compiler\ti-cgt-armllvm_3.2.2.LTS\lib\armv6m-ti-none-eabi\c\</path>
         <kind>archive</kind>
         <file>libsysbm.a</file>
         <name>close.c.obj</name>
      </input_file>
      <input_file id="fl-c7">
         <path>F:\ti\ccs1271\ccs\tools\compiler\ti-cgt-armllvm_3.2.2.LTS\lib\armv6m-ti-none-eabi\c\</path>
         <kind>archive</kind>
         <file>libsysbm.a</file>
         <name>unlink.c.obj</name>
      </input_file>
      <input_file id="fl-c8">
         <path>F:\ti\ccs1271\ccs\tools\compiler\ti-cgt-armllvm_3.2.2.LTS\lib\armv6m-ti-none-eabi\c\</path>
         <kind>archive</kind>
         <file>libsysbm.a</file>
         <name>hostclose.c.obj</name>
      </input_file>
      <input_file id="fl-c9">
         <path>F:\ti\ccs1271\ccs\tools\compiler\ti-cgt-armllvm_3.2.2.LTS\lib\armv6m-ti-none-eabi\c\</path>
         <kind>archive</kind>
         <file>libsysbm.a</file>
         <name>hostlseek.c.obj</name>
      </input_file>
      <input_file id="fl-ca">
         <path>F:\ti\ccs1271\ccs\tools\compiler\ti-cgt-armllvm_3.2.2.LTS\lib\armv6m-ti-none-eabi\c\</path>
         <kind>archive</kind>
         <file>libsysbm.a</file>
         <name>hostopen.c.obj</name>
      </input_file>
      <input_file id="fl-cb">
         <path>F:\ti\ccs1271\ccs\tools\compiler\ti-cgt-armllvm_3.2.2.LTS\lib\armv6m-ti-none-eabi\c\</path>
         <kind>archive</kind>
         <file>libsysbm.a</file>
         <name>hostread.c.obj</name>
      </input_file>
      <input_file id="fl-cc">
         <path>F:\ti\ccs1271\ccs\tools\compiler\ti-cgt-armllvm_3.2.2.LTS\lib\armv6m-ti-none-eabi\c\</path>
         <kind>archive</kind>
         <file>libsysbm.a</file>
         <name>hostrename.c.obj</name>
      </input_file>
      <input_file id="fl-cd">
         <path>F:\ti\ccs1271\ccs\tools\compiler\ti-cgt-armllvm_3.2.2.LTS\lib\armv6m-ti-none-eabi\c\</path>
         <kind>archive</kind>
         <file>libsysbm.a</file>
         <name>hostunlink.c.obj</name>
      </input_file>
      <input_file id="fl-ce">
         <path>F:\ti\ccs1271\ccs\tools\compiler\ti-cgt-armllvm_3.2.2.LTS\lib\armv6m-ti-none-eabi\c\</path>
         <kind>archive</kind>
         <file>libsysbm.a</file>
         <name>hostwrite.c.obj</name>
      </input_file>
      <input_file id="fl-cf">
         <path>F:\ti\ccs1271\ccs\tools\compiler\ti-cgt-armllvm_3.2.2.LTS\lib\armv6m-ti-none-eabi\c\</path>
         <kind>archive</kind>
         <file>libsysbm.a</file>
         <name>trgmsg.c.obj</name>
      </input_file>
      <input_file id="fl-d0">
         <path>F:\ti\ccs1271\ccs\tools\compiler\ti-cgt-armllvm_3.2.2.LTS\lib\clang\15.0.7\lib\armv6m-ti-none-eabi\</path>
         <kind>archive</kind>
         <file>libclang_rt.builtins.a</file>
         <name>addsf3.S.obj</name>
      </input_file>
      <input_file id="fl-d1">
         <path>F:\ti\ccs1271\ccs\tools\compiler\ti-cgt-armllvm_3.2.2.LTS\lib\clang\15.0.7\lib\armv6m-ti-none-eabi\</path>
         <kind>archive</kind>
         <file>libclang_rt.builtins.a</file>
         <name>adddf3.S.obj</name>
      </input_file>
      <input_file id="fl-d2">
         <path>F:\ti\ccs1271\ccs\tools\compiler\ti-cgt-armllvm_3.2.2.LTS\lib\clang\15.0.7\lib\armv6m-ti-none-eabi\</path>
         <kind>archive</kind>
         <file>libclang_rt.builtins.a</file>
         <name>muldf3.S.obj</name>
      </input_file>
      <input_file id="fl-d3">
         <path>F:\ti\ccs1271\ccs\tools\compiler\ti-cgt-armllvm_3.2.2.LTS\lib\clang\15.0.7\lib\armv6m-ti-none-eabi\</path>
         <kind>archive</kind>
         <file>libclang_rt.builtins.a</file>
         <name>muldsi3.S.obj</name>
      </input_file>
      <input_file id="fl-d4">
         <path>F:\ti\ccs1271\ccs\tools\compiler\ti-cgt-armllvm_3.2.2.LTS\lib\clang\15.0.7\lib\armv6m-ti-none-eabi\</path>
         <kind>archive</kind>
         <file>libclang_rt.builtins.a</file>
         <name>mulsf3.S.obj</name>
      </input_file>
      <input_file id="fl-d5">
         <path>F:\ti\ccs1271\ccs\tools\compiler\ti-cgt-armllvm_3.2.2.LTS\lib\clang\15.0.7\lib\armv6m-ti-none-eabi\</path>
         <kind>archive</kind>
         <file>libclang_rt.builtins.a</file>
         <name>divsf3.S.obj</name>
      </input_file>
      <input_file id="fl-d6">
         <path>F:\ti\ccs1271\ccs\tools\compiler\ti-cgt-armllvm_3.2.2.LTS\lib\clang\15.0.7\lib\armv6m-ti-none-eabi\</path>
         <kind>archive</kind>
         <file>libclang_rt.builtins.a</file>
         <name>divdf3.S.obj</name>
      </input_file>
      <input_file id="fl-d7">
         <path>F:\ti\ccs1271\ccs\tools\compiler\ti-cgt-armllvm_3.2.2.LTS\lib\clang\15.0.7\lib\armv6m-ti-none-eabi\</path>
         <kind>archive</kind>
         <file>libclang_rt.builtins.a</file>
         <name>extendsfdf2.S.obj</name>
      </input_file>
      <input_file id="fl-d8">
         <path>F:\ti\ccs1271\ccs\tools\compiler\ti-cgt-armllvm_3.2.2.LTS\lib\clang\15.0.7\lib\armv6m-ti-none-eabi\</path>
         <kind>archive</kind>
         <file>libclang_rt.builtins.a</file>
         <name>fixdfsi.S.obj</name>
      </input_file>
      <input_file id="fl-d9">
         <path>F:\ti\ccs1271\ccs\tools\compiler\ti-cgt-armllvm_3.2.2.LTS\lib\clang\15.0.7\lib\armv6m-ti-none-eabi\</path>
         <kind>archive</kind>
         <file>libclang_rt.builtins.a</file>
         <name>fixsfsi.S.obj</name>
      </input_file>
      <input_file id="fl-da">
         <path>F:\ti\ccs1271\ccs\tools\compiler\ti-cgt-armllvm_3.2.2.LTS\lib\clang\15.0.7\lib\armv6m-ti-none-eabi\</path>
         <kind>archive</kind>
         <file>libclang_rt.builtins.a</file>
         <name>floatsidf.S.obj</name>
      </input_file>
      <input_file id="fl-db">
         <path>F:\ti\ccs1271\ccs\tools\compiler\ti-cgt-armllvm_3.2.2.LTS\lib\clang\15.0.7\lib\armv6m-ti-none-eabi\</path>
         <kind>archive</kind>
         <file>libclang_rt.builtins.a</file>
         <name>floatsisf.S.obj</name>
      </input_file>
      <input_file id="fl-dc">
         <path>F:\ti\ccs1271\ccs\tools\compiler\ti-cgt-armllvm_3.2.2.LTS\lib\clang\15.0.7\lib\armv6m-ti-none-eabi\</path>
         <kind>archive</kind>
         <file>libclang_rt.builtins.a</file>
         <name>floatunsisf.S.obj</name>
      </input_file>
      <input_file id="fl-dd">
         <path>F:\ti\ccs1271\ccs\tools\compiler\ti-cgt-armllvm_3.2.2.LTS\lib\clang\15.0.7\lib\armv6m-ti-none-eabi\</path>
         <kind>archive</kind>
         <file>libclang_rt.builtins.a</file>
         <name>muldi3.S.obj</name>
      </input_file>
      <input_file id="fl-de">
         <path>F:\ti\ccs1271\ccs\tools\compiler\ti-cgt-armllvm_3.2.2.LTS\lib\clang\15.0.7\lib\armv6m-ti-none-eabi\</path>
         <kind>archive</kind>
         <file>libclang_rt.builtins.a</file>
         <name>truncdfsf2.S.obj</name>
      </input_file>
      <input_file id="fl-df">
         <path>F:\ti\ccs1271\ccs\tools\compiler\ti-cgt-armllvm_3.2.2.LTS\lib\clang\15.0.7\lib\armv6m-ti-none-eabi\</path>
         <kind>archive</kind>
         <file>libclang_rt.builtins.a</file>
         <name>aeabi_dcmp.S.obj</name>
      </input_file>
      <input_file id="fl-e0">
         <path>F:\ti\ccs1271\ccs\tools\compiler\ti-cgt-armllvm_3.2.2.LTS\lib\clang\15.0.7\lib\armv6m-ti-none-eabi\</path>
         <kind>archive</kind>
         <file>libclang_rt.builtins.a</file>
         <name>aeabi_fcmp.S.obj</name>
      </input_file>
      <input_file id="fl-e1">
         <path>F:\ti\ccs1271\ccs\tools\compiler\ti-cgt-armllvm_3.2.2.LTS\lib\clang\15.0.7\lib\armv6m-ti-none-eabi\</path>
         <kind>archive</kind>
         <file>libclang_rt.builtins.a</file>
         <name>aeabi_idivmod.S.obj</name>
      </input_file>
      <input_file id="fl-e2">
         <path>F:\ti\ccs1271\ccs\tools\compiler\ti-cgt-armllvm_3.2.2.LTS\lib\clang\15.0.7\lib\armv6m-ti-none-eabi\</path>
         <kind>archive</kind>
         <file>libclang_rt.builtins.a</file>
         <name>aeabi_memcpy.S.obj</name>
      </input_file>
      <input_file id="fl-e3">
         <path>F:\ti\ccs1271\ccs\tools\compiler\ti-cgt-armllvm_3.2.2.LTS\lib\clang\15.0.7\lib\armv6m-ti-none-eabi\</path>
         <kind>archive</kind>
         <file>libclang_rt.builtins.a</file>
         <name>aeabi_memset.S.obj</name>
      </input_file>
      <input_file id="fl-e4">
         <path>F:\ti\ccs1271\ccs\tools\compiler\ti-cgt-armllvm_3.2.2.LTS\lib\clang\15.0.7\lib\armv6m-ti-none-eabi\</path>
         <kind>archive</kind>
         <file>libclang_rt.builtins.a</file>
         <name>aeabi_uidivmod.S.obj</name>
      </input_file>
      <input_file id="fl-e5">
         <path>F:\ti\ccs1271\ccs\tools\compiler\ti-cgt-armllvm_3.2.2.LTS\lib\clang\15.0.7\lib\armv6m-ti-none-eabi\</path>
         <kind>archive</kind>
         <file>libclang_rt.builtins.a</file>
         <name>aeabi_uldivmod.S.obj</name>
      </input_file>
      <input_file id="fl-e6">
         <path>F:\ti\ccs1271\ccs\tools\compiler\ti-cgt-armllvm_3.2.2.LTS\lib\clang\15.0.7\lib\armv6m-ti-none-eabi\</path>
         <kind>archive</kind>
         <file>libclang_rt.builtins.a</file>
         <name>comparesf2.S.obj</name>
      </input_file>
      <input_file id="fl-e7">
         <path>F:\ti\ccs1271\ccs\tools\compiler\ti-cgt-armllvm_3.2.2.LTS\lib\clang\15.0.7\lib\armv6m-ti-none-eabi\</path>
         <kind>archive</kind>
         <file>libclang_rt.builtins.a</file>
         <name>udivmoddi4.S.obj</name>
      </input_file>
      <input_file id="fl-e8">
         <path>F:\ti\ccs1271\ccs\tools\compiler\ti-cgt-armllvm_3.2.2.LTS\lib\clang\15.0.7\lib\armv6m-ti-none-eabi\</path>
         <kind>archive</kind>
         <file>libclang_rt.builtins.a</file>
         <name>ashldi3.S.obj</name>
      </input_file>
      <input_file id="fl-e9">
         <path>F:\ti\ccs1271\ccs\tools\compiler\ti-cgt-armllvm_3.2.2.LTS\lib\clang\15.0.7\lib\armv6m-ti-none-eabi\</path>
         <kind>archive</kind>
         <file>libclang_rt.builtins.a</file>
         <name>comparedf2.c.obj</name>
      </input_file>
      <input_file id="fl-ea">
         <path>F:\ti\ccs1271\ccs\tools\compiler\ti-cgt-armllvm_3.2.2.LTS\lib\clang\15.0.7\lib\armv6m-ti-none-eabi\</path>
         <kind>archive</kind>
         <file>libclang_rt.builtins.a</file>
         <name>aeabi_div0.c.obj</name>
      </input_file>
      <input_file id="fl-eb">
         <path>F:\ti\ccs1271\ccs\tools\compiler\ti-cgt-armllvm_3.2.2.LTS\lib\armv6m-ti-none-eabi\c\</path>
         <kind>archive</kind>
         <file>libc.a</file>
         <name>getdevice.c.obj</name>
      </input_file>
      <input_file id="fl-ec">
         <path>F:\ti\ccs1271\ccs\tools\compiler\ti-cgt-armllvm_3.2.2.LTS\lib\armv6m-ti-none-eabi\c\</path>
         <kind>archive</kind>
         <file>libc.a</file>
         <name>memcpy16.S.obj</name>
      </input_file>
      <input_file id="fl-ed">
         <path>F:\ti\ccs1271\ccs\tools\compiler\ti-cgt-armllvm_3.2.2.LTS\lib\armv6m-ti-none-eabi\c\</path>
         <kind>archive</kind>
         <file>libc.a</file>
         <name>memset16.S.obj</name>
      </input_file>
   </input_file_list>
   <object_component_list>
      <object_component id="oc-18">
         <name>.intvecs</name>
         <load_address>0x0</load_address>
         <readonly>true</readonly>
         <run_address>0x0</run_address>
         <size>0xc0</size>
         <alignment>0x4</alignment>
         <input_file_ref idref="fl-3"/>
      </object_component>
      <object_component id="oc-c7">
         <name>.text._ZN7Chassis7HandlerEv</name>
         <load_address>0xc0</load_address>
         <readonly>true</readonly>
         <executable>true</executable>
         <run_address>0xc0</run_address>
         <size>0x46c</size>
         <alignment>0x4</alignment>
         <input_file_ref idref="fl-6"/>
      </object_component>
      <object_component id="oc-fb">
         <name>.text.arm_sin_cos_f32</name>
         <load_address>0x52c</load_address>
         <readonly>true</readonly>
         <executable>true</executable>
         <run_address>0x52c</run_address>
         <size>0x2f0</size>
         <alignment>0x4</alignment>
         <input_file_ref idref="fl-23"/>
      </object_component>
      <object_component id="oc-c8">
         <name>.text._ZN10Controller7HandlerEv</name>
         <load_address>0x81c</load_address>
         <readonly>true</readonly>
         <executable>true</executable>
         <run_address>0x81c</run_address>
         <size>0x2c4</size>
         <alignment>0x4</alignment>
         <input_file_ref idref="fl-7"/>
      </object_component>
      <object_component id="oc-71">
         <name>.text._ZN7Chassis7processEv</name>
         <load_address>0xae0</load_address>
         <readonly>true</readonly>
         <executable>true</executable>
         <run_address>0xae0</run_address>
         <size>0x288</size>
         <alignment>0x4</alignment>
         <input_file_ref idref="fl-6"/>
      </object_component>
      <object_component id="oc-161">
         <name>.text._ZN3IMU8get_dataEv</name>
         <load_address>0xd68</load_address>
         <readonly>true</readonly>
         <executable>true</executable>
         <run_address>0xd68</run_address>
         <size>0x1f8</size>
         <alignment>0x4</alignment>
         <input_file_ref idref="fl-9"/>
      </object_component>
      <object_component id="oc-159">
         <name>.text._ZN6Remote12process_dataEv</name>
         <load_address>0xf60</load_address>
         <readonly>true</readonly>
         <executable>true</executable>
         <run_address>0xf60</run_address>
         <size>0x1cc</size>
         <alignment>0x4</alignment>
         <input_file_ref idref="fl-f"/>
      </object_component>
      <object_component id="oc-27e">
         <name>.text.atanf</name>
         <load_address>0x112c</load_address>
         <readonly>true</readonly>
         <executable>true</executable>
         <run_address>0x112c</run_address>
         <size>0x1c8</size>
         <alignment>0x4</alignment>
         <input_file_ref idref="fl-3c"/>
      </object_component>
      <object_component id="oc-66">
         <name>.text.task_handler</name>
         <load_address>0x12f4</load_address>
         <readonly>true</readonly>
         <executable>true</executable>
         <run_address>0x12f4</run_address>
         <size>0x1a4</size>
         <alignment>0x4</alignment>
         <input_file_ref idref="fl-14"/>
      </object_component>
      <object_component id="oc-156">
         <name>.text._ZN9N20_Motor16output_intensityEv</name>
         <load_address>0x1498</load_address>
         <readonly>true</readonly>
         <executable>true</executable>
         <run_address>0x1498</run_address>
         <size>0x198</size>
         <alignment>0x4</alignment>
         <input_file_ref idref="fl-b"/>
      </object_component>
      <object_component id="oc-f7">
         <name>.text.adddf3_subdf3</name>
         <load_address>0x1630</load_address>
         <readonly>true</readonly>
         <executable>true</executable>
         <run_address>0x1630</run_address>
         <size>0x192</size>
         <alignment>0x4</alignment>
         <input_file_ref idref="fl-d1"/>
      </object_component>
      <object_component id="oc-1e0">
         <name>.text.__aeabi_idiv0</name>
         <load_address>0x17c2</load_address>
         <readonly>true</readonly>
         <executable>true</executable>
         <run_address>0x17c2</run_address>
         <size>0x2</size>
         <alignment>0x2</alignment>
         <input_file_ref idref="fl-ea"/>
      </object_component>
      <object_component id="oc-1a3">
         <name>.text.SYSCFG_DL_GPIO_init</name>
         <load_address>0x17c4</load_address>
         <readonly>true</readonly>
         <executable>true</executable>
         <run_address>0x17c4</run_address>
         <size>0x138</size>
         <alignment>0x4</alignment>
         <input_file_ref idref="fl-2"/>
      </object_component>
      <object_component id="oc-1fa">
         <name>.text.atan2f</name>
         <load_address>0x18fc</load_address>
         <readonly>true</readonly>
         <executable>true</executable>
         <run_address>0x18fc</run_address>
         <size>0x130</size>
         <alignment>0x4</alignment>
         <input_file_ref idref="fl-3a"/>
      </object_component>
      <object_component id="oc-1bc">
         <name>.text._ZN3IMU4initEv</name>
         <load_address>0x1a2c</load_address>
         <readonly>true</readonly>
         <executable>true</executable>
         <run_address>0x1a2c</run_address>
         <size>0x114</size>
         <alignment>0x4</alignment>
         <input_file_ref idref="fl-9"/>
      </object_component>
      <object_component id="oc-22e">
         <name>.text.DL_Timer_initPWMMode</name>
         <load_address>0x1b40</load_address>
         <readonly>true</readonly>
         <executable>true</executable>
         <run_address>0x1b40</run_address>
         <size>0x110</size>
         <alignment>0x4</alignment>
         <input_file_ref idref="fl-29"/>
      </object_component>
      <object_component id="oc-172">
         <name>.text.__divdf3</name>
         <load_address>0x1c50</load_address>
         <readonly>true</readonly>
         <executable>true</executable>
         <run_address>0x1c50</run_address>
         <size>0x10c</size>
         <alignment>0x4</alignment>
         <input_file_ref idref="fl-d6"/>
      </object_component>
      <object_component id="oc-1b8">
         <name>.text._ZN7LS7366R4initEhh</name>
         <load_address>0x1d5c</load_address>
         <readonly>true</readonly>
         <executable>true</executable>
         <run_address>0x1d5c</run_address>
         <size>0xf4</size>
         <alignment>0x2</alignment>
         <input_file_ref idref="fl-a"/>
      </object_component>
      <object_component id="oc-221">
         <name>.text.DL_SYSCTL_configSYSPLL</name>
         <load_address>0x1e50</load_address>
         <readonly>true</readonly>
         <executable>true</executable>
         <run_address>0x1e50</run_address>
         <size>0xec</size>
         <alignment>0x4</alignment>
         <input_file_ref idref="fl-2b"/>
      </object_component>
      <object_component id="oc-226">
         <name>.text.DL_TimerA_initPWMMode</name>
         <load_address>0x1f3c</load_address>
         <readonly>true</readonly>
         <executable>true</executable>
         <run_address>0x1f3c</run_address>
         <size>0xec</size>
         <alignment>0x4</alignment>
         <input_file_ref idref="fl-29"/>
      </object_component>
      <object_component id="oc-25e">
         <name>.text.imu660ra_init</name>
         <load_address>0x2028</load_address>
         <readonly>true</readonly>
         <executable>true</executable>
         <run_address>0x2028</run_address>
         <size>0xe8</size>
         <alignment>0x4</alignment>
         <input_file_ref idref="fl-11"/>
      </object_component>
      <object_component id="oc-da">
         <name>.text.__muldf3</name>
         <load_address>0x2110</load_address>
         <readonly>true</readonly>
         <executable>true</executable>
         <run_address>0x2110</run_address>
         <size>0xe4</size>
         <alignment>0x4</alignment>
         <input_file_ref idref="fl-d2"/>
      </object_component>
      <object_component id="oc-ef">
         <name>.text</name>
         <load_address>0x21f4</load_address>
         <readonly>true</readonly>
         <executable>true</executable>
         <run_address>0x21f4</run_address>
         <size>0xd8</size>
         <alignment>0x4</alignment>
         <input_file_ref idref="fl-d0"/>
      </object_component>
      <object_component id="oc-1a2">
         <name>.text.SYSCFG_DL_initPower</name>
         <load_address>0x22cc</load_address>
         <readonly>true</readonly>
         <executable>true</executable>
         <run_address>0x22cc</run_address>
         <size>0xd4</size>
         <alignment>0x4</alignment>
         <input_file_ref idref="fl-2"/>
      </object_component>
      <object_component id="oc-155">
         <name>.text._ZN9N20_Motor17measure_parameterEv</name>
         <load_address>0x23a0</load_address>
         <readonly>true</readonly>
         <executable>true</executable>
         <run_address>0x23a0</run_address>
         <size>0xc4</size>
         <alignment>0x4</alignment>
         <input_file_ref idref="fl-b"/>
      </object_component>
      <object_component id="oc-1be">
         <name>.text._Z10test_powerv</name>
         <load_address>0x2464</load_address>
         <readonly>true</readonly>
         <executable>true</executable>
         <run_address>0x2464</run_address>
         <size>0xc0</size>
         <alignment>0x4</alignment>
         <input_file_ref idref="fl-14"/>
      </object_component>
      <object_component id="oc-7f">
         <name>.text._ZN3CCD7SI_sendEv</name>
         <load_address>0x2524</load_address>
         <readonly>true</readonly>
         <executable>true</executable>
         <run_address>0x2524</run_address>
         <size>0xc0</size>
         <alignment>0x4</alignment>
         <input_file_ref idref="fl-5"/>
      </object_component>
      <object_component id="oc-11e">
         <name>.text.loop</name>
         <load_address>0x25e4</load_address>
         <readonly>true</readonly>
         <executable>true</executable>
         <run_address>0x25e4</run_address>
         <size>0xc0</size>
         <alignment>0x4</alignment>
         <input_file_ref idref="fl-14"/>
      </object_component>
      <object_component id="oc-11d">
         <name>.text.setup</name>
         <load_address>0x26a4</load_address>
         <readonly>true</readonly>
         <executable>true</executable>
         <run_address>0x26a4</run_address>
         <size>0xbc</size>
         <alignment>0x4</alignment>
         <input_file_ref idref="fl-14"/>
      </object_component>
      <object_component id="oc-40">
         <name>.text.UART0_IRQHandler</name>
         <load_address>0x2760</load_address>
         <readonly>true</readonly>
         <executable>true</executable>
         <run_address>0x2760</run_address>
         <size>0xb0</size>
         <alignment>0x4</alignment>
         <input_file_ref idref="fl-14"/>
      </object_component>
      <object_component id="oc-ac">
         <name>.text._ZN7LS7366R7HandlerEv</name>
         <load_address>0x2810</load_address>
         <readonly>true</readonly>
         <executable>true</executable>
         <run_address>0x2810</run_address>
         <size>0xae</size>
         <alignment>0x2</alignment>
         <input_file_ref idref="fl-a"/>
      </object_component>
      <object_component id="oc-17f">
         <name>.text.sqrtf</name>
         <load_address>0x28c0</load_address>
         <readonly>true</readonly>
         <executable>true</executable>
         <run_address>0x28c0</run_address>
         <size>0xa8</size>
         <alignment>0x4</alignment>
         <input_file_ref idref="fl-3b"/>
      </object_component>
      <object_component id="oc-cd">
         <name>.text._ZN14PID_Controller7HandlerEv</name>
         <load_address>0x2968</load_address>
         <readonly>true</readonly>
         <executable>true</executable>
         <run_address>0x2968</run_address>
         <size>0xa2</size>
         <alignment>0x2</alignment>
         <input_file_ref idref="fl-d"/>
      </object_component>
      <object_component id="oc-1ac">
         <name>.text.SYSCFG_DL_ADC_CCD_init</name>
         <load_address>0x2a0c</load_address>
         <readonly>true</readonly>
         <executable>true</executable>
         <run_address>0x2a0c</run_address>
         <size>0x9c</size>
         <alignment>0x4</alignment>
         <input_file_ref idref="fl-2"/>
      </object_component>
      <object_component id="oc-fc">
         <name>.text.__mulsf3</name>
         <load_address>0x2aa8</load_address>
         <readonly>true</readonly>
         <executable>true</executable>
         <run_address>0x2aa8</run_address>
         <size>0x8c</size>
         <alignment>0x4</alignment>
         <input_file_ref idref="fl-d4"/>
      </object_component>
      <object_component id="oc-1a5">
         <name>.text.SYSCFG_DL_PWM_MOTOR0_init</name>
         <load_address>0x2b34</load_address>
         <readonly>true</readonly>
         <executable>true</executable>
         <run_address>0x2b34</run_address>
         <size>0x88</size>
         <alignment>0x4</alignment>
         <input_file_ref idref="fl-2"/>
      </object_component>
      <object_component id="oc-1a6">
         <name>.text.SYSCFG_DL_TIM_CCD_init</name>
         <load_address>0x2bbc</load_address>
         <readonly>true</readonly>
         <executable>true</executable>
         <run_address>0x2bbc</run_address>
         <size>0x88</size>
         <alignment>0x4</alignment>
         <input_file_ref idref="fl-2"/>
      </object_component>
      <object_component id="oc-1a7">
         <name>.text.SYSCFG_DL_PWM_MOTOR1_init</name>
         <load_address>0x2c44</load_address>
         <readonly>true</readonly>
         <executable>true</executable>
         <run_address>0x2c44</run_address>
         <size>0x84</size>
         <alignment>0x4</alignment>
         <input_file_ref idref="fl-2"/>
      </object_component>
      <object_component id="oc-232">
         <name>.text.__NVIC_SetPriority</name>
         <load_address>0x2cc8</load_address>
         <readonly>true</readonly>
         <executable>true</executable>
         <run_address>0x2cc8</run_address>
         <size>0x84</size>
         <alignment>0x4</alignment>
         <input_file_ref idref="fl-2"/>
      </object_component>
      <object_component id="oc-f3">
         <name>.text.__divsf3</name>
         <load_address>0x2d4c</load_address>
         <readonly>true</readonly>
         <executable>true</executable>
         <run_address>0x2d4c</run_address>
         <size>0x82</size>
         <alignment>0x4</alignment>
         <input_file_ref idref="fl-d5"/>
      </object_component>
      <object_component id="oc-150">
         <name>.text.spi_read_8bit_registers</name>
         <load_address>0x2dce</load_address>
         <readonly>true</readonly>
         <executable>true</executable>
         <run_address>0x2dce</run_address>
         <size>0x82</size>
         <alignment>0x2</alignment>
         <input_file_ref idref="fl-10"/>
      </object_component>
      <object_component id="oc-1c">
         <name>.text:decompress:lzss</name>
         <load_address>0x2e50</load_address>
         <readonly>true</readonly>
         <executable>true</executable>
         <run_address>0x2e50</run_address>
         <size>0x78</size>
         <alignment>0x4</alignment>
         <input_file_ref idref="fl-48"/>
      </object_component>
      <object_component id="oc-1ae">
         <name>.text.SYSCFG_DL_DMA_init</name>
         <load_address>0x2ec8</load_address>
         <readonly>true</readonly>
         <executable>true</executable>
         <run_address>0x2ec8</run_address>
         <size>0x8</size>
         <alignment>0x2</alignment>
         <input_file_ref idref="fl-2"/>
      </object_component>
      <object_component id="oc-de">
         <name>.text.__truncdfsf2</name>
         <load_address>0x2ed0</load_address>
         <readonly>true</readonly>
         <executable>true</executable>
         <run_address>0x2ed0</run_address>
         <size>0x74</size>
         <alignment>0x10</alignment>
         <input_file_ref idref="fl-de"/>
      </object_component>
      <object_component id="oc-c6">
         <name>.text._Z14signal_Handlerv</name>
         <load_address>0x2f44</load_address>
         <readonly>true</readonly>
         <executable>true</executable>
         <run_address>0x2f44</run_address>
         <size>0x70</size>
         <alignment>0x4</alignment>
         <input_file_ref idref="fl-14"/>
      </object_component>
      <object_component id="oc-27b">
         <name>.text._ZL23imu660ra_read_registershPhj</name>
         <load_address>0x2fb4</load_address>
         <readonly>true</readonly>
         <executable>true</executable>
         <run_address>0x2fb4</run_address>
         <size>0x70</size>
         <alignment>0x4</alignment>
         <input_file_ref idref="fl-11"/>
      </object_component>
      <object_component id="oc-276">
         <name>.text.__gedf2</name>
         <load_address>0x3024</load_address>
         <readonly>true</readonly>
         <executable>true</executable>
         <run_address>0x3024</run_address>
         <size>0x70</size>
         <alignment>0x4</alignment>
         <input_file_ref idref="fl-e9"/>
      </object_component>
      <object_component id="oc-270">
         <name>.text.__ledf2</name>
         <load_address>0x3094</load_address>
         <readonly>true</readonly>
         <executable>true</executable>
         <run_address>0x3094</run_address>
         <size>0x6c</size>
         <alignment>0x4</alignment>
         <input_file_ref idref="fl-e9"/>
      </object_component>
      <object_component id="oc-1ad">
         <name>.text.SYSCFG_DL_ADC_VIN_init</name>
         <load_address>0x3100</load_address>
         <readonly>true</readonly>
         <executable>true</executable>
         <run_address>0x3100</run_address>
         <size>0x68</size>
         <alignment>0x4</alignment>
         <input_file_ref idref="fl-2"/>
      </object_component>
      <object_component id="oc-220">
         <name>.text.DL_SYSCTL_setHFCLKSourceHFXTParams</name>
         <load_address>0x3168</load_address>
         <readonly>true</readonly>
         <executable>true</executable>
         <run_address>0x3168</run_address>
         <size>0x64</size>
         <alignment>0x4</alignment>
         <input_file_ref idref="fl-2b"/>
      </object_component>
      <object_component id="oc-118">
         <name>.text.SYSCFG_DL_init</name>
         <load_address>0x31cc</load_address>
         <readonly>true</readonly>
         <executable>true</executable>
         <run_address>0x31cc</run_address>
         <size>0x64</size>
         <alignment>0x4</alignment>
         <input_file_ref idref="fl-2"/>
      </object_component>
      <object_component id="oc-1d7">
         <name>.text.__aeabi_dcmp</name>
         <load_address>0x3230</load_address>
         <readonly>true</readonly>
         <executable>true</executable>
         <run_address>0x3230</run_address>
         <size>0x62</size>
         <alignment>0x4</alignment>
         <input_file_ref idref="fl-df"/>
      </object_component>
      <object_component id="oc-d2">
         <name>.text.__aeabi_fcmp</name>
         <load_address>0x3294</load_address>
         <readonly>true</readonly>
         <executable>true</executable>
         <run_address>0x3294</run_address>
         <size>0x62</size>
         <alignment>0x4</alignment>
         <input_file_ref idref="fl-e0"/>
      </object_component>
      <object_component id="oc-1a8">
         <name>.text.SYSCFG_DL_PWM_BUZZER_init</name>
         <load_address>0x32f8</load_address>
         <readonly>true</readonly>
         <executable>true</executable>
         <run_address>0x32f8</run_address>
         <size>0x60</size>
         <alignment>0x4</alignment>
         <input_file_ref idref="fl-2"/>
      </object_component>
      <object_component id="oc-14a">
         <name>.text.SPI_transmitData</name>
         <load_address>0x3358</load_address>
         <readonly>true</readonly>
         <executable>true</executable>
         <run_address>0x3358</run_address>
         <size>0x5a</size>
         <alignment>0x2</alignment>
         <input_file_ref idref="fl-10"/>
      </object_component>
      <object_component id="oc-146">
         <name>.text._ZN7ChassisC2EP9N20_MotorS1_P3IMUP3CCDf</name>
         <load_address>0x33b4</load_address>
         <readonly>true</readonly>
         <executable>true</executable>
         <run_address>0x33b4</run_address>
         <size>0x58</size>
         <alignment>0x4</alignment>
         <input_file_ref idref="fl-6"/>
      </object_component>
      <object_component id="oc-2b2">
         <name>.text.DL_DMA_configTransfer</name>
         <load_address>0x340c</load_address>
         <readonly>true</readonly>
         <executable>true</executable>
         <run_address>0x340c</run_address>
         <size>0x54</size>
         <alignment>0x2</alignment>
         <input_file_ref idref="fl-27"/>
      </object_component>
      <object_component id="oc-1a9">
         <name>.text.SYSCFG_DL_UART_0_init</name>
         <load_address>0x3460</load_address>
         <readonly>true</readonly>
         <executable>true</executable>
         <run_address>0x3460</run_address>
         <size>0x54</size>
         <alignment>0x4</alignment>
         <input_file_ref idref="fl-2"/>
      </object_component>
      <object_component id="oc-12e">
         <name>.text:__TI_auto_init_nobinit</name>
         <load_address>0x34b4</load_address>
         <readonly>true</readonly>
         <executable>true</executable>
         <run_address>0x34b4</run_address>
         <size>0x54</size>
         <alignment>0x4</alignment>
         <input_file_ref idref="fl-43"/>
      </object_component>
      <object_component id="oc-3f">
         <name>.text.ADC1_IRQHandler</name>
         <load_address>0x3508</load_address>
         <readonly>true</readonly>
         <executable>true</executable>
         <run_address>0x3508</run_address>
         <size>0x50</size>
         <alignment>0x4</alignment>
         <input_file_ref idref="fl-14"/>
      </object_component>
      <object_component id="oc-25a">
         <name>.text.SysTick_Config</name>
         <load_address>0x3558</load_address>
         <readonly>true</readonly>
         <executable>true</executable>
         <run_address>0x3558</run_address>
         <size>0x50</size>
         <alignment>0x4</alignment>
         <input_file_ref idref="fl-2"/>
      </object_component>
      <object_component id="oc-35">
         <name>.text.SysTick_Handler</name>
         <load_address>0x35a8</load_address>
         <readonly>true</readonly>
         <executable>true</executable>
         <run_address>0x35a8</run_address>
         <size>0x50</size>
         <alignment>0x4</alignment>
         <input_file_ref idref="fl-13"/>
      </object_component>
      <object_component id="oc-2a4">
         <name>.text._ZL19imu660ra_self_checkv</name>
         <load_address>0x35f8</load_address>
         <readonly>true</readonly>
         <executable>true</executable>
         <run_address>0x35f8</run_address>
         <size>0x4e</size>
         <alignment>0x2</alignment>
         <input_file_ref idref="fl-11"/>
      </object_component>
      <object_component id="oc-24b">
         <name>.text.DL_ADC12_initSingleSample</name>
         <load_address>0x3648</load_address>
         <readonly>true</readonly>
         <executable>true</executable>
         <run_address>0x3648</run_address>
         <size>0x4c</size>
         <alignment>0x4</alignment>
         <input_file_ref idref="fl-2"/>
      </object_component>
      <object_component id="oc-24a">
         <name>.text.DL_ADC12_setClockConfig</name>
         <load_address>0x3694</load_address>
         <readonly>true</readonly>
         <executable>true</executable>
         <run_address>0x3694</run_address>
         <size>0x4c</size>
         <alignment>0x4</alignment>
         <input_file_ref idref="fl-25"/>
      </object_component>
      <object_component id="oc-223">
         <name>.text.DL_SYSCTL_switchMCLKfromSYSOSCtoHSCLK</name>
         <load_address>0x36e0</load_address>
         <readonly>true</readonly>
         <executable>true</executable>
         <run_address>0x36e0</run_address>
         <size>0x4c</size>
         <alignment>0x4</alignment>
         <input_file_ref idref="fl-2b"/>
      </object_component>
      <object_component id="oc-23a">
         <name>.text.DL_UART_init</name>
         <load_address>0x372c</load_address>
         <readonly>true</readonly>
         <executable>true</executable>
         <run_address>0x372c</run_address>
         <size>0x4c</size>
         <alignment>0x4</alignment>
         <input_file_ref idref="fl-2a"/>
      </object_component>
      <object_component id="oc-23c">
         <name>.text.DL_UART_setBaudRateDivisor</name>
         <load_address>0x3778</load_address>
         <readonly>true</readonly>
         <executable>true</executable>
         <run_address>0x3778</run_address>
         <size>0x4c</size>
         <alignment>0x4</alignment>
         <input_file_ref idref="fl-2"/>
      </object_component>
      <object_component id="oc-24c">
         <name>.text.DL_ADC12_configConversionMem</name>
         <load_address>0x37c4</load_address>
         <readonly>true</readonly>
         <executable>true</executable>
         <run_address>0x37c4</run_address>
         <size>0x4a</size>
         <alignment>0x2</alignment>
         <input_file_ref idref="fl-2"/>
      </object_component>
      <object_component id="oc-1bd">
         <name>.text._Z13UART_TransmitP9UART_RegsPht</name>
         <load_address>0x380e</load_address>
         <readonly>true</readonly>
         <executable>true</executable>
         <run_address>0x380e</run_address>
         <size>0x4a</size>
         <alignment>0x2</alignment>
         <input_file_ref idref="fl-14"/>
      </object_component>
      <object_component id="oc-13c">
         <name>.text._ZN9N20_MotorC2EP12GPTIMER_Regs17DL_TIMER_CC_INDEXS2_P7Encoderfff</name>
         <load_address>0x3858</load_address>
         <readonly>true</readonly>
         <executable>true</executable>
         <run_address>0x3858</run_address>
         <size>0x4a</size>
         <alignment>0x2</alignment>
         <input_file_ref idref="fl-b"/>
      </object_component>
      <object_component id="oc-16e">
         <name>.text.__fixdfsi</name>
         <load_address>0x38a4</load_address>
         <readonly>true</readonly>
         <executable>true</executable>
         <run_address>0x38a4</run_address>
         <size>0x4a</size>
         <alignment>0x4</alignment>
         <input_file_ref idref="fl-d8"/>
      </object_component>
      <object_component id="oc-242">
         <name>.text.DL_SPI_init</name>
         <load_address>0x38f0</load_address>
         <readonly>true</readonly>
         <executable>true</executable>
         <run_address>0x38f0</run_address>
         <size>0x48</size>
         <alignment>0x4</alignment>
         <input_file_ref idref="fl-28"/>
      </object_component>
      <object_component id="oc-1a4">
         <name>.text.SYSCFG_DL_SYSCTL_init</name>
         <load_address>0x3938</load_address>
         <readonly>true</readonly>
         <executable>true</executable>
         <run_address>0x3938</run_address>
         <size>0x48</size>
         <alignment>0x4</alignment>
         <input_file_ref idref="fl-2"/>
      </object_component>
      <object_component id="oc-147">
         <name>.text._ZN10ControllerC2EP7Chassis</name>
         <load_address>0x3980</load_address>
         <readonly>true</readonly>
         <executable>true</executable>
         <run_address>0x3980</run_address>
         <size>0x48</size>
         <alignment>0x4</alignment>
         <input_file_ref idref="fl-7"/>
      </object_component>
      <object_component id="oc-c0">
         <name>.text._ZN3CCD7HandlerEv</name>
         <load_address>0x39c8</load_address>
         <readonly>true</readonly>
         <executable>true</executable>
         <run_address>0x39c8</run_address>
         <size>0x48</size>
         <alignment>0x4</alignment>
         <input_file_ref idref="fl-5"/>
      </object_component>
      <object_component id="oc-25b">
         <name>.text._ZN7LS7366R5resetEv</name>
         <load_address>0x3a10</load_address>
         <readonly>true</readonly>
         <executable>true</executable>
         <run_address>0x3a10</run_address>
         <size>0x48</size>
         <alignment>0x2</alignment>
         <input_file_ref idref="fl-a"/>
      </object_component>
      <object_component id="oc-1e6">
         <name>.text.imu660ra_get_acc</name>
         <load_address>0x3a58</load_address>
         <readonly>true</readonly>
         <executable>true</executable>
         <run_address>0x3a58</run_address>
         <size>0x48</size>
         <alignment>0x4</alignment>
         <input_file_ref idref="fl-11"/>
      </object_component>
      <object_component id="oc-1eb">
         <name>.text.imu660ra_get_gyro</name>
         <load_address>0x3aa0</load_address>
         <readonly>true</readonly>
         <executable>true</executable>
         <run_address>0x3aa0</run_address>
         <size>0x48</size>
         <alignment>0x4</alignment>
         <input_file_ref idref="fl-11"/>
      </object_component>
      <object_component id="oc-2a1">
         <name>.text.DL_DMA_initChannel</name>
         <load_address>0x3ae8</load_address>
         <readonly>true</readonly>
         <executable>true</executable>
         <run_address>0x3ae8</run_address>
         <size>0x46</size>
         <alignment>0x2</alignment>
         <input_file_ref idref="fl-27"/>
      </object_component>
      <object_component id="oc-2a3">
         <name>.text._ZL22imu660ra_read_registerh</name>
         <load_address>0x3b30</load_address>
         <readonly>true</readonly>
         <executable>true</executable>
         <run_address>0x3b30</run_address>
         <size>0x44</size>
         <alignment>0x4</alignment>
         <input_file_ref idref="fl-11"/>
      </object_component>
      <object_component id="oc-227">
         <name>.text.DL_Timer_setCaptureCompareOutCtl</name>
         <load_address>0x3b74</load_address>
         <readonly>true</readonly>
         <executable>true</executable>
         <run_address>0x3b74</run_address>
         <size>0x40</size>
         <alignment>0x4</alignment>
         <input_file_ref idref="fl-29"/>
      </object_component>
      <object_component id="oc-1ab">
         <name>.text.SYSCFG_DL_SPI_ENCODER_init</name>
         <load_address>0x3bb4</load_address>
         <readonly>true</readonly>
         <executable>true</executable>
         <run_address>0x3bb4</run_address>
         <size>0x40</size>
         <alignment>0x4</alignment>
         <input_file_ref idref="fl-2"/>
      </object_component>
      <object_component id="oc-1aa">
         <name>.text.SYSCFG_DL_SPI_IMU_init</name>
         <load_address>0x3bf4</load_address>
         <readonly>true</readonly>
         <executable>true</executable>
         <run_address>0x3bf4</run_address>
         <size>0x40</size>
         <alignment>0x4</alignment>
         <input_file_ref idref="fl-2"/>
      </object_component>
      <object_component id="oc-2a5">
         <name>.text._ZL23imu660ra_write_registerhh</name>
         <load_address>0x3c34</load_address>
         <readonly>true</readonly>
         <executable>true</executable>
         <run_address>0x3c34</run_address>
         <size>0x40</size>
         <alignment>0x4</alignment>
         <input_file_ref idref="fl-11"/>
      </object_component>
      <object_component id="oc-2a6">
         <name>.text._ZL24imu660ra_write_registershPKhj</name>
         <load_address>0x3c74</load_address>
         <readonly>true</readonly>
         <executable>true</executable>
         <run_address>0x3c74</run_address>
         <size>0x40</size>
         <alignment>0x4</alignment>
         <input_file_ref idref="fl-11"/>
      </object_component>
      <object_component id="oc-15c">
         <name>.text.__aeabi_uidivmod</name>
         <load_address>0x3cb4</load_address>
         <readonly>true</readonly>
         <executable>true</executable>
         <run_address>0x3cb4</run_address>
         <size>0x40</size>
         <alignment>0x4</alignment>
         <input_file_ref idref="fl-e4"/>
      </object_component>
      <object_component id="oc-d6">
         <name>.text.__extendsfdf2</name>
         <load_address>0x3cf4</load_address>
         <readonly>true</readonly>
         <executable>true</executable>
         <run_address>0x3cf4</run_address>
         <size>0x40</size>
         <alignment>0x4</alignment>
         <input_file_ref idref="fl-d7"/>
      </object_component>
      <object_component id="oc-298">
         <name>.text.DL_Timer_setCaptureCompareCtl</name>
         <load_address>0x3d34</load_address>
         <readonly>true</readonly>
         <executable>true</executable>
         <run_address>0x3d34</run_address>
         <size>0x3c</size>
         <alignment>0x4</alignment>
         <input_file_ref idref="fl-29"/>
      </object_component>
      <object_component id="oc-148">
         <name>.text._ZN14PID_ControllerC2EP7Chassis</name>
         <load_address>0x3d70</load_address>
         <readonly>true</readonly>
         <executable>true</executable>
         <run_address>0x3d70</run_address>
         <size>0x3c</size>
         <alignment>0x4</alignment>
         <input_file_ref idref="fl-d"/>
      </object_component>
      <object_component id="oc-17a">
         <name>.text.__floatsisf</name>
         <load_address>0x3dac</load_address>
         <readonly>true</readonly>
         <executable>true</executable>
         <run_address>0x3dac</run_address>
         <size>0x3c</size>
         <alignment>0x4</alignment>
         <input_file_ref idref="fl-db"/>
      </object_component>
      <object_component id="oc-18c">
         <name>.text.__gtsf2</name>
         <load_address>0x3de8</load_address>
         <readonly>true</readonly>
         <executable>true</executable>
         <run_address>0x3de8</run_address>
         <size>0x3c</size>
         <alignment>0x4</alignment>
         <input_file_ref idref="fl-e6"/>
      </object_component>
      <object_component id="oc-187">
         <name>.text.__eqsf2</name>
         <load_address>0x3e24</load_address>
         <readonly>true</readonly>
         <executable>true</executable>
         <run_address>0x3e24</run_address>
         <size>0x3a</size>
         <alignment>0x4</alignment>
         <input_file_ref idref="fl-e6"/>
      </object_component>
      <object_component id="oc-18f">
         <name>.text.__muldsi3</name>
         <load_address>0x3e60</load_address>
         <readonly>true</readonly>
         <executable>true</executable>
         <run_address>0x3e60</run_address>
         <size>0x3a</size>
         <alignment>0x4</alignment>
         <input_file_ref idref="fl-d3"/>
      </object_component>
      <object_component id="oc-2b3">
         <name>.text.DL_DMA_setTrigger</name>
         <load_address>0x3e9c</load_address>
         <readonly>true</readonly>
         <executable>true</executable>
         <run_address>0x3e9c</run_address>
         <size>0x38</size>
         <alignment>0x4</alignment>
         <input_file_ref idref="fl-27"/>
      </object_component>
      <object_component id="oc-230">
         <name>.text.DL_Timer_setPublisherChanID</name>
         <load_address>0x3ed4</load_address>
         <readonly>true</readonly>
         <executable>true</executable>
         <run_address>0x3ed4</run_address>
         <size>0x38</size>
         <alignment>0x4</alignment>
         <input_file_ref idref="fl-2"/>
      </object_component>
      <object_component id="oc-a3">
         <name>.text.__cxx_global_var_init.3</name>
         <load_address>0x3f0c</load_address>
         <readonly>true</readonly>
         <executable>true</executable>
         <run_address>0x3f0c</run_address>
         <size>0x38</size>
         <alignment>0x4</alignment>
         <input_file_ref idref="fl-14"/>
      </object_component>
      <object_component id="oc-a4">
         <name>.text.__cxx_global_var_init.4</name>
         <load_address>0x3f44</load_address>
         <readonly>true</readonly>
         <executable>true</executable>
         <run_address>0x3f44</run_address>
         <size>0x38</size>
         <alignment>0x4</alignment>
         <input_file_ref idref="fl-14"/>
      </object_component>
      <object_component id="oc-176">
         <name>.text.__fixsfsi</name>
         <load_address>0x3f7c</load_address>
         <readonly>true</readonly>
         <executable>true</executable>
         <run_address>0x3f7c</run_address>
         <size>0x38</size>
         <alignment>0x4</alignment>
         <input_file_ref idref="fl-d9"/>
      </object_component>
      <object_component id="oc-228">
         <name>.text.DL_Timer_setCaptCompUpdateMethod</name>
         <load_address>0x3fb4</load_address>
         <readonly>true</readonly>
         <executable>true</executable>
         <run_address>0x3fb4</run_address>
         <size>0x34</size>
         <alignment>0x4</alignment>
         <input_file_ref idref="fl-29"/>
      </object_component>
      <object_component id="oc-297">
         <name>.text.DL_Timer_setCaptureCompareAction</name>
         <load_address>0x3fe8</load_address>
         <readonly>true</readonly>
         <executable>true</executable>
         <run_address>0x3fe8</run_address>
         <size>0x34</size>
         <alignment>0x4</alignment>
         <input_file_ref idref="fl-29"/>
      </object_component>
      <object_component id="oc-299">
         <name>.text.DL_Timer_setCaptureCompareInput</name>
         <load_address>0x401c</load_address>
         <readonly>true</readonly>
         <executable>true</executable>
         <run_address>0x401c</run_address>
         <size>0x34</size>
         <alignment>0x2</alignment>
         <input_file_ref idref="fl-29"/>
      </object_component>
      <object_component id="oc-225">
         <name>.text.DL_Timer_setClockConfig</name>
         <load_address>0x4050</load_address>
         <readonly>true</readonly>
         <executable>true</executable>
         <run_address>0x4050</run_address>
         <size>0x34</size>
         <alignment>0x4</alignment>
         <input_file_ref idref="fl-29"/>
      </object_component>
      <object_component id="oc-64">
         <name>.text._GLOBAL__sub_I_task.cpp</name>
         <load_address>0x4084</load_address>
         <readonly>true</readonly>
         <executable>true</executable>
         <run_address>0x4084</run_address>
         <size>0x34</size>
         <alignment>0x2</alignment>
         <input_file_ref idref="fl-14"/>
      </object_component>
      <object_component id="oc-104">
         <name>.text._ZL17__NVIC_DisableIRQ4IRQn</name>
         <load_address>0x40b8</load_address>
         <readonly>true</readonly>
         <executable>true</executable>
         <run_address>0x40b8</run_address>
         <size>0x34</size>
         <alignment>0x4</alignment>
         <input_file_ref idref="fl-5"/>
      </object_component>
      <object_component id="oc-a9">
         <name>.text.__cxx_global_var_init.9</name>
         <load_address>0x40ec</load_address>
         <readonly>true</readonly>
         <executable>true</executable>
         <run_address>0x40ec</run_address>
         <size>0x34</size>
         <alignment>0x4</alignment>
         <input_file_ref idref="fl-14"/>
      </object_component>
      <object_component id="oc-2b4">
         <name>.text.spi_write_8bit_register</name>
         <load_address>0x4120</load_address>
         <readonly>true</readonly>
         <executable>true</executable>
         <run_address>0x4120</run_address>
         <size>0x32</size>
         <alignment>0x2</alignment>
         <input_file_ref idref="fl-10"/>
      </object_component>
      <object_component id="oc-244">
         <name>.text.DL_SPI_setFIFOThreshold</name>
         <load_address>0x4154</load_address>
         <readonly>true</readonly>
         <executable>true</executable>
         <run_address>0x4154</run_address>
         <size>0x30</size>
         <alignment>0x4</alignment>
         <input_file_ref idref="fl-2"/>
      </object_component>
      <object_component id="oc-263">
         <name>.text._ZL21DL_ADC12_getMemResultP10ADC12_Regs16DL_ADC12_MEM_IDX</name>
         <load_address>0x4184</load_address>
         <readonly>true</readonly>
         <executable>true</executable>
         <run_address>0x4184</run_address>
         <size>0x30</size>
         <alignment>0x4</alignment>
         <input_file_ref idref="fl-14"/>
      </object_component>
      <object_component id="oc-109">
         <name>.text._ZL22DL_DMA_setTransferSizeP8DMA_Regsht</name>
         <load_address>0x41b4</load_address>
         <readonly>true</readonly>
         <executable>true</executable>
         <run_address>0x41b4</run_address>
         <size>0x30</size>
         <alignment>0x4</alignment>
         <input_file_ref idref="fl-5"/>
      </object_component>
      <object_component id="oc-2b5">
         <name>.text.spi_write_8bit_registers</name>
         <load_address>0x41e4</load_address>
         <readonly>true</readonly>
         <executable>true</executable>
         <run_address>0x41e4</run_address>
         <size>0x30</size>
         <alignment>0x2</alignment>
         <input_file_ref idref="fl-10"/>
      </object_component>
      <object_component id="oc-3a">
         <name>.text.ADC0_IRQHandler</name>
         <load_address>0x4214</load_address>
         <readonly>true</readonly>
         <executable>true</executable>
         <run_address>0x4214</run_address>
         <size>0x2c</size>
         <alignment>0x4</alignment>
         <input_file_ref idref="fl-14"/>
      </object_component>
      <object_component id="oc-250">
         <name>.text.DL_ADC12_setDMASamplesCnt</name>
         <load_address>0x4240</load_address>
         <readonly>true</readonly>
         <executable>true</executable>
         <run_address>0x4240</run_address>
         <size>0x2c</size>
         <alignment>0x4</alignment>
         <input_file_ref idref="fl-2"/>
      </object_component>
      <object_component id="oc-229">
         <name>.text.DL_Timer_setCaptureCompareValue</name>
         <load_address>0x426c</load_address>
         <readonly>true</readonly>
         <executable>true</executable>
         <run_address>0x426c</run_address>
         <size>0x2c</size>
         <alignment>0x4</alignment>
         <input_file_ref idref="fl-29"/>
      </object_component>
      <object_component id="oc-160">
         <name>.text._ZL16__NVIC_EnableIRQ4IRQn</name>
         <load_address>0x4298</load_address>
         <readonly>true</readonly>
         <executable>true</executable>
         <run_address>0x4298</run_address>
         <size>0x2c</size>
         <alignment>0x4</alignment>
         <input_file_ref idref="fl-5"/>
      </object_component>
      <object_component id="oc-1b6">
         <name>.text._ZL16__NVIC_EnableIRQ4IRQn</name>
         <load_address>0x42c4</load_address>
         <readonly>true</readonly>
         <executable>true</executable>
         <run_address>0x42c4</run_address>
         <size>0x2c</size>
         <alignment>0x4</alignment>
         <input_file_ref idref="fl-14"/>
      </object_component>
      <object_component id="oc-1b7">
         <name>.text._ZL22__NVIC_ClearPendingIRQ4IRQn</name>
         <load_address>0x42f0</load_address>
         <readonly>true</readonly>
         <executable>true</executable>
         <run_address>0x42f0</run_address>
         <size>0x2c</size>
         <alignment>0x4</alignment>
         <input_file_ref idref="fl-14"/>
      </object_component>
      <object_component id="oc-16a">
         <name>.text.__floatsidf</name>
         <load_address>0x431c</load_address>
         <readonly>true</readonly>
         <executable>true</executable>
         <run_address>0x431c</run_address>
         <size>0x2c</size>
         <alignment>0x4</alignment>
         <input_file_ref idref="fl-da"/>
      </object_component>
      <object_component id="oc-2a0">
         <name>.text.DL_Common_updateReg</name>
         <load_address>0x4348</load_address>
         <readonly>true</readonly>
         <executable>true</executable>
         <run_address>0x4348</run_address>
         <size>0x28</size>
         <alignment>0x2</alignment>
         <input_file_ref idref="fl-25"/>
      </object_component>
      <object_component id="oc-2b6">
         <name>.text.DL_Common_updateReg</name>
         <load_address>0x4370</load_address>
         <readonly>true</readonly>
         <executable>true</executable>
         <run_address>0x4370</run_address>
         <size>0x28</size>
         <alignment>0x2</alignment>
         <input_file_ref idref="fl-27"/>
      </object_component>
      <object_component id="oc-29f">
         <name>.text.DL_Common_updateReg</name>
         <load_address>0x4398</load_address>
         <readonly>true</readonly>
         <executable>true</executable>
         <run_address>0x4398</run_address>
         <size>0x28</size>
         <alignment>0x2</alignment>
         <input_file_ref idref="fl-28"/>
      </object_component>
      <object_component id="oc-293">
         <name>.text.DL_Common_updateReg</name>
         <load_address>0x43c0</load_address>
         <readonly>true</readonly>
         <executable>true</executable>
         <run_address>0x43c0</run_address>
         <size>0x28</size>
         <alignment>0x2</alignment>
         <input_file_ref idref="fl-2b"/>
      </object_component>
      <object_component id="oc-29a">
         <name>.text.DL_Common_updateReg</name>
         <load_address>0x43e8</load_address>
         <readonly>true</readonly>
         <executable>true</executable>
         <run_address>0x43e8</run_address>
         <size>0x28</size>
         <alignment>0x2</alignment>
         <input_file_ref idref="fl-29"/>
      </object_component>
      <object_component id="oc-29e">
         <name>.text.DL_Common_updateReg</name>
         <load_address>0x4410</load_address>
         <readonly>true</readonly>
         <executable>true</executable>
         <run_address>0x4410</run_address>
         <size>0x28</size>
         <alignment>0x2</alignment>
         <input_file_ref idref="fl-2a"/>
      </object_component>
      <object_component id="oc-28b">
         <name>.text.DL_Common_updateReg</name>
         <load_address>0x4438</load_address>
         <readonly>true</readonly>
         <executable>true</executable>
         <run_address>0x4438</run_address>
         <size>0x28</size>
         <alignment>0x2</alignment>
         <input_file_ref idref="fl-2"/>
      </object_component>
      <object_component id="oc-22f">
         <name>.text.DL_Timer_enableEvent</name>
         <load_address>0x4460</load_address>
         <readonly>true</readonly>
         <executable>true</executable>
         <run_address>0x4460</run_address>
         <size>0x28</size>
         <alignment>0x4</alignment>
         <input_file_ref idref="fl-2"/>
      </object_component>
      <object_component id="oc-107">
         <name>.text._ZL17DL_DMA_setSrcAddrP8DMA_Regshj</name>
         <load_address>0x4488</load_address>
         <readonly>true</readonly>
         <executable>true</executable>
         <run_address>0x4488</run_address>
         <size>0x28</size>
         <alignment>0x4</alignment>
         <input_file_ref idref="fl-5"/>
      </object_component>
      <object_component id="oc-108">
         <name>.text._ZL18DL_DMA_setDestAddrP8DMA_Regshj</name>
         <load_address>0x44b0</load_address>
         <readonly>true</readonly>
         <executable>true</executable>
         <run_address>0x44b0</run_address>
         <size>0x28</size>
         <alignment>0x4</alignment>
         <input_file_ref idref="fl-5"/>
      </object_component>
      <object_component id="oc-13a">
         <name>.text._ZN7LS7366RC2EP8SPI_RegsP9GPIO_Regsjj</name>
         <load_address>0x44d8</load_address>
         <readonly>true</readonly>
         <executable>true</executable>
         <run_address>0x44d8</run_address>
         <size>0x28</size>
         <alignment>0x2</alignment>
         <input_file_ref idref="fl-a"/>
      </object_component>
      <object_component id="oc-a0">
         <name>.text.__cxx_global_var_init</name>
         <load_address>0x4500</load_address>
         <readonly>true</readonly>
         <executable>true</executable>
         <run_address>0x4500</run_address>
         <size>0x28</size>
         <alignment>0x4</alignment>
         <input_file_ref idref="fl-14"/>
      </object_component>
      <object_component id="oc-eb">
         <name>.text.__floatunsisf</name>
         <load_address>0x4528</load_address>
         <readonly>true</readonly>
         <executable>true</executable>
         <run_address>0x4528</run_address>
         <size>0x28</size>
         <alignment>0x4</alignment>
         <input_file_ref idref="fl-dc"/>
      </object_component>
      <object_component id="oc-1b9">
         <name>.text.delay_ms</name>
         <load_address>0x4550</load_address>
         <readonly>true</readonly>
         <executable>true</executable>
         <run_address>0x4550</run_address>
         <size>0x28</size>
         <alignment>0x4</alignment>
         <input_file_ref idref="fl-13"/>
      </object_component>
      <object_component id="oc-5d">
         <name>.text:_c_int00_noargs</name>
         <load_address>0x4578</load_address>
         <readonly>true</readonly>
         <executable>true</executable>
         <run_address>0x4578</run_address>
         <size>0x28</size>
         <alignment>0x4</alignment>
         <input_file_ref idref="fl-41"/>
      </object_component>
      <object_component id="oc-10a">
         <name>.text._ZL20DL_DMA_enableChannelP8DMA_Regsh</name>
         <load_address>0x45a0</load_address>
         <readonly>true</readonly>
         <executable>true</executable>
         <run_address>0x45a0</run_address>
         <size>0x26</size>
         <alignment>0x2</alignment>
         <input_file_ref idref="fl-5"/>
      </object_component>
      <object_component id="oc-6f">
         <name>.text._ZL21DL_DMA_disableChannelP8DMA_Regsh</name>
         <load_address>0x45c6</load_address>
         <readonly>true</readonly>
         <executable>true</executable>
         <run_address>0x45c6</run_address>
         <size>0x26</size>
         <alignment>0x2</alignment>
         <input_file_ref idref="fl-14"/>
      </object_component>
      <object_component id="oc-13e">
         <name>.text._ZN6RemoteC2EP9UART_Regs</name>
         <load_address>0x45ec</load_address>
         <readonly>true</readonly>
         <executable>true</executable>
         <run_address>0x45ec</run_address>
         <size>0x26</size>
         <alignment>0x2</alignment>
         <input_file_ref idref="fl-f"/>
      </object_component>
      <object_component id="oc-243">
         <name>.text.DL_SPI_setBitRateSerialClockDivider</name>
         <load_address>0x4614</load_address>
         <readonly>true</readonly>
         <executable>true</executable>
         <run_address>0x4614</run_address>
         <size>0x24</size>
         <alignment>0x4</alignment>
         <input_file_ref idref="fl-2"/>
      </object_component>
      <object_component id="oc-241">
         <name>.text.DL_SPI_setClockConfig</name>
         <load_address>0x4638</load_address>
[...]
         <name>start_flag</name>
         <value>0x2020078a</value>
         <object_component_ref idref="oc-1bf"/>
      </symbol>
      <symbol id="sm-393">
         <name>end_flag</name>
         <value>0x2020077a</value>
         <object_component_ref idref="oc-1c0"/>
      </symbol>
      <symbol id="sm-394">
         <name>temp_rx</name>
         <value>0x20200548</value>
         <object_component_ref idref="oc-1c1"/>
      </symbol>
      <symbol id="sm-395">
         <name>gCheckADC</name>
         <value>0x2020078f</value>
         <object_component_ref idref="oc-6b"/>
      </symbol>
      <symbol id="sm-396">
         <name>power_vin</name>
         <value>0x20200788</value>
         <object_component_ref idref="oc-264"/>
      </symbol>
      <symbol id="sm-397">
         <name>vin</name>
         <value>0x20200774</value>
         <object_component_ref idref="oc-265"/>
      </symbol>
      <symbol id="sm-398">
         <name>task_handler</name>
         <value>0x12f5</value>
         <object_component_ref idref="oc-66"/>
      </symbol>
      <symbol id="sm-399">
         <name>_Z14signal_Handlerv</name>
         <value>0x2f45</value>
         <object_component_ref idref="oc-c6"/>
      </symbol>
      <symbol id="sm-39a">
         <name>signal_en_flag</name>
         <value>0x20200791</value>
         <object_component_ref idref="oc-168"/>
      </symbol>
      <symbol id="sm-39b">
         <name>UART0_IRQHandler</name>
         <value>0x2761</value>
         <object_component_ref idref="oc-40"/>
      </symbol>
      <symbol id="sm-39c">
         <name>uart1_cnt</name>
         <value>0x20200768</value>
         <object_component_ref idref="oc-7a"/>
      </symbol>
      <symbol id="sm-39d">
         <name>uart1_rx_len</name>
         <value>0x2020078c</value>
         <object_component_ref idref="oc-7b"/>
      </symbol>
      <symbol id="sm-39e">
         <name>uart1_rx_buf</name>
         <value>0x2020090c</value>
         <object_component_ref idref="oc-7c"/>
      </symbol>
      <symbol id="sm-39f">
         <name>uart1_state</name>
         <value>0x2020076c</value>
         <object_component_ref idref="oc-7d"/>
      </symbol>
      <symbol id="sm-3a0">
         <name>TIMG12_IRQHandler</name>
         <value>0x496d</value>
         <object_component_ref idref="oc-41"/>
      </symbol>
      <symbol id="sm-3a1">
         <name>CCD_cnt</name>
         <value>0x20200748</value>
         <object_component_ref idref="oc-84"/>
      </symbol>
      <symbol id="sm-3a2">
         <name>ADC1_IRQHandler</name>
         <value>0x3509</value>
         <object_component_ref idref="oc-3f"/>
      </symbol>
      <symbol id="sm-3a3">
         <name>ADC_cnt</name>
         <value>0x20200744</value>
         <object_component_ref idref="oc-78"/>
      </symbol>
      <symbol id="sm-3a4">
         <name>ADC0_IRQHandler</name>
         <value>0x4215</value>
         <object_component_ref idref="oc-3a"/>
      </symbol>
      <symbol id="sm-3a5">
         <name>ADC_VIN_cnt</name>
         <value>0x20200740</value>
         <object_component_ref idref="oc-6c"/>
      </symbol>
      <symbol id="sm-3a6">
         <name>__TI_ATRegion0_src_addr</name>
         <value>0x0</value>
      </symbol>
      <symbol id="sm-3a7">
         <name>__TI_ATRegion0_trg_addr</name>
         <value>0x0</value>
      </symbol>
      <symbol id="sm-3a8">
         <name>__TI_ATRegion0_region_sz</name>
         <value>0x0</value>
      </symbol>
      <symbol id="sm-3a9">
         <name>__TI_ATRegion1_src_addr</name>
         <value>0x0</value>
      </symbol>
      <symbol id="sm-3aa">
         <name>__TI_ATRegion1_trg_addr</name>
         <value>0x0</value>
      </symbol>
      <symbol id="sm-3ab">
         <name>__TI_ATRegion1_region_sz</name>
         <value>0x0</value>
      </symbol>
      <symbol id="sm-3ac">
         <name>__TI_ATRegion2_src_addr</name>
         <value>0x0</value>
      </symbol>
      <symbol id="sm-3ad">
         <name>__TI_ATRegion2_trg_addr</name>
         <value>0x0</value>
      </symbol>
      <symbol id="sm-3ae">
         <name>__TI_ATRegion2_region_sz</name>
         <value>0x0</value>
      </symbol>
      <symbol id="sm-3b2">
         <name>arm_sin_cos_f32</name>
         <value>0x52d</value>
         <object_component_ref idref="oc-fb"/>
      </symbol>
      <symbol id="sm-3b4">
         <name>sinTable_f32</name>
         <value>0x7100</value>
         <object_component_ref idref="oc-199"/>
      </symbol>
      <symbol id="sm-3ba">
         <name>DL_ADC12_setClockConfig</name>
         <value>0x3695</value>
         <object_component_ref idref="oc-24a"/>
      </symbol>
      <symbol id="sm-3bd">
         <name>DL_Common_delayCycles</name>
         <value>0x4e17</value>
         <object_component_ref idref="oc-213"/>
      </symbol>
      <symbol id="sm-3c7">
         <name>DL_DMA_initChannel</name>
         <value>0x3ae9</value>
         <object_component_ref idref="oc-2a1"/>
      </symbol>
      <symbol id="sm-3cf">
         <name>DL_SPI_init</name>
         <value>0x38f1</value>
         <object_component_ref idref="oc-242"/>
      </symbol>
      <symbol id="sm-3d0">
         <name>DL_SPI_setClockConfig</name>
         <value>0x4639</value>
         <object_component_ref idref="oc-241"/>
      </symbol>
      <symbol id="sm-3eb">
         <name>DL_Timer_setClockConfig</name>
         <value>0x4051</value>
         <object_component_ref idref="oc-225"/>
      </symbol>
      <symbol id="sm-3ec">
         <name>DL_Timer_setCaptureCompareValue</name>
         <value>0x426d</value>
         <object_component_ref idref="oc-229"/>
      </symbol>
      <symbol id="sm-3ed">
         <name>DL_Timer_setCaptureCompareCtl</name>
         <value>0x3d35</value>
         <object_component_ref idref="oc-298"/>
      </symbol>
      <symbol id="sm-3ee">
         <name>DL_Timer_setCaptureCompareInput</name>
         <value>0x401d</value>
         <object_component_ref idref="oc-299"/>
      </symbol>
      <symbol id="sm-3ef">
         <name>DL_Timer_initPWMMode</name>
         <value>0x1b41</value>
         <object_component_ref idref="oc-22e"/>
      </symbol>
      <symbol id="sm-3f0">
         <name>DL_Timer_setCaptureCompareAction</name>
         <value>0x3fe9</value>
         <object_component_ref idref="oc-297"/>
      </symbol>
      <symbol id="sm-3f1">
         <name>DL_Timer_setCaptureCompareOutCtl</name>
         <value>0x3b75</value>
         <object_component_ref idref="oc-227"/>
      </symbol>
      <symbol id="sm-3f2">
         <name>DL_Timer_setCaptCompUpdateMethod</name>
         <value>0x3fb5</value>
         <object_component_ref idref="oc-228"/>
      </symbol>
      <symbol id="sm-3f3">
         <name>DL_TimerA_initPWMMode</name>
         <value>0x1f3d</value>
         <object_component_ref idref="oc-226"/>
      </symbol>
      <symbol id="sm-3fd">
         <name>DL_UART_init</name>
         <value>0x372d</value>
         <object_component_ref idref="oc-23a"/>
      </symbol>
      <symbol id="sm-3fe">
         <name>DL_UART_setClockConfig</name>
         <value>0x465d</value>
         <object_component_ref idref="oc-239"/>
      </symbol>
      <symbol id="sm-426">
         <name>DL_SYSCTL_configSYSPLL</name>
         <value>0x1e51</value>
         <object_component_ref idref="oc-221"/>
      </symbol>
      <symbol id="sm-427">
         <name>DL_SYSCTL_switchMCLKfromSYSOSCtoHSCLK</name>
         <value>0x36e1</value>
         <object_component_ref idref="oc-223"/>
      </symbol>
      <symbol id="sm-428">
         <name>DL_SYSCTL_setHFCLKSourceHFXTParams</name>
         <value>0x3169</value>
         <object_component_ref idref="oc-220"/>
      </symbol>
      <symbol id="sm-436">
         <name>atan2f</name>
         <value>0x18fd</value>
         <object_component_ref idref="oc-1fa"/>
      </symbol>
      <symbol id="sm-440">
         <name>sqrtf</name>
         <value>0x28c1</value>
         <object_component_ref idref="oc-17f"/>
      </symbol>
      <symbol id="sm-454">
         <name>atanf</name>
         <value>0x112d</value>
         <object_component_ref idref="oc-27e"/>
      </symbol>
      <symbol id="sm-45f">
         <name>__aeabi_errno_addr</name>
         <value>0x50a5</value>
         <object_component_ref idref="oc-1fe"/>
      </symbol>
      <symbol id="sm-460">
         <name>__aeabi_errno</name>
         <value>0x20200754</value>
         <object_component_ref idref="oc-287"/>
      </symbol>
      <symbol id="sm-46e">
         <name>_c_int00_noargs</name>
         <value>0x4579</value>
         <object_component_ref idref="oc-5d"/>
      </symbol>
      <symbol id="sm-46f">
         <name>__stack</name>
         <value>0x20207e00</value>
         <object_component_ref idref="oc-1a"/>
      </symbol>
      <symbol id="sm-47e">
         <name>__TI_auto_init_nobinit</name>
         <value>0x34b5</value>
         <object_component_ref idref="oc-12e"/>
      </symbol>
      <symbol id="sm-486">
         <name>_system_pre_init</name>
         <value>0x50f9</value>
         <object_component_ref idref="oc-8e"/>
      </symbol>
      <symbol id="sm-491">
         <name>__TI_zero_init_nomemset</name>
         <value>0x4e01</value>
         <object_component_ref idref="oc-54"/>
      </symbol>
      <symbol id="sm-49a">
         <name>__TI_decompress_none</name>
         <value>0x5017</value>
         <object_component_ref idref="oc-20"/>
      </symbol>
      <symbol id="sm-4a5">
         <name>__TI_decompress_lzss</name>
         <value>0x2e51</value>
         <object_component_ref idref="oc-1c"/>
      </symbol>
      <symbol id="sm-4b4">
         <name>abort</name>
         <value>0x50fd</value>
         <object_component_ref idref="oc-121"/>
      </symbol>
      <symbol id="sm-4b5">
         <name>C$$EXIT</name>
         <value>0x50fc</value>
         <object_component_ref idref="oc-121"/>
      </symbol>
      <symbol id="sm-4d6">
         <name>__aeabi_fadd</name>
         <value>0x21ff</value>
         <object_component_ref idref="oc-ef"/>
      </symbol>
      <symbol id="sm-4d7">
         <name>__addsf3</name>
         <value>0x21ff</value>
         <object_component_ref idref="oc-ef"/>
      </symbol>
      <symbol id="sm-4d8">
         <name>__aeabi_fsub</name>
         <value>0x21f5</value>
         <object_component_ref idref="oc-ef"/>
      </symbol>
      <symbol id="sm-4d9">
         <name>__subsf3</name>
         <value>0x21f5</value>
         <object_component_ref idref="oc-ef"/>
      </symbol>
      <symbol id="sm-4e2">
         <name>__aeabi_dadd</name>
         <value>0x163b</value>
         <object_component_ref idref="oc-f7"/>
      </symbol>
      <symbol id="sm-4e3">
         <name>__adddf3</name>
         <value>0x163b</value>
         <object_component_ref idref="oc-f7"/>
      </symbol>
      <symbol id="sm-4e4">
         <name>__aeabi_dsub</name>
         <value>0x1631</value>
         <object_component_ref idref="oc-f7"/>
      </symbol>
      <symbol id="sm-4e5">
         <name>__subdf3</name>
         <value>0x1631</value>
         <object_component_ref idref="oc-f7"/>
      </symbol>
      <symbol id="sm-4eb">
         <name>__aeabi_dmul</name>
         <value>0x2111</value>
         <object_component_ref idref="oc-da"/>
      </symbol>
      <symbol id="sm-4ec">
         <name>__muldf3</name>
         <value>0x2111</value>
         <object_component_ref idref="oc-da"/>
      </symbol>
      <symbol id="sm-4f2">
         <name>__muldsi3</name>
         <value>0x3e61</value>
         <object_component_ref idref="oc-18f"/>
      </symbol>
      <symbol id="sm-4f8">
         <name>__aeabi_fmul</name>
         <value>0x2aa9</value>
         <object_component_ref idref="oc-fc"/>
      </symbol>
      <symbol id="sm-4f9">
         <name>__mulsf3</name>
         <value>0x2aa9</value>
         <object_component_ref idref="oc-fc"/>
      </symbol>
      <symbol id="sm-4ff">
         <name>__aeabi_fdiv</name>
         <value>0x2d4d</value>
         <object_component_ref idref="oc-f3"/>
      </symbol>
      <symbol id="sm-500">
         <name>__divsf3</name>
         <value>0x2d4d</value>
         <object_component_ref idref="oc-f3"/>
      </symbol>
      <symbol id="sm-509">
         <name>__aeabi_ddiv</name>
         <value>0x1c51</value>
         <object_component_ref idref="oc-172"/>
      </symbol>
      <symbol id="sm-50a">
         <name>__divdf3</name>
         <value>0x1c51</value>
         <object_component_ref idref="oc-172"/>
      </symbol>
      <symbol id="sm-510">
         <name>__aeabi_f2d</name>
         <value>0x3cf5</value>
         <object_component_ref idref="oc-d6"/>
      </symbol>
      <symbol id="sm-511">
         <name>__extendsfdf2</name>
         <value>0x3cf5</value>
         <object_component_ref idref="oc-d6"/>
      </symbol>
      <symbol id="sm-517">
         <name>__aeabi_d2iz</name>
         <value>0x38a5</value>
         <object_component_ref idref="oc-16e"/>
      </symbol>
      <symbol id="sm-518">
         <name>__fixdfsi</name>
         <value>0x38a5</value>
         <object_component_ref idref="oc-16e"/>
      </symbol>
      <symbol id="sm-51e">
         <name>__aeabi_f2iz</name>
         <value>0x3f7d</value>
         <object_component_ref idref="oc-176"/>
      </symbol>
      <symbol id="sm-51f">
         <name>__fixsfsi</name>
         <value>0x3f7d</value>
         <object_component_ref idref="oc-176"/>
      </symbol>
      <symbol id="sm-525">
         <name>__aeabi_i2d</name>
         <value>0x431d</value>
         <object_component_ref idref="oc-16a"/>
      </symbol>
      <symbol id="sm-526">
         <name>__floatsidf</name>
         <value>0x431d</value>
         <object_component_ref idref="oc-16a"/>
      </symbol>
      <symbol id="sm-52c">
         <name>__aeabi_i2f</name>
         <value>0x3dad</value>
         <object_component_ref idref="oc-17a"/>
      </symbol>
      <symbol id="sm-52d">
         <name>__floatsisf</name>
         <value>0x3dad</value>
         <object_component_ref idref="oc-17a"/>
      </symbol>
      <symbol id="sm-533">
         <name>__aeabi_ui2f</name>
         <value>0x4529</value>
         <object_component_ref idref="oc-eb"/>
      </symbol>
      <symbol id="sm-534">
         <name>__floatunsisf</name>
         <value>0x4529</value>
         <object_component_ref idref="oc-eb"/>
      </symbol>
      <symbol id="sm-53b">
         <name>__aeabi_d2f</name>
         <value>0x2ed1</value>
         <object_component_ref idref="oc-de"/>
      </symbol>
      <symbol id="sm-53c">
         <name>__truncdfsf2</name>
         <value>0x2ed1</value>
         <object_component_ref idref="oc-de"/>
      </symbol>
      <symbol id="sm-542">
         <name>__aeabi_dcmpeq</name>
         <value>0x3231</value>
         <object_component_ref idref="oc-1d7"/>
      </symbol>
      <symbol id="sm-543">
         <name>__aeabi_dcmplt</name>
         <value>0x3245</value>
         <object_component_ref idref="oc-1d7"/>
      </symbol>
      <symbol id="sm-544">
         <name>__aeabi_dcmple</name>
         <value>0x3259</value>
         <object_component_ref idref="oc-1d7"/>
      </symbol>
      <symbol id="sm-545">
         <name>__aeabi_dcmpge</name>
         <value>0x326d</value>
         <object_component_ref idref="oc-1d7"/>
      </symbol>
      <symbol id="sm-546">
         <name>__aeabi_dcmpgt</name>
         <value>0x3281</value>
         <object_component_ref idref="oc-1d7"/>
      </symbol>
      <symbol id="sm-54c">
         <name>__aeabi_fcmpeq</name>
         <value>0x3295</value>
         <object_component_ref idref="oc-d2"/>
      </symbol>
      <symbol id="sm-54d">
         <name>__aeabi_fcmplt</name>
         <value>0x32a9</value>
         <object_component_ref idref="oc-d2"/>
      </symbol>
      <symbol id="sm-54e">
         <name>__aeabi_fcmple</name>
         <value>0x32bd</value>
         <object_component_ref idref="oc-d2"/>
      </symbol>
      <symbol id="sm-54f">
         <name>__aeabi_fcmpge</name>
         <value>0x32d1</value>
         <object_component_ref idref="oc-d2"/>
      </symbol>
      <symbol id="sm-550">
         <name>__aeabi_fcmpgt</name>
         <value>0x32e5</value>
         <object_component_ref idref="oc-d2"/>
      </symbol>
      <symbol id="sm-556">
         <name>__aeabi_memcpy</name>
         <value>0x50ad</value>
         <object_component_ref idref="oc-4d"/>
      </symbol>
      <symbol id="sm-557">
         <name>__aeabi_memcpy4</name>
         <value>0x50ad</value>
         <object_component_ref idref="oc-4d"/>
      </symbol>
      <symbol id="sm-558">
         <name>__aeabi_memcpy8</name>
         <value>0x50ad</value>
         <object_component_ref idref="oc-4d"/>
      </symbol>
      <symbol id="sm-55e">
         <name>__aeabi_uidiv</name>
         <value>0x3cb5</value>
         <object_component_ref idref="oc-15c"/>
      </symbol>
      <symbol id="sm-55f">
         <name>__aeabi_uidivmod</name>
         <value>0x3cb5</value>
         <object_component_ref idref="oc-15c"/>
      </symbol>
      <symbol id="sm-568">
         <name>__eqsf2</name>
         <value>0x3e25</value>
         <object_component_ref idref="oc-187"/>
      </symbol>
      <symbol id="sm-569">
         <name>__lesf2</name>
         <value>0x3e25</value>
         <object_component_ref idref="oc-187"/>
      </symbol>
      <symbol id="sm-56a">
         <name>__ltsf2</name>
         <value>0x3e25</value>
         <object_component_ref idref="oc-187"/>
      </symbol>
      <symbol id="sm-56b">
         <name>__nesf2</name>
         <value>0x3e25</value>
         <object_component_ref idref="oc-187"/>
      </symbol>
      <symbol id="sm-56c">
         <name>__cmpsf2</name>
         <value>0x3e25</value>
         <object_component_ref idref="oc-187"/>
      </symbol>
      <symbol id="sm-56d">
         <name>__gtsf2</name>
         <value>0x3de9</value>
         <object_component_ref idref="oc-18c"/>
      </symbol>
      <symbol id="sm-56e">
         <name>__gesf2</name>
         <value>0x3de9</value>
         <object_component_ref idref="oc-18c"/>
      </symbol>
      <symbol id="sm-57c">
         <name>__ledf2</name>
         <value>0x3095</value>
         <object_component_ref idref="oc-270"/>
      </symbol>
      <symbol id="sm-57d">
         <name>__gedf2</name>
         <value>0x3025</value>
         <object_component_ref idref="oc-276"/>
      </symbol>
      <symbol id="sm-57e">
         <name>__cmpdf2</name>
         <value>0x3095</value>
         <object_component_ref idref="oc-270"/>
      </symbol>
      <symbol id="sm-57f">
         <name>__eqdf2</name>
         <value>0x3095</value>
         <object_component_ref idref="oc-270"/>
      </symbol>
      <symbol id="sm-580">
         <name>__ltdf2</name>
         <value>0x3095</value>
         <object_component_ref idref="oc-270"/>
      </symbol>
      <symbol id="sm-581">
         <name>__nedf2</name>
         <value>0x3095</value>
         <object_component_ref idref="oc-270"/>
      </symbol>
      <symbol id="sm-582">
         <name>__gtdf2</name>
         <value>0x3025</value>
         <object_component_ref idref="oc-276"/>
      </symbol>
      <symbol id="sm-58c">
         <name>__aeabi_idiv0</name>
         <value>0x17c3</value>
         <object_component_ref idref="oc-1e0"/>
      </symbol>
      <symbol id="sm-596">
         <name>TI_memcpy_small</name>
         <value>0x5005</value>
         <object_component_ref idref="oc-10e"/>
      </symbol>
      <symbol id="sm-597">
         <name>__TI_static_base__</name>
         <value>0x0</value>
      </symbol>
      <symbol id="sm-59b">
         <name>__mpu_init</name>
         <value>0x0</value>
      </symbol>
      <symbol id="sm-59c">
         <name>_system_post_cinit</name>
         <value>0x0</value>
      </symbol>
   </symbol_table>
   <title>Link successful</title>
</link_info>
