<?xml version="1.0" encoding="ISO-8859-1" ?>
<link_info>
   <banner>TI ARM Clang Linker PC v3.2.2.LTS</banner>
   <copyright>Copyright (c) 1996-2018 Texas Instruments Incorporated</copyright>
   <link_time>0x66aa9681</link_time>
   <link_errors>0x0</link_errors>
   <output_file>F:\EDC\EDC_workspace\control\Debug\control.out</output_file>
   <entry_point>
      <name>_c_int00_noargs</name>
      <address>0x4501</address>
   </entry_point>
   <input_file_list>
      <input_file id="fl-1">
         <path>F:\EDC\EDC_workspace\control\Debug\.\</path>
         <kind>object</kind>
         <file>control.o</file>
         <name>control.o</name>
      </input_file>
      <input_file id="fl-2">
         <path>F:\EDC\EDC_workspace\control\Debug\.\</path>
         <kind>object</kind>
         <file>ti_msp_dl_config.o</file>
         <name>ti_msp_dl_config.o</name>
      </input_file>
      <input_file id="fl-3">
         <path>F:\EDC\EDC_workspace\control\Debug\.\</path>
         <kind>object</kind>
         <file>startup_mspm0g350x_ticlang.o</file>
         <name>startup_mspm0g350x_ticlang.o</name>
      </input_file>
      <input_file id="fl-4">
         <path>F:\EDC\EDC_workspace\control\Debug\.\code\</path>
         <kind>object</kind>
         <file>Buzzer.o</file>
         <name>Buzzer.o</name>
      </input_file>
      <input_file id="fl-5">
         <path>F:\EDC\EDC_workspace\control\Debug\.\code\</path>
         <kind>object</kind>
         <file>CCD.o</file>
         <name>CCD.o</name>
      </input_file>
      <input_file id="fl-6">
         <path>F:\EDC\EDC_workspace\control\Debug\.\code\</path>
         <kind>object</kind>
         <file>Chassis.o</file>
         <name>Chassis.o</name>
      </input_file>
      <input_file id="fl-7">
         <path>F:\EDC\EDC_workspace\control\Debug\.\code\</path>
         <kind>object</kind>
         <file>Controller.o</file>
         <name>Controller.o</name>
      </input_file>
      <input_file id="fl-8">
         <path>F:\EDC\EDC_workspace\control\Debug\.\code\</path>
         <kind>object</kind>
         <file>Encoder.o</file>
         <name>Encoder.o</name>
      </input_file>
      <input_file id="fl-9">
         <path>F:\EDC\EDC_workspace\control\Debug\.\code\</path>
         <kind>object</kind>
         <file>IMU.o</file>
         <name>IMU.o</name>
      </input_file>
      <input_file id="fl-a">
         <path>F:\EDC\EDC_workspace\control\Debug\.\code\</path>
         <kind>object</kind>
         <file>LS7366R.o</file>
         <name>LS7366R.o</name>
      </input_file>
      <input_file id="fl-b">
         <path>F:\EDC\EDC_workspace\control\Debug\.\code\</path>
         <kind>object</kind>
         <file>N20_Motor.o</file>
         <name>N20_Motor.o</name>
      </input_file>
      <input_file id="fl-c">
         <path>F:\EDC\EDC_workspace\control\Debug\.\code\</path>
         <kind>object</kind>
         <file>PID.o</file>
         <name>PID.o</name>
      </input_file>
      <input_file id="fl-d">
         <path>F:\EDC\EDC_workspace\control\Debug\.\code\</path>
         <kind>object</kind>
         <file>PID_Controller.o</file>
         <name>PID_Controller.o</name>
      </input_file>
      <input_file id="fl-e">
         <path>F:\EDC\EDC_workspace\control\Debug\.\code\</path>
         <kind>object</kind>
         <file>QEI.o</file>
         <name>QEI.o</name>
      </input_file>
      <input_file id="fl-f">
         <path>F:\EDC\EDC_workspace\control\Debug\.\code\</path>
         <kind>object</kind>
         <file>Remote.o</file>
         <name>Remote.o</name>
      </input_file>
      <input_file id="fl-10">
         <path>F:\EDC\EDC_workspace\control\Debug\.\code\</path>
         <kind>object</kind>
         <file>hal.o</file>
         <name>hal.o</name>
      </input_file>
      <input_file id="fl-11">
         <path>F:\EDC\EDC_workspace\control\Debug\.\code\</path>
         <kind>object</kind>
         <file>imu660.o</file>
         <name>imu660.o</name>
      </input_file>
      <input_file id="fl-12">
         <path>F:\EDC\EDC_workspace\control\Debug\.\code\</path>
         <kind>object</kind>
         <file>imu963ra.o</file>
         <name>imu963ra.o</name>
      </input_file>
      <input_file id="fl-13">
         <path>F:\EDC\EDC_workspace\control\Debug\.\code\</path>
         <kind>object</kind>
         <file>it.o</file>
         <name>it.o</name>
      </input_file>
      <input_file id="fl-14">
         <path>F:\EDC\EDC_workspace\control\Debug\.\code\</path>
         <kind>object</kind>
         <file>task.o</file>
         <name>task.o</name>
      </input_file>
      <input_file id="fl-22">
         <path>F:\EDC\EDC_workspace\control\Debug\</path>
         <kind>object</kind>
         <file>&lt;internal&gt;</file>
         <name>&lt;internal&gt;</name>
      </input_file>
      <input_file id="fl-23">
         <path>C:\ti\mspm0_sdk_2_01_00_03\source\third_party\CMSIS\DSP\lib\ticlang\m0p\</path>
         <kind>archive</kind>
         <file>arm_cortexM0l_math.a</file>
         <name>arm_sin_cos_f32.o</name>
      </input_file>
      <input_file id="fl-24">
         <path>C:\ti\mspm0_sdk_2_01_00_03\source\third_party\CMSIS\DSP\lib\ticlang\m0p\</path>
         <kind>archive</kind>
         <file>arm_cortexM0l_math.a</file>
         <name>arm_common_tables.o</name>
      </input_file>
      <input_file id="fl-25">
         <path>C:\ti\mspm0_sdk_2_01_00_03\source\ti\driverlib\lib\ticlang\m0p\mspm0g1x0x_g3x0x\</path>
         <kind>archive</kind>
         <file>driverlib.a</file>
         <name>dl_adc12.o</name>
      </input_file>
      <input_file id="fl-26">
         <path>C:\ti\mspm0_sdk_2_01_00_03\source\ti\driverlib\lib\ticlang\m0p\mspm0g1x0x_g3x0x\</path>
         <kind>archive</kind>
         <file>driverlib.a</file>
         <name>dl_common.o</name>
      </input_file>
      <input_file id="fl-27">
         <path>C:\ti\mspm0_sdk_2_01_00_03\source\ti\driverlib\lib\ticlang\m0p\mspm0g1x0x_g3x0x\</path>
         <kind>archive</kind>
         <file>driverlib.a</file>
         <name>dl_dma.o</name>
      </input_file>
      <input_file id="fl-28">
         <path>C:\ti\mspm0_sdk_2_01_00_03\source\ti\driverlib\lib\ticlang\m0p\mspm0g1x0x_g3x0x\</path>
         <kind>archive</kind>
         <file>driverlib.a</file>
         <name>dl_i2c.o</name>
      </input_file>
      <input_file id="fl-29">
         <path>C:\ti\mspm0_sdk_2_01_00_03\source\ti\driverlib\lib\ticlang\m0p\mspm0g1x0x_g3x0x\</path>
         <kind>archive</kind>
         <file>driverlib.a</file>
         <name>dl_spi.o</name>
      </input_file>
      <input_file id="fl-2a">
         <path>C:\ti\mspm0_sdk_2_01_00_03\source\ti\driverlib\lib\ticlang\m0p\mspm0g1x0x_g3x0x\</path>
         <kind>archive</kind>
         <file>driverlib.a</file>
         <name>dl_timer.o</name>
      </input_file>
      <input_file id="fl-2b">
         <path>C:\ti\mspm0_sdk_2_01_00_03\source\ti\driverlib\lib\ticlang\m0p\mspm0g1x0x_g3x0x\</path>
         <kind>archive</kind>
         <file>driverlib.a</file>
         <name>dl_uart.o</name>
      </input_file>
      <input_file id="fl-2c">
         <path>C:\ti\mspm0_sdk_2_01_00_03\source\ti\driverlib\lib\ticlang\m0p\mspm0g1x0x_g3x0x\</path>
         <kind>archive</kind>
         <file>driverlib.a</file>
         <name>dl_sysctl_mspm0g1x0x_g3x0x.o</name>
      </input_file>
      <input_file id="fl-3b">
         <path>F:\ti\ccs1271\ccs\tools\compiler\ti-cgt-armllvm_3.2.2.LTS\lib\armv6m-ti-none-eabi\c\</path>
         <kind>archive</kind>
         <file>libc.a</file>
         <name>e_atan2f.c.obj</name>
      </input_file>
      <input_file id="fl-3c">
         <path>F:\ti\ccs1271\ccs\tools\compiler\ti-cgt-armllvm_3.2.2.LTS\lib\armv6m-ti-none-eabi\c\</path>
         <kind>archive</kind>
         <file>libc.a</file>
         <name>e_sqrtf.c.obj</name>
      </input_file>
      <input_file id="fl-3d">
         <path>F:\ti\ccs1271\ccs\tools\compiler\ti-cgt-armllvm_3.2.2.LTS\lib\armv6m-ti-none-eabi\c\</path>
         <kind>archive</kind>
         <file>libc.a</file>
         <name>s_atanf.c.obj</name>
      </input_file>
      <input_file id="fl-3e">
         <path>F:\ti\ccs1271\ccs\tools\compiler\ti-cgt-armllvm_3.2.2.LTS\lib\armv6m-ti-none-eabi\c\</path>
         <kind>archive</kind>
         <file>libc.a</file>
         <name>aeabi_portable.c.obj</name>
      </input_file>
      <input_file id="fl-3f">
         <path>F:\ti\ccs1271\ccs\tools\compiler\ti-cgt-armllvm_3.2.2.LTS\lib\armv6m-ti-none-eabi\c\</path>
         <kind>archive</kind>
         <file>libc.a</file>
         <name>assert.c.obj</name>
      </input_file>
      <input_file id="fl-40">
         <path>F:\ti\ccs1271\ccs\tools\compiler\ti-cgt-armllvm_3.2.2.LTS\lib\armv6m-ti-none-eabi\c\</path>
         <kind>archive</kind>
         <file>libc.a</file>
         <name>defs.c.obj</name>
      </input_file>
      <input_file id="fl-41">
         <path>F:\ti\ccs1271\ccs\tools\compiler\ti-cgt-armllvm_3.2.2.LTS\lib\armv6m-ti-none-eabi\c\</path>
         <kind>archive</kind>
         <file>libc.a</file>
         <name>memory.c.obj</name>
      </input_file>
      <input_file id="fl-42">
         <path>F:\ti\ccs1271\ccs\tools\compiler\ti-cgt-armllvm_3.2.2.LTS\lib\armv6m-ti-none-eabi\c\</path>
         <kind>archive</kind>
         <file>libc.a</file>
         <name>boot_cortex_m.c.obj</name>
      </input_file>
      <input_file id="fl-43">
         <path>F:\ti\ccs1271\ccs\tools\compiler\ti-cgt-armllvm_3.2.2.LTS\lib\armv6m-ti-none-eabi\c\</path>
         <kind>archive</kind>
         <file>libc.a</file>
         <name>mathacl_init.c.obj</name>
      </input_file>
      <input_file id="fl-44">
         <path>F:\ti\ccs1271\ccs\tools\compiler\ti-cgt-armllvm_3.2.2.LTS\lib\armv6m-ti-none-eabi\c\</path>
         <kind>archive</kind>
         <file>libc.a</file>
         <name>autoinit.c.obj</name>
      </input_file>
      <input_file id="fl-45">
         <path>F:\ti\ccs1271\ccs\tools\compiler\ti-cgt-armllvm_3.2.2.LTS\lib\armv6m-ti-none-eabi\c\</path>
         <kind>archive</kind>
         <file>libc.a</file>
         <name>pre_init.c.obj</name>
      </input_file>
      <input_file id="fl-46">
         <path>F:\ti\ccs1271\ccs\tools\compiler\ti-cgt-armllvm_3.2.2.LTS\lib\armv6m-ti-none-eabi\c\</path>
         <kind>archive</kind>
         <file>libc.a</file>
         <name>cpy_tbl.c.obj</name>
      </input_file>
      <input_file id="fl-47">
         <path>F:\ti\ccs1271\ccs\tools\compiler\ti-cgt-armllvm_3.2.2.LTS\lib\armv6m-ti-none-eabi\c\</path>
         <kind>archive</kind>
         <file>libc.a</file>
         <name>copy_zero_init.c.obj</name>
      </input_file>
      <input_file id="fl-48">
         <path>F:\ti\ccs1271\ccs\tools\compiler\ti-cgt-armllvm_3.2.2.LTS\lib\armv6m-ti-none-eabi\c\</path>
         <kind>archive</kind>
         <file>libc.a</file>
         <name>copy_decompress_none.c.obj</name>
      </input_file>
      <input_file id="fl-49">
         <path>F:\ti\ccs1271\ccs\tools\compiler\ti-cgt-armllvm_3.2.2.LTS\lib\armv6m-ti-none-eabi\c\</path>
         <kind>archive</kind>
         <file>libc.a</file>
         <name>copy_decompress_lzss.c.obj</name>
      </input_file>
      <input_file id="fl-4a">
         <path>F:\ti\ccs1271\ccs\tools\compiler\ti-cgt-armllvm_3.2.2.LTS\lib\armv6m-ti-none-eabi\c\</path>
         <kind>archive</kind>
         <file>libc.a</file>
         <name>sprintf.c.obj</name>
      </input_file>
      <input_file id="fl-4b">
         <path>F:\ti\ccs1271\ccs\tools\compiler\ti-cgt-armllvm_3.2.2.LTS\lib\armv6m-ti-none-eabi\c\</path>
         <kind>archive</kind>
         <file>libc.a</file>
         <name>fflush.c.obj</name>
      </input_file>
      <input_file id="fl-4c">
         <path>F:\ti\ccs1271\ccs\tools\compiler\ti-cgt-armllvm_3.2.2.LTS\lib\armv6m-ti-none-eabi\c\</path>
         <kind>archive</kind>
         <file>libc.a</file>
         <name>fputs.c.obj</name>
      </input_file>
      <input_file id="fl-4d">
         <path>F:\ti\ccs1271\ccs\tools\compiler\ti-cgt-armllvm_3.2.2.LTS\lib\armv6m-ti-none-eabi\c\</path>
         <kind>archive</kind>
         <file>libc.a</file>
         <name>_io_perm.c.obj</name>
      </input_file>
      <input_file id="fl-4e">
         <path>F:\ti\ccs1271\ccs\tools\compiler\ti-cgt-armllvm_3.2.2.LTS\lib\armv6m-ti-none-eabi\c\</path>
         <kind>archive</kind>
         <file>libc.a</file>
         <name>setvbuf.c.obj</name>
      </input_file>
      <input_file id="fl-4f">
         <path>F:\ti\ccs1271\ccs\tools\compiler\ti-cgt-armllvm_3.2.2.LTS\lib\armv6m-ti-none-eabi\c\</path>
         <kind>archive</kind>
         <file>libc.a</file>
         <name>exit.c.obj</name>
      </input_file>
      <input_file id="fl-50">
         <path>F:\ti\ccs1271\ccs\tools\compiler\ti-cgt-armllvm_3.2.2.LTS\lib\armv6m-ti-none-eabi\c\</path>
         <kind>archive</kind>
         <file>libc.a</file>
         <name>_lock.c.obj</name>
      </input_file>
      <input_file id="fl-51">
         <path>F:\ti\ccs1271\ccs\tools\compiler\ti-cgt-armllvm_3.2.2.LTS\lib\armv6m-ti-none-eabi\c\</path>
         <kind>archive</kind>
         <file>libc.a</file>
         <name>args_main.c.obj</name>
      </input_file>
      <input_file id="fl-52">
         <path>F:\ti\ccs1271\ccs\tools\compiler\ti-cgt-armllvm_3.2.2.LTS\lib\armv6m-ti-none-eabi\c\</path>
         <kind>archive</kind>
         <file>libc.a</file>
         <name>_printfi.c.obj</name>
      </input_file>
      <input_file id="fl-53">
         <path>F:\ti\ccs1271\ccs\tools\compiler\ti-cgt-armllvm_3.2.2.LTS\lib\armv6m-ti-none-eabi\c\</path>
         <kind>archive</kind>
         <file>libc.a</file>
         <name>fopen.c.obj</name>
      </input_file>
      <input_file id="fl-54">
         <path>F:\ti\ccs1271\ccs\tools\compiler\ti-cgt-armllvm_3.2.2.LTS\lib\armv6m-ti-none-eabi\c\</path>
         <kind>archive</kind>
         <file>libc.a</file>
         <name>fseek.c.obj</name>
      </input_file>
      <input_file id="fl-55">
         <path>F:\ti\ccs1271\ccs\tools\compiler\ti-cgt-armllvm_3.2.2.LTS\lib\armv6m-ti-none-eabi\c\</path>
         <kind>archive</kind>
         <file>libc.a</file>
         <name>s_frexp.c.obj</name>
      </input_file>
      <input_file id="fl-56">
         <path>F:\ti\ccs1271\ccs\tools\compiler\ti-cgt-armllvm_3.2.2.LTS\lib\armv6m-ti-none-eabi\c\</path>
         <kind>archive</kind>
         <file>libc.a</file>
         <name>s_scalbn.c.obj</name>
      </input_file>
      <input_file id="fl-57">
         <path>F:\ti\ccs1271\ccs\tools\compiler\ti-cgt-armllvm_3.2.2.LTS\lib\armv6m-ti-none-eabi\c\</path>
         <kind>archive</kind>
         <file>libc.a</file>
         <name>_ltoa.c.obj</name>
      </input_file>
      <input_file id="fl-58">
         <path>F:\ti\ccs1271\ccs\tools\compiler\ti-cgt-armllvm_3.2.2.LTS\lib\armv6m-ti-none-eabi\c\</path>
         <kind>archive</kind>
         <file>libc.a</file>
         <name>atoi.c.obj</name>
      </input_file>
      <input_file id="fl-59">
         <path>F:\ti\ccs1271\ccs\tools\compiler\ti-cgt-armllvm_3.2.2.LTS\lib\armv6m-ti-none-eabi\c\</path>
         <kind>archive</kind>
         <file>libc.a</file>
         <name>memccpy.c.obj</name>
      </input_file>
      <input_file id="fl-5a">
         <path>F:\ti\ccs1271\ccs\tools\compiler\ti-cgt-armllvm_3.2.2.LTS\lib\armv6m-ti-none-eabi\c\</path>
         <kind>archive</kind>
         <file>libc.a</file>
         <name>wcslen.c.obj</name>
      </input_file>
      <input_file id="fl-5b">
         <path>F:\ti\ccs1271\ccs\tools\compiler\ti-cgt-armllvm_3.2.2.LTS\lib\armv6m-ti-none-eabi\c\</path>
         <kind>archive</kind>
         <file>libc.a</file>
         <name>fclose.c.obj</name>
      </input_file>
      <input_file id="fl-5c">
         <path>F:\ti\ccs1271\ccs\tools\compiler\ti-cgt-armllvm_3.2.2.LTS\lib\armv6m-ti-none-eabi\c\</path>
         <kind>archive</kind>
         <file>libc.a</file>
         <name>aeabi_ctype.S.obj</name>
      </input_file>
      <input_file id="fl-c2">
         <path>F:\ti\ccs1271\ccs\tools\compiler\ti-cgt-armllvm_3.2.2.LTS\lib\armv6m-ti-none-eabi\c\</path>
         <kind>archive</kind>
         <file>libsysbm.a</file>
         <name>write.c.obj</name>
      </input_file>
      <input_file id="fl-c3">
         <path>F:\ti\ccs1271\ccs\tools\compiler\ti-cgt-armllvm_3.2.2.LTS\lib\armv6m-ti-none-eabi\c\</path>
         <kind>archive</kind>
         <file>libsysbm.a</file>
         <name>host_device.c.obj</name>
      </input_file>
      <input_file id="fl-c4">
         <path>F:\ti\ccs1271\ccs\tools\compiler\ti-cgt-armllvm_3.2.2.LTS\lib\armv6m-ti-none-eabi\c\</path>
         <kind>archive</kind>
         <file>libsysbm.a</file>
         <name>remove.c.obj</name>
      </input_file>
      <input_file id="fl-c5">
         <path>F:\ti\ccs1271\ccs\tools\compiler\ti-cgt-armllvm_3.2.2.LTS\lib\armv6m-ti-none-eabi\c\</path>
         <kind>archive</kind>
         <file>libsysbm.a</file>
         <name>open.c.obj</name>
      </input_file>
      <input_file id="fl-c6">
         <path>F:\ti\ccs1271\ccs\tools\compiler\ti-cgt-armllvm_3.2.2.LTS\lib\armv6m-ti-none-eabi\c\</path>
         <kind>archive</kind>
         <file>libsysbm.a</file>
         <name>lseek.c.obj</name>
      </input_file>
      <input_file id="fl-c7">
         <path>F:\ti\ccs1271\ccs\tools\compiler\ti-cgt-armllvm_3.2.2.LTS\lib\armv6m-ti-none-eabi\c\</path>
         <kind>archive</kind>
         <file>libsysbm.a</file>
         <name>close.c.obj</name>
      </input_file>
      <input_file id="fl-c8">
         <path>F:\ti\ccs1271\ccs\tools\compiler\ti-cgt-armllvm_3.2.2.LTS\lib\armv6m-ti-none-eabi\c\</path>
         <kind>archive</kind>
         <file>libsysbm.a</file>
         <name>unlink.c.obj</name>
      </input_file>
      <input_file id="fl-c9">
         <path>F:\ti\ccs1271\ccs\tools\compiler\ti-cgt-armllvm_3.2.2.LTS\lib\armv6m-ti-none-eabi\c\</path>
         <kind>archive</kind>
         <file>libsysbm.a</file>
         <name>hostclose.c.obj</name>
      </input_file>
      <input_file id="fl-ca">
         <path>F:\ti\ccs1271\ccs\tools\compiler\ti-cgt-armllvm_3.2.2.LTS\lib\armv6m-ti-none-eabi\c\</path>
         <kind>archive</kind>
         <file>libsysbm.a</file>
         <name>hostlseek.c.obj</name>
      </input_file>
      <input_file id="fl-cb">
         <path>F:\ti\ccs1271\ccs\tools\compiler\ti-cgt-armllvm_3.2.2.LTS\lib\armv6m-ti-none-eabi\c\</path>
         <kind>archive</kind>
         <file>libsysbm.a</file>
         <name>hostopen.c.obj</name>
      </input_file>
      <input_file id="fl-cc">
         <path>F:\ti\ccs1271\ccs\tools\compiler\ti-cgt-armllvm_3.2.2.LTS\lib\armv6m-ti-none-eabi\c\</path>
         <kind>archive</kind>
         <file>libsysbm.a</file>
         <name>hostread.c.obj</name>
      </input_file>
      <input_file id="fl-cd">
         <path>F:\ti\ccs1271\ccs\tools\compiler\ti-cgt-armllvm_3.2.2.LTS\lib\armv6m-ti-none-eabi\c\</path>
         <kind>archive</kind>
         <file>libsysbm.a</file>
         <name>hostrename.c.obj</name>
      </input_file>
      <input_file id="fl-ce">
         <path>F:\ti\ccs1271\ccs\tools\compiler\ti-cgt-armllvm_3.2.2.LTS\lib\armv6m-ti-none-eabi\c\</path>
         <kind>archive</kind>
         <file>libsysbm.a</file>
         <name>hostunlink.c.obj</name>
      </input_file>
      <input_file id="fl-cf">
         <path>F:\ti\ccs1271\ccs\tools\compiler\ti-cgt-armllvm_3.2.2.LTS\lib\armv6m-ti-none-eabi\c\</path>
         <kind>archive</kind>
         <file>libsysbm.a</file>
         <name>hostwrite.c.obj</name>
      </input_file>
      <input_file id="fl-d0">
         <path>F:\ti\ccs1271\ccs\tools\compiler\ti-cgt-armllvm_3.2.2.LTS\lib\armv6m-ti-none-eabi\c\</path>
         <kind>archive</kind>
         <file>libsysbm.a</file>
         <name>trgmsg.c.obj</name>
      </input_file>
      <input_file id="fl-d1">
         <path>F:\ti\ccs1271\ccs\tools\compiler\ti-cgt-armllvm_3.2.2.LTS\lib\clang\15.0.7\lib\armv6m-ti-none-eabi\</path>
         <kind>archive</kind>
         <file>libclang_rt.builtins.a</file>
         <name>addsf3.S.obj</name>
      </input_file>
      <input_file id="fl-d2">
         <path>F:\ti\ccs1271\ccs\tools\compiler\ti-cgt-armllvm_3.2.2.LTS\lib\clang\15.0.7\lib\armv6m-ti-none-eabi\</path>
         <kind>archive</kind>
         <file>libclang_rt.builtins.a</file>
         <name>adddf3.S.obj</name>
      </input_file>
      <input_file id="fl-d3">
         <path>F:\ti\ccs1271\ccs\tools\compiler\ti-cgt-armllvm_3.2.2.LTS\lib\clang\15.0.7\lib\armv6m-ti-none-eabi\</path>
         <kind>archive</kind>
         <file>libclang_rt.builtins.a</file>
         <name>muldf3.S.obj</name>
      </input_file>
      <input_file id="fl-d4">
         <path>F:\ti\ccs1271\ccs\tools\compiler\ti-cgt-armllvm_3.2.2.LTS\lib\clang\15.0.7\lib\armv6m-ti-none-eabi\</path>
         <kind>archive</kind>
         <file>libclang_rt.builtins.a</file>
         <name>muldsi3.S.obj</name>
      </input_file>
      <input_file id="fl-d5">
         <path>F:\ti\ccs1271\ccs\tools\compiler\ti-cgt-armllvm_3.2.2.LTS\lib\clang\15.0.7\lib\armv6m-ti-none-eabi\</path>
         <kind>archive</kind>
         <file>libclang_rt.builtins.a</file>
         <name>mulsf3.S.obj</name>
      </input_file>
      <input_file id="fl-d6">
         <path>F:\ti\ccs1271\ccs\tools\compiler\ti-cgt-armllvm_3.2.2.LTS\lib\clang\15.0.7\lib\armv6m-ti-none-eabi\</path>
         <kind>archive</kind>
         <file>libclang_rt.builtins.a</file>
         <name>divsf3.S.obj</name>
      </input_file>
      <input_file id="fl-d7">
         <path>F:\ti\ccs1271\ccs\tools\compiler\ti-cgt-armllvm_3.2.2.LTS\lib\clang\15.0.7\lib\armv6m-ti-none-eabi\</path>
         <kind>archive</kind>
         <file>libclang_rt.builtins.a</file>
         <name>divdf3.S.obj</name>
      </input_file>
      <input_file id="fl-d8">
         <path>F:\ti\ccs1271\ccs\tools\compiler\ti-cgt-armllvm_3.2.2.LTS\lib\clang\15.0.7\lib\armv6m-ti-none-eabi\</path>
         <kind>archive</kind>
         <file>libclang_rt.builtins.a</file>
         <name>extendsfdf2.S.obj</name>
      </input_file>
      <input_file id="fl-d9">
         <path>F:\ti\ccs1271\ccs\tools\compiler\ti-cgt-armllvm_3.2.2.LTS\lib\clang\15.0.7\lib\armv6m-ti-none-eabi\</path>
         <kind>archive</kind>
         <file>libclang_rt.builtins.a</file>
         <name>fixdfsi.S.obj</name>
      </input_file>
      <input_file id="fl-da">
         <path>F:\ti\ccs1271\ccs\tools\compiler\ti-cgt-armllvm_3.2.2.LTS\lib\clang\15.0.7\lib\armv6m-ti-none-eabi\</path>
         <kind>archive</kind>
         <file>libclang_rt.builtins.a</file>
         <name>fixsfsi.S.obj</name>
      </input_file>
      <input_file id="fl-db">
         <path>F:\ti\ccs1271\ccs\tools\compiler\ti-cgt-armllvm_3.2.2.LTS\lib\clang\15.0.7\lib\armv6m-ti-none-eabi\</path>
         <kind>archive</kind>
         <file>libclang_rt.builtins.a</file>
         <name>floatsidf.S.obj</name>
      </input_file>
      <input_file id="fl-dc">
         <path>F:\ti\ccs1271\ccs\tools\compiler\ti-cgt-armllvm_3.2.2.LTS\lib\clang\15.0.7\lib\armv6m-ti-none-eabi\</path>
         <kind>archive</kind>
         <file>libclang_rt.builtins.a</file>
         <name>floatsisf.S.obj</name>
      </input_file>
      <input_file id="fl-dd">
         <path>F:\ti\ccs1271\ccs\tools\compiler\ti-cgt-armllvm_3.2.2.LTS\lib\clang\15.0.7\lib\armv6m-ti-none-eabi\</path>
         <kind>archive</kind>
         <file>libclang_rt.builtins.a</file>
         <name>floatunsisf.S.obj</name>
      </input_file>
      <input_file id="fl-de">
         <path>F:\ti\ccs1271\ccs\tools\compiler\ti-cgt-armllvm_3.2.2.LTS\lib\clang\15.0.7\lib\armv6m-ti-none-eabi\</path>
         <kind>archive</kind>
         <file>libclang_rt.builtins.a</file>
         <name>muldi3.S.obj</name>
      </input_file>
      <input_file id="fl-df">
         <path>F:\ti\ccs1271\ccs\tools\compiler\ti-cgt-armllvm_3.2.2.LTS\lib\clang\15.0.7\lib\armv6m-ti-none-eabi\</path>
         <kind>archive</kind>
         <file>libclang_rt.builtins.a</file>
         <name>truncdfsf2.S.obj</name>
      </input_file>
      <input_file id="fl-e0">
         <path>F:\ti\ccs1271\ccs\tools\compiler\ti-cgt-armllvm_3.2.2.LTS\lib\clang\15.0.7\lib\armv6m-ti-none-eabi\</path>
         <kind>archive</kind>
         <file>libclang_rt.builtins.a</file>
         <name>aeabi_dcmp.S.obj</name>
      </input_file>
      <input_file id="fl-e1">
         <path>F:\ti\ccs1271\ccs\tools\compiler\ti-cgt-armllvm_3.2.2.LTS\lib\clang\15.0.7\lib\armv6m-ti-none-eabi\</path>
         <kind>archive</kind>
         <file>libclang_rt.builtins.a</file>
         <name>aeabi_fcmp.S.obj</name>
      </input_file>
      <input_file id="fl-e2">
         <path>F:\ti\ccs1271\ccs\tools\compiler\ti-cgt-armllvm_3.2.2.LTS\lib\clang\15.0.7\lib\armv6m-ti-none-eabi\</path>
         <kind>archive</kind>
         <file>libclang_rt.builtins.a</file>
         <name>aeabi_idivmod.S.obj</name>
      </input_file>
      <input_file id="fl-e3">
         <path>F:\ti\ccs1271\ccs\tools\compiler\ti-cgt-armllvm_3.2.2.LTS\lib\clang\15.0.7\lib\armv6m-ti-none-eabi\</path>
         <kind>archive</kind>
         <file>libclang_rt.builtins.a</file>
         <name>aeabi_memcpy.S.obj</name>
      </input_file>
      <input_file id="fl-e4">
         <path>F:\ti\ccs1271\ccs\tools\compiler\ti-cgt-armllvm_3.2.2.LTS\lib\clang\15.0.7\lib\armv6m-ti-none-eabi\</path>
         <kind>archive</kind>
         <file>libclang_rt.builtins.a</file>
         <name>aeabi_memset.S.obj</name>
      </input_file>
      <input_file id="fl-e5">
         <path>F:\ti\ccs1271\ccs\tools\compiler\ti-cgt-armllvm_3.2.2.LTS\lib\clang\15.0.7\lib\armv6m-ti-none-eabi\</path>
         <kind>archive</kind>
         <file>libclang_rt.builtins.a</file>
         <name>aeabi_uidivmod.S.obj</name>
      </input_file>
      <input_file id="fl-e6">
         <path>F:\ti\ccs1271\ccs\tools\compiler\ti-cgt-armllvm_3.2.2.LTS\lib\clang\15.0.7\lib\armv6m-ti-none-eabi\</path>
         <kind>archive</kind>
         <file>libclang_rt.builtins.a</file>
         <name>aeabi_uldivmod.S.obj</name>
      </input_file>
      <input_file id="fl-e7">
         <path>F:\ti\ccs1271\ccs\tools\compiler\ti-cgt-armllvm_3.2.2.LTS\lib\clang\15.0.7\lib\armv6m-ti-none-eabi\</path>
         <kind>archive</kind>
         <file>libclang_rt.builtins.a</file>
         <name>comparesf2.S.obj</name>
      </input_file>
      <input_file id="fl-e8">
         <path>F:\ti\ccs1271\ccs\tools\compiler\ti-cgt-armllvm_3.2.2.LTS\lib\clang\15.0.7\lib\armv6m-ti-none-eabi\</path>
         <kind>archive</kind>
         <file>libclang_rt.builtins.a</file>
         <name>udivmoddi4.S.obj</name>
      </input_file>
      <input_file id="fl-e9">
         <path>F:\ti\ccs1271\ccs\tools\compiler\ti-cgt-armllvm_3.2.2.LTS\lib\clang\15.0.7\lib\armv6m-ti-none-eabi\</path>
         <kind>archive</kind>
         <file>libclang_rt.builtins.a</file>
         <name>ashldi3.S.obj</name>
      </input_file>
      <input_file id="fl-ea">
         <path>F:\ti\ccs1271\ccs\tools\compiler\ti-cgt-armllvm_3.2.2.LTS\lib\clang\15.0.7\lib\armv6m-ti-none-eabi\</path>
         <kind>archive</kind>
         <file>libclang_rt.builtins.a</file>
         <name>comparedf2.c.obj</name>
      </input_file>
      <input_file id="fl-eb">
         <path>F:\ti\ccs1271\ccs\tools\compiler\ti-cgt-armllvm_3.2.2.LTS\lib\clang\15.0.7\lib\armv6m-ti-none-eabi\</path>
         <kind>archive</kind>
         <file>libclang_rt.builtins.a</file>
         <name>aeabi_div0.c.obj</name>
      </input_file>
      <input_file id="fl-ec">
         <path>F:\ti\ccs1271\ccs\tools\compiler\ti-cgt-armllvm_3.2.2.LTS\lib\armv6m-ti-none-eabi\c\</path>
         <kind>archive</kind>
         <file>libc.a</file>
         <name>getdevice.c.obj</name>
      </input_file>
      <input_file id="fl-ed">
         <path>F:\ti\ccs1271\ccs\tools\compiler\ti-cgt-armllvm_3.2.2.LTS\lib\armv6m-ti-none-eabi\c\</path>
         <kind>archive</kind>
         <file>libc.a</file>
         <name>memcpy16.S.obj</name>
      </input_file>
      <input_file id="fl-ee">
         <path>F:\ti\ccs1271\ccs\tools\compiler\ti-cgt-armllvm_3.2.2.LTS\lib\armv6m-ti-none-eabi\c\</path>
         <kind>archive</kind>
         <file>libc.a</file>
         <name>memset16.S.obj</name>
      </input_file>
   </input_file_list>
   <object_component_list>
      <object_component id="oc-18">
         <name>.intvecs</name>
         <load_address>0x0</load_address>
         <readonly>true</readonly>
         <run_address>0x0</run_address>
         <size>0xc0</size>
         <alignment>0x4</alignment>
         <input_file_ref idref="fl-3"/>
      </object_component>
      <object_component id="oc-c7">
         <name>.text._ZN7Chassis7HandlerEv</name>
         <load_address>0xc0</load_address>
         <readonly>true</readonly>
         <executable>true</executable>
         <run_address>0xc0</run_address>
         <size>0x450</size>
         <alignment>0x4</alignment>
         <input_file_ref idref="fl-6"/>
      </object_component>
      <object_component id="oc-103">
         <name>.text.arm_sin_cos_f32</name>
         <load_address>0x510</load_address>
         <readonly>true</readonly>
         <executable>true</executable>
         <run_address>0x510</run_address>
         <size>0x2f0</size>
         <alignment>0x4</alignment>
         <input_file_ref idref="fl-23"/>
      </object_component>
      <object_component id="oc-c8">
         <name>.text._ZN10Controller7HandlerEv</name>
         <load_address>0x800</load_address>
         <readonly>true</readonly>
         <executable>true</executable>
         <run_address>0x800</run_address>
         <size>0x2c4</size>
         <alignment>0x4</alignment>
         <input_file_ref idref="fl-7"/>
      </object_component>
      <object_component id="oc-71">
         <name>.text._ZN7Chassis7processEv</name>
         <load_address>0xac4</load_address>
         <readonly>true</readonly>
         <executable>true</executable>
         <run_address>0xac4</run_address>
         <size>0x298</size>
         <alignment>0x4</alignment>
         <input_file_ref idref="fl-6"/>
      </object_component>
      <object_component id="oc-166">
         <name>.text._ZN3IMU8get_dataEv</name>
         <load_address>0xd5c</load_address>
         <readonly>true</readonly>
         <executable>true</executable>
         <run_address>0xd5c</run_address>
         <size>0x1f8</size>
         <alignment>0x4</alignment>
         <input_file_ref idref="fl-9"/>
      </object_component>
      <object_component id="oc-15e">
         <name>.text._ZN6Remote12process_dataEv</name>
         <load_address>0xf54</load_address>
         <readonly>true</readonly>
         <executable>true</executable>
         <run_address>0xf54</run_address>
         <size>0x1cc</size>
         <alignment>0x4</alignment>
         <input_file_ref idref="fl-f"/>
      </object_component>
      <object_component id="oc-27f">
         <name>.text.atanf</name>
         <load_address>0x1120</load_address>
         <readonly>true</readonly>
         <executable>true</executable>
         <run_address>0x1120</run_address>
         <size>0x1c8</size>
         <alignment>0x4</alignment>
         <input_file_ref idref="fl-3d"/>
      </object_component>
      <object_component id="oc-15b">
         <name>.text._ZN9N20_Motor16output_intensityEv</name>
         <load_address>0x12e8</load_address>
         <readonly>true</readonly>
         <executable>true</executable>
         <run_address>0x12e8</run_address>
         <size>0x198</size>
         <alignment>0x4</alignment>
         <input_file_ref idref="fl-b"/>
      </object_component>
      <object_component id="oc-fb">
         <name>.text.adddf3_subdf3</name>
         <load_address>0x1480</load_address>
         <readonly>true</readonly>
         <executable>true</executable>
         <run_address>0x1480</run_address>
         <size>0x192</size>
         <alignment>0x4</alignment>
         <input_file_ref idref="fl-d2"/>
      </object_component>
      <object_component id="oc-1e2">
         <name>.text.__aeabi_idiv0</name>
         <load_address>0x1612</load_address>
         <readonly>true</readonly>
         <executable>true</executable>
         <run_address>0x1612</run_address>
         <size>0x2</size>
         <alignment>0x2</alignment>
         <input_file_ref idref="fl-eb"/>
      </object_component>
      <object_component id="oc-1a8">
         <name>.text.SYSCFG_DL_GPIO_init</name>
         <load_address>0x1614</load_address>
         <readonly>true</readonly>
         <executable>true</executable>
         <run_address>0x1614</run_address>
         <size>0x15c</size>
         <alignment>0x4</alignment>
         <input_file_ref idref="fl-2"/>
      </object_component>
      <object_component id="oc-1fc">
         <name>.text.atan2f</name>
         <load_address>0x1770</load_address>
         <readonly>true</readonly>
         <executable>true</executable>
         <run_address>0x1770</run_address>
         <size>0x130</size>
         <alignment>0x4</alignment>
         <input_file_ref idref="fl-3b"/>
      </object_component>
      <object_component id="oc-15a">
         <name>.text._ZN9N20_Motor17measure_parameterEv</name>
         <load_address>0x18a0</load_address>
         <readonly>true</readonly>
         <executable>true</executable>
         <run_address>0x18a0</run_address>
         <size>0x120</size>
         <alignment>0x4</alignment>
         <input_file_ref idref="fl-b"/>
      </object_component>
      <object_component id="oc-66">
         <name>.text.task_handler</name>
         <load_address>0x19c0</load_address>
         <readonly>true</readonly>
         <executable>true</executable>
         <run_address>0x19c0</run_address>
         <size>0x118</size>
         <alignment>0x4</alignment>
         <input_file_ref idref="fl-14"/>
      </object_component>
      <object_component id="oc-1c2">
         <name>.text._ZN3IMU4initEv</name>
         <load_address>0x1ad8</load_address>
         <readonly>true</readonly>
         <executable>true</executable>
         <run_address>0x1ad8</run_address>
         <size>0x114</size>
         <alignment>0x4</alignment>
         <input_file_ref idref="fl-9"/>
      </object_component>
      <object_component id="oc-233">
         <name>.text.DL_Timer_initPWMMode</name>
         <load_address>0x1bec</load_address>
         <readonly>true</readonly>
         <executable>true</executable>
         <run_address>0x1bec</run_address>
         <size>0x110</size>
         <alignment>0x4</alignment>
         <input_file_ref idref="fl-2a"/>
      </object_component>
      <object_component id="oc-177">
         <name>.text.__divdf3</name>
         <load_address>0x1cfc</load_address>
         <readonly>true</readonly>
         <executable>true</executable>
         <run_address>0x1cfc</run_address>
         <size>0x10c</size>
         <alignment>0x4</alignment>
         <input_file_ref idref="fl-d7"/>
      </object_component>
      <object_component id="oc-1be">
         <name>.text._ZN7LS7366R4initEhh</name>
         <load_address>0x1e08</load_address>
         <readonly>true</readonly>
         <executable>true</executable>
         <run_address>0x1e08</run_address>
         <size>0xf4</size>
         <alignment>0x2</alignment>
         <input_file_ref idref="fl-a"/>
      </object_component>
      <object_component id="oc-226">
         <name>.text.DL_SYSCTL_configSYSPLL</name>
         <load_address>0x1efc</load_address>
         <readonly>true</readonly>
         <executable>true</executable>
         <run_address>0x1efc</run_address>
         <size>0xec</size>
         <alignment>0x4</alignment>
         <input_file_ref idref="fl-2c"/>
      </object_component>
      <object_component id="oc-22b">
         <name>.text.DL_TimerA_initPWMMode</name>
         <load_address>0x1fe8</load_address>
         <readonly>true</readonly>
         <executable>true</executable>
         <run_address>0x1fe8</run_address>
         <size>0xec</size>
         <alignment>0x4</alignment>
         <input_file_ref idref="fl-2a"/>
      </object_component>
      <object_component id="oc-267">
         <name>.text.imu660ra_init</name>
         <load_address>0x20d4</load_address>
         <readonly>true</readonly>
         <executable>true</executable>
         <run_address>0x20d4</run_address>
         <size>0xe8</size>
         <alignment>0x4</alignment>
         <input_file_ref idref="fl-11"/>
      </object_component>
      <object_component id="oc-1a7">
         <name>.text.SYSCFG_DL_initPower</name>
         <load_address>0x21bc</load_address>
         <readonly>true</readonly>
         <executable>true</executable>
         <run_address>0x21bc</run_address>
         <size>0xe4</size>
         <alignment>0x4</alignment>
         <input_file_ref idref="fl-2"/>
      </object_component>
      <object_component id="oc-f7">
         <name>.text.__muldf3</name>
         <load_address>0x22a0</load_address>
         <readonly>true</readonly>
         <executable>true</executable>
         <run_address>0x22a0</run_address>
         <size>0xe4</size>
         <alignment>0x4</alignment>
         <input_file_ref idref="fl-d3"/>
      </object_component>
      <object_component id="oc-eb">
         <name>.text</name>
         <load_address>0x2384</load_address>
         <readonly>true</readonly>
         <executable>true</executable>
         <run_address>0x2384</run_address>
         <size>0xd8</size>
         <alignment>0x4</alignment>
         <input_file_ref idref="fl-d1"/>
      </object_component>
      <object_component id="oc-123">
         <name>.text.loop</name>
         <load_address>0x245c</load_address>
         <readonly>true</readonly>
         <executable>true</executable>
         <run_address>0x245c</run_address>
         <size>0xc4</size>
         <alignment>0x4</alignment>
         <input_file_ref idref="fl-14"/>
      </object_component>
      <object_component id="oc-1c4">
         <name>.text._Z10test_powerv</name>
         <load_address>0x2520</load_address>
         <readonly>true</readonly>
         <executable>true</executable>
         <run_address>0x2520</run_address>
         <size>0xc0</size>
         <alignment>0x4</alignment>
         <input_file_ref idref="fl-14"/>
      </object_component>
      <object_component id="oc-7f">
         <name>.text._ZN3CCD7SI_sendEv</name>
         <load_address>0x25e0</load_address>
         <readonly>true</readonly>
         <executable>true</executable>
         <run_address>0x25e0</run_address>
         <size>0xc0</size>
         <alignment>0x4</alignment>
         <input_file_ref idref="fl-5"/>
      </object_component>
      <object_component id="oc-122">
         <name>.text.setup</name>
         <load_address>0x26a0</load_address>
         <readonly>true</readonly>
         <executable>true</executable>
         <run_address>0x26a0</run_address>
         <size>0xbc</size>
         <alignment>0x4</alignment>
         <input_file_ref idref="fl-14"/>
      </object_component>
      <object_component id="oc-40">
         <name>.text.UART0_IRQHandler</name>
         <load_address>0x275c</load_address>
         <readonly>true</readonly>
         <executable>true</executable>
         <run_address>0x275c</run_address>
         <size>0xb0</size>
         <alignment>0x4</alignment>
         <input_file_ref idref="fl-14"/>
      </object_component>
      <object_component id="oc-ac">
         <name>.text._ZN7LS7366R7HandlerEv</name>
         <load_address>0x280c</load_address>
         <readonly>true</readonly>
         <executable>true</executable>
         <run_address>0x280c</run_address>
         <size>0xae</size>
         <alignment>0x2</alignment>
         <input_file_ref idref="fl-a"/>
      </object_component>
      <object_component id="oc-184">
         <name>.text.sqrtf</name>
         <load_address>0x28bc</load_address>
         <readonly>true</readonly>
         <executable>true</executable>
         <run_address>0x28bc</run_address>
         <size>0xa8</size>
         <alignment>0x4</alignment>
         <input_file_ref idref="fl-3c"/>
      </object_component>
      <object_component id="oc-cd">
         <name>.text._ZN14PID_Controller7HandlerEv</name>
         <load_address>0x2964</load_address>
         <readonly>true</readonly>
         <executable>true</executable>
         <run_address>0x2964</run_address>
         <size>0xa2</size>
         <alignment>0x2</alignment>
         <input_file_ref idref="fl-d"/>
      </object_component>
      <object_component id="oc-1b2">
         <name>.text.SYSCFG_DL_ADC_CCD_init</name>
         <load_address>0x2a08</load_address>
         <readonly>true</readonly>
         <executable>true</executable>
         <run_address>0x2a08</run_address>
         <size>0x9c</size>
         <alignment>0x4</alignment>
         <input_file_ref idref="fl-2"/>
      </object_component>
      <object_component id="oc-e3">
         <name>.text.__mulsf3</name>
         <load_address>0x2aa4</load_address>
         <readonly>true</readonly>
         <executable>true</executable>
         <run_address>0x2aa4</run_address>
         <size>0x8c</size>
         <alignment>0x4</alignment>
         <input_file_ref idref="fl-d5"/>
      </object_component>
      <object_component id="oc-1aa">
         <name>.text.SYSCFG_DL_PWM_MOTOR0_init</name>
         <load_address>0x2b30</load_address>
         <readonly>true</readonly>
         <executable>true</executable>
         <run_address>0x2b30</run_address>
         <size>0x88</size>
         <alignment>0x4</alignment>
         <input_file_ref idref="fl-2"/>
      </object_component>
      <object_component id="oc-1ab">
         <name>.text.SYSCFG_DL_TIM_CCD_init</name>
         <load_address>0x2bb8</load_address>
         <readonly>true</readonly>
         <executable>true</executable>
         <run_address>0x2bb8</run_address>
         <size>0x88</size>
         <alignment>0x4</alignment>
         <input_file_ref idref="fl-2"/>
      </object_component>
      <object_component id="oc-1ac">
         <name>.text.SYSCFG_DL_PWM_MOTOR1_init</name>
         <load_address>0x2c40</load_address>
         <readonly>true</readonly>
         <executable>true</executable>
         <run_address>0x2c40</run_address>
         <size>0x84</size>
         <alignment>0x4</alignment>
         <input_file_ref idref="fl-2"/>
      </object_component>
      <object_component id="oc-237">
         <name>.text.__NVIC_SetPriority</name>
         <load_address>0x2cc4</load_address>
         <readonly>true</readonly>
         <executable>true</executable>
         <run_address>0x2cc4</run_address>
         <size>0x84</size>
         <alignment>0x4</alignment>
         <input_file_ref idref="fl-2"/>
      </object_component>
      <object_component id="oc-ef">
         <name>.text.__divsf3</name>
         <load_address>0x2d48</load_address>
         <readonly>true</readonly>
         <executable>true</executable>
         <run_address>0x2d48</run_address>
         <size>0x82</size>
         <alignment>0x4</alignment>
         <input_file_ref idref="fl-d6"/>
      </object_component>
      <object_component id="oc-155">
         <name>.text.spi_read_8bit_registers</name>
         <load_address>0x2dca</load_address>
         <readonly>true</readonly>
         <executable>true</executable>
         <run_address>0x2dca</run_address>
         <size>0x82</size>
         <alignment>0x2</alignment>
         <input_file_ref idref="fl-10"/>
      </object_component>
      <object_component id="oc-1c">
         <name>.text:decompress:lzss</name>
         <load_address>0x2e4c</load_address>
         <readonly>true</readonly>
         <executable>true</executable>
         <run_address>0x2e4c</run_address>
         <size>0x78</size>
         <alignment>0x4</alignment>
         <input_file_ref idref="fl-49"/>
      </object_component>
      <object_component id="oc-291">
         <name>.text.DL_SYSCTL_getClockStatus</name>
         <load_address>0x2ec4</load_address>
         <readonly>true</readonly>
         <executable>true</executable>
         <run_address>0x2ec4</run_address>
         <size>0xc</size>
         <alignment>0x4</alignment>
         <input_file_ref idref="fl-2c"/>
      </object_component>
      <object_component id="oc-ff">
         <name>.text.__truncdfsf2</name>
         <load_address>0x2ed0</load_address>
         <readonly>true</readonly>
         <executable>true</executable>
         <run_address>0x2ed0</run_address>
         <size>0x74</size>
         <alignment>0x10</alignment>
         <input_file_ref idref="fl-df"/>
      </object_component>
      <object_component id="oc-c6">
         <name>.text._Z14signal_Handlerv</name>
         <load_address>0x2f44</load_address>
         <readonly>true</readonly>
         <executable>true</executable>
         <run_address>0x2f44</run_address>
         <size>0x70</size>
         <alignment>0x4</alignment>
         <input_file_ref idref="fl-14"/>
      </object_component>
      <object_component id="oc-27c">
         <name>.text._ZL23imu660ra_read_registershPhj</name>
         <load_address>0x2fb4</load_address>
         <readonly>true</readonly>
         <executable>true</executable>
         <run_address>0x2fb4</run_address>
         <size>0x70</size>
         <alignment>0x4</alignment>
         <input_file_ref idref="fl-11"/>
      </object_component>
      <object_component id="oc-1b3">
         <name>.text.SYSCFG_DL_ADC_VIN_init</name>
         <load_address>0x3024</load_address>
         <readonly>true</readonly>
         <executable>true</executable>
         <run_address>0x3024</run_address>
         <size>0x68</size>
         <alignment>0x4</alignment>
         <input_file_ref idref="fl-2"/>
      </object_component>
      <object_component id="oc-11d">
         <name>.text.SYSCFG_DL_init</name>
         <load_address>0x308c</load_address>
         <readonly>true</readonly>
         <executable>true</executable>
         <run_address>0x308c</run_address>
         <size>0x68</size>
         <alignment>0x4</alignment>
         <input_file_ref idref="fl-2"/>
      </object_component>
      <object_component id="oc-225">
         <name>.text.DL_SYSCTL_setHFCLKSourceHFXTParams</name>
         <load_address>0x30f4</load_address>
         <readonly>true</readonly>
         <executable>true</executable>
         <run_address>0x30f4</run_address>
         <size>0x64</size>
         <alignment>0x4</alignment>
         <input_file_ref idref="fl-2c"/>
      </object_component>
      <object_component id="oc-e7">
         <name>.text.__aeabi_fcmp</name>
         <load_address>0x3158</load_address>
         <readonly>true</readonly>
         <executable>true</executable>
         <run_address>0x3158</run_address>
         <size>0x62</size>
         <alignment>0x4</alignment>
         <input_file_ref idref="fl-e1"/>
      </object_component>
      <object_component id="oc-1ad">
         <name>.text.SYSCFG_DL_PWM_BUZZER_init</name>
         <load_address>0x31bc</load_address>
         <readonly>true</readonly>
         <executable>true</executable>
         <run_address>0x31bc</run_address>
         <size>0x60</size>
         <alignment>0x4</alignment>
         <input_file_ref idref="fl-2"/>
      </object_component>
      <object_component id="oc-14f">
         <name>.text.SPI_transmitData</name>
         <load_address>0x321c</load_address>
         <readonly>true</readonly>
         <executable>true</executable>
         <run_address>0x321c</run_address>
         <size>0x5a</size>
         <alignment>0x2</alignment>
         <input_file_ref idref="fl-10"/>
      </object_component>
      <object_component id="oc-14b">
         <name>.text._ZN7ChassisC2EP9N20_MotorS1_P3IMUP3CCDf</name>
         <load_address>0x3278</load_address>
         <readonly>true</readonly>
         <executable>true</executable>
         <run_address>0x3278</run_address>
         <size>0x58</size>
         <alignment>0x4</alignment>
         <input_file_ref idref="fl-6"/>
      </object_component>
      <object_component id="oc-2b2">
         <name>.text.DL_DMA_configTransfer</name>
         <load_address>0x32d0</load_address>
         <readonly>true</readonly>
         <executable>true</executable>
         <run_address>0x32d0</run_address>
         <size>0x54</size>
         <alignment>0x2</alignment>
         <input_file_ref idref="fl-27"/>
      </object_component>
      <object_component id="oc-1af">
         <name>.text.SYSCFG_DL_UART_0_init</name>
         <load_address>0x3324</load_address>
         <readonly>true</readonly>
         <executable>true</executable>
         <run_address>0x3324</run_address>
         <size>0x54</size>
         <alignment>0x4</alignment>
         <input_file_ref idref="fl-2"/>
      </object_component>
      <object_component id="oc-133">
         <name>.text:__TI_auto_init_nobinit</name>
         <load_address>0x3378</load_address>
         <readonly>true</readonly>
         <executable>true</executable>
         <run_address>0x3378</run_address>
         <size>0x54</size>
         <alignment>0x4</alignment>
         <input_file_ref idref="fl-44"/>
      </object_component>
      <object_component id="oc-3f">
         <name>.text.ADC1_IRQHandler</name>
         <load_address>0x33cc</load_address>
         <readonly>true</readonly>
         <executable>true</executable>
         <run_address>0x33cc</run_address>
         <size>0x50</size>
         <alignment>0x4</alignment>
         <input_file_ref idref="fl-14"/>
      </object_component>
      <object_component id="oc-263">
         <name>.text.SysTick_Config</name>
         <load_address>0x341c</load_address>
         <readonly>true</readonly>
         <executable>true</executable>
         <run_address>0x341c</run_address>
         <size>0x50</size>
         <alignment>0x4</alignment>
         <input_file_ref idref="fl-2"/>
      </object_component>
      <object_component id="oc-35">
         <name>.text.SysTick_Handler</name>
         <load_address>0x346c</load_address>
         <readonly>true</readonly>
         <executable>true</executable>
         <run_address>0x346c</run_address>
         <size>0x50</size>
         <alignment>0x4</alignment>
         <input_file_ref idref="fl-13"/>
      </object_component>
      <object_component id="oc-2a6">
         <name>.text._ZL19imu660ra_self_checkv</name>
         <load_address>0x34bc</load_address>
         <readonly>true</readonly>
         <executable>true</executable>
         <run_address>0x34bc</run_address>
         <size>0x4e</size>
         <alignment>0x2</alignment>
         <input_file_ref idref="fl-11"/>
      </object_component>
      <object_component id="oc-254">
         <name>.text.DL_ADC12_initSingleSample</name>
         <load_address>0x350c</load_address>
         <readonly>true</readonly>
         <executable>true</executable>
         <run_address>0x350c</run_address>
         <size>0x4c</size>
         <alignment>0x4</alignment>
         <input_file_ref idref="fl-2"/>
      </object_component>
      <object_component id="oc-253">
         <name>.text.DL_ADC12_setClockConfig</name>
         <load_address>0x3558</load_address>
         <readonly>true</readonly>
         <executable>true</executable>
         <run_address>0x3558</run_address>
         <size>0x4c</size>
         <alignment>0x4</alignment>
         <input_file_ref idref="fl-25"/>
      </object_component>
      <object_component id="oc-228">
         <name>.text.DL_SYSCTL_switchMCLKfromSYSOSCtoHSCLK</name>
         <load_address>0x35a4</load_address>
         <readonly>true</readonly>
         <executable>true</executable>
         <run_address>0x35a4</run_address>
         <size>0x4c</size>
         <alignment>0x4</alignment>
         <input_file_ref idref="fl-2c"/>
      </object_component>
      <object_component id="oc-243">
         <name>.text.DL_UART_init</name>
         <load_address>0x35f0</load_address>
         <readonly>true</readonly>
         <executable>true</executable>
         <run_address>0x35f0</run_address>
         <size>0x4c</size>
         <alignment>0x4</alignment>
         <input_file_ref idref="fl-2b"/>
      </object_component>
      <object_component id="oc-245">
         <name>.text.DL_UART_setBaudRateDivisor</name>
         <load_address>0x363c</load_address>
         <readonly>true</readonly>
         <executable>true</executable>
         <run_address>0x363c</run_address>
         <size>0x4c</size>
         <alignment>0x4</alignment>
         <input_file_ref idref="fl-2"/>
      </object_component>
      <object_component id="oc-255">
         <name>.text.DL_ADC12_configConversionMem</name>
         <load_address>0x3688</load_address>
         <readonly>true</readonly>
         <executable>true</executable>
         <run_address>0x3688</run_address>
         <size>0x4a</size>
         <alignment>0x2</alignment>
         <input_file_ref idref="fl-2"/>
      </object_component>
      <object_component id="oc-1c3">
         <name>.text._Z13UART_TransmitP9UART_RegsPht</name>
         <load_address>0x36d2</load_address>
         <readonly>true</readonly>
         <executable>true</executable>
         <run_address>0x36d2</run_address>
         <size>0x4a</size>
         <alignment>0x2</alignment>
         <input_file_ref idref="fl-14"/>
      </object_component>
      <object_component id="oc-141">
         <name>.text._ZN9N20_MotorC2EP12GPTIMER_Regs17DL_TIMER_CC_INDEXS2_P7Encoderfff</name>
         <load_address>0x371c</load_address>
         <readonly>true</readonly>
         <executable>true</executable>
         <run_address>0x371c</run_address>
         <size>0x4a</size>
         <alignment>0x2</alignment>
         <input_file_ref idref="fl-b"/>
      </object_component>
      <object_component id="oc-173">
         <name>.text.__fixdfsi</name>
         <load_address>0x3768</load_address>
         <readonly>true</readonly>
         <executable>true</executable>
         <run_address>0x3768</run_address>
         <size>0x4a</size>
         <alignment>0x4</alignment>
         <input_file_ref idref="fl-d9"/>
      </object_component>
      <object_component id="oc-24b">
         <name>.text.DL_SPI_init</name>
         <load_address>0x37b4</load_address>
         <readonly>true</readonly>
         <executable>true</executable>
         <run_address>0x37b4</run_address>
         <size>0x48</size>
         <alignment>0x4</alignment>
         <input_file_ref idref="fl-29"/>
      </object_component>
      <object_component id="oc-1a9">
         <name>.text.SYSCFG_DL_SYSCTL_init</name>
         <load_address>0x37fc</load_address>
         <readonly>true</readonly>
         <executable>true</executable>
         <run_address>0x37fc</run_address>
         <size>0x48</size>
         <alignment>0x4</alignment>
         <input_file_ref idref="fl-2"/>
      </object_component>
      <object_component id="oc-14c">
         <name>.text._ZN10ControllerC2EP7Chassis</name>
         <load_address>0x3844</load_address>
         <readonly>true</readonly>
         <executable>true</executable>
         <run_address>0x3844</run_address>
         <size>0x48</size>
         <alignment>0x4</alignment>
         <input_file_ref idref="fl-7"/>
      </object_component>
      <object_component id="oc-c0">
         <name>.text._ZN3CCD7HandlerEv</name>
         <load_address>0x388c</load_address>
         <readonly>true</readonly>
         <executable>true</executable>
         <run_address>0x388c</run_address>
         <size>0x48</size>
         <alignment>0x4</alignment>
         <input_file_ref idref="fl-5"/>
      </object_component>
      <object_component id="oc-264">
         <name>.text._ZN7LS7366R5resetEv</name>
         <load_address>0x38d4</load_address>
         <readonly>true</readonly>
         <executable>true</executable>
         <run_address>0x38d4</run_address>
         <size>0x48</size>
         <alignment>0x2</alignment>
         <input_file_ref idref="fl-a"/>
      </object_component>
      <object_component id="oc-1e8">
         <name>.text.imu660ra_get_acc</name>
         <load_address>0x391c</load_address>
         <readonly>true</readonly>
         <executable>true</executable>
         <run_address>0x391c</run_address>
         <size>0x48</size>
         <alignment>0x4</alignment>
         <input_file_ref idref="fl-11"/>
      </object_component>
      <object_component id="oc-1ed">
         <name>.text.imu660ra_get_gyro</name>
         <load_address>0x3964</load_address>
         <readonly>true</readonly>
         <executable>true</executable>
         <run_address>0x3964</run_address>
         <size>0x48</size>
         <alignment>0x4</alignment>
         <input_file_ref idref="fl-11"/>
      </object_component>
      <object_component id="oc-2a3">
         <name>.text.DL_DMA_initChannel</name>
         <load_address>0x39ac</load_address>
         <readonly>true</readonly>
         <executable>true</executable>
         <run_address>0x39ac</run_address>
         <size>0x46</size>
         <alignment>0x2</alignment>
         <input_file_ref idref="fl-27"/>
      </object_component>
      <object_component id="oc-2a5">
         <name>.text._ZL22imu660ra_read_registerh</name>
         <load_address>0x39f4</load_address>
         <readonly>true</readonly>
         <executable>true</executable>
         <run_address>0x39f4</run_address>
         <size>0x44</size>
         <alignment>0x4</alignment>
         <input_file_ref idref="fl-11"/>
      </object_component>
      <object_component id="oc-22c">
         <name>.text.DL_Timer_setCaptureCompareOutCtl</name>
         <load_address>0x3a38</load_address>
         <readonly>true</readonly>
         <executable>true</executable>
         <run_address>0x3a38</run_address>
         <size>0x40</size>
         <alignment>0x4</alignment>
         <input_file_ref idref="fl-2a"/>
      </object_component>
      <object_component id="oc-1b1">
         <name>.text.SYSCFG_DL_SPI_ENCODER_init</name>
         <load_address>0x3a78</load_address>
         <readonly>true</readonly>
         <executable>true</executable>
         <run_address>0x3a78</run_address>
         <size>0x40</size>
         <alignment>0x4</alignment>
         <input_file_ref idref="fl-2"/>
      </object_component>
      <object_component id="oc-1b0">
         <name>.text.SYSCFG_DL_SPI_IMU_init</name>
         <load_address>0x3ab8</load_address>
         <readonly>true</readonly>
         <executable>true</executable>
         <run_address>0x3ab8</run_address>
         <size>0x40</size>
         <alignment>0x4</alignment>
         <input_file_ref idref="fl-2"/>
      </object_component>
      <object_component id="oc-2a7">
         <name>.text._ZL23imu660ra_write_registerhh</name>
         <load_address>0x3af8</load_address>
         <readonly>true</readonly>
         <executable>true</executable>
         <run_address>0x3af8</run_address>
         <size>0x40</size>
         <alignment>0x4</alignment>
         <input_file_ref idref="fl-11"/>
      </object_component>
      <object_component id="oc-2a8">
         <name>.text._ZL24imu660ra_write_registershPKhj</name>
         <load_address>0x3b38</load_address>
         <readonly>true</readonly>
         <executable>true</executable>
         <run_address>0x3b38</run_address>
         <size>0x40</size>
         <alignment>0x4</alignment>
         <input_file_ref idref="fl-11"/>
      </object_component>
      <object_component id="oc-161">
         <name>.text.__aeabi_uidivmod</name>
         <load_address>0x3b78</load_address>
         <readonly>true</readonly>
         <executable>true</executable>
         <run_address>0x3b78</run_address>
         <size>0x40</size>
         <alignment>0x4</alignment>
         <input_file_ref idref="fl-e5"/>
      </object_component>
      <object_component id="oc-f3">
         <name>.text.__extendsfdf2</name>
         <load_address>0x3bb8</load_address>
         <readonly>true</readonly>
         <executable>true</executable>
         <run_address>0x3bb8</run_address>
         <size>0x40</size>
         <alignment>0x4</alignment>
         <input_file_ref idref="fl-d8"/>
      </object_component>
      <object_component id="oc-21b">
         <name>.text.DL_GPIO_initPeripheralInputFunctionFeatures</name>
         <load_address>0x3bf8</load_address>
         <readonly>true</readonly>
         <executable>true</executable>
         <run_address>0x3bf8</run_address>
         <size>0x3c</size>
         <alignment>0x4</alignment>
         <input_file_ref idref="fl-2"/>
      </object_component>
      <object_component id="oc-299">
         <name>.text.DL_Timer_setCaptureCompareCtl</name>
         <load_address>0x3c34</load_address>
         <readonly>true</readonly>
         <executable>true</executable>
         <run_address>0x3c34</run_address>
         <size>0x3c</size>
         <alignment>0x4</alignment>
         <input_file_ref idref="fl-2a"/>
      </object_component>
      <object_component id="oc-14d">
         <name>.text._ZN14PID_ControllerC2EP7Chassis</name>
         <load_address>0x3c70</load_address>
         <readonly>true</readonly>
         <executable>true</executable>
         <run_address>0x3c70</run_address>
         <size>0x3c</size>
         <alignment>0x4</alignment>
         <input_file_ref idref="fl-d"/>
      </object_component>
      <object_component id="oc-17f">
         <name>.text.__floatsisf</name>
         <load_address>0x3cac</load_address>
         <readonly>true</readonly>
         <executable>true</executable>
         <run_address>0x3cac</run_address>
         <size>0x3c</size>
         <alignment>0x4</alignment>
         <input_file_ref idref="fl-dc"/>
      </object_component>
      <object_component id="oc-197">
         <name>.text.__gtsf2</name>
         <load_address>0x3ce8</load_address>
         <readonly>true</readonly>
         <executable>true</executable>
         <run_address>0x3ce8</run_address>
         <size>0x3c</size>
         <alignment>0x4</alignment>
         <input_file_ref idref="fl-e7"/>
      </object_component>
      <object_component id="oc-192">
         <name>.text.__eqsf2</name>
         <load_address>0x3d24</load_address>
         <readonly>true</readonly>
         <executable>true</executable>
         <run_address>0x3d24</run_address>
         <size>0x3a</size>
         <alignment>0x4</alignment>
         <input_file_ref idref="fl-e7"/>
      </object_component>
      <object_component id="oc-18d">
         <name>.text.__muldsi3</name>
         <load_address>0x3d60</load_address>
         <readonly>true</readonly>
         <executable>true</executable>
         <run_address>0x3d60</run_address>
         <size>0x3a</size>
         <alignment>0x4</alignment>
         <input_file_ref idref="fl-d4"/>
      </object_component>
      <object_component id="oc-2b3">
         <name>.text.DL_DMA_setTrigger</name>
         <load_address>0x3d9c</load_address>
         <readonly>true</readonly>
         <executable>true</executable>
         <run_address>0x3d9c</run_address>
         <size>0x38</size>
         <alignment>0x4</alignment>
         <input_file_ref idref="fl-27"/>
      </object_component>
      <object_component id="oc-235">
         <name>.text.DL_Timer_setPublisherChanID</name>
         <load_address>0x3dd4</load_address>
         <readonly>true</readonly>
         <executable>true</executable>
         <run_address>0x3dd4</run_address>
         <size>0x38</size>
         <alignment>0x4</alignment>
         <input_file_ref idref="fl-2"/>
      </object_component>
      <object_component id="oc-a3">
         <name>.text.__cxx_global_var_init.3</name>
         <load_address>0x3e0c</load_address>
         <readonly>true</readonly>
         <executable>true</executable>
         <run_address>0x3e0c</run_address>
         <size>0x38</size>
         <alignment>0x4</alignment>
         <input_file_ref idref="fl-14"/>
      </object_component>
      <object_component id="oc-a4">
         <name>.text.__cxx_global_var_init.4</name>
         <load_address>0x3e44</load_address>
         <readonly>true</readonly>
         <executable>true</executable>
         <run_address>0x3e44</run_address>
         <size>0x38</size>
         <alignment>0x4</alignment>
         <input_file_ref idref="fl-14"/>
      </object_component>
      <object_component id="oc-17b">
         <name>.text.__fixsfsi</name>
         <load_address>0x3e7c</load_address>
         <readonly>true</readonly>
         <executable>true</executable>
         <run_address>0x3e7c</run_address>
         <size>0x38</size>
         <alignment>0x4</alignment>
         <input_file_ref idref="fl-da"/>
      </object_component>
      <object_component id="oc-23e">
         <name>.text.DL_I2C_setClockConfig</name>
         <load_address>0x3eb4</load_address>
         <readonly>true</readonly>
         <executable>true</executable>
         <run_address>0x3eb4</run_address>
         <size>0x34</size>
         <alignment>0x4</alignment>
         <input_file_ref idref="fl-28"/>
      </object_component>
      <object_component id="oc-22d">
         <name>.text.DL_Timer_setCaptCompUpdateMethod</name>
         <load_address>0x3ee8</load_address>
         <readonly>true</readonly>
         <executable>true</executable>
         <run_address>0x3ee8</run_address>
         <size>0x34</size>
         <alignment>0x4</alignment>
         <input_file_ref idref="fl-2a"/>
      </object_component>
      <object_component id="oc-298">
         <name>.text.DL_Timer_setCaptureCompareAction</name>
         <load_address>0x3f1c</load_address>
         <readonly>true</readonly>
         <executable>true</executable>
         <run_address>0x3f1c</run_address>
         <size>0x34</size>
         <alignment>0x4</alignment>
         <input_file_ref idref="fl-2a"/>
      </object_component>
      <object_component id="oc-29a">
         <name>.text.DL_Timer_setCaptureCompareInput</name>
         <load_address>0x3f50</load_address>
         <readonly>true</readonly>
         <executable>true</executable>
         <run_address>0x3f50</run_address>
         <size>0x34</size>
         <alignment>0x2</alignment>
         <input_file_ref idref="fl-2a"/>
      </object_component>
      <object_component id="oc-22a">
         <name>.text.DL_Timer_setClockConfig</name>
         <load_address>0x3f84</load_address>
         <readonly>true</readonly>
         <executable>true</executable>
         <run_address>0x3f84</run_address>
         <size>0x34</size>
         <alignment>0x4</alignment>
         <input_file_ref idref="fl-2a"/>
      </object_component>
      <object_component id="oc-64">
         <name>.text._GLOBAL__sub_I_task.cpp</name>
         <load_address>0x3fb8</load_address>
         <readonly>true</readonly>
         <executable>true</executable>
         <run_address>0x3fb8</run_address>
         <size>0x34</size>
         <alignment>0x2</alignment>
         <input_file_ref idref="fl-14"/>
      </object_component>
      <object_component id="oc-109">
         <name>.text._ZL17__NVIC_DisableIRQ4IRQn</name>
         <load_address>0x3fec</load_address>
         <readonly>true</readonly>
         <executable>true</executable>
         <run_address>0x3fec</run_address>
         <size>0x34</size>
         <alignment>0x4</alignment>
         <input_file_ref idref="fl-5"/>
      </object_component>
      <object_component id="oc-a9">
         <name>.text.__cxx_global_var_init.9</name>
         <load_address>0x4020</load_address>
         <readonly>true</readonly>
         <executable>true</executable>
         <run_address>0x4020</run_address>
         <size>0x34</size>
         <alignment>0x4</alignment>
         <input_file_ref idref="fl-14"/>
      </object_component>
      <object_component id="oc-2b4">
         <name>.text.spi_write_8bit_register</name>
         <load_address>0x4054</load_address>
         <readonly>true</readonly>
         <executable>true</executable>
         <run_address>0x4054</run_address>
         <size>0x32</size>
         <alignment>0x2</alignment>
         <input_file_ref idref="fl-10"/>
      </object_component>
      <object_component id="oc-24d">
         <name>.text.DL_SPI_setFIFOThreshold</name>
         <load_address>0x4088</load_address>
         <readonly>true</readonly>
         <executable>true</executable>
         <run_address>0x4088</run_address>
         <size>0x30</size>
         <alignment>0x4</alignment>
         <input_file_ref idref="fl-2"/>
      </object_component>
      <object_component id="oc-26c">
         <name>.text._ZL21DL_ADC12_getMemResultP10ADC12_Regs16DL_ADC12_MEM_IDX</name>
         <load_address>0x40b8</load_address>
         <readonly>true</readonly>
         <executable>true</executable>
         <run_address>0x40b8</run_address>
         <size>0x30</size>
         <alignment>0x4</alignment>
         <input_file_ref idref="fl-14"/>
      </object_component>
      <object_component id="oc-10e">
         <name>.text._ZL22DL_DMA_setTransferSizeP8DMA_Regsht</name>
         <load_address>0x40e8</load_address>
         <readonly>true</readonly>
         <executable>true</executable>
         <run_address>0x40e8</run_address>
         <size>0x30</size>
         <alignment>0x4</alignment>
         <input_file_ref idref="fl-5"/>
      </object_component>
      <object_component id="oc-2b5">
         <name>.text.spi_write_8bit_registers</name>
         <load_address>0x4118</load_address>
         <readonly>true</readonly>
         <executable>true</executable>
         <run_address>0x4118</run_address>
         <size>0x30</size>
         <alignment>0x2</alignment>
         <input_file_ref idref="fl-10"/>
      </object_component>
      <object_component id="oc-3a">
         <name>.text.ADC0_IRQHandler</name>
         <load_address>0x4148</load_address>
         <readonly>true</readonly>
         <executable>true</executable>
         <run_address>0x4148</run_address>
         <size>0x2c</size>
         <alignment>0x4</alignment>
         <input_file_ref idref="fl-14"/>
      </object_component>
      <object_component id="oc-259">
         <name>.text.DL_ADC12_setDMASamplesCnt</name>
         <load_address>0x4174</load_address>
         <readonly>true</readonly>
         <executable>true</executable>
         <run_address>0x4174</run_address>
         <size>0x2c</size>
         <alignment>0x4</alignment>
         <input_file_ref idref="fl-2"/>
      </object_component>
      <object_component id="oc-22e">
         <name>.text.DL_Timer_setCaptureCompareValue</name>
         <load_address>0x41a0</load_address>
         <readonly>true</readonly>
         <executable>true</executable>
         <run_address>0x41a0</run_address>
         <size>0x2c</size>
         <alignment>0x4</alignment>
         <input_file_ref idref="fl-2a"/>
      </object_component>
      <object_component id="oc-1ae">
         <name>.text.SYSCFG_DL_I2C_0_init</name>
         <load_address>0x41cc</load_address>
         <readonly>true</readonly>
         <executable>true</executable>
         <run_address>0x41cc</run_address>
         <size>0x2c</size>
         <alignment>0x4</alignment>
         <input_file_ref idref="fl-2"/>
      </object_component>
      <object_component id="oc-165">
         <name>.text._ZL16__NVIC_EnableIRQ4IRQn</name>
         <load_address>0x41f8</load_address>
         <readonly>true</readonly>
         <executable>true</executable>
         <run_address>0x41f8</run_address>
         <size>0x2c</size>
         <alignment>0x4</alignment>
         <input_file_ref idref="fl-5"/>
      </object_component>
      <object_component id="oc-1bc">
         <name>.text._ZL16__NVIC_EnableIRQ4IRQn</name>
         <load_address>0x4224</load_address>
         <readonly>true</readonly>
         <executable>true</executable>
         <run_address>0x4224</run_address>
         <size>0x2c</size>
         <alignment>0x4</alignment>
         <input_file_ref idref="fl-14"/>
      </object_component>
      <object_component id="oc-1bd">
         <name>.text._ZL22__NVIC_ClearPendingIRQ4IRQn</name>
         <load_address>0x4250</load_address>
         <readonly>true</readonly>
         <executable>true</executable>
         <run_address>0x4250</run_address>
         <size>0x2c</size>
         <alignment>0x4</alignment>
         <input_file_ref idref="fl-14"/>
      </object_component>
      <object_component id="oc-16f">
         <name>.text.__floatsidf</name>
         <load_address>0x427c</load_address>
         <readonly>true</readonly>
         <executable>true</executable>
         <run_address>0x427c</run_address>
         <size>0x2c</size>
         <alignment>0x4</alignment>
         <input_file_ref idref="fl-db"/>
      </object_component>
      <object_component id="oc-2a2">
         <name>.text.DL_Common_updateReg</name>
         <load_address>0x42a8</load_address>
         <readonly>true</readonly>
         <executable>true</executable>
         <run_address>0x42a8</run_address>
         <size>0x28</size>
         <alignment>0x2</alignment>
         <input_file_ref idref="fl-25"/>
      </object_component>
      <object_component id="oc-2b6">
         <name>.text.DL_Common_updateReg</name>
         <load_address>0x42d0</load_address>
         <readonly>true</readonly>
         <executable>true</executable>
         <run_address>0x42d0</run_address>
         <size>0x28</size>
         <alignment>0x2</alignment>
         <input_file_ref idref="fl-27"/>
      </object_component>
      <object_component id="oc-29e">
         <name>.text.DL_Common_updateReg</name>
         <load_address>0x42f8</load_address>
         <readonly>true</readonly>
         <executable>true</executable>
         <run_address>0x42f8</run_address>
         <size>0x28</size>
         <alignment>0x2</alignment>
         <input_file_ref idref="fl-28"/>
      </object_component>
      <object_component id="oc-2a1">
         <name>.text.DL_Common_updateReg</name>
         <load_address>0x4320</load_address>
         <readonly>true</readonly>
         <executable>true</executable>
         <run_address>0x4320</run_address>
         <size>0x28</size>
         <alignment>0x2</alignment>
         <input_file_ref idref="fl-29"/>
      </object_component>
      <object_component id="oc-294">
         <name>.text.DL_Common_updateReg</name>
         <load_address>0x4348</load_address>
         <readonly>true</readonly>
         <executable>true</executable>
         <run_address>0x4348</run_address>
         <size>0x28</size>
         <alignment>0x2</alignment>
         <input_file_ref idref="fl-2c"/>
      </object_component>
      <object_component id="oc-29b">
         <name>.text.DL_Common_updateReg</name>
         <load_address>0x4370</load_address>
         <readonly>true</readonly>
         <executable>true</executable>
         <run_address>0x4370</run_address>
         <size>0x28</size>
         <alignment>0x2</alignment>
         <input_file_ref idref="fl-2a"/>
      </object_component>
      <object_component id="oc-2a0">
         <name>.text.DL_Common_updateReg</name>
         <load_address>0x4398</load_address>
         <readonly>true</readonly>
         <executable>true</executable>
         <run_address>0x4398</run_address>
         <size>0x28</size>
         <alignment>0x2</alignment>
         <input_file_ref idref="fl-2b"/>
      </object_component>
      <object_component id="oc-28c">
         <name>.text.DL_Common_updateReg</name>
         <load_address>0x43c0</load_address>
         <readonly>true</readonly>
         <executable>true</executable>
         <run_address>0x43c0</run_address>
         <size>0x28</size>
         <alignment>0x2</alignment>
         <input_file_ref idref="fl-2"/>
      </object_component>
      <object_component id="oc-234">
         <name>.text.DL_Timer_enableEvent</name>
         <load_address>0x43e8</load_address>
         <readonly>true</readonly>
         <executable>true</executable>
         <run_address>0x43e8</run_address>
         <size>0x28</size>
         <alignment>0x4</alignment>
         <input_file_ref idref="fl-2"/>
      </object_component>
      <object_component id="oc-10c">
         <name>.text._ZL17DL_DMA_setSrcAddrP8DMA_Regshj</name>
         <load_address>0x4410</load_address>
         <readonly>true</readonly>
         <executable>true</executable>
         <run_address>0x4410</run_address>
         <size>0x28</size>
         <alignment>0x4</alignment>
         <input_file_ref idref="fl-5"/>
      </object_component>
      <object_component id="oc-10d">
         <name>.text._ZL18DL_DMA_setDestAddrP8DMA_Regshj</name>
         <load_address>0x4438</load_address>
         <readonly>true</readonly>
         <executable>true</executable>
         <run_address>0x4438</run_address>
         <size>0x28</size>
         <alignment>0x4</alignment>
         <input_file_ref idref="fl-5"/>
      </object_component>
      <object_component id="oc-13f">
         <name>.text._ZN7LS7366RC2EP8SPI_RegsP9GPIO_Regsjj</name>
         <load_address>0x4460</load_address>
         <readonly>true</readonly>
         <executable>true</executable>
         <run_address>0x4460</run_address>
         <size>0x28</size>
         <alignment>0x2</alignment>
         <input_file_ref idref="fl-a"/>
      </object_component>
      <object_component id="oc-a0">
         <name>.text.__cxx_global_var_init</name>
         <load_address>0x4488</load_address>
         <readonly>true</readonly>
         <executable>true</executable>
         <run_address>0x4488</run_address>
         <size>0x28</size>
         <alignment>0x4</alignment>
         <input_file_ref idref="fl-14"/>
      </object_component>
      <object_component id="oc-df">
         <name>.text.__floatunsisf</name>
         <load_address>0x44b0</load_address>
         <readonly>true</readonly>
         <executable>true</executable>
         <run_address>0x44b0</run_address>
         <size>0x28</size>
         <alignment>0x4</alignment>
         <input_file_ref idref="fl-dd"/>
      </object_component>
      <object_component id="oc-1bf">
         <name>.text.delay_ms</name>
         <load_address>0x44d8</load_address>
         <readonly>true</readonly>
         <executable>true</executable>
         <run_address>0x44d8</run_address>
         <size>0x28</size>
         <alignment>0x4</alignment>
         <input_file_ref idref="fl-13"/>
      </object_component>
      <object_component id="oc-5d">
         <name>.text:_c_int00_noargs</name>
         <load_address>0x4500</load_address>
         <readonly>true</readonly>
         <executable>true</executable>
         <run_address>0x4500</run_address>
         <size>0x28</size>
         <alignment>0x4</alignment>
         <input_file_ref idref="fl-42"/>
      </object_component>
      <object_component id="oc-23f">
         <name>.text.DL_I2C_setAnalogGlitchFilterPulseWidth</name>
         <load_address>0x4528</load_address>
         <readonly>true</readonly>
         <executable>true</executable>
         <run_address>0x4528</run_address>
         <size>0x26</size>
         <alignment>0x2</alignment>
         <input_file_ref idref="fl-2"/>
      </object_component>
      <object_component id="oc-10f">
         <name>.text._ZL20DL_DMA_enableChannelP8DMA_Regsh</name>
         <load_address>0x454e</load_address>
         <readonly>true</readonly>
         <executable>true</executable>
         <run_address>0x454e</run_address>
         <size>0x26</size>
         <alignment>0x2</alignment>
         <input_file_ref idref="fl-5"/>
      </object_component>
      <object_component id="oc-6f">
         <name>.text._ZL21DL_DMA_disableChannelP8DMA_Regsh</name>
         <load_address>0x4574</load_address>
         <readonly>true</readonly>
         <executable>true</executable>
[...]
         <value>0x46bb</value>
         <object_component_ref idref="oc-144"/>
      </symbol>
      <symbol id="sm-3a7">
         <name>imu</name>
         <value>0x20200818</value>
         <object_component_ref idref="oc-d3"/>
      </symbol>
      <symbol id="sm-3a8">
         <name>buzzer</name>
         <value>0x20200980</value>
         <object_component_ref idref="oc-14a"/>
      </symbol>
      <symbol id="sm-3a9">
         <name>chassis</name>
         <value>0x20200000</value>
         <object_component_ref idref="oc-77"/>
      </symbol>
      <symbol id="sm-3aa">
         <name>controller</name>
         <value>0x202007c8</value>
         <object_component_ref idref="oc-d9"/>
      </symbol>
      <symbol id="sm-3ab">
         <name>pid_controller</name>
         <value>0x20200894</value>
         <object_component_ref idref="oc-da"/>
      </symbol>
      <symbol id="sm-3ac">
         <name>setup</name>
         <value>0x26a1</value>
         <object_component_ref idref="oc-122"/>
      </symbol>
      <symbol id="sm-3ad">
         <name>init_flag</name>
         <value>0x202009b8</value>
         <object_component_ref idref="oc-d2"/>
      </symbol>
      <symbol id="sm-3ae">
         <name>loop</name>
         <value>0x245d</value>
         <object_component_ref idref="oc-123"/>
      </symbol>
      <symbol id="sm-3af">
         <name>_Z13UART_TransmitP9UART_RegsPht</name>
         <value>0x36d3</value>
         <object_component_ref idref="oc-1c3"/>
      </symbol>
      <symbol id="sm-3b0">
         <name>_Z10test_powerv</name>
         <value>0x2521</value>
         <object_component_ref idref="oc-1c4"/>
      </symbol>
      <symbol id="sm-3b1">
         <name>start_flag</name>
         <value>0x202009b2</value>
         <object_component_ref idref="oc-1c5"/>
      </symbol>
      <symbol id="sm-3b2">
         <name>end_flag</name>
         <value>0x202009a2</value>
         <object_component_ref idref="oc-1c6"/>
      </symbol>
      <symbol id="sm-3b3">
         <name>temp_rx</name>
         <value>0x20200748</value>
         <object_component_ref idref="oc-1c7"/>
      </symbol>
      <symbol id="sm-3b4">
         <name>gCheckADC</name>
         <value>0x202009b7</value>
         <object_component_ref idref="oc-6b"/>
      </symbol>
      <symbol id="sm-3b5">
         <name>power_vin</name>
         <value>0x202009b0</value>
         <object_component_ref idref="oc-26d"/>
      </symbol>
      <symbol id="sm-3b6">
         <name>vin</name>
         <value>0x2020099c</value>
         <object_component_ref idref="oc-26e"/>
      </symbol>
      <symbol id="sm-3b7">
         <name>task_handler</name>
         <value>0x19c1</value>
         <object_component_ref idref="oc-66"/>
      </symbol>
      <symbol id="sm-3b8">
         <name>_Z14signal_Handlerv</name>
         <value>0x2f45</value>
         <object_component_ref idref="oc-c6"/>
      </symbol>
      <symbol id="sm-3b9">
         <name>signal_en_flag</name>
         <value>0x202009b9</value>
         <object_component_ref idref="oc-16d"/>
      </symbol>
      <symbol id="sm-3ba">
         <name>UART0_IRQHandler</name>
         <value>0x275d</value>
         <object_component_ref idref="oc-40"/>
      </symbol>
      <symbol id="sm-3bb">
         <name>uart1_cnt</name>
         <value>0x20200990</value>
         <object_component_ref idref="oc-7a"/>
      </symbol>
      <symbol id="sm-3bc">
         <name>uart1_rx_len</name>
         <value>0x202009b4</value>
         <object_component_ref idref="oc-7b"/>
      </symbol>
      <symbol id="sm-3bd">
         <name>uart1_rx_buf</name>
         <value>0x20200b34</value>
         <object_component_ref idref="oc-7c"/>
      </symbol>
      <symbol id="sm-3be">
         <name>uart1_state</name>
         <value>0x20200994</value>
         <object_component_ref idref="oc-7d"/>
      </symbol>
      <symbol id="sm-3bf">
         <name>TIMG12_IRQHandler</name>
         <value>0x4935</value>
         <object_component_ref idref="oc-41"/>
      </symbol>
      <symbol id="sm-3c0">
         <name>CCD_cnt</name>
         <value>0x20200968</value>
         <object_component_ref idref="oc-84"/>
      </symbol>
      <symbol id="sm-3c1">
         <name>ADC1_IRQHandler</name>
         <value>0x33cd</value>
         <object_component_ref idref="oc-3f"/>
      </symbol>
      <symbol id="sm-3c2">
         <name>ADC_cnt</name>
         <value>0x20200964</value>
         <object_component_ref idref="oc-78"/>
      </symbol>
      <symbol id="sm-3c3">
         <name>ADC0_IRQHandler</name>
         <value>0x4149</value>
         <object_component_ref idref="oc-3a"/>
      </symbol>
      <symbol id="sm-3c4">
         <name>ADC_VIN_cnt</name>
         <value>0x20200960</value>
         <object_component_ref idref="oc-6c"/>
      </symbol>
      <symbol id="sm-3c5">
         <name>__TI_ATRegion0_src_addr</name>
         <value>0x0</value>
      </symbol>
      <symbol id="sm-3c6">
         <name>__TI_ATRegion0_trg_addr</name>
         <value>0x0</value>
      </symbol>
      <symbol id="sm-3c7">
         <name>__TI_ATRegion0_region_sz</name>
         <value>0x0</value>
      </symbol>
      <symbol id="sm-3c8">
         <name>__TI_ATRegion1_src_addr</name>
         <value>0x0</value>
      </symbol>
      <symbol id="sm-3c9">
         <name>__TI_ATRegion1_trg_addr</name>
         <value>0x0</value>
      </symbol>
      <symbol id="sm-3ca">
         <name>__TI_ATRegion1_region_sz</name>
         <value>0x0</value>
      </symbol>
      <symbol id="sm-3cb">
         <name>__TI_ATRegion2_src_addr</name>
         <value>0x0</value>
      </symbol>
      <symbol id="sm-3cc">
         <name>__TI_ATRegion2_trg_addr</name>
         <value>0x0</value>
      </symbol>
      <symbol id="sm-3cd">
         <name>__TI_ATRegion2_region_sz</name>
         <value>0x0</value>
      </symbol>
      <symbol id="sm-3d1">
         <name>arm_sin_cos_f32</name>
         <value>0x511</value>
         <object_component_ref idref="oc-103"/>
      </symbol>
      <symbol id="sm-3d3">
         <name>sinTable_f32</name>
         <value>0x7100</value>
         <object_component_ref idref="oc-19f"/>
      </symbol>
      <symbol id="sm-3d9">
         <name>DL_ADC12_setClockConfig</name>
         <value>0x3559</value>
         <object_component_ref idref="oc-253"/>
      </symbol>
      <symbol id="sm-3dc">
         <name>DL_Common_delayCycles</name>
         <value>0x4e0f</value>
         <object_component_ref idref="oc-217"/>
      </symbol>
      <symbol id="sm-3e6">
         <name>DL_DMA_initChannel</name>
         <value>0x39ad</value>
         <object_component_ref idref="oc-2a3"/>
      </symbol>
      <symbol id="sm-3ec">
         <name>DL_I2C_setClockConfig</name>
         <value>0x3eb5</value>
         <object_component_ref idref="oc-23e"/>
      </symbol>
      <symbol id="sm-3f4">
         <name>DL_SPI_init</name>
         <value>0x37b5</value>
         <object_component_ref idref="oc-24b"/>
      </symbol>
      <symbol id="sm-3f5">
         <name>DL_SPI_setClockConfig</name>
         <value>0x45e5</value>
         <object_component_ref idref="oc-24a"/>
      </symbol>
      <symbol id="sm-410">
         <name>DL_Timer_setClockConfig</name>
         <value>0x3f85</value>
         <object_component_ref idref="oc-22a"/>
      </symbol>
      <symbol id="sm-411">
         <name>DL_Timer_setCaptureCompareValue</name>
         <value>0x41a1</value>
         <object_component_ref idref="oc-22e"/>
      </symbol>
      <symbol id="sm-412">
         <name>DL_Timer_setCaptureCompareCtl</name>
         <value>0x3c35</value>
         <object_component_ref idref="oc-299"/>
      </symbol>
      <symbol id="sm-413">
         <name>DL_Timer_setCaptureCompareInput</name>
         <value>0x3f51</value>
         <object_component_ref idref="oc-29a"/>
      </symbol>
      <symbol id="sm-414">
         <name>DL_Timer_initPWMMode</name>
         <value>0x1bed</value>
         <object_component_ref idref="oc-233"/>
      </symbol>
      <symbol id="sm-415">
         <name>DL_Timer_setCaptureCompareAction</name>
         <value>0x3f1d</value>
         <object_component_ref idref="oc-298"/>
      </symbol>
      <symbol id="sm-416">
         <name>DL_Timer_setCaptureCompareOutCtl</name>
         <value>0x3a39</value>
         <object_component_ref idref="oc-22c"/>
      </symbol>
      <symbol id="sm-417">
         <name>DL_Timer_setCaptCompUpdateMethod</name>
         <value>0x3ee9</value>
         <object_component_ref idref="oc-22d"/>
      </symbol>
      <symbol id="sm-418">
         <name>DL_TimerA_initPWMMode</name>
         <value>0x1fe9</value>
         <object_component_ref idref="oc-22b"/>
      </symbol>
      <symbol id="sm-422">
         <name>DL_UART_init</name>
         <value>0x35f1</value>
         <object_component_ref idref="oc-243"/>
      </symbol>
      <symbol id="sm-423">
         <name>DL_UART_setClockConfig</name>
         <value>0x4609</value>
         <object_component_ref idref="oc-242"/>
      </symbol>
      <symbol id="sm-44b">
         <name>DL_SYSCTL_configSYSPLL</name>
         <value>0x1efd</value>
         <object_component_ref idref="oc-226"/>
      </symbol>
      <symbol id="sm-44c">
         <name>DL_SYSCTL_switchMCLKfromSYSOSCtoHSCLK</name>
         <value>0x35a5</value>
         <object_component_ref idref="oc-228"/>
      </symbol>
      <symbol id="sm-44d">
         <name>DL_SYSCTL_setHFCLKSourceHFXTParams</name>
         <value>0x30f5</value>
         <object_component_ref idref="oc-225"/>
      </symbol>
      <symbol id="sm-45b">
         <name>atan2f</name>
         <value>0x1771</value>
         <object_component_ref idref="oc-1fc"/>
      </symbol>
      <symbol id="sm-465">
         <name>sqrtf</name>
         <value>0x28bd</value>
         <object_component_ref idref="oc-184"/>
      </symbol>
      <symbol id="sm-479">
         <name>atanf</name>
         <value>0x1121</value>
         <object_component_ref idref="oc-27f"/>
      </symbol>
      <symbol id="sm-484">
         <name>__aeabi_errno_addr</name>
         <value>0x5099</value>
         <object_component_ref idref="oc-200"/>
      </symbol>
      <symbol id="sm-485">
         <name>__aeabi_errno</name>
         <value>0x2020097c</value>
         <object_component_ref idref="oc-288"/>
      </symbol>
      <symbol id="sm-493">
         <name>_c_int00_noargs</name>
         <value>0x4501</value>
         <object_component_ref idref="oc-5d"/>
      </symbol>
      <symbol id="sm-494">
         <name>__stack</name>
         <value>0x20207e00</value>
         <object_component_ref idref="oc-1a"/>
      </symbol>
      <symbol id="sm-4a3">
         <name>__TI_auto_init_nobinit</name>
         <value>0x3379</value>
         <object_component_ref idref="oc-133"/>
      </symbol>
      <symbol id="sm-4ab">
         <name>_system_pre_init</name>
         <value>0x50ed</value>
         <object_component_ref idref="oc-8e"/>
      </symbol>
      <symbol id="sm-4b6">
         <name>__TI_zero_init_nomemset</name>
         <value>0x4df9</value>
         <object_component_ref idref="oc-54"/>
      </symbol>
      <symbol id="sm-4bf">
         <name>__TI_decompress_none</name>
         <value>0x500f</value>
         <object_component_ref idref="oc-20"/>
      </symbol>
      <symbol id="sm-4ca">
         <name>__TI_decompress_lzss</name>
         <value>0x2e4d</value>
         <object_component_ref idref="oc-1c"/>
      </symbol>
      <symbol id="sm-4d9">
         <name>abort</name>
         <value>0x50f1</value>
         <object_component_ref idref="oc-126"/>
      </symbol>
      <symbol id="sm-4da">
         <name>C$$EXIT</name>
         <value>0x50f0</value>
         <object_component_ref idref="oc-126"/>
      </symbol>
      <symbol id="sm-4fb">
         <name>__aeabi_fadd</name>
         <value>0x238f</value>
         <object_component_ref idref="oc-eb"/>
      </symbol>
      <symbol id="sm-4fc">
         <name>__addsf3</name>
         <value>0x238f</value>
         <object_component_ref idref="oc-eb"/>
      </symbol>
      <symbol id="sm-4fd">
         <name>__aeabi_fsub</name>
         <value>0x2385</value>
         <object_component_ref idref="oc-eb"/>
      </symbol>
      <symbol id="sm-4fe">
         <name>__subsf3</name>
         <value>0x2385</value>
         <object_component_ref idref="oc-eb"/>
      </symbol>
      <symbol id="sm-507">
         <name>__aeabi_dadd</name>
         <value>0x148b</value>
         <object_component_ref idref="oc-fb"/>
      </symbol>
      <symbol id="sm-508">
         <name>__adddf3</name>
         <value>0x148b</value>
         <object_component_ref idref="oc-fb"/>
      </symbol>
      <symbol id="sm-509">
         <name>__aeabi_dsub</name>
         <value>0x1481</value>
         <object_component_ref idref="oc-fb"/>
      </symbol>
      <symbol id="sm-50a">
         <name>__subdf3</name>
         <value>0x1481</value>
         <object_component_ref idref="oc-fb"/>
      </symbol>
      <symbol id="sm-510">
         <name>__aeabi_dmul</name>
         <value>0x22a1</value>
         <object_component_ref idref="oc-f7"/>
      </symbol>
      <symbol id="sm-511">
         <name>__muldf3</name>
         <value>0x22a1</value>
         <object_component_ref idref="oc-f7"/>
      </symbol>
      <symbol id="sm-517">
         <name>__muldsi3</name>
         <value>0x3d61</value>
         <object_component_ref idref="oc-18d"/>
      </symbol>
      <symbol id="sm-51d">
         <name>__aeabi_fmul</name>
         <value>0x2aa5</value>
         <object_component_ref idref="oc-e3"/>
      </symbol>
      <symbol id="sm-51e">
         <name>__mulsf3</name>
         <value>0x2aa5</value>
         <object_component_ref idref="oc-e3"/>
      </symbol>
      <symbol id="sm-524">
         <name>__aeabi_fdiv</name>
         <value>0x2d49</value>
         <object_component_ref idref="oc-ef"/>
      </symbol>
      <symbol id="sm-525">
         <name>__divsf3</name>
         <value>0x2d49</value>
         <object_component_ref idref="oc-ef"/>
      </symbol>
      <symbol id="sm-52e">
         <name>__aeabi_ddiv</name>
         <value>0x1cfd</value>
         <object_component_ref idref="oc-177"/>
      </symbol>
      <symbol id="sm-52f">
         <name>__divdf3</name>
         <value>0x1cfd</value>
         <object_component_ref idref="oc-177"/>
      </symbol>
      <symbol id="sm-535">
         <name>__aeabi_f2d</name>
         <value>0x3bb9</value>
         <object_component_ref idref="oc-f3"/>
      </symbol>
      <symbol id="sm-536">
         <name>__extendsfdf2</name>
         <value>0x3bb9</value>
         <object_component_ref idref="oc-f3"/>
      </symbol>
      <symbol id="sm-53c">
         <name>__aeabi_d2iz</name>
         <value>0x3769</value>
         <object_component_ref idref="oc-173"/>
      </symbol>
      <symbol id="sm-53d">
         <name>__fixdfsi</name>
         <value>0x3769</value>
         <object_component_ref idref="oc-173"/>
      </symbol>
      <symbol id="sm-543">
         <name>__aeabi_f2iz</name>
         <value>0x3e7d</value>
         <object_component_ref idref="oc-17b"/>
      </symbol>
      <symbol id="sm-544">
         <name>__fixsfsi</name>
         <value>0x3e7d</value>
         <object_component_ref idref="oc-17b"/>
      </symbol>
      <symbol id="sm-54a">
         <name>__aeabi_i2d</name>
         <value>0x427d</value>
         <object_component_ref idref="oc-16f"/>
      </symbol>
      <symbol id="sm-54b">
         <name>__floatsidf</name>
         <value>0x427d</value>
         <object_component_ref idref="oc-16f"/>
      </symbol>
      <symbol id="sm-551">
         <name>__aeabi_i2f</name>
         <value>0x3cad</value>
         <object_component_ref idref="oc-17f"/>
      </symbol>
      <symbol id="sm-552">
         <name>__floatsisf</name>
         <value>0x3cad</value>
         <object_component_ref idref="oc-17f"/>
      </symbol>
      <symbol id="sm-558">
         <name>__aeabi_ui2f</name>
         <value>0x44b1</value>
         <object_component_ref idref="oc-df"/>
      </symbol>
      <symbol id="sm-559">
         <name>__floatunsisf</name>
         <value>0x44b1</value>
         <object_component_ref idref="oc-df"/>
      </symbol>
      <symbol id="sm-560">
         <name>__aeabi_d2f</name>
         <value>0x2ed1</value>
         <object_component_ref idref="oc-ff"/>
      </symbol>
      <symbol id="sm-561">
         <name>__truncdfsf2</name>
         <value>0x2ed1</value>
         <object_component_ref idref="oc-ff"/>
      </symbol>
      <symbol id="sm-567">
         <name>__aeabi_fcmpeq</name>
         <value>0x3159</value>
         <object_component_ref idref="oc-e7"/>
      </symbol>
      <symbol id="sm-568">
         <name>__aeabi_fcmplt</name>
         <value>0x316d</value>
         <object_component_ref idref="oc-e7"/>
      </symbol>
      <symbol id="sm-569">
         <name>__aeabi_fcmple</name>
         <value>0x3181</value>
         <object_component_ref idref="oc-e7"/>
      </symbol>
      <symbol id="sm-56a">
         <name>__aeabi_fcmpge</name>
         <value>0x3195</value>
         <object_component_ref idref="oc-e7"/>
      </symbol>
      <symbol id="sm-56b">
         <name>__aeabi_fcmpgt</name>
         <value>0x31a9</value>
         <object_component_ref idref="oc-e7"/>
      </symbol>
      <symbol id="sm-571">
         <name>__aeabi_memcpy</name>
         <value>0x50a1</value>
         <object_component_ref idref="oc-4d"/>
      </symbol>
      <symbol id="sm-572">
         <name>__aeabi_memcpy4</name>
         <value>0x50a1</value>
         <object_component_ref idref="oc-4d"/>
      </symbol>
      <symbol id="sm-573">
         <name>__aeabi_memcpy8</name>
         <value>0x50a1</value>
         <object_component_ref idref="oc-4d"/>
      </symbol>
      <symbol id="sm-579">
         <name>__aeabi_uidiv</name>
         <value>0x3b79</value>
         <object_component_ref idref="oc-161"/>
      </symbol>
      <symbol id="sm-57a">
         <name>__aeabi_uidivmod</name>
         <value>0x3b79</value>
         <object_component_ref idref="oc-161"/>
      </symbol>
      <symbol id="sm-583">
         <name>__eqsf2</name>
         <value>0x3d25</value>
         <object_component_ref idref="oc-192"/>
      </symbol>
      <symbol id="sm-584">
         <name>__lesf2</name>
         <value>0x3d25</value>
         <object_component_ref idref="oc-192"/>
      </symbol>
      <symbol id="sm-585">
         <name>__ltsf2</name>
         <value>0x3d25</value>
         <object_component_ref idref="oc-192"/>
      </symbol>
      <symbol id="sm-586">
         <name>__nesf2</name>
         <value>0x3d25</value>
         <object_component_ref idref="oc-192"/>
      </symbol>
      <symbol id="sm-587">
         <name>__cmpsf2</name>
         <value>0x3d25</value>
         <object_component_ref idref="oc-192"/>
      </symbol>
      <symbol id="sm-588">
         <name>__gtsf2</name>
         <value>0x3ce9</value>
         <object_component_ref idref="oc-197"/>
      </symbol>
      <symbol id="sm-589">
         <name>__gesf2</name>
         <value>0x3ce9</value>
         <object_component_ref idref="oc-197"/>
      </symbol>
      <symbol id="sm-594">
         <name>__aeabi_idiv0</name>
         <value>0x1613</value>
         <object_component_ref idref="oc-1e2"/>
      </symbol>
      <symbol id="sm-59e">
         <name>TI_memcpy_small</name>
         <value>0x4ffd</value>
         <object_component_ref idref="oc-113"/>
      </symbol>
      <symbol id="sm-59f">
         <name>__TI_static_base__</name>
         <value>0x0</value>
      </symbol>
      <symbol id="sm-5a3">
         <name>__mpu_init</name>
         <value>0x0</value>
      </symbol>
      <symbol id="sm-5a4">
         <name>_system_post_cinit</name>
         <value>0x0</value>
      </symbol>
   </symbol_table>
   <title>Link successful</title>
</link_info>
