******************************************************************************
            TI ARM Clang Linker PC v3.2.2                      
******************************************************************************
>> Linked Thu Aug  1 16:29:13 2024

OUTPUT FILE NAME:   <control.out>
ENTRY POINT SYMBOL: "_c_int00_noargs"  address: 00004cd9


MEMORY CONFIGURATION

         name            origin    length      used     unused   attr    fill
----------------------  --------  ---------  --------  --------  ----  --------
  FLASH                 00000000   00020000  000081c8  00017e38  R  X
  SRAM                  20200000   00008000  00000c70  00007390  RW X
  BCR_CONFIG            41c00000   00000080  00000000  00000080  R   
  BSL_CONFIG            41c00100   00000080  00000000  00000080  R   


SEGMENT ALLOCATION MAP

run origin  load origin   length   init length attrs members
----------  ----------- ---------- ----------- ----- -------
00000000    00000000    000081c8   000081c8    r-x
  00000000    00000000    000000c0   000000c0    r-- .intvecs
  000000c0    000000c0    000057e0   000057e0    r-x .text
  000058a0    000058a0    000028c8   000028c8    r-- .rodata
  00008168    00008168    00000008   00000008    r-- .init_array
  00008170    00008170    00000058   00000058    r-- .cinit
20200000    20200000    00000a72   00000000    rw-
  20200000    20200000    00000842   00000000    rw- .data
  20200844    20200844    0000022e   00000000    rw- .bss
20207e00    20207e00    00000200   00000000    rw-
  20207e00    20207e00    00000200   00000000    rw- .stack


SECTION ALLOCATION MAP

 output                                  attributes/
section   page    origin      length       input sections
--------  ----  ----------  ----------   ----------------
.intvecs   0    00000000    000000c0     
                  00000000    000000c0     startup_mspm0g350x_ticlang.o (.intvecs)

.binit     0    00000000    00000000     

.text      0    000000c0    000057e0     
                  000000c0    000004d8     Chassis.o (.text._ZN7Chassis7HandlerEv)
                  00000598    00000320     Tracking.o (.text._ZN8Tracking7HandlerEv)
                  000008b8    000002f0     arm_cortexM0l_math.a : arm_sin_cos_f32.o (.text.arm_sin_cos_f32)
                  00000ba8    000002c8     Chassis.o (.text._ZN7Chassis7processEv)
                  00000e70    000002c4     Controller.o (.text._ZN10Controller7HandlerEv)
                  00001134    000001f8     IMU.o (.text._ZN3IMU8get_dataEv)
                  0000132c    000001e0     Tracking.o (.text._ZN8Tracking14calibrate_pos2E5PointS0_11ref_point_eS1_)
                  0000150c    000001e0     libc.a : e_acosf.c.obj (.text.acosf)
                  000016ec    000001cc     Remote.o (.text._ZN6Remote12process_dataEv)
                  000018b8    000001c8     libc.a : s_atanf.c.obj (.text.atanf)
                  00001a80    00000198     N20_Motor.o (.text._ZN9N20_Motor16output_intensityEv)
                  00001c18    00000192     libclang_rt.builtins.a : adddf3.S.obj (.text.adddf3_subdf3)
                  00001daa    00000002                            : aeabi_div0.c.obj (.text.__aeabi_idiv0)
                  00001dac    00000138     ti_msp_dl_config.o (.text.SYSCFG_DL_GPIO_init)
                  00001ee4    00000130     libc.a : e_atan2f.c.obj (.text.atan2f)
                  00002014    00000114     IMU.o (.text._ZN3IMU4initEv)
                  00002128    00000110     driverlib.a : dl_timer.o (.text.DL_Timer_initPWMMode)
                  00002238    0000010c     libclang_rt.builtins.a : divdf3.S.obj (.text.__divdf3)
                  00002344    000000f4     LS7366R.o (.text._ZN7LS7366R4initEhh)
                  00002438    000000ec     driverlib.a : dl_sysctl_mspm0g1x0x_g3x0x.o (.text.DL_SYSCTL_configSYSPLL)
                  00002524    000000ec                 : dl_timer.o (.text.DL_TimerA_initPWMMode)
                  00002610    000000e8     imu660.o (.text.imu660ra_init)
                  000026f8    000000e4     libclang_rt.builtins.a : muldf3.S.obj (.text.__muldf3)
                  000027dc    000000d8                            : addsf3.S.obj (.text)
                  000028b4    000000d4     ti_msp_dl_config.o (.text.SYSCFG_DL_initPower)
                  00002988    000000c4     N20_Motor.o (.text._ZN9N20_Motor17measure_parameterEv)
                  00002a4c    000000c0     task.o (.text._Z10test_powerv)
                  00002b0c    000000c0     CCD.o (.text._ZN3CCD7SI_sendEv)
                  00002bcc    000000c0     task.o (.text.loop)
                  00002c8c    000000bc     task.o (.text.setup)
                  00002d48    000000b4     task.o (.text.task_handler)
                  00002dfc    000000b0     task.o (.text.UART0_IRQHandler)
                  00002eac    000000ae     LS7366R.o (.text._ZN7LS7366R7HandlerEv)
                  00002f5a    00000002     --HOLE-- [fill = 0]
                  00002f5c    000000a8     Chassis.o (.text._ZN7ChassisC2EP9N20_MotorS1_P3IMUP3CCDf)
                  00003004    000000a8     libc.a : e_sqrtf.c.obj (.text.sqrtf)
                  000030ac    000000a2     PID_Controller.o (.text._ZN14PID_Controller7HandlerEv)
                  0000314e    00000002     --HOLE-- [fill = 0]
                  00003150    0000009c     ti_msp_dl_config.o (.text.SYSCFG_DL_ADC_CCD_init)
                  000031ec    0000008c     libclang_rt.builtins.a : mulsf3.S.obj (.text.__mulsf3)
                  00003278    00000088     ti_msp_dl_config.o (.text.SYSCFG_DL_PWM_MOTOR0_init)
                  00003300    00000088     ti_msp_dl_config.o (.text.SYSCFG_DL_TIM_CCD_init)
                  00003388    00000084     ti_msp_dl_config.o (.text.SYSCFG_DL_PWM_MOTOR1_init)
                  0000340c    00000084     ti_msp_dl_config.o (.text.__NVIC_SetPriority)
                  00003490    00000082     libclang_rt.builtins.a : divsf3.S.obj (.text.__divsf3)
                  00003512    00000082     hal.o (.text.spi_read_8bit_registers)
                  00003594    00000078     libc.a : copy_decompress_lzss.c.obj (.text:decompress:lzss)
                  0000360c    00000004     startup_mspm0g350x_ticlang.o (.text.Default_Handler)
                  00003610    00000074     libclang_rt.builtins.a : truncdfsf2.S.obj (.text.__truncdfsf2)
                  00003684    00000070     task.o (.text._Z14signal_Handlerv)
                  000036f4    00000070     imu660.o (.text._ZL23imu660ra_read_registershPhj)
                  00003764    00000070     Tracking.o (.text._ZN8TrackingC2EP7ChassisP10ControllerP14PID_Controller)
                  000037d4    00000070     libclang_rt.builtins.a : comparedf2.c.obj (.text.__gedf2)
                  00003844    0000006c                            : comparedf2.c.obj (.text.__ledf2)
                  000038b0    00000068     ti_msp_dl_config.o (.text.SYSCFG_DL_ADC_VIN_init)
                  00003918    00000064     driverlib.a : dl_sysctl_mspm0g1x0x_g3x0x.o (.text.DL_SYSCTL_setHFCLKSourceHFXTParams)
                  0000397c    00000064     ti_msp_dl_config.o (.text.SYSCFG_DL_init)
                  000039e0    00000062     libclang_rt.builtins.a : aeabi_dcmp.S.obj (.text.__aeabi_dcmp)
                  00003a42    00000002     --HOLE-- [fill = 0]
                  00003a44    00000062                            : aeabi_fcmp.S.obj (.text.__aeabi_fcmp)
                  00003aa6    00000002     --HOLE-- [fill = 0]
                  00003aa8    00000060     ti_msp_dl_config.o (.text.SYSCFG_DL_PWM_BUZZER_init)
                  00003b08    0000005a     hal.o (.text.SPI_transmitData)
                  00003b62    00000054     driverlib.a : dl_dma.o (.text.DL_DMA_configTransfer)
                  00003bb6    00000002     --HOLE-- [fill = 0]
                  00003bb8    00000054     ti_msp_dl_config.o (.text.SYSCFG_DL_UART_0_init)
                  00003c0c    00000054     libc.a : autoinit.c.obj (.text:__TI_auto_init_nobinit)
                  00003c60    00000050     task.o (.text.ADC1_IRQHandler)
                  00003cb0    00000050     ti_msp_dl_config.o (.text.SysTick_Config)
                  00003d00    00000050     it.o (.text.SysTick_Handler)
                  00003d50    0000004e     imu660.o (.text._ZL19imu660ra_self_checkv)
                  00003d9e    00000002     --HOLE-- [fill = 0]
                  00003da0    0000004c     ti_msp_dl_config.o (.text.DL_ADC12_initSingleSample)
                  00003dec    0000004c     driverlib.a : dl_adc12.o (.text.DL_ADC12_setClockConfig)
                  00003e38    0000004c                 : dl_sysctl_mspm0g1x0x_g3x0x.o (.text.DL_SYSCTL_switchMCLKfromSYSOSCtoHSCLK)
                  00003e84    0000004c                 : dl_uart.o (.text.DL_UART_init)
                  00003ed0    0000004c     ti_msp_dl_config.o (.text.DL_UART_setBaudRateDivisor)
                  00003f1c    0000004a     ti_msp_dl_config.o (.text.DL_ADC12_configConversionMem)
                  00003f66    0000004a     task.o (.text._Z13UART_TransmitP9UART_RegsPht)
                  00003fb0    0000004a     N20_Motor.o (.text._ZN9N20_MotorC2EP12GPTIMER_Regs17DL_TIMER_CC_INDEXS2_P7Encoderfff)
                  00003ffa    00000002     --HOLE-- [fill = 0]
                  00003ffc    0000004a     libclang_rt.builtins.a : fixdfsi.S.obj (.text.__fixdfsi)
                  00004046    00000002     --HOLE-- [fill = 0]
                  00004048    00000048     driverlib.a : dl_spi.o (.text.DL_SPI_init)
                  00004090    00000048     ti_msp_dl_config.o (.text.SYSCFG_DL_SYSCTL_init)
                  000040d8    00000048     Controller.o (.text._ZN10ControllerC2EP7Chassis)
                  00004120    00000048     CCD.o (.text._ZN3CCD7HandlerEv)
                  00004168    00000048     LS7366R.o (.text._ZN7LS7366R5resetEv)
                  000041b0    00000048     imu660.o (.text.imu660ra_get_acc)
                  000041f8    00000048     imu660.o (.text.imu660ra_get_gyro)
                  00004240    00000046     driverlib.a : dl_dma.o (.text.DL_DMA_initChannel)
                  00004286    00000002     --HOLE-- [fill = 0]
                  00004288    00000044     imu660.o (.text._ZL22imu660ra_read_registerh)
                  000042cc    00000040     driverlib.a : dl_timer.o (.text.DL_Timer_setCaptureCompareOutCtl)
                  0000430c    00000040     ti_msp_dl_config.o (.text.SYSCFG_DL_SPI_ENCODER_init)
                  0000434c    00000040     ti_msp_dl_config.o (.text.SYSCFG_DL_SPI_IMU_init)
                  0000438c    00000040     imu660.o (.text._ZL23imu660ra_write_registerhh)
                  000043cc    00000040     imu660.o (.text._ZL24imu660ra_write_registershPKhj)
                  0000440c    00000040     PID_Controller.o (.text._ZN14PID_ControllerC2EP7Chassis)
                  0000444c    00000040     libclang_rt.builtins.a : aeabi_uidivmod.S.obj (.text.__aeabi_uidivmod)
                  0000448c    00000040                            : extendsfdf2.S.obj (.text.__extendsfdf2)
                  000044cc    0000003c     driverlib.a : dl_timer.o (.text.DL_Timer_setCaptureCompareCtl)
                  00004508    0000003c     libclang_rt.builtins.a : floatsisf.S.obj (.text.__floatsisf)
                  00004544    0000003c                            : comparesf2.S.obj (.text.__gtsf2)
                  00004580    0000003a                            : comparesf2.S.obj (.text.__eqsf2)
                  000045ba    00000002     --HOLE-- [fill = 0]
                  000045bc    0000003a                            : muldsi3.S.obj (.text.__muldsi3)
                  000045f6    00000002     --HOLE-- [fill = 0]
                  000045f8    00000038     driverlib.a : dl_dma.o (.text.DL_DMA_setTrigger)
                  00004630    00000038     ti_msp_dl_config.o (.text.DL_Timer_setPublisherChanID)
                  00004668    00000038     task.o (.text._GLOBAL__sub_I_task.cpp)
                  000046a0    00000038     task.o (.text.__cxx_global_var_init.3)
                  000046d8    00000038     task.o (.text.__cxx_global_var_init.4)
                  00004710    00000038     libclang_rt.builtins.a : fixsfsi.S.obj (.text.__fixsfsi)
                  00004748    00000034     driverlib.a : dl_timer.o (.text.DL_Timer_setCaptCompUpdateMethod)
                  0000477c    00000034                 : dl_timer.o (.text.DL_Timer_setCaptureCompareAction)
                  000047b0    00000034                 : dl_timer.o (.text.DL_Timer_setCaptureCompareInput)
                  000047e4    00000034                 : dl_timer.o (.text.DL_Timer_setClockConfig)
                  00004818    00000034     CCD.o (.text._ZL17__NVIC_DisableIRQ4IRQn)
                  0000484c    00000034     task.o (.text.__cxx_global_var_init.9)
                  00004880    00000032     hal.o (.text.spi_write_8bit_register)
                  000048b2    00000002     --HOLE-- [fill = 0]
                  000048b4    00000030     ti_msp_dl_config.o (.text.DL_SPI_setFIFOThreshold)
                  000048e4    00000030     task.o (.text._ZL21DL_ADC12_getMemResultP10ADC12_Regs16DL_ADC12_MEM_IDX)
                  00004914    00000030     CCD.o (.text._ZL22DL_DMA_setTransferSizeP8DMA_Regsht)
                  00004944    00000030     hal.o (.text.spi_write_8bit_registers)
                  00004974    0000002c     task.o (.text.ADC0_IRQHandler)
                  000049a0    0000002c     ti_msp_dl_config.o (.text.DL_ADC12_setDMASamplesCnt)
                  000049cc    0000002c     driverlib.a : dl_timer.o (.text.DL_Timer_setCaptureCompareValue)
                  000049f8    0000002c     CCD.o (.text._ZL16__NVIC_EnableIRQ4IRQn)
                  00004a24    0000002c     task.o (.text._ZL16__NVIC_EnableIRQ4IRQn)
                  00004a50    0000002c     task.o (.text._ZL22__NVIC_ClearPendingIRQ4IRQn)
                  00004a7c    0000002c     libclang_rt.builtins.a : floatsidf.S.obj (.text.__floatsidf)
                  00004aa8    00000028     driverlib.a : dl_adc12.o (.text.DL_Common_updateReg)
                  00004ad0    00000028                 : dl_dma.o (.text.DL_Common_updateReg)
                  00004af8    00000028                 : dl_spi.o (.text.DL_Common_updateReg)
                  00004b20    00000028                 : dl_sysctl_mspm0g1x0x_g3x0x.o (.text.DL_Common_updateReg)
                  00004b48    00000028                 : dl_timer.o (.text.DL_Common_updateReg)
                  00004b70    00000028                 : dl_uart.o (.text.DL_Common_updateReg)
                  00004b98    00000028     ti_msp_dl_config.o (.text.DL_Common_updateReg)
                  00004bc0    00000028     ti_msp_dl_config.o (.text.DL_Timer_enableEvent)
                  00004be8    00000028     CCD.o (.text._ZL17DL_DMA_setSrcAddrP8DMA_Regshj)
                  00004c10    00000028     CCD.o (.text._ZL18DL_DMA_setDestAddrP8DMA_Regshj)
                  00004c38    00000028     LS7366R.o (.text._ZN7LS7366RC2EP8SPI_RegsP9GPIO_Regsjj)
                  00004c60    00000028     task.o (.text.__cxx_global_var_init)
                  00004c88    00000028     libclang_rt.builtins.a : floatunsisf.S.obj (.text.__floatunsisf)
                  00004cb0    00000028     it.o (.text.delay_ms)
                  00004cd8    00000028     libc.a : boot_cortex_m.c.obj (.text:_c_int00_noargs)
                  00004d00    00000026     CCD.o (.text._ZL20DL_DMA_enableChannelP8DMA_Regsh)
                  00004d26    00000026     task.o (.text._ZL21DL_DMA_disableChannelP8DMA_Regsh)
                  00004d4c    00000026     Remote.o (.text._ZN6RemoteC2EP9UART_Regs)
                  00004d72    00000002     --HOLE-- [fill = 0]
                  00004d74    00000024     ti_msp_dl_config.o (.text.DL_SPI_setBitRateSerialClockDivider)
                  00004d98    00000024     driverlib.a : dl_spi.o (.text.DL_SPI_setClockConfig)
                  00004dbc    00000024                 : dl_uart.o (.text.DL_UART_setClockConfig)
                  00004de0    00000024     CCD.o (.text._ZL28DL_ADC12_getMemResultAddressP10ADC12_Regs16DL_ADC12_MEM_IDX)
                  00004e04    00000024     CCD.o (.text._ZN3CCD4initEv)
                  00004e28    00000024     N20_Motor.o (.text._ZN9N20_Motor12pwm_set_dutyE17DL_TIMER_CC_INDEXt)
                  00004e4c    00000022     task.o (.text._ZN3CCDC2Ev)
                  00004e6e    00000022     task.o (.text._ZN3IMUC2Ev)
                  00004e90    00000022     Encoder.o (.text._ZN7Encoder7HandlerEv)
                  00004eb2    00000002     --HOLE-- [fill = 0]
                  00004eb4    00000020     ti_msp_dl_config.o (.text.DL_ADC12_setStartAddress)
                  00004ed4    00000020     driverlib.a : dl_sysctl_mspm0g1x0x_g3x0x.o (.text.DL_CORE_configInstruction)
                  00004ef4    00000020     ti_msp_dl_config.o (.text.DL_GPIO_initPeripheralInputFunction)
                  00004f14    00000020     ti_msp_dl_config.o (.text.DL_SYSCTL_setFlashWaitState)
                  00004f34    00000020     driverlib.a : dl_sysctl_mspm0g1x0x_g3x0x.o (.text.DL_SYSCTL_setHFXTFrequencyRange)
                  00004f54    00000020                 : dl_timer.o (.text.DL_Timer_setCounterValueAfterEnable)
                  00004f74    00000020     task.o (.text.__cxx_global_var_init.12)
                  00004f94    0000001e     ti_msp_dl_config.o (.text.DL_ADC12_setPowerDownMode)
                  00004fb2    0000001e     ti_msp_dl_config.o (.text.DL_UART_setOversampling)
                  00004fd0    0000001e     IMU.o (.text._ZN3IMU7HandlerEv)
                  00004fee    00000002     --HOLE-- [fill = 0]
                  00004ff0    0000001c     ti_msp_dl_config.o (.text.DL_ADC12_clearInterruptStatus)
                  0000500c    0000001c     ti_msp_dl_config.o (.text.DL_ADC12_enableDMA)
                  00005028    0000001c     ti_msp_dl_config.o (.text.DL_ADC12_enableDMATrigger)
                  00005044    0000001c     ti_msp_dl_config.o (.text.DL_ADC12_enableInterrupt)
                  00005060    0000001c     ti_msp_dl_config.o (.text.DL_GPIO_initPeripheralOutputFunction)
                  0000507c    0000001c     ti_msp_dl_config.o (.text.DL_SYSCTL_setSYSOSCFreq)
                  00005098    0000001c     ti_msp_dl_config.o (.text.DL_SYSCTL_setULPCLKDivider)
                  000050b4    0000001c     ti_msp_dl_config.o (.text.DL_Timer_enableInterrupt)
                  000050d0    0000001c     ti_msp_dl_config.o (.text.DL_UART_enableInterrupt)
                  000050ec    0000001c     task.o (.text.TIMG12_IRQHandler)
                  00005108    0000001c     task.o (.text._ZL24DL_ADC12_startConversionP10ADC12_Regs)
                  00005124    0000001a     ti_msp_dl_config.o (.text.DL_ADC12_setSubscriberChanID)
                  0000513e    0000001a     Encoder.o (.text._ZN7EncoderC2EPl)
                  00005158    00000018     ti_msp_dl_config.o (.text.DL_ADC12_enablePower)
                  00005170    00000018     ti_msp_dl_config.o (.text.DL_ADC12_reset)
                  00005188    00000018     ti_msp_dl_config.o (.text.DL_ADC12_setSampleTime0)
                  000051a0    00000018     ti_msp_dl_config.o (.text.DL_GPIO_enableOutput)
                  000051b8    00000018     ti_msp_dl_config.o (.text.DL_GPIO_enablePower)
                  000051d0    00000018     ti_msp_dl_config.o (.text.DL_GPIO_initDigitalOutput)
                  000051e8    00000018     ti_msp_dl_config.o (.text.DL_GPIO_initPeripheralAnalogFunction)
                  00005200    00000018     ti_msp_dl_config.o (.text.DL_GPIO_reset)
                  00005218    00000018     ti_msp_dl_config.o (.text.DL_GPIO_setPins)
                  00005230    00000018     ti_msp_dl_config.o (.text.DL_SPI_enable)
                  00005248    00000018     ti_msp_dl_config.o (.text.DL_SPI_enablePower)
                  00005260    00000018     ti_msp_dl_config.o (.text.DL_SPI_reset)
                  00005278    00000018     ti_msp_dl_config.o (.text.DL_SYSCTL_setBORThreshold)
                  00005290    00000018     driverlib.a : dl_sysctl_mspm0g1x0x_g3x0x.o (.text.DL_SYSCTL_setHFXTStartupTime)
                  000052a8    00000018                 : dl_sysctl_mspm0g1x0x_g3x0x.o (.text.DL_SYSCTL_setHSCLKSource)
                  000052c0    00000018     ti_msp_dl_config.o (.text.DL_Timer_enablePower)
                  000052d8    00000018     ti_msp_dl_config.o (.text.DL_Timer_reset)
                  000052f0    00000018     driverlib.a : dl_timer.o (.text.DL_Timer_setLoadValue)
                  00005308    00000018     ti_msp_dl_config.o (.text.DL_UART_enablePower)
                  00005320    00000018     ti_msp_dl_config.o (.text.DL_UART_reset)
                  00005338    00000018     ti_msp_dl_config.o (.text.SYSCFG_DL_DMA_CH0_init)
                  00005350    00000018     hal.o (.text._ZL13DL_SPI_isBusyP8SPI_Regs)
                  00005368    00000018     task.o (.text._ZL14DL_UART_isBusyP9UART_Regs)
                  00005380    00000018     CCD.o (.text._ZL15DL_GPIO_setPinsP9GPIO_Regsj)
                  00005398    00000018     LS7366R.o (.text._ZL15DL_GPIO_setPinsP9GPIO_Regsj)
                  000053b0    00000018     imu660.o (.text._ZL15DL_GPIO_setPinsP9GPIO_Regsj)
                  000053c8    00000018     task.o (.text._ZL15DL_GPIO_setPinsP9GPIO_Regsj)
                  000053e0    00000018     it.o (.text._ZL18DL_GPIO_togglePinsP9GPIO_Regsj)
                  000053f8    00000018     hal.o (.text._ZL20DL_SPI_isRXFIFOEmptyP8SPI_Regs)
                  00005410    00000018     Buzzer.o (.text._ZL20DL_Timer_stopCounterP12GPTIMER_Regs)
                  00005428    00000018     Buzzer.o (.text._ZL21DL_Timer_startCounterP12GPTIMER_Regs)
                  00005440    00000018     CCD.o (.text._ZL21DL_Timer_startCounterP12GPTIMER_Regs)
                  00005458    00000018     N20_Motor.o (.text._ZL21DL_Timer_startCounterP12GPTIMER_Regs)
                  00005470    00000018     N20_Motor.o (.text._ZN9N20_Motor7HandlerEv)
                  00005488    00000018     task.o (.text.__cxx_global_var_init.1)
                  000054a0    00000018     task.o (.text.__cxx_global_var_init.2)
                  000054b8    00000018     control.o (.text.main)
                  000054d0    00000016     ti_msp_dl_config.o (.text.DL_ADC12_enableConversions)
                  000054e6    00000016     driverlib.a : dl_uart.o (.text.DL_UART_disable)
                  000054fc    00000016     ti_msp_dl_config.o (.text.DL_UART_enable)
                  00005512    00000016     hal.o (.text._ZL20DL_SPI_transmitData8P8SPI_Regsh)
                  00005528    00000016     task.o (.text._ZL20DL_UART_transmitDataP9UART_Regsh)
                  0000553e    00000016     CCD.o (.text._ZL26DL_ADC12_enableConversionsP10ADC12_Regs)
                  00005554    00000016     task.o (.text._ZL26DL_ADC12_enableConversionsP10ADC12_Regs)
                  0000556a    00000016     task.o (.text._ZL27DL_ADC12_disableConversionsP10ADC12_Regs)
                  00005580    00000016     libc.a : copy_zero_init.c.obj (.text:decompress:ZI:__TI_zero_init_nomemset)
                  00005596    00000014     driverlib.a : dl_common.o (.text.DL_Common_delayCycles)
                  000055aa    00000014     ti_msp_dl_config.o (.text.DL_GPIO_clearPins)
                  000055be    00000002     --HOLE-- [fill = 0]
                  000055c0    00000014     driverlib.a : dl_sysctl_mspm0g1x0x_g3x0x.o (.text.DL_SYSCTL_disableHFCLKStartupMonitor)
                  000055d4    00000014                 : dl_sysctl_mspm0g1x0x_g3x0x.o (.text.DL_SYSCTL_disableSYSPLL)
                  000055e8    00000014     ti_msp_dl_config.o (.text.DL_SYSCTL_disableSYSPLL)
                  000055fc    00000014     driverlib.a : dl_sysctl_mspm0g1x0x_g3x0x.o (.text.DL_SYSCTL_enableHFCLKStartupMonitor)
                  00005610    00000014     ti_msp_dl_config.o (.text.DL_Timer_enableClock)
                  00005624    00000014     ti_msp_dl_config.o (.text.DL_Timer_setCCPDirection)
                  00005638    00000014     Controller.o (.text._Z5atan2B6v15007ff)
                  0000564c    00000014     CCD.o (.text._ZL17DL_GPIO_clearPinsP9GPIO_Regsj)
                  00005660    00000014     LS7366R.o (.text._ZL17DL_GPIO_clearPinsP9GPIO_Regsj)
                  00005674    00000014     imu660.o (.text._ZL17DL_GPIO_clearPinsP9GPIO_Regsj)
                  00005688    00000014     task.o (.text._ZL17DL_GPIO_clearPinsP9GPIO_Regsj)
                  0000569c    00000014     hal.o (.text._ZL19DL_SPI_receiveData8P8SPI_Regs)
                  000056b0    00000014     task.o (.text._ZL19DL_UART_receiveDataP9UART_Regs)
                  000056c4    00000014     N20_Motor.o (.text._ZN5MotorC2Ev)
                  000056d8    00000014     Remote.o (.text._ZN6Remote7HandlerEv)
                  000056ec    00000014     task.o (.text.__cxx_global_var_init.10)
                  00005700    00000014     task.o (.text.__cxx_global_var_init.11)
                  00005714    00000014     task.o (.text.__cxx_global_var_init.6)
                  00005728    00000014     task.o (.text.__cxx_global_var_init.8)
                  0000573c    00000012     task.o (.text._ZL28DL_ADC12_getPendingInterruptP10ADC12_Regs)
                  0000574e    00000012     Buzzer.o (.text._ZN6Buzzer4stopEv)
                  00005760    00000012     Buzzer.o (.text._ZN6Buzzer5startEv)
                  00005772    00000012     N20_Motor.o (.text._ZN9N20_Motor4initEv)
                  00005784    00000012     libc.a : memcpy16.S.obj (.text:TI_memcpy_small)
                  00005796    00000012            : copy_decompress_none.c.obj (.text:decompress:none)
                  000057a8    00000010     driverlib.a : dl_sysctl_mspm0g1x0x_g3x0x.o (.text.DL_CORE_getInstructionConfig)
                  000057b8    00000010                 : dl_sysctl_mspm0g1x0x_g3x0x.o (.text.DL_SYSCTL_disableHFXT)
                  000057c8    00000010     ti_msp_dl_config.o (.text.DL_SYSCTL_disableHFXT)
                  000057d8    00000010     ti_msp_dl_config.o (.text.SYSCFG_DL_SYSTICK_init)
                  000057e8    00000010     Buzzer.o (.text._ZN6BuzzerC2EP12GPTIMER_Regs)
                  000057f8    00000010     task.o (.text.__cxx_global_var_init.5)
                  00005808    00000010     task.o (.text.__cxx_global_var_init.7)
                  00005818    0000000c     driverlib.a : dl_sysctl_mspm0g1x0x_g3x0x.o (.text.DL_SYSCTL_getClockStatus)
                  00005824    00000008     ti_msp_dl_config.o (.text.SYSCFG_DL_DMA_init)
                  0000582c    00000008     libc.a : aeabi_portable.c.obj (.text.__aeabi_errno_addr)
                  00005834    00000008     libclang_rt.builtins.a : aeabi_memcpy.S.obj (.text.__aeabi_memcpy)
                  0000583c    00000006     libc.a : e_acosf.c.obj (.text.OUTLINED_FUNCTION_0)
                  00005842    00000002     --HOLE-- [fill = 0]
                  00005844    00000010     libclang_rt.builtins.a : mulsf3.S.obj (.tramp.__aeabi_fmul.1)
                  00005854    00000006     libc.a : s_atanf.c.obj (.text.OUTLINED_FUNCTION_0)
                  0000585a    00000002     --HOLE-- [fill = 0]
                  0000585c    00000010     libclang_rt.builtins.a : divsf3.S.obj (.tramp.__aeabi_fdiv.1)
                  0000586c    00000004     libc.a : e_acosf.c.obj (.text.OUTLINED_FUNCTION_1)
                  00005870    00000004            : s_atanf.c.obj (.text.OUTLINED_FUNCTION_1)
                  00005874    00000010     libclang_rt.builtins.a : addsf3.S.obj (.tramp.__aeabi_fadd.1)
                  00005884    00000004     startup_mspm0g350x_ticlang.o (.text.Reset_Handler)
                  00005888    00000010     libc.a : boot_cortex_m.c.obj (.tramp._c_int00_noargs.1)
                  00005898    00000004            : pre_init.c.obj (.text._system_pre_init)
                  0000589c    00000004            : exit.c.obj (.text:abort)

.cinit     0    00008170    00000058     
                  00008170    0000002e     (.cinit..data.load) [load image, compression = lzss]
                  0000819e    00000002     --HOLE-- [fill = 0]
                  000081a0    0000000c     (__TI_handler_table)
                  000081ac    00000008     (.cinit..bss.load) [load image, compression = zero_init]
                  000081b4    00000010     (__TI_cinit_table)
                  000081c4    00000004     --HOLE-- [fill = 0]

.rodata    0    000058a0    000028c8     
                  000058a0    00002000     imu660.o (.rodata._ZL20imu660ra_config_file)
                  000078a0    00000804     arm_cortexM0l_math.a : arm_common_tables.o (.rodata.sinTable_f32)
                  000080a4    00000028     ti_msp_dl_config.o (.rodata.gSYSPLLConfig)
                  000080cc    00000020     libc.a : s_atanf.c.obj (.rodata.cst16)
                  000080ec    00000018     ti_msp_dl_config.o (.rodata.gDMA_CH0Config)
                  00008104    0000000a     ti_msp_dl_config.o (.rodata.gSPI_ENCODER_config)
                  0000810e    0000000a     ti_msp_dl_config.o (.rodata.gSPI_IMU_config)
                  00008118    0000000a     ti_msp_dl_config.o (.rodata.gUART_0Config)
                  00008122    00000002     ti_msp_dl_config.o (.rodata.gSPI_ENCODER_clockConfig)
                  00008124    00000008     ti_msp_dl_config.o (.rodata.gADC_CCDClockConfig)
                  0000812c    00000008     ti_msp_dl_config.o (.rodata.gADC_VINClockConfig)
                  00008134    00000008     ti_msp_dl_config.o (.rodata.gPWM_BUZZERConfig)
                  0000813c    00000008     ti_msp_dl_config.o (.rodata.gPWM_MOTOR0Config)
                  00008144    00000008     ti_msp_dl_config.o (.rodata.gPWM_MOTOR1Config)
                  0000814c    00000008     ti_msp_dl_config.o (.rodata.gTIM_CCDConfig)
                  00008154    00000003     ti_msp_dl_config.o (.rodata.gPWM_BUZZERClockConfig)
                  00008157    00000003     ti_msp_dl_config.o (.rodata.gPWM_MOTOR0ClockConfig)
                  0000815a    00000003     ti_msp_dl_config.o (.rodata.gPWM_MOTOR1ClockConfig)
                  0000815d    00000003     ti_msp_dl_config.o (.rodata.gTIM_CCDClockConfig)
                  00008160    00000002     ti_msp_dl_config.o (.rodata.gSPI_IMU_clockConfig)
                  00008162    00000002     ti_msp_dl_config.o (.rodata.gUART_0ClockConfig)
                  00008164    00000004     --HOLE-- [fill = 0]

.init_array 
*          0    00008168    00000008     
                  00008168    00000004     task.o (.init_array)
                  0000816c    00000004     --HOLE-- [fill = 0]

.data      0    20200000    00000842     UNINITIALIZED
                  20200000    00000304     task.o (.data.chassis)
                  20200304    00000194     task.o (.data.ccd)
                  20200498    000000dc     task.o (.data.remote)
                  20200574    00000080     task.o (.data.temp_rx)
                  202005f4    00000064     task.o (.data.tracking)
                  20200658    00000050     task.o (.data.controller)
                  202006a8    00000050     task.o (.data.imu)
                  202006f8    0000002c     task.o (.data.left_motor)
                  20200724    0000002c     task.o (.data.pid_controller)
                  20200750    0000002c     task.o (.data.right_motor)
                  2020077c    00000024     task.o (.data.ls7366r)
                  202007a0    00000020     Tracking.o (.data..Lconstinit)
                  202007c0    00000014     task.o (.data.left_encoder)
                  202007d4    00000014     task.o (.data.right_encoder)
                  202007e8    00000008     imu660.o (.data.imu660ra_transition_factor)
                  202007f0    00000004     task.o (.data.ADC_VIN_cnt)
                  202007f4    00000004     task.o (.data.ADC_cnt)
                  202007f8    00000004     task.o (.data.CCD_cnt)
                  202007fc    00000004     CCD.o (.data.DMA_EN_cnt)
                  20200800    00000004     task.o (.data._ZZ14signal_HandlervE10temp_utick)
                  20200804    00000004     libc.a : aeabi_portable.c.obj (.data.__aeabi_errno)
                  20200808    00000004     task.o (.data.buzzer)
                  2020080c    00000004     Remote.o (.data.crc_err)
                  20200810    00000004     imu660.o (.data.imu660ra_state)
                  20200814    00000004     Remote.o (.data.remote_cnt)
                  20200818    00000004     task.o (.data.uart1_cnt)
                  2020081c    00000004     task.o (.data.uart1_state)
                  20200820    00000004     it.o (.data.utick)
                  20200824    00000004     task.o (.data.vin)
                  20200828    00000002     Remote.o (.data.crc1)
                  2020082a    00000002     task.o (.data.end_flag)
                  2020082c    00000002     imu660.o (.data.imu660ra_acc_x)
                  2020082e    00000002     imu660.o (.data.imu660ra_acc_y)
                  20200830    00000002     imu660.o (.data.imu660ra_acc_z)
                  20200832    00000002     imu660.o (.data.imu660ra_gyro_x)
                  20200834    00000002     imu660.o (.data.imu660ra_gyro_y)
                  20200836    00000002     imu660.o (.data.imu660ra_gyro_z)
                  20200838    00000002     task.o (.data.power_vin)
                  2020083a    00000002     task.o (.data.start_flag)
                  2020083c    00000002     task.o (.data.uart1_rx_len)
                  2020083e    00000001     task.o (.data._ZZ10test_powervE10power_flag)
                  2020083f    00000001     task.o (.data.gCheckADC)
                  20200840    00000001     task.o (.data.init_flag)
                  20200841    00000001     task.o (.data.signal_en_flag)

.bss       0    20200844    0000022e     UNINITIALIZED
                  20200844    000000bc     (.common:gPWM_MOTOR0Backup)
                  20200900    000000bc     (.common:gPWM_MOTOR1Backup)
                  202009bc    00000064     task.o (.bss.uart1_rx_buf)
                  20200a20    00000028     (.common:gSPI_ENCODERBackup)
                  20200a48    00000028     (.common:gSPI_IMUBackup)
                  20200a70    00000002     Remote.o (.bss.crc)

.stack     0    20207e00    00000200     UNINITIALIZED
                  20207e00    00000004     libc.a : boot_cortex_m.c.obj (.stack)
                  20207e04    000001fc     --HOLE--

__llvm_prf_cnts 
*          0    20200000    00000000     UNINITIALIZED

__llvm_prf_bits 
*          0    20200000    00000000     UNINITIALIZED

MODULE SUMMARY

       Module                         code    ro data   rw data
       ------                         ----    -------   -------
    .\
       ti_msp_dl_config.o             3400    160       456    
       startup_mspm0g350x_ticlang.o   8       192       0      
       control.o                      24      0         0      
    +--+------------------------------+-------+---------+---------+
       Total:                         3432    352       456    
                                                               
    .\code\
       imu660.o                       806     8192      24     
       task.o                         2160    4         2136   
       Chassis.o                      2120    0         0      
       Tracking.o                     1392    0         32     
       IMU.o                          810     0         0      
       Controller.o                   800     0         0      
       N20_Motor.o                    800     0         0      
       CCD.o                          688     0         4      
       LS7366R.o                      574     0         0      
       Remote.o                       518     0         12     
       hal.o                          408     0         0      
       PID_Controller.o               226     0         0      
       it.o                           144     0         4      
       Buzzer.o                       100     0         0      
       Encoder.o                      60      0         0      
    +--+------------------------------+-------+---------+---------+
       Total:                         11606   8196      2212   
                                                               
    C:/ti/mspm0_sdk_2_01_00_03/source/third_party/CMSIS/DSP/lib/ticlang/m0p/arm_cortexM0l_math.a
       arm_common_tables.o            0       2052      0      
       arm_sin_cos_f32.o              752     0         0      
    +--+------------------------------+-------+---------+---------+
       Total:                         752     2052      0      
                                                               
    C:/ti/mspm0_sdk_2_01_00_03/source/ti/driverlib/lib/ticlang/m0p/mspm0g1x0x_g3x0x/driverlib.a
       dl_timer.o                     980     0         0      
       dl_sysctl_mspm0g1x0x_g3x0x.o   668     0         0      
       dl_dma.o                       250     0         0      
       dl_uart.o                      174     0         0      
       dl_spi.o                       148     0         0      
       dl_adc12.o                     116     0         0      
       dl_common.o                    20      0         0      
    +--+------------------------------+-------+---------+---------+
       Total:                         2356    0         0      
                                                               
    F:\ti\ccs1271\ccs\tools\compiler\ti-cgt-armllvm_3.2.2.LTS\lib\armv6m-ti-none-eabi/c/libc.a
       s_atanf.c.obj                  466     32        0      
       e_acosf.c.obj                  490     0         0      
       e_atan2f.c.obj                 304     0         0      
       e_sqrtf.c.obj                  168     0         0      
       copy_decompress_lzss.c.obj     120     0         0      
       autoinit.c.obj                 84      0         0      
       boot_cortex_m.c.obj            56      0         0      
       copy_zero_init.c.obj           22      0         0      
       copy_decompress_none.c.obj     18      0         0      
       memcpy16.S.obj                 18      0         0      
       aeabi_portable.c.obj           8       0         4      
       exit.c.obj                     4       0         0      
       pre_init.c.obj                 4       0         0      
    +--+------------------------------+-------+---------+---------+
       Total:                         1762    32        4      
                                                               
    F:\ti\ccs1271\ccs\tools\compiler\ti-cgt-armllvm_3.2.2.LTS\lib\clang/15.0.7/lib/armv6m-ti-none-eabi/libclang_rt.builtins.a
       adddf3.S.obj                   402     0         0      
       divdf3.S.obj                   268     0         0      
       addsf3.S.obj                   232     0         0      
       muldf3.S.obj                   228     0         0      
       comparedf2.c.obj               220     0         0      
       mulsf3.S.obj                   156     0         0      
       divsf3.S.obj                   146     0         0      
       comparesf2.S.obj               118     0         0      
       truncdfsf2.S.obj               116     0         0      
       aeabi_dcmp.S.obj               98      0         0      
       aeabi_fcmp.S.obj               98      0         0      
       fixdfsi.S.obj                  74      0         0      
       aeabi_uidivmod.S.obj           64      0         0      
       extendsfdf2.S.obj              64      0         0      
       floatsisf.S.obj                60      0         0      
       muldsi3.S.obj                  58      0         0      
       fixsfsi.S.obj                  56      0         0      
       floatsidf.S.obj                44      0         0      
       floatunsisf.S.obj              40      0         0      
       aeabi_memcpy.S.obj             8       0         0      
       aeabi_div0.c.obj               2       0         0      
    +--+------------------------------+-------+---------+---------+
       Total:                         2552    0         0      
                                                               
       Stack:                         0       0         512    
       Linker Generated:              0       82        0      
    +--+------------------------------+-------+---------+---------+
       Grand Total:                   22460   10714     3184   


LINKER GENERATED COPY TABLES

__TI_cinit_table @ 000081b4 records: 2, size/record: 8, table size: 16
	.data: load addr=00008170, load size=0000002e bytes, run addr=20200000, run size=00000842 bytes, compression=lzss
	.bss: load addr=000081ac, load size=00000008 bytes, run addr=20200844, run size=0000022e bytes, compression=zero_init


LINKER GENERATED HANDLER TABLE

__TI_handler_table @ 000081a0 records: 3, size/record: 4, table size: 12
	index: 0, handler: __TI_decompress_lzss
	index: 1, handler: __TI_decompress_none
	index: 2, handler: __TI_zero_init


FAR CALL TRAMPOLINES

callee name               trampoline name
   callee addr  tramp addr   call addr  call info
--------------  -----------  ---------  ----------------
__aeabi_fmul              $Tramp$TT$L$PI$$__aeabi_fmul
   000031ed     00005844     00005840   libc.a : e_acosf.c.obj (.text.OUTLINED_FUNCTION_0)
                             0000586e          : e_acosf.c.obj (.text.OUTLINED_FUNCTION_1)
__aeabi_fdiv              $Tramp$TT$L$PI$$__aeabi_fdiv
   00003491     0000585c     00005858   libc.a : s_atanf.c.obj (.text.OUTLINED_FUNCTION_0)
__aeabi_fadd              $Tramp$TT$L$PI$$__aeabi_fadd
   000027e7     00005874     00005872   libc.a : s_atanf.c.obj (.text.OUTLINED_FUNCTION_1)
_c_int00_noargs           $Tramp$TT$L$PI$$_c_int00_noargs
   00004cd9     00005888     00005884   startup_mspm0g350x_ticlang.o (.text.Reset_Handler)

[4 trampolines]
[5 trampoline calls]


GLOBAL SYMBOLS: SORTED ALPHABETICALLY BY Name 

address   name                                                             
-------   ----                                                             
00004975  ADC0_IRQHandler                                                  
00003c61  ADC1_IRQHandler                                                  
202007f0  ADC_VIN_cnt                                                      
202007f4  ADC_cnt                                                          
0000360d  AES_IRQHandler                                                   
0000589c  C$$EXIT                                                          
0000360d  CANFD0_IRQHandler                                                
202007f8  CCD_cnt                                                          
0000360d  DAC0_IRQHandler                                                  
00003ded  DL_ADC12_setClockConfig                                          
00005597  DL_Common_delayCycles                                            
00004241  DL_DMA_initChannel                                               
00004049  DL_SPI_init                                                      
00004d99  DL_SPI_setClockConfig                                            
00002439  DL_SYSCTL_configSYSPLL                                           
00003919  DL_SYSCTL_setHFCLKSourceHFXTParams                               
00003e39  DL_SYSCTL_switchMCLKfromSYSOSCtoHSCLK                            
00002525  DL_TimerA_initPWMMode                                            
00002129  DL_Timer_initPWMMode                                             
00004749  DL_Timer_setCaptCompUpdateMethod                                 
0000477d  DL_Timer_setCaptureCompareAction                                 
000044cd  DL_Timer_setCaptureCompareCtl                                    
000047b1  DL_Timer_setCaptureCompareInput                                  
000042cd  DL_Timer_setCaptureCompareOutCtl                                 
000049cd  DL_Timer_setCaptureCompareValue                                  
000047e5  DL_Timer_setClockConfig                                          
00003e85  DL_UART_init                                                     
00004dbd  DL_UART_setClockConfig                                           
202007fc  DMA_EN_cnt                                                       
0000360d  DMA_IRQHandler                                                   
0000360d  Default_Handler                                                  
0000360d  GROUP0_IRQHandler                                                
0000360d  GROUP1_IRQHandler                                                
0000360d  HardFault_Handler                                                
0000360d  I2C0_IRQHandler                                                  
0000360d  I2C1_IRQHandler                                                  
0000360d  NMI_Handler                                                      
0000360d  PendSV_Handler                                                   
0000360d  RTC_IRQHandler                                                   
00005885  Reset_Handler                                                    
00008168  SHT$$INIT_ARRAY$$Base                                            
0000816c  SHT$$INIT_ARRAY$$Limit                                           
0000360d  SPI0_IRQHandler                                                  
0000360d  SPI1_IRQHandler                                                  
00003b09  SPI_transmitData                                                 
0000360d  SVC_Handler                                                      
00003151  SYSCFG_DL_ADC_CCD_init                                           
000038b1  SYSCFG_DL_ADC_VIN_init                                           
00005339  SYSCFG_DL_DMA_CH0_init                                           
00005825  SYSCFG_DL_DMA_init                                               
00001dad  SYSCFG_DL_GPIO_init                                              
00003aa9  SYSCFG_DL_PWM_BUZZER_init                                        
00003279  SYSCFG_DL_PWM_MOTOR0_init                                        
00003389  SYSCFG_DL_PWM_MOTOR1_init                                        
0000430d  SYSCFG_DL_SPI_ENCODER_init                                       
0000434d  SYSCFG_DL_SPI_IMU_init                                           
00004091  SYSCFG_DL_SYSCTL_init                                            
000057d9  SYSCFG_DL_SYSTICK_init                                           
00003301  SYSCFG_DL_TIM_CCD_init                                           
00003bb9  SYSCFG_DL_UART_0_init                                            
0000397d  SYSCFG_DL_init                                                   
000028b5  SYSCFG_DL_initPower                                              
00003d01  SysTick_Handler                                                  
0000360d  TIMA0_IRQHandler                                                 
0000360d  TIMA1_IRQHandler                                                 
0000360d  TIMG0_IRQHandler                                                 
000050ed  TIMG12_IRQHandler                                                
0000360d  TIMG6_IRQHandler                                                 
0000360d  TIMG7_IRQHandler                                                 
0000360d  TIMG8_IRQHandler                                                 
00005785  TI_memcpy_small                                                  
00002dfd  UART0_IRQHandler                                                 
0000360d  UART1_IRQHandler                                                 
0000360d  UART2_IRQHandler                                                 
0000360d  UART3_IRQHandler                                                 
00002a4d  _Z10test_powerv                                                  
00003f67  _Z13UART_TransmitP9UART_RegsPht                                  
00003685  _Z14signal_Handlerv                                              
00005639  _Z5atan2B6v15007ff                                               
00000e71  _ZN10Controller7HandlerEv                                        
000040d9  _ZN10ControllerC1EP7Chassis                                      
000040d9  _ZN10ControllerC2EP7Chassis                                      
000030ad  _ZN14PID_Controller7HandlerEv                                    
0000440d  _ZN14PID_ControllerC1EP7Chassis                                  
0000440d  _ZN14PID_ControllerC2EP7Chassis                                  
00004e05  _ZN3CCD4initEv                                                   
00004121  _ZN3CCD7HandlerEv                                                
00002b0d  _ZN3CCD7SI_sendEv                                                
00004e4d  _ZN3CCDC2Ev                                                      
00002015  _ZN3IMU4initEv                                                   
00004fd1  _ZN3IMU7HandlerEv                                                
00001135  _ZN3IMU8get_dataEv                                               
00004e6f  _ZN3IMUC2Ev                                                      
000056c5  _ZN5MotorC2Ev                                                    
0000574f  _ZN6Buzzer4stopEv                                                
00005761  _ZN6Buzzer5startEv                                               
000057e9  _ZN6BuzzerC1EP12GPTIMER_Regs                                     
000057e9  _ZN6BuzzerC2EP12GPTIMER_Regs                                     
000016ed  _ZN6Remote12process_dataEv                                       
000056d9  _ZN6Remote7HandlerEv                                             
00004d4d  _ZN6RemoteC1EP9UART_Regs                                         
00004d4d  _ZN6RemoteC2EP9UART_Regs                                         
000000c1  _ZN7Chassis7HandlerEv                                            
00000ba9  _ZN7Chassis7processEv                                            
00002f5d  _ZN7ChassisC1EP9N20_MotorS1_P3IMUP3CCDf                          
00002f5d  _ZN7ChassisC2EP9N20_MotorS1_P3IMUP3CCDf                          
00004e91  _ZN7Encoder7HandlerEv                                            
0000513f  _ZN7EncoderC1EPl                                                 
0000513f  _ZN7EncoderC2EPl                                                 
00002345  _ZN7LS7366R4initEhh                                              
00004169  _ZN7LS7366R5resetEv                                              
00002ead  _ZN7LS7366R7HandlerEv                                            
00004c39  _ZN7LS7366RC1EP8SPI_RegsP9GPIO_Regsjj                            
00004c39  _ZN7LS7366RC2EP8SPI_RegsP9GPIO_Regsjj                            
0000132d  _ZN8Tracking14calibrate_pos2E5PointS0_11ref_point_eS1_           
00000599  _ZN8Tracking7HandlerEv                                           
00003765  _ZN8TrackingC1EP7ChassisP10ControllerP14PID_Controller           
00003765  _ZN8TrackingC2EP7ChassisP10ControllerP14PID_Controller           
00004e29  _ZN9N20_Motor12pwm_set_dutyE17DL_TIMER_CC_INDEXt                 
00001a81  _ZN9N20_Motor16output_intensityEv                                
00002989  _ZN9N20_Motor17measure_parameterEv                               
00005773  _ZN9N20_Motor4initEv                                             
00005471  _ZN9N20_Motor7HandlerEv                                          
00003fb1  _ZN9N20_MotorC1EP12GPTIMER_Regs17DL_TIMER_CC_INDEXS2_P7Encoderfff
00003fb1  _ZN9N20_MotorC2EP12GPTIMER_Regs17DL_TIMER_CC_INDEXS2_P7Encoderfff
20208000  __STACK_END                                                      
00000200  __STACK_SIZE                                                     
00000000  __TI_ATRegion0_region_sz                                         
00000000  __TI_ATRegion0_src_addr                                          
00000000  __TI_ATRegion0_trg_addr                                          
00000000  __TI_ATRegion1_region_sz                                         
00000000  __TI_ATRegion1_src_addr                                          
00000000  __TI_ATRegion1_trg_addr                                          
00000000  __TI_ATRegion2_region_sz                                         
00000000  __TI_ATRegion2_src_addr                                          
00000000  __TI_ATRegion2_trg_addr                                          
000081b4  __TI_CINIT_Base                                                  
000081c4  __TI_CINIT_Limit                                                 
000081c4  __TI_CINIT_Warm                                                  
000081a0  __TI_Handler_Table_Base                                          
000081ac  __TI_Handler_Table_Limit                                         
00003c0d  __TI_auto_init_nobinit                                           
00003595  __TI_decompress_lzss                                             
00005797  __TI_decompress_none                                             
ffffffff  __TI_pprof_out_hndl                                              
ffffffff  __TI_prof_data_size                                              
ffffffff  __TI_prof_data_start                                             
00000000  __TI_static_base__                                               
00005581  __TI_zero_init_nomemset                                          
00001c23  __adddf3                                                         
000027e7  __addsf3                                                         
00003611  __aeabi_d2f                                                      
00003ffd  __aeabi_d2iz                                                     
00001c23  __aeabi_dadd                                                     
000039e1  __aeabi_dcmpeq                                                   
00003a1d  __aeabi_dcmpge                                                   
00003a31  __aeabi_dcmpgt                                                   
00003a09  __aeabi_dcmple                                                   
000039f5  __aeabi_dcmplt                                                   
00002239  __aeabi_ddiv                                                     
000026f9  __aeabi_dmul                                                     
00001c19  __aeabi_dsub                                                     
20200804  __aeabi_errno                                                    
0000582d  __aeabi_errno_addr                                               
0000448d  __aeabi_f2d                                                      
00004711  __aeabi_f2iz                                                     
000027e7  __aeabi_fadd                                                     
00003a45  __aeabi_fcmpeq                                                   
00003a81  __aeabi_fcmpge                                                   
00003a95  __aeabi_fcmpgt                                                   
00003a6d  __aeabi_fcmple                                                   
00003a59  __aeabi_fcmplt                                                   
00003491  __aeabi_fdiv                                                     
000031ed  __aeabi_fmul                                                     
000027dd  __aeabi_fsub                                                     
00004a7d  __aeabi_i2d                                                      
00004509  __aeabi_i2f                                                      
00001dab  __aeabi_idiv0                                                    
00005835  __aeabi_memcpy                                                   
00005835  __aeabi_memcpy4                                                  
00005835  __aeabi_memcpy8                                                  
00004c89  __aeabi_ui2f                                                     
0000444d  __aeabi_uidiv                                                    
0000444d  __aeabi_uidivmod                                                 
ffffffff  __binit__                                                        
00003845  __cmpdf2                                                         
00004581  __cmpsf2                                                         
00002239  __divdf3                                                         
00003491  __divsf3                                                         
00003845  __eqdf2                                                          
00004581  __eqsf2                                                          
0000448d  __extendsfdf2                                                    
00003ffd  __fixdfsi                                                        
00004711  __fixsfsi                                                        
00004a7d  __floatsidf                                                      
00004509  __floatsisf                                                      
00004c89  __floatunsisf                                                    
000037d5  __gedf2                                                          
00004545  __gesf2                                                          
000037d5  __gtdf2                                                          
00004545  __gtsf2                                                          
00003845  __ledf2                                                          
00004581  __lesf2                                                          
00003845  __ltdf2                                                          
00004581  __ltsf2                                                          
UNDEFED   __mpu_init                                                       
000026f9  __muldf3                                                         
000045bd  __muldsi3                                                        
000031ed  __mulsf3                                                         
00003845  __nedf2                                                          
00004581  __nesf2                                                          
20207e00  __stack                                                          
20200000  __start___llvm_prf_bits                                          
20200000  __start___llvm_prf_cnts                                          
20200000  __stop___llvm_prf_bits                                           
20200000  __stop___llvm_prf_cnts                                           
00001c19  __subdf3                                                         
000027dd  __subsf3                                                         
00003611  __truncdfsf2                                                     
00004cd9  _c_int00_noargs                                                  
UNDEFED   _system_post_cinit                                               
00005899  _system_pre_init                                                 
0000589d  abort                                                            
0000150d  acosf                                                            
000008b9  arm_sin_cos_f32                                                  
00001ee5  atan2f                                                           
000018b9  atanf                                                            
ffffffff  binit                                                            
20200808  buzzer                                                           
20200304  ccd                                                              
20200000  chassis                                                          
20200658  controller                                                       
20200a70  crc                                                              
20200828  crc1                                                             
2020080c  crc_err                                                          
00004cb1  delay_ms                                                         
2020082a  end_flag                                                         
2020083f  gCheckADC                                                        
20200844  gPWM_MOTOR0Backup                                                
20200900  gPWM_MOTOR1Backup                                                
20200a20  gSPI_ENCODERBackup                                               
20200a48  gSPI_IMUBackup                                                   
202006a8  imu                                                              
2020082c  imu660ra_acc_x                                                   
2020082e  imu660ra_acc_y                                                   
20200830  imu660ra_acc_z                                                   
000041b1  imu660ra_get_acc                                                 
000041f9  imu660ra_get_gyro                                                
20200832  imu660ra_gyro_x                                                  
20200834  imu660ra_gyro_y                                                  
20200836  imu660ra_gyro_z                                                  
00002611  imu660ra_init                                                    
20200810  imu660ra_state                                                   
202007e8  imu660ra_transition_factor                                       
20200840  init_flag                                                        
00000000  interruptVectors                                                 
202007c0  left_encoder                                                     
202006f8  left_motor                                                       
00002bcd  loop                                                             
2020077c  ls7366r                                                          
000054b9  main                                                             
20200724  pid_controller                                                   
20200838  power_vin                                                        
20200498  remote                                                           
20200814  remote_cnt                                                       
202007d4  right_encoder                                                    
20200750  right_motor                                                      
00002c8d  setup                                                            
20200841  signal_en_flag                                                   
000078a0  sinTable_f32                                                     
00003513  spi_read_8bit_registers                                          
00004881  spi_write_8bit_register                                          
00004945  spi_write_8bit_registers                                         
00003005  sqrtf                                                            
2020083a  start_flag                                                       
00002d49  task_handler                                                     
20200574  temp_rx                                                          
202005f4  tracking                                                         
20200818  uart1_cnt                                                        
202009bc  uart1_rx_buf                                                     
2020083c  uart1_rx_len                                                     
2020081c  uart1_state                                                      
20200820  utick                                                            
20200824  vin                                                              


GLOBAL SYMBOLS: SORTED BY Symbol Address 

address   name                                                             
-------   ----                                                             
00000000  __TI_ATRegion0_region_sz                                         
00000000  __TI_ATRegion0_src_addr                                          
00000000  __TI_ATRegion0_trg_addr                                          
00000000  __TI_ATRegion1_region_sz                                         
00000000  __TI_ATRegion1_src_addr                                          
00000000  __TI_ATRegion1_trg_addr                                          
00000000  __TI_ATRegion2_region_sz                                         
00000000  __TI_ATRegion2_src_addr                                          
00000000  __TI_ATRegion2_trg_addr                                          
00000000  __TI_static_base__                                               
00000000  interruptVectors                                                 
000000c1  _ZN7Chassis7HandlerEv                                            
00000200  __STACK_SIZE                                                     
00000599  _ZN8Tracking7HandlerEv                                           
000008b9  arm_sin_cos_f32                                                  
00000ba9  _ZN7Chassis7processEv                                            
00000e71  _ZN10Controller7HandlerEv                                        
00001135  _ZN3IMU8get_dataEv                                               
0000132d  _ZN8Tracking14calibrate_pos2E5PointS0_11ref_point_eS1_           
0000150d  acosf                                                            
000016ed  _ZN6Remote12process_dataEv                                       
000018b9  atanf                                                            
00001a81  _ZN9N20_Motor16output_intensityEv                                
00001c19  __aeabi_dsub                                                     
00001c19  __subdf3                                                         
00001c23  __adddf3                                                         
00001c23  __aeabi_dadd                                                     
00001dab  __aeabi_idiv0                                                    
00001dad  SYSCFG_DL_GPIO_init                                              
00001ee5  atan2f                                                           
00002015  _ZN3IMU4initEv                                                   
00002129  DL_Timer_initPWMMode                                             
00002239  __aeabi_ddiv                                                     
00002239  __divdf3                                                         
00002345  _ZN7LS7366R4initEhh                                              
00002439  DL_SYSCTL_configSYSPLL                                           
00002525  DL_TimerA_initPWMMode                                            
00002611  imu660ra_init                                                    
000026f9  __aeabi_dmul                                                     
000026f9  __muldf3                                                         
000027dd  __aeabi_fsub                                                     
000027dd  __subsf3                                                         
000027e7  __addsf3                                                         
000027e7  __aeabi_fadd                                                     
000028b5  SYSCFG_DL_initPower                                              
00002989  _ZN9N20_Motor17measure_parameterEv                               
00002a4d  _Z10test_powerv                                                  
00002b0d  _ZN3CCD7SI_sendEv                                                
00002bcd  loop                                                             
00002c8d  setup                                                            
00002d49  task_handler                                                     
00002dfd  UART0_IRQHandler                                                 
00002ead  _ZN7LS7366R7HandlerEv                                            
00002f5d  _ZN7ChassisC1EP9N20_MotorS1_P3IMUP3CCDf                          
00002f5d  _ZN7ChassisC2EP9N20_MotorS1_P3IMUP3CCDf                          
00003005  sqrtf                                                            
000030ad  _ZN14PID_Controller7HandlerEv                                    
00003151  SYSCFG_DL_ADC_CCD_init                                           
000031ed  __aeabi_fmul                                                     
000031ed  __mulsf3                                                         
00003279  SYSCFG_DL_PWM_MOTOR0_init                                        
00003301  SYSCFG_DL_TIM_CCD_init                                           
00003389  SYSCFG_DL_PWM_MOTOR1_init                                        
00003491  __aeabi_fdiv                                                     
00003491  __divsf3                                                         
00003513  spi_read_8bit_registers                                          
00003595  __TI_decompress_lzss                                             
0000360d  AES_IRQHandler                                                   
0000360d  CANFD0_IRQHandler                                                
0000360d  DAC0_IRQHandler                                                  
0000360d  DMA_IRQHandler                                                   
0000360d  Default_Handler                                                  
0000360d  GROUP0_IRQHandler                                                
0000360d  GROUP1_IRQHandler                                                
0000360d  HardFault_Handler                                                
0000360d  I2C0_IRQHandler                                                  
0000360d  I2C1_IRQHandler                                                  
0000360d  NMI_Handler                                                      
0000360d  PendSV_Handler                                                   
0000360d  RTC_IRQHandler                                                   
0000360d  SPI0_IRQHandler                                                  
0000360d  SPI1_IRQHandler                                                  
0000360d  SVC_Handler                                                      
0000360d  TIMA0_IRQHandler                                                 
0000360d  TIMA1_IRQHandler                                                 
0000360d  TIMG0_IRQHandler                                                 
0000360d  TIMG6_IRQHandler                                                 
0000360d  TIMG7_IRQHandler                                                 
0000360d  TIMG8_IRQHandler                                                 
0000360d  UART1_IRQHandler                                                 
0000360d  UART2_IRQHandler                                                 
0000360d  UART3_IRQHandler                                                 
00003611  __aeabi_d2f                                                      
00003611  __truncdfsf2                                                     
00003685  _Z14signal_Handlerv                                              
00003765  _ZN8TrackingC1EP7ChassisP10ControllerP14PID_Controller           
00003765  _ZN8TrackingC2EP7ChassisP10ControllerP14PID_Controller           
000037d5  __gedf2                                                          
000037d5  __gtdf2                                                          
00003845  __cmpdf2                                                         
00003845  __eqdf2                                                          
00003845  __ledf2                                                          
00003845  __ltdf2                                                          
00003845  __nedf2                                                          
000038b1  SYSCFG_DL_ADC_VIN_init                                           
00003919  DL_SYSCTL_setHFCLKSourceHFXTParams                               
0000397d  SYSCFG_DL_init                                                   
000039e1  __aeabi_dcmpeq                                                   
000039f5  __aeabi_dcmplt                                                   
00003a09  __aeabi_dcmple                                                   
00003a1d  __aeabi_dcmpge                                                   
00003a31  __aeabi_dcmpgt                                                   
00003a45  __aeabi_fcmpeq                                                   
00003a59  __aeabi_fcmplt                                                   
00003a6d  __aeabi_fcmple                                                   
00003a81  __aeabi_fcmpge                                                   
00003a95  __aeabi_fcmpgt                                                   
00003aa9  SYSCFG_DL_PWM_BUZZER_init                                        
00003b09  SPI_transmitData                                                 
00003bb9  SYSCFG_DL_UART_0_init                                            
00003c0d  __TI_auto_init_nobinit                                           
00003c61  ADC1_IRQHandler                                                  
00003d01  SysTick_Handler                                                  
00003ded  DL_ADC12_setClockConfig                                          
00003e39  DL_SYSCTL_switchMCLKfromSYSOSCtoHSCLK                            
00003e85  DL_UART_init                                                     
00003f67  _Z13UART_TransmitP9UART_RegsPht                                  
00003fb1  _ZN9N20_MotorC1EP12GPTIMER_Regs17DL_TIMER_CC_INDEXS2_P7Encoderfff
00003fb1  _ZN9N20_MotorC2EP12GPTIMER_Regs17DL_TIMER_CC_INDEXS2_P7Encoderfff
00003ffd  __aeabi_d2iz                                                     
00003ffd  __fixdfsi                                                        
00004049  DL_SPI_init                                                      
00004091  SYSCFG_DL_SYSCTL_init                                            
000040d9  _ZN10ControllerC1EP7Chassis                                      
000040d9  _ZN10ControllerC2EP7Chassis                                      
00004121  _ZN3CCD7HandlerEv                                                
00004169  _ZN7LS7366R5resetEv                                              
000041b1  imu660ra_get_acc                                                 
000041f9  imu660ra_get_gyro                                                
00004241  DL_DMA_initChannel                                               
000042cd  DL_Timer_setCaptureCompareOutCtl                                 
0000430d  SYSCFG_DL_SPI_ENCODER_init                                       
0000434d  SYSCFG_DL_SPI_IMU_init                                           
0000440d  _ZN14PID_ControllerC1EP7Chassis                                  
0000440d  _ZN14PID_ControllerC2EP7Chassis                                  
0000444d  __aeabi_uidiv                                                    
0000444d  __aeabi_uidivmod                                                 
0000448d  __aeabi_f2d                                                      
0000448d  __extendsfdf2                                                    
000044cd  DL_Timer_setCaptureCompareCtl                                    
00004509  __aeabi_i2f                                                      
00004509  __floatsisf                                                      
00004545  __gesf2                                                          
00004545  __gtsf2                                                          
00004581  __cmpsf2                                                         
00004581  __eqsf2                                                          
00004581  __lesf2                                                          
00004581  __ltsf2                                                          
00004581  __nesf2                                                          
000045bd  __muldsi3                                                        
00004711  __aeabi_f2iz                                                     
00004711  __fixsfsi                                                        
00004749  DL_Timer_setCaptCompUpdateMethod                                 
0000477d  DL_Timer_setCaptureCompareAction                                 
000047b1  DL_Timer_setCaptureCompareInput                                  
000047e5  DL_Timer_setClockConfig                                          
00004881  spi_write_8bit_register                                          
00004945  spi_write_8bit_registers                                         
00004975  ADC0_IRQHandler                                                  
000049cd  DL_Timer_setCaptureCompareValue                                  
00004a7d  __aeabi_i2d                                                      
00004a7d  __floatsidf                                                      
00004c39  _ZN7LS7366RC1EP8SPI_RegsP9GPIO_Regsjj                            
00004c39  _ZN7LS7366RC2EP8SPI_RegsP9GPIO_Regsjj                            
00004c89  __aeabi_ui2f                                                     
00004c89  __floatunsisf                                                    
00004cb1  delay_ms                                                         
00004cd9  _c_int00_noargs                                                  
00004d4d  _ZN6RemoteC1EP9UART_Regs                                         
00004d4d  _ZN6RemoteC2EP9UART_Regs                                         
00004d99  DL_SPI_setClockConfig                                            
00004dbd  DL_UART_setClockConfig                                           
00004e05  _ZN3CCD4initEv                                                   
00004e29  _ZN9N20_Motor12pwm_set_dutyE17DL_TIMER_CC_INDEXt                 
00004e4d  _ZN3CCDC2Ev                                                      
00004e6f  _ZN3IMUC2Ev                                                      
00004e91  _ZN7Encoder7HandlerEv                                            
00004fd1  _ZN3IMU7HandlerEv                                                
000050ed  TIMG12_IRQHandler                                                
0000513f  _ZN7EncoderC1EPl                                                 
0000513f  _ZN7EncoderC2EPl                                                 
00005339  SYSCFG_DL_DMA_CH0_init                                           
00005471  _ZN9N20_Motor7HandlerEv                                          
000054b9  main                                                             
00005581  __TI_zero_init_nomemset                                          
00005597  DL_Common_delayCycles                                            
00005639  _Z5atan2B6v15007ff                                               
000056c5  _ZN5MotorC2Ev                                                    
000056d9  _ZN6Remote7HandlerEv                                             
0000574f  _ZN6Buzzer4stopEv                                                
00005761  _ZN6Buzzer5startEv                                               
00005773  _ZN9N20_Motor4initEv                                             
00005785  TI_memcpy_small                                                  
00005797  __TI_decompress_none                                             
000057d9  SYSCFG_DL_SYSTICK_init                                           
000057e9  _ZN6BuzzerC1EP12GPTIMER_Regs                                     
000057e9  _ZN6BuzzerC2EP12GPTIMER_Regs                                     
00005825  SYSCFG_DL_DMA_init                                               
0000582d  __aeabi_errno_addr                                               
00005835  __aeabi_memcpy                                                   
00005835  __aeabi_memcpy4                                                  
00005835  __aeabi_memcpy8                                                  
00005885  Reset_Handler                                                    
00005899  _system_pre_init                                                 
0000589c  C$$EXIT                                                          
0000589d  abort                                                            
000078a0  sinTable_f32                                                     
00008168  SHT$$INIT_ARRAY$$Base                                            
0000816c  SHT$$INIT_ARRAY$$Limit                                           
000081a0  __TI_Handler_Table_Base                                          
000081ac  __TI_Handler_Table_Limit                                         
000081b4  __TI_CINIT_Base                                                  
000081c4  __TI_CINIT_Limit                                                 
000081c4  __TI_CINIT_Warm                                                  
20200000  __start___llvm_prf_bits                                          
20200000  __start___llvm_prf_cnts                                          
20200000  __stop___llvm_prf_bits                                           
20200000  __stop___llvm_prf_cnts                                           
20200000  chassis                                                          
20200304  ccd                                                              
20200498  remote                                                           
20200574  temp_rx                                                          
202005f4  tracking                                                         
20200658  controller                                                       
202006a8  imu                                                              
202006f8  left_motor                                                       
20200724  pid_controller                                                   
20200750  right_motor                                                      
2020077c  ls7366r                                                          
202007c0  left_encoder                                                     
202007d4  right_encoder                                                    
202007e8  imu660ra_transition_factor                                       
202007f0  ADC_VIN_cnt                                                      
202007f4  ADC_cnt                                                          
202007f8  CCD_cnt                                                          
202007fc  DMA_EN_cnt                                                       
20200804  __aeabi_errno                                                    
20200808  buzzer                                                           
2020080c  crc_err                                                          
20200810  imu660ra_state                                                   
20200814  remote_cnt                                                       
20200818  uart1_cnt                                                        
2020081c  uart1_state                                                      
20200820  utick                                                            
20200824  vin                                                              
20200828  crc1                                                             
2020082a  end_flag                                                         
2020082c  imu660ra_acc_x                                                   
2020082e  imu660ra_acc_y                                                   
20200830  imu660ra_acc_z                                                   
20200832  imu660ra_gyro_x                                                  
20200834  imu660ra_gyro_y                                                  
20200836  imu660ra_gyro_z                                                  
20200838  power_vin                                                        
2020083a  start_flag                                                       
2020083c  uart1_rx_len                                                     
2020083f  gCheckADC                                                        
20200840  init_flag                                                        
20200841  signal_en_flag                                                   
20200844  gPWM_MOTOR0Backup                                                
20200900  gPWM_MOTOR1Backup                                                
202009bc  uart1_rx_buf                                                     
20200a20  gSPI_ENCODERBackup                                               
20200a48  gSPI_IMUBackup                                                   
20200a70  crc                                                              
20207e00  __stack                                                          
20208000  __STACK_END                                                      
ffffffff  __TI_pprof_out_hndl                                              
ffffffff  __TI_prof_data_size                                              
ffffffff  __TI_prof_data_start                                             
ffffffff  __binit__                                                        
ffffffff  binit                                                            
UNDEFED   __mpu_init                                                       
UNDEFED   _system_post_cinit                                               

[284 symbols]
