******************************************************************************
            TI ARM Clang Linker PC v3.2.2                      
******************************************************************************
>> Linked Wed Jul 31 23:11:56 2024

OUTPUT FILE NAME:   <control.out>
ENTRY POINT SYMBOL: "_c_int00_noargs"  address: 0000472d


MEMORY CONFIGURATION

         name            origin    length      used     unused   attr    fill
----------------------  --------  ---------  --------  --------  ----  --------
  FLASH                 00000000   00020000  00005db8  0001a248  R  X
  SRAM                  20200000   00008000  00000dca  00007236  RW X
  BCR_CONFIG            41c00000   00000080  00000000  00000080  R   
  BSL_CONFIG            41c00100   00000080  00000000  00000080  R   


SEGMENT ALLOCATION MAP

run origin  load origin   length   init length attrs members
----------  ----------- ---------- ----------- ----- -------
00000000    00000000    00005db8   00005db8    r-x
  00000000    00000000    000000c0   000000c0    r-- .intvecs
  000000c0    000000c0    000051c0   000051c0    r-x .text
  00005280    00005280    000008c8   000008c8    r-- .rodata
  00005b48    00005b48    00000008   00000008    r-- .init_array
  00005b50    00005b50    00000268   00000268    r-- .cinit
20200000    20200000    00000bca   00000000    rw-
  20200000    20200000    0000099c   00000000    rw- .data
  2020099c    2020099c    0000022e   00000000    rw- .bss
20207e00    20207e00    00000200   00000000    rw-
  20207e00    20207e00    00000200   00000000    rw- .stack


SECTION ALLOCATION MAP

 output                                  attributes/
section   page    origin      length       input sections
--------  ----  ----------  ----------   ----------------
.intvecs   0    00000000    000000c0     
                  00000000    000000c0     startup_mspm0g350x_ticlang.o (.intvecs)

.binit     0    00000000    00000000     

.text      0    000000c0    000051c0     
                  000000c0    0000043c     Chassis.o (.text._ZN7Chassis7HandlerEv)
                  000004fc    000002f0     arm_cortexM0l_math.a : arm_sin_cos_f32.o (.text.arm_sin_cos_f32)
                  000007ec    000002c4     Controller.o (.text._ZN10Controller7HandlerEv)
                  00000ab0    00000298     Chassis.o (.text._ZN7Chassis7processEv)
                  00000d48    00000248     IMU.o (.text._ZN3IMU8get_dataEv)
                  00000f90    000001cc     Remote.o (.text._ZN6Remote12process_dataEv)
                  0000115c    000001c8     libc.a : s_atanf.c.obj (.text.atanf)
                  00001324    00000198     N20_Motor.o (.text._ZN9N20_Motor16output_intensityEv)
                  000014bc    00000192     libclang_rt.builtins.a : adddf3.S.obj (.text.adddf3_subdf3)
                  0000164e    00000002                            : aeabi_div0.c.obj (.text.__aeabi_idiv0)
                  00001650    00000180     imu963ra.o (.text.imu963ra_init)
                  000017d0    00000180     task.o (.text.task_handler)
                  00001950    00000130     libc.a : e_atan2f.c.obj (.text.atan2f)
                  00001a80    0000012c     ti_msp_dl_config.o (.text.SYSCFG_DL_GPIO_init)
                  00001bac    00000120     N20_Motor.o (.text._ZN9N20_Motor17measure_parameterEv)
                  00001ccc    00000114     IMU.o (.text._ZN3IMU4initEv)
                  00001de0    00000110     driverlib.a : dl_timer.o (.text.DL_Timer_initPWMMode)
                  00001ef0    0000010c     libclang_rt.builtins.a : divdf3.S.obj (.text.__divdf3)
                  00001ffc    000000f4     LS7366R.o (.text._ZN7LS7366R4initEhh)
                  000020f0    000000ec     driverlib.a : dl_sysctl_mspm0g1x0x_g3x0x.o (.text.DL_SYSCTL_configSYSPLL)
                  000021dc    000000ec                 : dl_timer.o (.text.DL_TimerA_initPWMMode)
                  000022c8    000000e4     libclang_rt.builtins.a : muldf3.S.obj (.text.__muldf3)
                  000023ac    000000d8                            : addsf3.S.obj (.text)
                  00002484    000000d4     ti_msp_dl_config.o (.text.SYSCFG_DL_initPower)
                  00002558    000000c4     task.o (.text.loop)
                  0000261c    000000c0     task.o (.text._Z10test_powerv)
                  000026dc    000000c0     CCD.o (.text._ZN3CCD7SI_sendEv)
                  0000279c    000000bc     task.o (.text.setup)
                  00002858    000000b0     task.o (.text.UART0_IRQHandler)
                  00002908    000000ae     LS7366R.o (.text._ZN7LS7366R7HandlerEv)
                  000029b6    00000002     --HOLE-- [fill = 0]
                  000029b8    000000a8     libc.a : e_sqrtf.c.obj (.text.sqrtf)
                  00002a60    000000a2     PID_Controller.o (.text._ZN14PID_Controller7HandlerEv)
                  00002b02    00000002     --HOLE-- [fill = 0]
                  00002b04    0000009c     ti_msp_dl_config.o (.text.SYSCFG_DL_ADC_CCD_init)
                  00002ba0    0000008e     imu963ra.o (.text._ZL27imu963ra_write_mag_registerhhh)
                  00002c2e    00000002     --HOLE-- [fill = 0]
                  00002c30    0000008c     libclang_rt.builtins.a : mulsf3.S.obj (.text.__mulsf3)
                  00002cbc    00000088     ti_msp_dl_config.o (.text.SYSCFG_DL_PWM_MOTOR0_init)
                  00002d44    00000088     ti_msp_dl_config.o (.text.SYSCFG_DL_TIM_CCD_init)
                  00002dcc    00000084     ti_msp_dl_config.o (.text.SYSCFG_DL_PWM_MOTOR1_init)
                  00002e50    00000084     ti_msp_dl_config.o (.text.__NVIC_SetPriority)
                  00002ed4    00000082     libclang_rt.builtins.a : divsf3.S.obj (.text.__divsf3)
                  00002f56    00000082     hal.o (.text.spi_read_8bit_registers)
                  00002fd8    00000078     libc.a : copy_decompress_lzss.c.obj (.text:decompress:lzss)
                  00003050    00000076     imu963ra.o (.text._ZL26imu963ra_read_mag_registerhh)
                  000030c6    00000008     ti_msp_dl_config.o (.text.SYSCFG_DL_DMA_init)
                  000030ce    00000002     --HOLE-- [fill = 0]
                  000030d0    00000074     libclang_rt.builtins.a : truncdfsf2.S.obj (.text.__truncdfsf2)
                  00003144    00000070     task.o (.text._Z14signal_Handlerv)
                  000031b4    00000070     imu963ra.o (.text.imu963ra_get_mag)
                  00003224    00000068     ti_msp_dl_config.o (.text.SYSCFG_DL_ADC_VIN_init)
                  0000328c    00000068     hal.o (.text.spi_read_8bit_register)
                  000032f4    00000064     driverlib.a : dl_sysctl_mspm0g1x0x_g3x0x.o (.text.DL_SYSCTL_setHFCLKSourceHFXTParams)
                  00003358    00000064     ti_msp_dl_config.o (.text.SYSCFG_DL_init)
                  000033bc    00000062     libclang_rt.builtins.a : aeabi_fcmp.S.obj (.text.__aeabi_fcmp)
                  0000341e    00000002     --HOLE-- [fill = 0]
                  00003420    00000060     ti_msp_dl_config.o (.text.SYSCFG_DL_PWM_BUZZER_init)
                  00003480    0000005a     hal.o (.text.SPI_transmitData)
                  000034da    00000002     --HOLE-- [fill = 0]
                  000034dc    00000058     Chassis.o (.text._ZN7ChassisC2EP9N20_MotorS1_P3IMUP3CCDf)
                  00003534    00000054     driverlib.a : dl_dma.o (.text.DL_DMA_configTransfer)
                  00003588    00000054     ti_msp_dl_config.o (.text.SYSCFG_DL_UART_0_init)
                  000035dc    00000054     libc.a : autoinit.c.obj (.text:__TI_auto_init_nobinit)
                  00003630    00000050     task.o (.text.ADC1_IRQHandler)
                  00003680    00000050     ti_msp_dl_config.o (.text.SysTick_Config)
                  000036d0    00000050     it.o (.text.SysTick_Handler)
                  00003720    00000050     imu963ra.o (.text._ZL23imu963ra_mag_self_checkv)
                  00003770    0000004e     imu963ra.o (.text._ZL28imu963ra_acc_gyro_self_checkv)
                  000037be    00000002     --HOLE-- [fill = 0]
                  000037c0    0000004c     ti_msp_dl_config.o (.text.DL_ADC12_initSingleSample)
                  0000380c    0000004c     driverlib.a : dl_adc12.o (.text.DL_ADC12_setClockConfig)
                  00003858    0000004c                 : dl_sysctl_mspm0g1x0x_g3x0x.o (.text.DL_SYSCTL_switchMCLKfromSYSOSCtoHSCLK)
                  000038a4    0000004c                 : dl_uart.o (.text.DL_UART_init)
                  000038f0    0000004c     ti_msp_dl_config.o (.text.DL_UART_setBaudRateDivisor)
                  0000393c    0000004c     imu963ra.o (.text._ZL31imu963ra_read_acc_gyro_registerh)
                  00003988    0000004a     ti_msp_dl_config.o (.text.DL_ADC12_configConversionMem)
                  000039d2    0000004a     task.o (.text._Z13UART_TransmitP9UART_RegsPht)
                  00003a1c    0000004a     N20_Motor.o (.text._ZN9N20_MotorC2EP12GPTIMER_Regs17DL_TIMER_CC_INDEXS2_P7Encoderfff)
                  00003a66    00000002     --HOLE-- [fill = 0]
                  00003a68    0000004a     libclang_rt.builtins.a : fixdfsi.S.obj (.text.__fixdfsi)
                  00003ab2    00000002     --HOLE-- [fill = 0]
                  00003ab4    00000048     driverlib.a : dl_spi.o (.text.DL_SPI_init)
                  00003afc    00000048     ti_msp_dl_config.o (.text.SYSCFG_DL_SYSCTL_init)
                  00003b44    00000048     CCD.o (.text._ZN3CCD7HandlerEv)
                  00003b8c    00000048     LS7366R.o (.text._ZN7LS7366R5resetEv)
                  00003bd4    00000048     imu963ra.o (.text.imu963ra_get_acc)
                  00003c1c    00000048     imu963ra.o (.text.imu963ra_get_gyro)
                  00003c64    00000046     driverlib.a : dl_dma.o (.text.DL_DMA_initChannel)
                  00003caa    00000002     --HOLE-- [fill = 0]
                  00003cac    00000044     imu963ra.o (.text._ZL32imu963ra_read_acc_gyro_registershPhj)
                  00003cf0    00000040     driverlib.a : dl_timer.o (.text.DL_Timer_setCaptureCompareOutCtl)
                  00003d30    00000040     ti_msp_dl_config.o (.text.SYSCFG_DL_SPI_ENCODER_init)
                  00003d70    00000040     ti_msp_dl_config.o (.text.SYSCFG_DL_SPI_IMU_init)
                  00003db0    00000040     imu963ra.o (.text._ZL20imu963ra_connect_maghh)
                  00003df0    00000040     imu963ra.o (.text._ZL32imu963ra_write_acc_gyro_registerhh)
                  00003e30    00000040     Controller.o (.text._ZN10ControllerC2EP7Chassis)
                  00003e70    00000040     libclang_rt.builtins.a : aeabi_uidivmod.S.obj (.text.__aeabi_uidivmod)
                  00003eb0    00000040                            : extendsfdf2.S.obj (.text.__extendsfdf2)
                  00003ef0    0000003c     driverlib.a : dl_timer.o (.text.DL_Timer_setCaptureCompareCtl)
                  00003f2c    0000003c     PID_Controller.o (.text._ZN14PID_ControllerC2EP7Chassis)
                  00003f68    0000003c     libclang_rt.builtins.a : floatsisf.S.obj (.text.__floatsisf)
                  00003fa4    0000003c                            : comparesf2.S.obj (.text.__gtsf2)
                  00003fe0    0000003a                            : comparesf2.S.obj (.text.__eqsf2)
                  0000401a    00000002     --HOLE-- [fill = 0]
                  0000401c    0000003a                            : muldsi3.S.obj (.text.__muldsi3)
                  00004056    00000002     --HOLE-- [fill = 0]
                  00004058    00000038     driverlib.a : dl_dma.o (.text.DL_DMA_setTrigger)
                  00004090    00000038     ti_msp_dl_config.o (.text.DL_Timer_setPublisherChanID)
                  000040c8    00000038     task.o (.text.__cxx_global_var_init.3)
                  00004100    00000038     task.o (.text.__cxx_global_var_init.4)
                  00004138    00000038     libclang_rt.builtins.a : fixsfsi.S.obj (.text.__fixsfsi)
                  00004170    00000034     driverlib.a : dl_timer.o (.text.DL_Timer_setCaptCompUpdateMethod)
                  000041a4    00000034                 : dl_timer.o (.text.DL_Timer_setCaptureCompareAction)
                  000041d8    00000034                 : dl_timer.o (.text.DL_Timer_setCaptureCompareInput)
                  0000420c    00000034                 : dl_timer.o (.text.DL_Timer_setClockConfig)
                  00004240    00000034     task.o (.text._GLOBAL__sub_I_task.cpp)
                  00004274    00000034     CCD.o (.text._ZL17__NVIC_DisableIRQ4IRQn)
                  000042a8    00000034     task.o (.text.__cxx_global_var_init.9)
                  000042dc    00000032     hal.o (.text.spi_write_8bit_register)
                  0000430e    00000002     --HOLE-- [fill = 0]
                  00004310    00000030     ti_msp_dl_config.o (.text.DL_SPI_setFIFOThreshold)
                  00004340    00000030     task.o (.text._ZL21DL_ADC12_getMemResultP10ADC12_Regs16DL_ADC12_MEM_IDX)
                  00004370    00000030     CCD.o (.text._ZL22DL_DMA_setTransferSizeP8DMA_Regsht)
                  000043a0    0000002c     task.o (.text.ADC0_IRQHandler)
                  000043cc    0000002c     ti_msp_dl_config.o (.text.DL_ADC12_setDMASamplesCnt)
                  000043f8    0000002c     driverlib.a : dl_timer.o (.text.DL_Timer_setCaptureCompareValue)
                  00004424    0000002c     CCD.o (.text._ZL16__NVIC_EnableIRQ4IRQn)
                  00004450    0000002c     task.o (.text._ZL16__NVIC_EnableIRQ4IRQn)
                  0000447c    0000002c     task.o (.text._ZL22__NVIC_ClearPendingIRQ4IRQn)
                  000044a8    0000002c     libclang_rt.builtins.a : floatsidf.S.obj (.text.__floatsidf)
                  000044d4    00000028     driverlib.a : dl_adc12.o (.text.DL_Common_updateReg)
                  000044fc    00000028                 : dl_dma.o (.text.DL_Common_updateReg)
                  00004524    00000028                 : dl_spi.o (.text.DL_Common_updateReg)
                  0000454c    00000028                 : dl_sysctl_mspm0g1x0x_g3x0x.o (.text.DL_Common_updateReg)
                  00004574    00000028                 : dl_timer.o (.text.DL_Common_updateReg)
                  0000459c    00000028                 : dl_uart.o (.text.DL_Common_updateReg)
                  000045c4    00000028     ti_msp_dl_config.o (.text.DL_Common_updateReg)
                  000045ec    00000028     ti_msp_dl_config.o (.text.DL_Timer_enableEvent)
                  00004614    00000028     CCD.o (.text._ZL17DL_DMA_setSrcAddrP8DMA_Regshj)
                  0000463c    00000028     CCD.o (.text._ZL18DL_DMA_setDestAddrP8DMA_Regshj)
                  00004664    00000028     Encoder.o (.text._ZN7Encoder7HandlerEv)
                  0000468c    00000028     LS7366R.o (.text._ZN7LS7366RC2EP8SPI_RegsP9GPIO_Regsjj)
                  000046b4    00000028     task.o (.text.__cxx_global_var_init)
                  000046dc    00000028     libclang_rt.builtins.a : floatunsisf.S.obj (.text.__floatunsisf)
                  00004704    00000028     it.o (.text.delay_ms)
                  0000472c    00000028     libc.a : boot_cortex_m.c.obj (.text:_c_int00_noargs)
                  00004754    00000026     CCD.o (.text._ZL20DL_DMA_enableChannelP8DMA_Regsh)
                  0000477a    00000026     task.o (.text._ZL21DL_DMA_disableChannelP8DMA_Regsh)
                  000047a0    00000026     Remote.o (.text._ZN6RemoteC2EP9UART_Regs)
                  000047c6    00000002     --HOLE-- [fill = 0]
                  000047c8    00000024     ti_msp_dl_config.o (.text.DL_SPI_setBitRateSerialClockDivider)
                  000047ec    00000024     driverlib.a : dl_spi.o (.text.DL_SPI_setClockConfig)
                  00004810    00000024                 : dl_uart.o (.text.DL_UART_setClockConfig)
                  00004834    00000024     CCD.o (.text._ZL28DL_ADC12_getMemResultAddressP10ADC12_Regs16DL_ADC12_MEM_IDX)
                  00004858    00000024     CCD.o (.text._ZN3CCD4initEv)
                  0000487c    00000024     N20_Motor.o (.text._ZN9N20_Motor12pwm_set_dutyE17DL_TIMER_CC_INDEXt)
                  000048a0    00000022     task.o (.text._ZN3CCDC2Ev)
                  000048c2    00000022     task.o (.text._ZN3IMUC2Ev)
                  000048e4    00000020     ti_msp_dl_config.o (.text.DL_ADC12_setStartAddress)
                  00004904    00000020     driverlib.a : dl_sysctl_mspm0g1x0x_g3x0x.o (.text.DL_CORE_configInstruction)
                  00004924    00000020     ti_msp_dl_config.o (.text.DL_GPIO_initPeripheralInputFunction)
                  00004944    00000020     ti_msp_dl_config.o (.text.DL_SYSCTL_setFlashWaitState)
                  00004964    00000020     driverlib.a : dl_sysctl_mspm0g1x0x_g3x0x.o (.text.DL_SYSCTL_setHFXTFrequencyRange)
                  00004984    00000020                 : dl_timer.o (.text.DL_Timer_setCounterValueAfterEnable)
                  000049a4    0000001e     ti_msp_dl_config.o (.text.DL_ADC12_setPowerDownMode)
                  000049c2    0000001e     ti_msp_dl_config.o (.text.DL_UART_setOversampling)
                  000049e0    0000001e     IMU.o (.text._ZN3IMU7HandlerEv)
                  000049fe    00000002     --HOLE-- [fill = 0]
                  00004a00    0000001c     ti_msp_dl_config.o (.text.DL_ADC12_clearInterruptStatus)
                  00004a1c    0000001c     ti_msp_dl_config.o (.text.DL_ADC12_enableDMA)
                  00004a38    0000001c     ti_msp_dl_config.o (.text.DL_ADC12_enableDMATrigger)
                  00004a54    0000001c     ti_msp_dl_config.o (.text.DL_ADC12_enableInterrupt)
                  00004a70    0000001c     ti_msp_dl_config.o (.text.DL_GPIO_initPeripheralOutputFunction)
                  00004a8c    0000001c     ti_msp_dl_config.o (.text.DL_SYSCTL_setSYSOSCFreq)
                  00004aa8    0000001c     ti_msp_dl_config.o (.text.DL_SYSCTL_setULPCLKDivider)
                  00004ac4    0000001c     ti_msp_dl_config.o (.text.DL_Timer_enableInterrupt)
                  00004ae0    0000001c     ti_msp_dl_config.o (.text.DL_UART_enableInterrupt)
                  00004afc    0000001c     task.o (.text.TIMG12_IRQHandler)
                  00004b18    0000001c     task.o (.text._ZL24DL_ADC12_startConversionP10ADC12_Regs)
                  00004b34    0000001a     ti_msp_dl_config.o (.text.DL_ADC12_setSubscriberChanID)
                  00004b4e    0000001a     Encoder.o (.text._ZN7EncoderC2EPl)
                  00004b68    00000018     ti_msp_dl_config.o (.text.DL_ADC12_enablePower)
                  00004b80    00000018     ti_msp_dl_config.o (.text.DL_ADC12_reset)
                  00004b98    00000018     ti_msp_dl_config.o (.text.DL_ADC12_setSampleTime0)
                  00004bb0    00000018     ti_msp_dl_config.o (.text.DL_GPIO_enableOutput)
                  00004bc8    00000018     ti_msp_dl_config.o (.text.DL_GPIO_enablePower)
                  00004be0    00000018     ti_msp_dl_config.o (.text.DL_GPIO_initDigitalOutput)
                  00004bf8    00000018     ti_msp_dl_config.o (.text.DL_GPIO_initPeripheralAnalogFunction)
                  00004c10    00000018     ti_msp_dl_config.o (.text.DL_GPIO_reset)
                  00004c28    00000018     ti_msp_dl_config.o (.text.DL_SPI_enable)
                  00004c40    00000018     ti_msp_dl_config.o (.text.DL_SPI_enablePower)
                  00004c58    00000018     ti_msp_dl_config.o (.text.DL_SPI_reset)
                  00004c70    00000018     ti_msp_dl_config.o (.text.DL_SYSCTL_setBORThreshold)
                  00004c88    00000018     driverlib.a : dl_sysctl_mspm0g1x0x_g3x0x.o (.text.DL_SYSCTL_setHFXTStartupTime)
                  00004ca0    00000018                 : dl_sysctl_mspm0g1x0x_g3x0x.o (.text.DL_SYSCTL_setHSCLKSource)
                  00004cb8    00000018     ti_msp_dl_config.o (.text.DL_Timer_enablePower)
                  00004cd0    00000018     ti_msp_dl_config.o (.text.DL_Timer_reset)
                  00004ce8    00000018     driverlib.a : dl_timer.o (.text.DL_Timer_setLoadValue)
                  00004d00    00000018     ti_msp_dl_config.o (.text.DL_UART_enablePower)
                  00004d18    00000018     ti_msp_dl_config.o (.text.DL_UART_reset)
                  00004d30    00000018     ti_msp_dl_config.o (.text.SYSCFG_DL_DMA_CH0_init)
                  00004d48    00000018     hal.o (.text._ZL13DL_SPI_isBusyP8SPI_Regs)
                  00004d60    00000018     task.o (.text._ZL14DL_UART_isBusyP9UART_Regs)
                  00004d78    00000018     CCD.o (.text._ZL15DL_GPIO_setPinsP9GPIO_Regsj)
                  00004d90    00000018     LS7366R.o (.text._ZL15DL_GPIO_setPinsP9GPIO_Regsj)
                  00004da8    00000018     imu963ra.o (.text._ZL15DL_GPIO_setPinsP9GPIO_Regsj)
                  00004dc0    00000018     task.o (.text._ZL15DL_GPIO_setPinsP9GPIO_Regsj)
                  00004dd8    00000018     it.o (.text._ZL18DL_GPIO_togglePinsP9GPIO_Regsj)
                  00004df0    00000018     hal.o (.text._ZL20DL_SPI_isRXFIFOEmptyP8SPI_Regs)
                  00004e08    00000018     Buzzer.o (.text._ZL20DL_Timer_stopCounterP12GPTIMER_Regs)
                  00004e20    00000018     Buzzer.o (.text._ZL21DL_Timer_startCounterP12GPTIMER_Regs)
                  00004e38    00000018     CCD.o (.text._ZL21DL_Timer_startCounterP12GPTIMER_Regs)
                  00004e50    00000018     N20_Motor.o (.text._ZL21DL_Timer_startCounterP12GPTIMER_Regs)
                  00004e68    00000018     N20_Motor.o (.text._ZN9N20_Motor7HandlerEv)
                  00004e80    00000018     task.o (.text.__cxx_global_var_init.1)
                  00004e98    00000018     task.o (.text.__cxx_global_var_init.2)
                  00004eb0    00000018     control.o (.text.main)
                  00004ec8    00000016     ti_msp_dl_config.o (.text.DL_ADC12_enableConversions)
                  00004ede    00000016     driverlib.a : dl_uart.o (.text.DL_UART_disable)
                  00004ef4    00000016     ti_msp_dl_config.o (.text.DL_UART_enable)
                  00004f0a    00000016     hal.o (.text._ZL20DL_SPI_transmitData8P8SPI_Regsh)
                  00004f20    00000016     task.o (.text._ZL20DL_UART_transmitDataP9UART_Regsh)
                  00004f36    00000016     CCD.o (.text._ZL26DL_ADC12_enableConversionsP10ADC12_Regs)
                  00004f4c    00000016     task.o (.text._ZL26DL_ADC12_enableConversionsP10ADC12_Regs)
                  00004f62    00000016     task.o (.text._ZL27DL_ADC12_disableConversionsP10ADC12_Regs)
                  00004f78    00000016     libc.a : copy_zero_init.c.obj (.text:decompress:ZI:__TI_zero_init_nomemset)
                  00004f8e    00000014     driverlib.a : dl_common.o (.text.DL_Common_delayCycles)
                  00004fa2    00000014     ti_msp_dl_config.o (.text.DL_GPIO_clearPins)
                  00004fb6    00000002     --HOLE-- [fill = 0]
                  00004fb8    00000014     driverlib.a : dl_sysctl_mspm0g1x0x_g3x0x.o (.text.DL_SYSCTL_disableHFCLKStartupMonitor)
                  00004fcc    00000014                 : dl_sysctl_mspm0g1x0x_g3x0x.o (.text.DL_SYSCTL_disableSYSPLL)
                  00004fe0    00000014     ti_msp_dl_config.o (.text.DL_SYSCTL_disableSYSPLL)
                  00004ff4    00000014     driverlib.a : dl_sysctl_mspm0g1x0x_g3x0x.o (.text.DL_SYSCTL_enableHFCLKStartupMonitor)
                  00005008    00000014     ti_msp_dl_config.o (.text.DL_Timer_enableClock)
                  0000501c    00000014     ti_msp_dl_config.o (.text.DL_Timer_setCCPDirection)
                  00005030    00000014     Controller.o (.text._Z5atan2B6v15007ff)
                  00005044    00000014     CCD.o (.text._ZL17DL_GPIO_clearPinsP9GPIO_Regsj)
                  00005058    00000014     LS7366R.o (.text._ZL17DL_GPIO_clearPinsP9GPIO_Regsj)
                  0000506c    00000014     imu963ra.o (.text._ZL17DL_GPIO_clearPinsP9GPIO_Regsj)
                  00005080    00000014     task.o (.text._ZL17DL_GPIO_clearPinsP9GPIO_Regsj)
                  00005094    00000014     hal.o (.text._ZL19DL_SPI_receiveData8P8SPI_Regs)
                  000050a8    00000014     task.o (.text._ZL19DL_UART_receiveDataP9UART_Regs)
                  000050bc    00000014     N20_Motor.o (.text._ZN5MotorC2Ev)
                  000050d0    00000014     Remote.o (.text._ZN6Remote7HandlerEv)
                  000050e4    00000014     task.o (.text.__cxx_global_var_init.10)
                  000050f8    00000014     task.o (.text.__cxx_global_var_init.11)
                  0000510c    00000014     task.o (.text.__cxx_global_var_init.6)
                  00005120    00000014     task.o (.text.__cxx_global_var_init.8)
                  00005134    00000012     task.o (.text._ZL28DL_ADC12_getPendingInterruptP10ADC12_Regs)
                  00005146    00000012     Buzzer.o (.text._ZN6Buzzer4stopEv)
                  00005158    00000012     Buzzer.o (.text._ZN6Buzzer5startEv)
                  0000516a    00000012     N20_Motor.o (.text._ZN9N20_Motor4initEv)
                  0000517c    00000012     libc.a : memcpy16.S.obj (.text:TI_memcpy_small)
                  0000518e    00000012            : copy_decompress_none.c.obj (.text:decompress:none)
                  000051a0    00000010     driverlib.a : dl_sysctl_mspm0g1x0x_g3x0x.o (.text.DL_CORE_getInstructionConfig)
                  000051b0    00000010                 : dl_sysctl_mspm0g1x0x_g3x0x.o (.text.DL_SYSCTL_disableHFXT)
                  000051c0    00000010     ti_msp_dl_config.o (.text.DL_SYSCTL_disableHFXT)
                  000051d0    00000010     ti_msp_dl_config.o (.text.SYSCFG_DL_SYSTICK_init)
                  000051e0    00000010     Buzzer.o (.text._ZN6BuzzerC2EP12GPTIMER_Regs)
                  000051f0    00000010     task.o (.text.__cxx_global_var_init.5)
                  00005200    00000010     task.o (.text.__cxx_global_var_init.7)
                  00005210    0000000c     driverlib.a : dl_sysctl_mspm0g1x0x_g3x0x.o (.text.DL_SYSCTL_getClockStatus)
                  0000521c    00000008     libc.a : aeabi_portable.c.obj (.text.__aeabi_errno_addr)
                  00005224    00000008     libclang_rt.builtins.a : aeabi_memcpy.S.obj (.text.__aeabi_memcpy)
                  0000522c    00000006     libc.a : s_atanf.c.obj (.text.OUTLINED_FUNCTION_0)
                  00005232    00000002     --HOLE-- [fill = 0]
                  00005234    00000010     libclang_rt.builtins.a : divsf3.S.obj (.tramp.__aeabi_fdiv.1)
                  00005244    00000004     startup_mspm0g350x_ticlang.o (.text.Default_Handler)
                  00005248    00000004     libc.a : s_atanf.c.obj (.text.OUTLINED_FUNCTION_1)
                  0000524c    00000010     libclang_rt.builtins.a : addsf3.S.obj (.tramp.__aeabi_fadd.1)
                  0000525c    00000004     startup_mspm0g350x_ticlang.o (.text.Reset_Handler)
                  00005260    00000010     libc.a : boot_cortex_m.c.obj (.tramp._c_int00_noargs.1)
                  00005270    00000004            : pre_init.c.obj (.text._system_pre_init)
                  00005274    00000004            : exit.c.obj (.text:abort)
                  00005278    00000008     --HOLE-- [fill = 0]

.cinit     0    00005b50    00000268     
                  00005b50    00000244     (.cinit..data.load) [load image, compression = lzss]
                  00005d94    0000000c     (__TI_handler_table)
                  00005da0    00000008     (.cinit..bss.load) [load image, compression = zero_init]
                  00005da8    00000010     (__TI_cinit_table)

.rodata    0    00005280    000008c8     
                  00005280    00000804     arm_cortexM0l_math.a : arm_common_tables.o (.rodata.sinTable_f32)
                  00005a84    00000028     ti_msp_dl_config.o (.rodata.gSYSPLLConfig)
                  00005aac    00000020     libc.a : s_atanf.c.obj (.rodata.cst16)
                  00005acc    00000018     ti_msp_dl_config.o (.rodata.gDMA_CH0Config)
                  00005ae4    0000000a     ti_msp_dl_config.o (.rodata.gSPI_ENCODER_config)
                  00005aee    0000000a     ti_msp_dl_config.o (.rodata.gSPI_IMU_config)
                  00005af8    0000000a     ti_msp_dl_config.o (.rodata.gUART_0Config)
                  00005b02    00000002     ti_msp_dl_config.o (.rodata.gSPI_ENCODER_clockConfig)
                  00005b04    00000008     ti_msp_dl_config.o (.rodata.gADC_CCDClockConfig)
                  00005b0c    00000008     ti_msp_dl_config.o (.rodata.gADC_VINClockConfig)
                  00005b14    00000008     ti_msp_dl_config.o (.rodata.gPWM_BUZZERConfig)
                  00005b1c    00000008     ti_msp_dl_config.o (.rodata.gPWM_MOTOR0Config)
                  00005b24    00000008     ti_msp_dl_config.o (.rodata.gPWM_MOTOR1Config)
                  00005b2c    00000008     ti_msp_dl_config.o (.rodata.gTIM_CCDConfig)
                  00005b34    00000003     ti_msp_dl_config.o (.rodata.gPWM_BUZZERClockConfig)
                  00005b37    00000003     ti_msp_dl_config.o (.rodata.gPWM_MOTOR0ClockConfig)
                  00005b3a    00000003     ti_msp_dl_config.o (.rodata.gPWM_MOTOR1ClockConfig)
                  00005b3d    00000003     ti_msp_dl_config.o (.rodata.gTIM_CCDClockConfig)
                  00005b40    00000002     ti_msp_dl_config.o (.rodata.gSPI_IMU_clockConfig)
                  00005b42    00000002     ti_msp_dl_config.o (.rodata.gUART_0ClockConfig)
                  00005b44    00000004     --HOLE-- [fill = 0]

.init_array 
*          0    00005b48    00000008     
                  00005b48    00000004     task.o (.init_array)
                  00005b4c    00000004     --HOLE-- [fill = 0]

.data      0    20200000    0000099c     UNINITIALIZED
                  20200000    000002d8     task.o (.data.chassis)
                  202002d8    00000200     Chassis.o (.data.ccd_norm)
                  202004d8    00000194     task.o (.data.ccd)
                  2020066c    000000dc     task.o (.data.remote)
                  20200748    00000080     task.o (.data.temp_rx)
                  202007c8    00000050     task.o (.data.controller)
                  20200818    00000050     task.o (.data.imu)
                  20200868    0000002c     task.o (.data.left_motor)
                  20200894    0000002c     task.o (.data.pid_controller)
                  202008c0    0000002c     task.o (.data.right_motor)
                  202008ec    00000024     task.o (.data.ls7366r)
                  20200910    00000014     task.o (.data.left_encoder)
                  20200924    00000014     task.o (.data.right_encoder)
                  20200938    0000000c     imu963ra.o (.data.imu963ra_transition_factor)
                  20200944    00000004     task.o (.data.ADC_VIN_cnt)
                  20200948    00000004     task.o (.data.ADC_cnt)
                  2020094c    00000004     task.o (.data.CCD_cnt)
                  20200950    00000004     CCD.o (.data.DMA_EN_cnt)
                  20200954    00000004     task.o (.data._ZZ14signal_HandlervE10temp_utick)
                  20200958    00000004     libc.a : aeabi_portable.c.obj (.data.__aeabi_errno)
                  2020095c    00000004     task.o (.data.buzzer)
                  20200960    00000004     Remote.o (.data.crc_err)
                  20200964    00000004     imu963ra.o (.data.imu963ra_state)
                  20200968    00000004     Remote.o (.data.remote_cnt)
                  2020096c    00000004     task.o (.data.uart1_cnt)
                  20200970    00000004     task.o (.data.uart1_state)
                  20200974    00000004     it.o (.data.utick)
                  20200978    00000004     task.o (.data.vin)
                  2020097c    00000002     Remote.o (.data.crc1)
                  2020097e    00000002     task.o (.data.end_flag)
                  20200980    00000002     imu963ra.o (.data.imu963ra_acc_x)
                  20200982    00000002     imu963ra.o (.data.imu963ra_acc_y)
                  20200984    00000002     imu963ra.o (.data.imu963ra_acc_z)
                  20200986    00000002     imu963ra.o (.data.imu963ra_gyro_x)
                  20200988    00000002     imu963ra.o (.data.imu963ra_gyro_y)
                  2020098a    00000002     imu963ra.o (.data.imu963ra_gyro_z)
                  2020098c    00000002     imu963ra.o (.data.imu963ra_mag_x)
                  2020098e    00000002     imu963ra.o (.data.imu963ra_mag_y)
                  20200990    00000002     imu963ra.o (.data.imu963ra_mag_z)
                  20200992    00000002     task.o (.data.power_vin)
                  20200994    00000002     task.o (.data.start_flag)
                  20200996    00000002     task.o (.data.uart1_rx_len)
                  20200998    00000001     task.o (.data._ZZ10test_powervE10power_flag)
                  20200999    00000001     task.o (.data.gCheckADC)
                  2020099a    00000001     task.o (.data.init_flag)
                  2020099b    00000001     task.o (.data.signal_en_flag)

.bss       0    2020099c    0000022e     UNINITIALIZED
                  2020099c    000000bc     (.common:gPWM_MOTOR0Backup)
                  20200a58    000000bc     (.common:gPWM_MOTOR1Backup)
                  20200b14    00000064     task.o (.bss.uart1_rx_buf)
                  20200b78    00000028     (.common:gSPI_ENCODERBackup)
                  20200ba0    00000028     (.common:gSPI_IMUBackup)
                  20200bc8    00000002     Remote.o (.bss.crc)

.stack     0    20207e00    00000200     UNINITIALIZED
                  20207e00    00000004     libc.a : boot_cortex_m.c.obj (.stack)
                  20207e04    000001fc     --HOLE--

__llvm_prf_cnts 
*          0    20200000    00000000     UNINITIALIZED

__llvm_prf_bits 
*          0    20200000    00000000     UNINITIALIZED

MODULE SUMMARY

       Module                         code    ro data   rw data
       ------                         ----    -------   -------
    .\
       ti_msp_dl_config.o             3364    160       456    
       startup_mspm0g350x_ticlang.o   8       192       0      
       control.o                      24      0         0      
    +--+------------------------------+-------+---------+---------+
       Total:                         3396    352       456    
                                                               
    .\code\
       task.o                         2332    4         1992   
       Chassis.o                      1836    0         512    
       imu963ra.o                     1374    0         34     
       N20_Motor.o                    892     0         0      
       IMU.o                          890     0         0      
       Controller.o                   792     0         0      
       CCD.o                          688     0         4      
       LS7366R.o                      574     0         0      
       Remote.o                       518     0         12     
       hal.o                          464     0         0      
       PID_Controller.o               222     0         0      
       it.o                           144     0         4      
       Buzzer.o                       100     0         0      
       Encoder.o                      66      0         0      
    +--+------------------------------+-------+---------+---------+
       Total:                         10892   4         2558   
                                                               
    C:/ti/mspm0_sdk_2_01_00_03/source/third_party/CMSIS/DSP/lib/ticlang/m0p/arm_cortexM0l_math.a
       arm_common_tables.o            0       2052      0      
       arm_sin_cos_f32.o              752     0         0      
    +--+------------------------------+-------+---------+---------+
       Total:                         752     2052      0      
                                                               
    C:/ti/mspm0_sdk_2_01_00_03/source/ti/driverlib/lib/ticlang/m0p/mspm0g1x0x_g3x0x/driverlib.a
       dl_timer.o                     980     0         0      
       dl_sysctl_mspm0g1x0x_g3x0x.o   668     0         0      
       dl_dma.o                       250     0         0      
       dl_uart.o                      174     0         0      
       dl_spi.o                       148     0         0      
       dl_adc12.o                     116     0         0      
       dl_common.o                    20      0         0      
    +--+------------------------------+-------+---------+---------+
       Total:                         2356    0         0      
                                                               
    F:\ti\ccs1271\ccs\tools\compiler\ti-cgt-armllvm_3.2.2.LTS\lib\armv6m-ti-none-eabi/c/libc.a
       s_atanf.c.obj                  466     32        0      
       e_atan2f.c.obj                 304     0         0      
       e_sqrtf.c.obj                  168     0         0      
       copy_decompress_lzss.c.obj     120     0         0      
       autoinit.c.obj                 84      0         0      
       boot_cortex_m.c.obj            56      0         0      
       copy_zero_init.c.obj           22      0         0      
       copy_decompress_none.c.obj     18      0         0      
       memcpy16.S.obj                 18      0         0      
       aeabi_portable.c.obj           8       0         4      
       exit.c.obj                     4       0         0      
       pre_init.c.obj                 4       0         0      
    +--+------------------------------+-------+---------+---------+
       Total:                         1272    32        4      
                                                               
    F:\ti\ccs1271\ccs\tools\compiler\ti-cgt-armllvm_3.2.2.LTS\lib\clang/15.0.7/lib/armv6m-ti-none-eabi/libclang_rt.builtins.a
       adddf3.S.obj                   402     0         0      
       divdf3.S.obj                   268     0         0      
       addsf3.S.obj                   232     0         0      
       muldf3.S.obj                   228     0         0      
       divsf3.S.obj                   146     0         0      
       mulsf3.S.obj                   140     0         0      
       comparesf2.S.obj               118     0         0      
       truncdfsf2.S.obj               116     0         0      
       aeabi_fcmp.S.obj               98      0         0      
       fixdfsi.S.obj                  74      0         0      
       aeabi_uidivmod.S.obj           64      0         0      
       extendsfdf2.S.obj              64      0         0      
       floatsisf.S.obj                60      0         0      
       muldsi3.S.obj                  58      0         0      
       fixsfsi.S.obj                  56      0         0      
       floatsidf.S.obj                44      0         0      
       floatunsisf.S.obj              40      0         0      
       aeabi_memcpy.S.obj             8       0         0      
       aeabi_div0.c.obj               2       0         0      
    +--+------------------------------+-------+---------+---------+
       Total:                         2218    0         0      
                                                               
       Stack:                         0       0         512    
       Linker Generated:              0       616       0      
    +--+------------------------------+-------+---------+---------+
       Grand Total:                   20886   3056      3530   


LINKER GENERATED COPY TABLES

__TI_cinit_table @ 00005da8 records: 2, size/record: 8, table size: 16
	.data: load addr=00005b50, load size=00000244 bytes, run addr=20200000, run size=0000099c bytes, compression=lzss
	.bss: load addr=00005da0, load size=00000008 bytes, run addr=2020099c, run size=0000022e bytes, compression=zero_init


LINKER GENERATED HANDLER TABLE

__TI_handler_table @ 00005d94 records: 3, size/record: 4, table size: 12
	index: 0, handler: __TI_decompress_lzss
	index: 1, handler: __TI_decompress_none
	index: 2, handler: __TI_zero_init


FAR CALL TRAMPOLINES

callee name               trampoline name
   callee addr  tramp addr   call addr  call info
--------------  -----------  ---------  ----------------
__aeabi_fdiv              $Tramp$TT$L$PI$$__aeabi_fdiv
   00002ed5     00005234     00005230   libc.a : s_atanf.c.obj (.text.OUTLINED_FUNCTION_0)
__aeabi_fadd              $Tramp$TT$L$PI$$__aeabi_fadd
   000023b7     0000524c     0000524a   libc.a : s_atanf.c.obj (.text.OUTLINED_FUNCTION_1)
_c_int00_noargs           $Tramp$TT$L$PI$$_c_int00_noargs
   0000472d     00005260     0000525c   startup_mspm0g350x_ticlang.o (.text.Reset_Handler)

[3 trampolines]
[3 trampoline calls]


GLOBAL SYMBOLS: SORTED ALPHABETICALLY BY Name 

address   name                                                             
-------   ----                                                             
000043a1  ADC0_IRQHandler                                                  
00003631  ADC1_IRQHandler                                                  
20200944  ADC_VIN_cnt                                                      
20200948  ADC_cnt                                                          
00005245  AES_IRQHandler                                                   
00005274  C$$EXIT                                                          
00005245  CANFD0_IRQHandler                                                
2020094c  CCD_cnt                                                          
00005245  DAC0_IRQHandler                                                  
0000380d  DL_ADC12_setClockConfig                                          
00004f8f  DL_Common_delayCycles                                            
00003c65  DL_DMA_initChannel                                               
00003ab5  DL_SPI_init                                                      
000047ed  DL_SPI_setClockConfig                                            
000020f1  DL_SYSCTL_configSYSPLL                                           
000032f5  DL_SYSCTL_setHFCLKSourceHFXTParams                               
00003859  DL_SYSCTL_switchMCLKfromSYSOSCtoHSCLK                            
000021dd  DL_TimerA_initPWMMode                                            
00001de1  DL_Timer_initPWMMode                                             
00004171  DL_Timer_setCaptCompUpdateMethod                                 
000041a5  DL_Timer_setCaptureCompareAction                                 
00003ef1  DL_Timer_setCaptureCompareCtl                                    
000041d9  DL_Timer_setCaptureCompareInput                                  
00003cf1  DL_Timer_setCaptureCompareOutCtl                                 
000043f9  DL_Timer_setCaptureCompareValue                                  
0000420d  DL_Timer_setClockConfig                                          
000038a5  DL_UART_init                                                     
00004811  DL_UART_setClockConfig                                           
20200950  DMA_EN_cnt                                                       
00005245  DMA_IRQHandler                                                   
00005245  Default_Handler                                                  
00005245  GROUP0_IRQHandler                                                
00005245  GROUP1_IRQHandler                                                
00005245  HardFault_Handler                                                
00005245  I2C0_IRQHandler                                                  
00005245  I2C1_IRQHandler                                                  
00005245  NMI_Handler                                                      
00005245  PendSV_Handler                                                   
00005245  RTC_IRQHandler                                                   
0000525d  Reset_Handler                                                    
00005b48  SHT$$INIT_ARRAY$$Base                                            
00005b4c  SHT$$INIT_ARRAY$$Limit                                           
00005245  SPI0_IRQHandler                                                  
00005245  SPI1_IRQHandler                                                  
00003481  SPI_transmitData                                                 
00005245  SVC_Handler                                                      
00002b05  SYSCFG_DL_ADC_CCD_init                                           
00003225  SYSCFG_DL_ADC_VIN_init                                           
00004d31  SYSCFG_DL_DMA_CH0_init                                           
000030c7  SYSCFG_DL_DMA_init                                               
00001a81  SYSCFG_DL_GPIO_init                                              
00003421  SYSCFG_DL_PWM_BUZZER_init                                        
00002cbd  SYSCFG_DL_PWM_MOTOR0_init                                        
00002dcd  SYSCFG_DL_PWM_MOTOR1_init                                        
00003d31  SYSCFG_DL_SPI_ENCODER_init                                       
00003d71  SYSCFG_DL_SPI_IMU_init                                           
00003afd  SYSCFG_DL_SYSCTL_init                                            
000051d1  SYSCFG_DL_SYSTICK_init                                           
00002d45  SYSCFG_DL_TIM_CCD_init                                           
00003589  SYSCFG_DL_UART_0_init                                            
00003359  SYSCFG_DL_init                                                   
00002485  SYSCFG_DL_initPower                                              
000036d1  SysTick_Handler                                                  
00005245  TIMA0_IRQHandler                                                 
00005245  TIMA1_IRQHandler                                                 
00005245  TIMG0_IRQHandler                                                 
00004afd  TIMG12_IRQHandler                                                
00005245  TIMG6_IRQHandler                                                 
00005245  TIMG7_IRQHandler                                                 
00005245  TIMG8_IRQHandler                                                 
0000517d  TI_memcpy_small                                                  
00002859  UART0_IRQHandler                                                 
00005245  UART1_IRQHandler                                                 
00005245  UART2_IRQHandler                                                 
00005245  UART3_IRQHandler                                                 
0000261d  _Z10test_powerv                                                  
000039d3  _Z13UART_TransmitP9UART_RegsPht                                  
00003145  _Z14signal_Handlerv                                              
00005031  _Z5atan2B6v15007ff                                               
000007ed  _ZN10Controller7HandlerEv                                        
00003e31  _ZN10ControllerC1EP7Chassis                                      
00003e31  _ZN10ControllerC2EP7Chassis                                      
00002a61  _ZN14PID_Controller7HandlerEv                                    
00003f2d  _ZN14PID_ControllerC1EP7Chassis                                  
00003f2d  _ZN14PID_ControllerC2EP7Chassis                                  
00004859  _ZN3CCD4initEv                                                   
00003b45  _ZN3CCD7HandlerEv                                                
000026dd  _ZN3CCD7SI_sendEv                                                
000048a1  _ZN3CCDC2Ev                                                      
00001ccd  _ZN3IMU4initEv                                                   
000049e1  _ZN3IMU7HandlerEv                                                
00000d49  _ZN3IMU8get_dataEv                                               
000048c3  _ZN3IMUC2Ev                                                      
000050bd  _ZN5MotorC2Ev                                                    
00005147  _ZN6Buzzer4stopEv                                                
00005159  _ZN6Buzzer5startEv                                               
000051e1  _ZN6BuzzerC1EP12GPTIMER_Regs                                     
000051e1  _ZN6BuzzerC2EP12GPTIMER_Regs                                     
00000f91  _ZN6Remote12process_dataEv                                       
000050d1  _ZN6Remote7HandlerEv                                             
000047a1  _ZN6RemoteC1EP9UART_Regs                                         
000047a1  _ZN6RemoteC2EP9UART_Regs                                         
000000c1  _ZN7Chassis7HandlerEv                                            
00000ab1  _ZN7Chassis7processEv                                            
000034dd  _ZN7ChassisC1EP9N20_MotorS1_P3IMUP3CCDf                          
000034dd  _ZN7ChassisC2EP9N20_MotorS1_P3IMUP3CCDf                          
00004665  _ZN7Encoder7HandlerEv                                            
00004b4f  _ZN7EncoderC1EPl                                                 
00004b4f  _ZN7EncoderC2EPl                                                 
00001ffd  _ZN7LS7366R4initEhh                                              
00003b8d  _ZN7LS7366R5resetEv                                              
00002909  _ZN7LS7366R7HandlerEv                                            
0000468d  _ZN7LS7366RC1EP8SPI_RegsP9GPIO_Regsjj                            
0000468d  _ZN7LS7366RC2EP8SPI_RegsP9GPIO_Regsjj                            
0000487d  _ZN9N20_Motor12pwm_set_dutyE17DL_TIMER_CC_INDEXt                 
00001325  _ZN9N20_Motor16output_intensityEv                                
00001bad  _ZN9N20_Motor17measure_parameterEv                               
0000516b  _ZN9N20_Motor4initEv                                             
00004e69  _ZN9N20_Motor7HandlerEv                                          
00003a1d  _ZN9N20_MotorC1EP12GPTIMER_Regs17DL_TIMER_CC_INDEXS2_P7Encoderfff
00003a1d  _ZN9N20_MotorC2EP12GPTIMER_Regs17DL_TIMER_CC_INDEXS2_P7Encoderfff
20208000  __STACK_END                                                      
00000200  __STACK_SIZE                                                     
00000000  __TI_ATRegion0_region_sz                                         
00000000  __TI_ATRegion0_src_addr                                          
00000000  __TI_ATRegion0_trg_addr                                          
00000000  __TI_ATRegion1_region_sz                                         
00000000  __TI_ATRegion1_src_addr                                          
00000000  __TI_ATRegion1_trg_addr                                          
00000000  __TI_ATRegion2_region_sz                                         
00000000  __TI_ATRegion2_src_addr                                          
00000000  __TI_ATRegion2_trg_addr                                          
00005da8  __TI_CINIT_Base                                                  
00005db8  __TI_CINIT_Limit                                                 
00005db8  __TI_CINIT_Warm                                                  
00005d94  __TI_Handler_Table_Base                                          
00005da0  __TI_Handler_Table_Limit                                         
000035dd  __TI_auto_init_nobinit                                           
00002fd9  __TI_decompress_lzss                                             
0000518f  __TI_decompress_none                                             
ffffffff  __TI_pprof_out_hndl                                              
ffffffff  __TI_prof_data_size                                              
ffffffff  __TI_prof_data_start                                             
00000000  __TI_static_base__                                               
00004f79  __TI_zero_init_nomemset                                          
000014c7  __adddf3                                                         
000023b7  __addsf3                                                         
000030d1  __aeabi_d2f                                                      
00003a69  __aeabi_d2iz                                                     
000014c7  __aeabi_dadd                                                     
00001ef1  __aeabi_ddiv                                                     
000022c9  __aeabi_dmul                                                     
000014bd  __aeabi_dsub                                                     
20200958  __aeabi_errno                                                    
0000521d  __aeabi_errno_addr                                               
00003eb1  __aeabi_f2d                                                      
00004139  __aeabi_f2iz                                                     
000023b7  __aeabi_fadd                                                     
000033bd  __aeabi_fcmpeq                                                   
000033f9  __aeabi_fcmpge                                                   
0000340d  __aeabi_fcmpgt                                                   
000033e5  __aeabi_fcmple                                                   
000033d1  __aeabi_fcmplt                                                   
00002ed5  __aeabi_fdiv                                                     
00002c31  __aeabi_fmul                                                     
000023ad  __aeabi_fsub                                                     
000044a9  __aeabi_i2d                                                      
00003f69  __aeabi_i2f                                                      
0000164f  __aeabi_idiv0                                                    
00005225  __aeabi_memcpy                                                   
00005225  __aeabi_memcpy4                                                  
00005225  __aeabi_memcpy8                                                  
000046dd  __aeabi_ui2f                                                     
00003e71  __aeabi_uidiv                                                    
00003e71  __aeabi_uidivmod                                                 
ffffffff  __binit__                                                        
00003fe1  __cmpsf2                                                         
00001ef1  __divdf3                                                         
00002ed5  __divsf3                                                         
00003fe1  __eqsf2                                                          
00003eb1  __extendsfdf2                                                    
00003a69  __fixdfsi                                                        
00004139  __fixsfsi                                                        
000044a9  __floatsidf                                                      
00003f69  __floatsisf                                                      
000046dd  __floatunsisf                                                    
00003fa5  __gesf2                                                          
00003fa5  __gtsf2                                                          
00003fe1  __lesf2                                                          
00003fe1  __ltsf2                                                          
UNDEFED   __mpu_init                                                       
000022c9  __muldf3                                                         
0000401d  __muldsi3                                                        
00002c31  __mulsf3                                                         
00003fe1  __nesf2                                                          
20207e00  __stack                                                          
20200000  __start___llvm_prf_bits                                          
20200000  __start___llvm_prf_cnts                                          
20200000  __stop___llvm_prf_bits                                           
20200000  __stop___llvm_prf_cnts                                           
000014bd  __subdf3                                                         
000023ad  __subsf3                                                         
000030d1  __truncdfsf2                                                     
0000472d  _c_int00_noargs                                                  
UNDEFED   _system_post_cinit                                               
00005271  _system_pre_init                                                 
00005275  abort                                                            
000004fd  arm_sin_cos_f32                                                  
00001951  atan2f                                                           
0000115d  atanf                                                            
ffffffff  binit                                                            
2020095c  buzzer                                                           
202004d8  ccd                                                              
202002d8  ccd_norm                                                         
20200000  chassis                                                          
202007c8  controller                                                       
20200bc8  crc                                                              
2020097c  crc1                                                             
20200960  crc_err                                                          
00004705  delay_ms                                                         
2020097e  end_flag                                                         
20200999  gCheckADC                                                        
2020099c  gPWM_MOTOR0Backup                                                
20200a58  gPWM_MOTOR1Backup                                                
20200b78  gSPI_ENCODERBackup                                               
20200ba0  gSPI_IMUBackup                                                   
20200818  imu                                                              
20200980  imu963ra_acc_x                                                   
20200982  imu963ra_acc_y                                                   
20200984  imu963ra_acc_z                                                   
00003bd5  imu963ra_get_acc                                                 
00003c1d  imu963ra_get_gyro                                                
000031b5  imu963ra_get_mag                                                 
20200986  imu963ra_gyro_x                                                  
20200988  imu963ra_gyro_y                                                  
2020098a  imu963ra_gyro_z                                                  
00001651  imu963ra_init                                                    
2020098c  imu963ra_mag_x                                                   
2020098e  imu963ra_mag_y                                                   
20200990  imu963ra_mag_z                                                   
20200964  imu963ra_state                                                   
20200938  imu963ra_transition_factor                                       
2020099a  init_flag                                                        
00000000  interruptVectors                                                 
20200910  left_encoder                                                     
20200868  left_motor                                                       
00002559  loop                                                             
202008ec  ls7366r                                                          
00004eb1  main                                                             
20200894  pid_controller                                                   
20200992  power_vin                                                        
2020066c  remote                                                           
20200968  remote_cnt                                                       
20200924  right_encoder                                                    
202008c0  right_motor                                                      
0000279d  setup                                                            
2020099b  signal_en_flag                                                   
00005280  sinTable_f32                                                     
0000328d  spi_read_8bit_register                                           
00002f57  spi_read_8bit_registers                                          
000042dd  spi_write_8bit_register                                          
000029b9  sqrtf                                                            
20200994  start_flag                                                       
000017d1  task_handler                                                     
20200748  temp_rx                                                          
2020096c  uart1_cnt                                                        
20200b14  uart1_rx_buf                                                     
20200996  uart1_rx_len                                                     
20200970  uart1_state                                                      
20200974  utick                                                            
20200978  vin                                                              


GLOBAL SYMBOLS: SORTED BY Symbol Address 

address   name                                                             
-------   ----                                                             
00000000  __TI_ATRegion0_region_sz                                         
00000000  __TI_ATRegion0_src_addr                                          
00000000  __TI_ATRegion0_trg_addr                                          
00000000  __TI_ATRegion1_region_sz                                         
00000000  __TI_ATRegion1_src_addr                                          
00000000  __TI_ATRegion1_trg_addr                                          
00000000  __TI_ATRegion2_region_sz                                         
00000000  __TI_ATRegion2_src_addr                                          
00000000  __TI_ATRegion2_trg_addr                                          
00000000  __TI_static_base__                                               
00000000  interruptVectors                                                 
000000c1  _ZN7Chassis7HandlerEv                                            
00000200  __STACK_SIZE                                                     
000004fd  arm_sin_cos_f32                                                  
000007ed  _ZN10Controller7HandlerEv                                        
00000ab1  _ZN7Chassis7processEv                                            
00000d49  _ZN3IMU8get_dataEv                                               
00000f91  _ZN6Remote12process_dataEv                                       
0000115d  atanf                                                            
00001325  _ZN9N20_Motor16output_intensityEv                                
000014bd  __aeabi_dsub                                                     
000014bd  __subdf3                                                         
000014c7  __adddf3                                                         
000014c7  __aeabi_dadd                                                     
0000164f  __aeabi_idiv0                                                    
00001651  imu963ra_init                                                    
000017d1  task_handler                                                     
00001951  atan2f                                                           
00001a81  SYSCFG_DL_GPIO_init                                              
00001bad  _ZN9N20_Motor17measure_parameterEv                               
00001ccd  _ZN3IMU4initEv                                                   
00001de1  DL_Timer_initPWMMode                                             
00001ef1  __aeabi_ddiv                                                     
00001ef1  __divdf3                                                         
00001ffd  _ZN7LS7366R4initEhh                                              
000020f1  DL_SYSCTL_configSYSPLL                                           
000021dd  DL_TimerA_initPWMMode                                            
000022c9  __aeabi_dmul                                                     
000022c9  __muldf3                                                         
000023ad  __aeabi_fsub                                                     
000023ad  __subsf3                                                         
000023b7  __addsf3                                                         
000023b7  __aeabi_fadd                                                     
00002485  SYSCFG_DL_initPower                                              
00002559  loop                                                             
0000261d  _Z10test_powerv                                                  
000026dd  _ZN3CCD7SI_sendEv                                                
0000279d  setup                                                            
00002859  UART0_IRQHandler                                                 
00002909  _ZN7LS7366R7HandlerEv                                            
000029b9  sqrtf                                                            
00002a61  _ZN14PID_Controller7HandlerEv                                    
00002b05  SYSCFG_DL_ADC_CCD_init                                           
00002c31  __aeabi_fmul                                                     
00002c31  __mulsf3                                                         
00002cbd  SYSCFG_DL_PWM_MOTOR0_init                                        
00002d45  SYSCFG_DL_TIM_CCD_init                                           
00002dcd  SYSCFG_DL_PWM_MOTOR1_init                                        
00002ed5  __aeabi_fdiv                                                     
00002ed5  __divsf3                                                         
00002f57  spi_read_8bit_registers                                          
00002fd9  __TI_decompress_lzss                                             
000030c7  SYSCFG_DL_DMA_init                                               
000030d1  __aeabi_d2f                                                      
000030d1  __truncdfsf2                                                     
00003145  _Z14signal_Handlerv                                              
000031b5  imu963ra_get_mag                                                 
00003225  SYSCFG_DL_ADC_VIN_init                                           
0000328d  spi_read_8bit_register                                           
000032f5  DL_SYSCTL_setHFCLKSourceHFXTParams                               
00003359  SYSCFG_DL_init                                                   
000033bd  __aeabi_fcmpeq                                                   
000033d1  __aeabi_fcmplt                                                   
000033e5  __aeabi_fcmple                                                   
000033f9  __aeabi_fcmpge                                                   
0000340d  __aeabi_fcmpgt                                                   
00003421  SYSCFG_DL_PWM_BUZZER_init                                        
00003481  SPI_transmitData                                                 
000034dd  _ZN7ChassisC1EP9N20_MotorS1_P3IMUP3CCDf                          
000034dd  _ZN7ChassisC2EP9N20_MotorS1_P3IMUP3CCDf                          
00003589  SYSCFG_DL_UART_0_init                                            
000035dd  __TI_auto_init_nobinit                                           
00003631  ADC1_IRQHandler                                                  
000036d1  SysTick_Handler                                                  
0000380d  DL_ADC12_setClockConfig                                          
00003859  DL_SYSCTL_switchMCLKfromSYSOSCtoHSCLK                            
000038a5  DL_UART_init                                                     
000039d3  _Z13UART_TransmitP9UART_RegsPht                                  
00003a1d  _ZN9N20_MotorC1EP12GPTIMER_Regs17DL_TIMER_CC_INDEXS2_P7Encoderfff
00003a1d  _ZN9N20_MotorC2EP12GPTIMER_Regs17DL_TIMER_CC_INDEXS2_P7Encoderfff
00003a69  __aeabi_d2iz                                                     
00003a69  __fixdfsi                                                        
00003ab5  DL_SPI_init                                                      
00003afd  SYSCFG_DL_SYSCTL_init                                            
00003b45  _ZN3CCD7HandlerEv                                                
00003b8d  _ZN7LS7366R5resetEv                                              
00003bd5  imu963ra_get_acc                                                 
00003c1d  imu963ra_get_gyro                                                
00003c65  DL_DMA_initChannel                                               
00003cf1  DL_Timer_setCaptureCompareOutCtl                                 
00003d31  SYSCFG_DL_SPI_ENCODER_init                                       
00003d71  SYSCFG_DL_SPI_IMU_init                                           
00003e31  _ZN10ControllerC1EP7Chassis                                      
00003e31  _ZN10ControllerC2EP7Chassis                                      
00003e71  __aeabi_uidiv                                                    
00003e71  __aeabi_uidivmod                                                 
00003eb1  __aeabi_f2d                                                      
00003eb1  __extendsfdf2                                                    
00003ef1  DL_Timer_setCaptureCompareCtl                                    
00003f2d  _ZN14PID_ControllerC1EP7Chassis                                  
00003f2d  _ZN14PID_ControllerC2EP7Chassis                                  
00003f69  __aeabi_i2f                                                      
00003f69  __floatsisf                                                      
00003fa5  __gesf2                                                          
00003fa5  __gtsf2                                                          
00003fe1  __cmpsf2                                                         
00003fe1  __eqsf2                                                          
00003fe1  __lesf2                                                          
00003fe1  __ltsf2                                                          
00003fe1  __nesf2                                                          
0000401d  __muldsi3                                                        
00004139  __aeabi_f2iz                                                     
00004139  __fixsfsi                                                        
00004171  DL_Timer_setCaptCompUpdateMethod                                 
000041a5  DL_Timer_setCaptureCompareAction                                 
000041d9  DL_Timer_setCaptureCompareInput                                  
0000420d  DL_Timer_setClockConfig                                          
000042dd  spi_write_8bit_register                                          
000043a1  ADC0_IRQHandler                                                  
000043f9  DL_Timer_setCaptureCompareValue                                  
000044a9  __aeabi_i2d                                                      
000044a9  __floatsidf                                                      
00004665  _ZN7Encoder7HandlerEv                                            
0000468d  _ZN7LS7366RC1EP8SPI_RegsP9GPIO_Regsjj                            
0000468d  _ZN7LS7366RC2EP8SPI_RegsP9GPIO_Regsjj                            
000046dd  __aeabi_ui2f                                                     
000046dd  __floatunsisf                                                    
00004705  delay_ms                                                         
0000472d  _c_int00_noargs                                                  
000047a1  _ZN6RemoteC1EP9UART_Regs                                         
000047a1  _ZN6RemoteC2EP9UART_Regs                                         
000047ed  DL_SPI_setClockConfig                                            
00004811  DL_UART_setClockConfig                                           
00004859  _ZN3CCD4initEv                                                   
0000487d  _ZN9N20_Motor12pwm_set_dutyE17DL_TIMER_CC_INDEXt                 
000048a1  _ZN3CCDC2Ev                                                      
000048c3  _ZN3IMUC2Ev                                                      
000049e1  _ZN3IMU7HandlerEv                                                
00004afd  TIMG12_IRQHandler                                                
00004b4f  _ZN7EncoderC1EPl                                                 
00004b4f  _ZN7EncoderC2EPl                                                 
00004d31  SYSCFG_DL_DMA_CH0_init                                           
00004e69  _ZN9N20_Motor7HandlerEv                                          
00004eb1  main                                                             
00004f79  __TI_zero_init_nomemset                                          
00004f8f  DL_Common_delayCycles                                            
00005031  _Z5atan2B6v15007ff                                               
000050bd  _ZN5MotorC2Ev                                                    
000050d1  _ZN6Remote7HandlerEv                                             
00005147  _ZN6Buzzer4stopEv                                                
00005159  _ZN6Buzzer5startEv                                               
0000516b  _ZN9N20_Motor4initEv                                             
0000517d  TI_memcpy_small                                                  
0000518f  __TI_decompress_none                                             
000051d1  SYSCFG_DL_SYSTICK_init                                           
000051e1  _ZN6BuzzerC1EP12GPTIMER_Regs                                     
000051e1  _ZN6BuzzerC2EP12GPTIMER_Regs                                     
0000521d  __aeabi_errno_addr                                               
00005225  __aeabi_memcpy                                                   
00005225  __aeabi_memcpy4                                                  
00005225  __aeabi_memcpy8                                                  
00005245  AES_IRQHandler                                                   
00005245  CANFD0_IRQHandler                                                
00005245  DAC0_IRQHandler                                                  
00005245  DMA_IRQHandler                                                   
00005245  Default_Handler                                                  
00005245  GROUP0_IRQHandler                                                
00005245  GROUP1_IRQHandler                                                
00005245  HardFault_Handler                                                
00005245  I2C0_IRQHandler                                                  
00005245  I2C1_IRQHandler                                                  
00005245  NMI_Handler                                                      
00005245  PendSV_Handler                                                   
00005245  RTC_IRQHandler                                                   
00005245  SPI0_IRQHandler                                                  
00005245  SPI1_IRQHandler                                                  
00005245  SVC_Handler                                                      
00005245  TIMA0_IRQHandler                                                 
00005245  TIMA1_IRQHandler                                                 
00005245  TIMG0_IRQHandler                                                 
00005245  TIMG6_IRQHandler                                                 
00005245  TIMG7_IRQHandler                                                 
00005245  TIMG8_IRQHandler                                                 
00005245  UART1_IRQHandler                                                 
00005245  UART2_IRQHandler                                                 
00005245  UART3_IRQHandler                                                 
0000525d  Reset_Handler                                                    
00005271  _system_pre_init                                                 
00005274  C$$EXIT                                                          
00005275  abort                                                            
00005280  sinTable_f32                                                     
00005b48  SHT$$INIT_ARRAY$$Base                                            
00005b4c  SHT$$INIT_ARRAY$$Limit                                           
00005d94  __TI_Handler_Table_Base                                          
00005da0  __TI_Handler_Table_Limit                                         
00005da8  __TI_CINIT_Base                                                  
00005db8  __TI_CINIT_Limit                                                 
00005db8  __TI_CINIT_Warm                                                  
20200000  __start___llvm_prf_bits                                          
20200000  __start___llvm_prf_cnts                                          
20200000  __stop___llvm_prf_bits                                           
20200000  __stop___llvm_prf_cnts                                           
20200000  chassis                                                          
202002d8  ccd_norm                                                         
202004d8  ccd                                                              
2020066c  remote                                                           
20200748  temp_rx                                                          
202007c8  controller                                                       
20200818  imu                                                              
20200868  left_motor                                                       
20200894  pid_controller                                                   
202008c0  right_motor                                                      
202008ec  ls7366r                                                          
20200910  left_encoder                                                     
20200924  right_encoder                                                    
20200938  imu963ra_transition_factor                                       
20200944  ADC_VIN_cnt                                                      
20200948  ADC_cnt                                                          
2020094c  CCD_cnt                                                          
20200950  DMA_EN_cnt                                                       
20200958  __aeabi_errno                                                    
2020095c  buzzer                                                           
20200960  crc_err                                                          
20200964  imu963ra_state                                                   
20200968  remote_cnt                                                       
2020096c  uart1_cnt                                                        
20200970  uart1_state                                                      
20200974  utick                                                            
20200978  vin                                                              
2020097c  crc1                                                             
2020097e  end_flag                                                         
20200980  imu963ra_acc_x                                                   
20200982  imu963ra_acc_y                                                   
20200984  imu963ra_acc_z                                                   
20200986  imu963ra_gyro_x                                                  
20200988  imu963ra_gyro_y                                                  
2020098a  imu963ra_gyro_z                                                  
2020098c  imu963ra_mag_x                                                   
2020098e  imu963ra_mag_y                                                   
20200990  imu963ra_mag_z                                                   
20200992  power_vin                                                        
20200994  start_flag                                                       
20200996  uart1_rx_len                                                     
20200999  gCheckADC                                                        
2020099a  init_flag                                                        
2020099b  signal_en_flag                                                   
2020099c  gPWM_MOTOR0Backup                                                
20200a58  gPWM_MOTOR1Backup                                                
20200b14  uart1_rx_buf                                                     
20200b78  gSPI_ENCODERBackup                                               
20200ba0  gSPI_IMUBackup                                                   
20200bc8  crc                                                              
20207e00  __stack                                                          
20208000  __STACK_END                                                      
ffffffff  __TI_pprof_out_hndl                                              
ffffffff  __TI_prof_data_size                                              
ffffffff  __TI_prof_data_start                                             
ffffffff  __binit__                                                        
ffffffff  binit                                                            
UNDEFED   __mpu_init                                                       
UNDEFED   _system_post_cinit                                               

[271 symbols]
