Component: ARM Compiler 6.12 Tool: armlink [5d624300]

==============================================================================

Section Cross References

    dl_adc12.o(.ARM.exidx.text.DL_ADC12_setClockConfig) refers to dl_adc12.o(.text.DL_ADC12_setClockConfig) for [Anonymous Symbol]
    dl_adc12.o(.ARM.exidx.text.DL_ADC12_getClockConfig) refers to dl_adc12.o(.text.DL_ADC12_getClockConfig) for [Anonymous Symbol]
    dl_aes.o(.ARM.exidx.text.DL_AES_setKey) refers to dl_aes.o(.text.DL_AES_setKey) for [Anonymous Symbol]
    dl_aes.o(.ARM.exidx.text.DL_AES_setKeyAligned) refers to dl_aes.o(.text.DL_AES_setKeyAligned) for [Anonymous Symbol]
    dl_aes.o(.ARM.exidx.text.DL_AES_loadDataIn) refers to dl_aes.o(.text.DL_AES_loadDataIn) for [Anonymous Symbol]
    dl_aes.o(.ARM.exidx.text.DL_AES_loadDataInAligned) refers to dl_aes.o(.text.DL_AES_loadDataInAligned) for [Anonymous Symbol]
    dl_aes.o(.ARM.exidx.text.DL_AES_getDataOut) refers to dl_aes.o(.text.DL_AES_getDataOut) for [Anonymous Symbol]
    dl_aes.o(.ARM.exidx.text.DL_AES_getDataOutAligned) refers to dl_aes.o(.text.DL_AES_getDataOutAligned) for [Anonymous Symbol]
    dl_aes.o(.ARM.exidx.text.DL_AES_loadXORDataIn) refers to dl_aes.o(.text.DL_AES_loadXORDataIn) for [Anonymous Symbol]
    dl_aes.o(.ARM.exidx.text.DL_AES_loadXORDataInAligned) refers to dl_aes.o(.text.DL_AES_loadXORDataInAligned) for [Anonymous Symbol]
    dl_aes.o(.ARM.exidx.text.DL_AES_loadXORDataInWithoutTrigger) refers to dl_aes.o(.text.DL_AES_loadXORDataInWithoutTrigger) for [Anonymous Symbol]
    dl_aes.o(.ARM.exidx.text.DL_AES_loadXORDataInWithoutTriggerAligned) refers to dl_aes.o(.text.DL_AES_loadXORDataInWithoutTriggerAligned) for [Anonymous Symbol]
    dl_aes.o(.ARM.exidx.text.DL_AES_xorData) refers to dl_aes.o(.text.DL_AES_xorData) for [Anonymous Symbol]
    dl_aes.o(.ARM.exidx.text.DL_AES_xorDataAligned) refers to dl_aes.o(.text.DL_AES_xorDataAligned) for [Anonymous Symbol]
    dl_aes.o(.ARM.exidx.text.DL_AES_saveConfiguration) refers to dl_aes.o(.text.DL_AES_saveConfiguration) for [Anonymous Symbol]
    dl_aes.o(.ARM.exidx.text.DL_AES_restoreConfiguration) refers to dl_aes.o(.text.DL_AES_restoreConfiguration) for [Anonymous Symbol]
    dl_common.o(.ARM.exidx.text.DL_Common_delayCycles) refers to dl_common.o(.text.DL_Common_delayCycles) for [Anonymous Symbol]
    dl_crc.o(.ARM.exidx.text.DL_CRC_calculateBlock32) refers to dl_crc.o(.text.DL_CRC_calculateBlock32) for [Anonymous Symbol]
    dl_crc.o(.ARM.exidx.text.DL_CRC_calculateMemoryRange32) refers to dl_crc.o(.text.DL_CRC_calculateMemoryRange32) for [Anonymous Symbol]
    dl_crc.o(.ARM.exidx.text.DL_CRC_calculateBlock16) refers to dl_crc.o(.text.DL_CRC_calculateBlock16) for [Anonymous Symbol]
    dl_crc.o(.ARM.exidx.text.DL_CRC_calculateMemoryRange16) refers to dl_crc.o(.text.DL_CRC_calculateMemoryRange16) for [Anonymous Symbol]
    dl_dac12.o(.ARM.exidx.text.DL_DAC12_init) refers to dl_dac12.o(.text.DL_DAC12_init) for [Anonymous Symbol]
    dl_dac12.o(.ARM.exidx.text.DL_DAC12_outputBlocking8) refers to dl_dac12.o(.text.DL_DAC12_outputBlocking8) for [Anonymous Symbol]
    dl_dac12.o(.ARM.exidx.text.DL_DAC12_outputBlocking12) refers to dl_dac12.o(.text.DL_DAC12_outputBlocking12) for [Anonymous Symbol]
    dl_dac12.o(.ARM.exidx.text.DL_DAC12_fillFIFO8) refers to dl_dac12.o(.text.DL_DAC12_fillFIFO8) for [Anonymous Symbol]
    dl_dac12.o(.ARM.exidx.text.DL_DAC12_fillFIFO12) refers to dl_dac12.o(.text.DL_DAC12_fillFIFO12) for [Anonymous Symbol]
    dl_dac12.o(.ARM.exidx.text.DL_DAC12_performSelfCalibrationBlocking) refers to dl_dac12.o(.text.DL_DAC12_performSelfCalibrationBlocking) for [Anonymous Symbol]
    dl_dma.o(.ARM.exidx.text.DL_DMA_initChannel) refers to dl_dma.o(.text.DL_DMA_initChannel) for [Anonymous Symbol]
    dl_flashctl.o(.ARM.exidx.text.DL_FlashCTL_eraseMemory) refers to dl_flashctl.o(.text.DL_FlashCTL_eraseMemory) for [Anonymous Symbol]
    dl_flashctl.o(.text.DL_FlashCTL_eraseMemoryFromRAM) refers to dl_flashctl.o(.ramfunc) for DL_FlashCTL_executeCommandFromRAM
    dl_flashctl.o(.ARM.exidx.text.DL_FlashCTL_eraseMemoryFromRAM) refers to dl_flashctl.o(.text.DL_FlashCTL_eraseMemoryFromRAM) for [Anonymous Symbol]
    dl_flashctl.o(.ARM.exidx.ramfunc) refers to dl_flashctl.o(.ramfunc) for [Anonymous Symbol]
    dl_flashctl.o(.text.DL_FlashCTL_massErase) refers to dl_flashctl.o(.text.DL_FlashCTL_unprotectSector) for DL_FlashCTL_unprotectSector
    dl_flashctl.o(.ARM.exidx.text.DL_FlashCTL_massErase) refers to dl_flashctl.o(.text.DL_FlashCTL_massErase) for [Anonymous Symbol]
    dl_flashctl.o(.ARM.exidx.text.DL_FlashCTL_unprotectMainMemory) refers to dl_flashctl.o(.text.DL_FlashCTL_unprotectMainMemory) for [Anonymous Symbol]
    dl_flashctl.o(.ARM.exidx.text.DL_FlashCTL_protectNonMainMemory) refers to dl_flashctl.o(.text.DL_FlashCTL_protectNonMainMemory) for [Anonymous Symbol]
    dl_flashctl.o(.text.DL_FlashCTL_eraseDataBank) refers to dl_flashctl.o(.text.DL_FlashCTL_unprotectSector) for DL_FlashCTL_unprotectSector
[...]
    __arm_cp.4_0                             0x00001174   Number         4  ti_msp_dl_config.o(.text.SYSCFG_DL_PWM_MOTOR0_init)
    __arm_cp.4_1                             0x00001178   Number         4  ti_msp_dl_config.o(.text.SYSCFG_DL_PWM_MOTOR0_init)
    __arm_cp.4_2                             0x0000117c   Number         4  ti_msp_dl_config.o(.text.SYSCFG_DL_PWM_MOTOR0_init)
    __arm_cp.4_4                             0x00001180   Number         4  ti_msp_dl_config.o(.text.SYSCFG_DL_PWM_MOTOR0_init)
    [Anonymous Symbol]                       0x00001184   Section        0  ti_msp_dl_config.o(.text.SYSCFG_DL_PWM_MOTOR1_init)
    __arm_cp.6_0                             0x000011f4   Number         4  ti_msp_dl_config.o(.text.SYSCFG_DL_PWM_MOTOR1_init)
    __arm_cp.6_1                             0x000011f8   Number         4  ti_msp_dl_config.o(.text.SYSCFG_DL_PWM_MOTOR1_init)
    __arm_cp.6_2                             0x000011fc   Number         4  ti_msp_dl_config.o(.text.SYSCFG_DL_PWM_MOTOR1_init)
    __arm_cp.6_3                             0x00001200   Number         4  ti_msp_dl_config.o(.text.SYSCFG_DL_PWM_MOTOR1_init)
    __arm_cp.6_4                             0x00001204   Number         4  ti_msp_dl_config.o(.text.SYSCFG_DL_PWM_MOTOR1_init)
    [Anonymous Symbol]                       0x00001208   Section        0  ti_msp_dl_config.o(.text.SYSCFG_DL_SPI_ENCODER_init)
    __arm_cp.10_0                            0x00001240   Number         4  ti_msp_dl_config.o(.text.SYSCFG_DL_SPI_ENCODER_init)
    __arm_cp.10_1                            0x00001244   Number         4  ti_msp_dl_config.o(.text.SYSCFG_DL_SPI_ENCODER_init)
    __arm_cp.10_2                            0x00001248   Number         4  ti_msp_dl_config.o(.text.SYSCFG_DL_SPI_ENCODER_init)
    __arm_cp.10_3                            0x0000124c   Number         4  ti_msp_dl_config.o(.text.SYSCFG_DL_SPI_ENCODER_init)
    [Anonymous Symbol]                       0x00001250   Section        0  ti_msp_dl_config.o(.text.SYSCFG_DL_SPI_IMU_init)
    __arm_cp.9_0                             0x00001288   Number         4  ti_msp_dl_config.o(.text.SYSCFG_DL_SPI_IMU_init)
    __arm_cp.9_1                             0x0000128c   Number         4  ti_msp_dl_config.o(.text.SYSCFG_DL_SPI_IMU_init)
    __arm_cp.9_2                             0x00001290   Number         4  ti_msp_dl_config.o(.text.SYSCFG_DL_SPI_IMU_init)
    __arm_cp.9_3                             0x00001294   Number         4  ti_msp_dl_config.o(.text.SYSCFG_DL_SPI_IMU_init)
    __arm_cp.9_4                             0x00001298   Number         4  ti_msp_dl_config.o(.text.SYSCFG_DL_SPI_IMU_init)
    [Anonymous Symbol]                       0x0000129c   Section        0  ti_msp_dl_config.o(.text.SYSCFG_DL_SYSCTL_init)
    __arm_cp.3_0                             0x000012f4   Number         4  ti_msp_dl_config.o(.text.SYSCFG_DL_SYSCTL_init)
    __arm_cp.3_1                             0x000012f8   Number         4  ti_msp_dl_config.o(.text.SYSCFG_DL_SYSCTL_init)
    __arm_cp.3_2                             0x000012fc   Number         4  ti_msp_dl_config.o(.text.SYSCFG_DL_SYSCTL_init)
    [Anonymous Symbol]                       0x00001300   Section        0  ti_msp_dl_config.o(.text.SYSCFG_DL_SYSTICK_init)
    __arm_cp.14_1                            0x00001324   Number         4  ti_msp_dl_config.o(.text.SYSCFG_DL_SYSTICK_init)
    __arm_cp.14_2                            0x00001328   Number         4  ti_msp_dl_config.o(.text.SYSCFG_DL_SYSTICK_init)
    [Anonymous Symbol]                       0x0000132c   Section        0  ti_msp_dl_config.o(.text.SYSCFG_DL_TIM_CCD_init)
    __arm_cp.5_0                             0x0000139c   Number         4  ti_msp_dl_config.o(.text.SYSCFG_DL_TIM_CCD_init)
    __arm_cp.5_1                             0x000013a0   Number         4  ti_msp_dl_config.o(.text.SYSCFG_DL_TIM_CCD_init)
    __arm_cp.5_2                             0x000013a4   Number         4  ti_msp_dl_config.o(.text.SYSCFG_DL_TIM_CCD_init)
    __arm_cp.5_3                             0x000013a8   Number         4  ti_msp_dl_config.o(.text.SYSCFG_DL_TIM_CCD_init)
    __arm_cp.5_4                             0x000013ac   Number         4  ti_msp_dl_config.o(.text.SYSCFG_DL_TIM_CCD_init)
    __arm_cp.5_5                             0x000013b0   Number         4  ti_msp_dl_config.o(.text.SYSCFG_DL_TIM_CCD_init)
    __arm_cp.5_6                             0x000013b4   Number         4  ti_msp_dl_config.o(.text.SYSCFG_DL_TIM_CCD_init)
    [Anonymous Symbol]                       0x000013b8   Section        0  ti_msp_dl_config.o(.text.SYSCFG_DL_UART_0_init)
    __arm_cp.8_1                             0x00001424   Number         4  ti_msp_dl_config.o(.text.SYSCFG_DL_UART_0_init)
    __arm_cp.8_2                             0x00001428   Number         4  ti_msp_dl_config.o(.text.SYSCFG_DL_UART_0_init)
    __arm_cp.8_3                             0x0000142c   Number         4  ti_msp_dl_config.o(.text.SYSCFG_DL_UART_0_init)
    __arm_cp.8_4                             0x00001430   Number         4  ti_msp_dl_config.o(.text.SYSCFG_DL_UART_0_init)
    __arm_cp.8_5                             0x00001434   Number         4  ti_msp_dl_config.o(.text.SYSCFG_DL_UART_0_init)
    __arm_cp.8_6                             0x00001438   Number         4  ti_msp_dl_config.o(.text.SYSCFG_DL_UART_0_init)
    [Anonymous Symbol]                       0x0000143c   Section        0  ti_msp_dl_config.o(.text.SYSCFG_DL_init)
    __arm_cp.0_0                             0x00001490   Number         4  ti_msp_dl_config.o(.text.SYSCFG_DL_init)
    __arm_cp.0_1                             0x00001494   Number         4  ti_msp_dl_config.o(.text.SYSCFG_DL_init)
    __arm_cp.0_2                             0x00001498   Number         4  ti_msp_dl_config.o(.text.SYSCFG_DL_init)
    __arm_cp.0_3                             0x0000149c   Number         4  ti_msp_dl_config.o(.text.SYSCFG_DL_init)
    [Anonymous Symbol]                       0x000014a0   Section        0  ti_msp_dl_config.o(.text.SYSCFG_DL_initPower)
    __arm_cp.1_0                             0x00001500   Number         4  ti_msp_dl_config.o(.text.SYSCFG_DL_initPower)
    __arm_cp.1_1                             0x00001504   Number         4  ti_msp_dl_config.o(.text.SYSCFG_DL_initPower)
    __arm_cp.1_2                             0x00001508   Number         4  ti_msp_dl_config.o(.text.SYSCFG_DL_initPower)
    __arm_cp.1_3                             0x0000150c   Number         4  ti_msp_dl_config.o(.text.SYSCFG_DL_initPower)
    __arm_cp.1_4                             0x00001510   Number         4  ti_msp_dl_config.o(.text.SYSCFG_DL_initPower)
    __arm_cp.1_5                             0x00001514   Number         4  ti_msp_dl_config.o(.text.SYSCFG_DL_initPower)
    __arm_cp.1_6                             0x00001518   Number         4  ti_msp_dl_config.o(.text.SYSCFG_DL_initPower)
    __arm_cp.1_7                             0x0000151c   Number         4  ti_msp_dl_config.o(.text.SYSCFG_DL_initPower)
    __arm_cp.1_8                             0x00001520   Number         4  ti_msp_dl_config.o(.text.SYSCFG_DL_initPower)
    __arm_cp.1_9                             0x00001524   Number         4  ti_msp_dl_config.o(.text.SYSCFG_DL_initPower)
    __arm_cp.1_10                            0x00001528   Number         4  ti_msp_dl_config.o(.text.SYSCFG_DL_initPower)
    __arm_cp.1_11                            0x0000152c   Number         4  ti_msp_dl_config.o(.text.SYSCFG_DL_initPower)
    __arm_cp.1_12                            0x00001530   Number         4  ti_msp_dl_config.o(.text.SYSCFG_DL_initPower)
    [Anonymous Symbol]                       0x00001534   Section        0  it.o(.text.SysTick_Handler)
    __arm_cp.0_0                             0x00001568   Number         4  it.o(.text.SysTick_Handler)
    __arm_cp.0_1                             0x0000156c   Number         4  it.o(.text.SysTick_Handler)
    __arm_cp.0_2                             0x00001570   Number         4  it.o(.text.SysTick_Handler)
    [Anonymous Symbol]                       0x00001574   Section        0  hal.o(.text.UART_Transmit)
    __arm_cp.0_0                             0x00001594   Number         4  hal.o(.text.UART_Transmit)
    _GLOBAL__sub_I_task.cpp                  0x00001599   Thumb Code   284  task.o(.text._GLOBAL__sub_I_task.cpp)
    [Anonymous Symbol]                       0x00001598   Section        0  task.o(.text._GLOBAL__sub_I_task.cpp)
    __arm_cp.9_0                             0x00001660   Number         4  task.o(.text._GLOBAL__sub_I_task.cpp)
    __arm_cp.9_1                             0x00001664   Number         4  task.o(.text._GLOBAL__sub_I_task.cpp)
    __arm_cp.9_2                             0x00001668   Number         4  task.o(.text._GLOBAL__sub_I_task.cpp)
    __arm_cp.9_3                             0x0000166c   Number         4  task.o(.text._GLOBAL__sub_I_task.cpp)
    __arm_cp.9_4                             0x00001670   Number         4  task.o(.text._GLOBAL__sub_I_task.cpp)
    __arm_cp.9_5                             0x00001674   Number         4  task.o(.text._GLOBAL__sub_I_task.cpp)
    __arm_cp.9_6                             0x00001678   Number         4  task.o(.text._GLOBAL__sub_I_task.cpp)
    __arm_cp.9_7                             0x0000167c   Number         4  task.o(.text._GLOBAL__sub_I_task.cpp)
    __arm_cp.9_8                             0x00001680   Number         4  task.o(.text._GLOBAL__sub_I_task.cpp)
    __arm_cp.9_9                             0x00001684   Number         4  task.o(.text._GLOBAL__sub_I_task.cpp)
    __arm_cp.9_10                            0x00001688   Number         4  task.o(.text._GLOBAL__sub_I_task.cpp)
    __arm_cp.9_11                            0x0000168c   Number         4  task.o(.text._GLOBAL__sub_I_task.cpp)
    __arm_cp.9_12                            0x00001690   Number         4  task.o(.text._GLOBAL__sub_I_task.cpp)
    __arm_cp.9_13                            0x00001694   Number         4  task.o(.text._GLOBAL__sub_I_task.cpp)
    __arm_cp.9_14                            0x00001698   Number         4  task.o(.text._GLOBAL__sub_I_task.cpp)
    __arm_cp.9_16                            0x0000169c   Number         4  task.o(.text._GLOBAL__sub_I_task.cpp)
    __arm_cp.9_17                            0x000016a0   Number         4  task.o(.text._GLOBAL__sub_I_task.cpp)
    __arm_cp.9_18                            0x000016a4   Number         4  task.o(.text._GLOBAL__sub_I_task.cpp)
    __arm_cp.9_19                            0x000016a8   Number         4  task.o(.text._GLOBAL__sub_I_task.cpp)
    __arm_cp.9_20                            0x000016ac   Number         4  task.o(.text._GLOBAL__sub_I_task.cpp)
    [Anonymous Symbol]                       0x000016b0   Section        0  task.o(.text._Z10test_powerv)
    __arm_cp.2_0                             0x00001724   Number         4  task.o(.text._Z10test_powerv)
    __arm_cp.2_1                             0x00001728   Number         4  task.o(.text._Z10test_powerv)
    __arm_cp.2_2                             0x0000172c   Number         4  task.o(.text._Z10test_powerv)
    __arm_cp.2_3                             0x00001730   Number         4  task.o(.text._Z10test_powerv)
    __arm_cp.2_4                             0x00001734   Number         4  task.o(.text._Z10test_powerv)
    __arm_cp.2_5                             0x00001738   Number         4  task.o(.text._Z10test_powerv)
    __arm_cp.2_6                             0x0000173c   Number         4  task.o(.text._Z10test_powerv)
    __arm_cp.2_7                             0x00001740   Number         4  task.o(.text._Z10test_powerv)
    __arm_cp.2_8                             0x00001744   Number         4  task.o(.text._Z10test_powerv)
    __arm_cp.2_9                             0x00001748   Number         4  task.o(.text._Z10test_powerv)
    __arm_cp.2_10                            0x0000174c   Number         4  task.o(.text._Z10test_powerv)
    _ZL27imu963ra_write_mag_registerhhh      0x00001751   Thumb Code   152  imu963ra.o(.text._ZL27imu963ra_write_mag_registerhhh)
    [Anonymous Symbol]                       0x00001750   Section        0  imu963ra.o(.text._ZL27imu963ra_write_mag_registerhhh)
    __arm_cp.4_0                             0x000017e0   Number         4  imu963ra.o(.text._ZL27imu963ra_write_mag_registerhhh)
    __arm_cp.4_1                             0x000017e4   Number         4  imu963ra.o(.text._ZL27imu963ra_write_mag_registerhhh)
    [Anonymous Symbol]                       0x000017e8   Section        0  controller.o(.text._ZN10Controller7HandlerEv)
    __arm_cp.1_0                             0x000019f4   Number         4  controller.o(.text._ZN10Controller7HandlerEv)
    __arm_cp.1_1                             0x000019f8   Number         4  controller.o(.text._ZN10Controller7HandlerEv)
    __arm_cp.1_2                             0x000019fc   Number         4  controller.o(.text._ZN10Controller7HandlerEv)
    __arm_cp.1_3                             0x00001a00   Number         4  controller.o(.text._ZN10Controller7HandlerEv)
    __arm_cp.1_4                             0x00001a04   Number         4  controller.o(.text._ZN10Controller7HandlerEv)
    __arm_cp.1_5                             0x00001a08   Number         4  controller.o(.text._ZN10Controller7HandlerEv)
    __arm_cp.1_6                             0x00001a0c   Number         4  controller.o(.text._ZN10Controller7HandlerEv)
    __arm_cp.1_7                             0x00001a10   Number         4  controller.o(.text._ZN10Controller7HandlerEv)
    __arm_cp.1_8                             0x00001a14   Number         4  controller.o(.text._ZN10Controller7HandlerEv)
    [Anonymous Symbol]                       0x00001a18   Section        0  controller.o(.text._ZN10ControllerC2EP7Chassis)
    __arm_cp.0_1                             0x00001a44   Number         4  controller.o(.text._ZN10ControllerC2EP7Chassis)
    [Anonymous Symbol]                       0x00001a48   Section        0  pid_controller.o(.text._ZN14PID_Controller7HandlerEv)
    [Anonymous Symbol]                       0x00001ab8   Section        0  pid_controller.o(.text._ZN14PID_ControllerC2EP7Chassis)
    __arm_cp.1_0                             0x00001adc   Number         4  pid_controller.o(.text._ZN14PID_ControllerC2EP7Chassis)
    __arm_cp.1_1                             0x00001ae0   Number         4  pid_controller.o(.text._ZN14PID_ControllerC2EP7Chassis)
    __arm_cp.1_2                             0x00001ae4   Number         4  pid_controller.o(.text._ZN14PID_ControllerC2EP7Chassis)
    __arm_cp.1_3                             0x00001ae8   Number         4  pid_controller.o(.text._ZN14PID_ControllerC2EP7Chassis)
    [Anonymous Symbol]                       0x00001aec   Section        0  ccd.o(.text._ZN3CCD4initEv)
    __arm_cp.2_0                             0x00001b00   Number         4  ccd.o(.text._ZN3CCD4initEv)
    [Anonymous Symbol]                       0x00001b04   Section        0  ccd.o(.text._ZN3CCD7HandlerEv)
    __arm_cp.1_0                             0x00001b40   Number         4  ccd.o(.text._ZN3CCD7HandlerEv)
    __arm_cp.1_1                             0x00001b44   Number         4  ccd.o(.text._ZN3CCD7HandlerEv)
    [Anonymous Symbol]                       0x00001b48   Section        0  imu.o(.text._ZN3IMU4initEv)
    __arm_cp.1_0                             0x00001c54   Number         4  imu.o(.text._ZN3IMU4initEv)
    [Anonymous Symbol]                       0x00001c58   Section        0  imu.o(.text._ZN3IMU7HandlerEv)
    [Anonymous Symbol]                       0x00001c68   Section        0  imu.o(.text._ZN3IMU8get_dataEv)
    __arm_cp.0_0                             0x00001e04   Number         4  imu.o(.text._ZN3IMU8get_dataEv)
    __arm_cp.0_1                             0x00001e08   Number         4  imu.o(.text._ZN3IMU8get_dataEv)
    __arm_cp.0_2                             0x00001e0c   Number         4  imu.o(.text._ZN3IMU8get_dataEv)
    __arm_cp.0_3                             0x00001e10   Number         4  imu.o(.text._ZN3IMU8get_dataEv)
    __arm_cp.0_4                             0x00001e14   Number         4  imu.o(.text._ZN3IMU8get_dataEv)
    __arm_cp.0_5                             0x00001e18   Number         4  imu.o(.text._ZN3IMU8get_dataEv)
    __arm_cp.0_6                             0x00001e1c   Number         4  imu.o(.text._ZN3IMU8get_dataEv)
    __arm_cp.0_7                             0x00001e20   Number         4  imu.o(.text._ZN3IMU8get_dataEv)
    __arm_cp.0_8                             0x00001e24   Number         4  imu.o(.text._ZN3IMU8get_dataEv)
    __arm_cp.0_9                             0x00001e28   Number         4  imu.o(.text._ZN3IMU8get_dataEv)
    [Anonymous Symbol]                       0x00001e2c   Section        0  buzzer.o(.text._ZN6Buzzer4stopEv)
    [Anonymous Symbol]                       0x00001e3c   Section        0  buzzer.o(.text._ZN6Buzzer5startEv)
    __arm_cp.1_0                             0x00001e4c   Number         4  buzzer.o(.text._ZN6Buzzer5startEv)
    [Anonymous Symbol]                       0x00001e50   Section        0  buzzer.o(.text._ZN6BuzzerC2EP12GPTIMER_Regs)
    [Anonymous Symbol]                       0x00001e54   Section        0  remote.o(.text._ZN6Remote12process_dataEv)
    __arm_cp.0_0                             0x00001f3c   Number         4  remote.o(.text._ZN6Remote12process_dataEv)
    __arm_cp.0_1                             0x00001f40   Number         4  remote.o(.text._ZN6Remote12process_dataEv)
    __arm_cp.0_2                             0x00001f44   Number         4  remote.o(.text._ZN6Remote12process_dataEv)
    __arm_cp.0_3                             0x00001f48   Number         4  remote.o(.text._ZN6Remote12process_dataEv)
    __arm_cp.0_4                             0x00001f4c   Number         4  remote.o(.text._ZN6Remote12process_dataEv)
    __arm_cp.0_5                             0x00001f50   Number         4  remote.o(.text._ZN6Remote12process_dataEv)
    __arm_cp.0_6                             0x00001f54   Number         4  remote.o(.text._ZN6Remote12process_dataEv)
    __arm_cp.0_7                             0x00001f58   Number         4  remote.o(.text._ZN6Remote12process_dataEv)
    __arm_cp.0_8                             0x00001f5c   Number         4  remote.o(.text._ZN6Remote12process_dataEv)
    [Anonymous Symbol]                       0x00001f60   Section        0  remote.o(.text._ZN6Remote7HandlerEv)
    [Anonymous Symbol]                       0x00001f6c   Section        0  remote.o(.text._ZN6RemoteC2EP9UART_Regs)
    [Anonymous Symbol]                       0x00001f94   Section        0  chassis.o(.text._ZN7Chassis7HandlerEv)
    __arm_cp.3_0                             0x000022b0   Number         4  chassis.o(.text._ZN7Chassis7HandlerEv)
    __arm_cp.3_1                             0x000022b4   Number         4  chassis.o(.text._ZN7Chassis7HandlerEv)
    __arm_cp.3_2                             0x000022b8   Number         4  chassis.o(.text._ZN7Chassis7HandlerEv)
    __arm_cp.3_3                             0x000022bc   Number         4  chassis.o(.text._ZN7Chassis7HandlerEv)
    __arm_cp.3_4                             0x000022c0   Number         4  chassis.o(.text._ZN7Chassis7HandlerEv)
    __arm_cp.3_5                             0x000022c4   Number         4  chassis.o(.text._ZN7Chassis7HandlerEv)
    __arm_cp.3_6                             0x000022c8   Number         4  chassis.o(.text._ZN7Chassis7HandlerEv)
    __arm_cp.3_7                             0x000022cc   Number         4  chassis.o(.text._ZN7Chassis7HandlerEv)
    __arm_cp.3_8                             0x000022d0   Number         4  chassis.o(.text._ZN7Chassis7HandlerEv)
    __arm_cp.3_9                             0x000022d4   Number         4  chassis.o(.text._ZN7Chassis7HandlerEv)
    __arm_cp.3_10                            0x000022d8   Number         4  chassis.o(.text._ZN7Chassis7HandlerEv)
    __arm_cp.3_11                            0x000022dc   Number         4  chassis.o(.text._ZN7Chassis7HandlerEv)
    __arm_cp.3_12                            0x000022e0   Number         4  chassis.o(.text._ZN7Chassis7HandlerEv)
    __arm_cp.3_13                            0x000022e4   Number         4  chassis.o(.text._ZN7Chassis7HandlerEv)
    __arm_cp.3_14                            0x000022e8   Number         4  chassis.o(.text._ZN7Chassis7HandlerEv)
    __arm_cp.3_15                            0x000022ec   Number         4  chassis.o(.text._ZN7Chassis7HandlerEv)
    __arm_cp.3_16                            0x000022f0   Number         4  chassis.o(.text._ZN7Chassis7HandlerEv)
    __arm_cp.3_17                            0x000022f4   Number         4  chassis.o(.text._ZN7Chassis7HandlerEv)
    __arm_cp.3_18                            0x000022f8   Number         4  chassis.o(.text._ZN7Chassis7HandlerEv)
    __arm_cp.3_19                            0x000022fc   Number         4  chassis.o(.text._ZN7Chassis7HandlerEv)
    __arm_cp.3_20                            0x00002300   Number         4  chassis.o(.text._ZN7Chassis7HandlerEv)
    [Anonymous Symbol]                       0x00002304   Section        0  chassis.o(.text._ZN7ChassisC2EP9N20_MotorS1_P3IMUP3CCDf)
    __arm_cp.1_0                             0x00002340   Number         4  chassis.o(.text._ZN7ChassisC2EP9N20_MotorS1_P3IMUP3CCDf)
    __arm_cp.1_1                             0x00002344   Number         4  chassis.o(.text._ZN7ChassisC2EP9N20_MotorS1_P3IMUP3CCDf)
    [Anonymous Symbol]                       0x00002348   Section        0  encoder.o(.text._ZN7Encoder7HandlerEv)
    [Anonymous Symbol]                       0x00002398   Section        0  encoder.o(.text._ZN7EncoderC2EPj)
    [Anonymous Symbol]                       0x000023a8   Section        0  ls7366r.o(.text._ZN7LS7366R4initEhh)
    [Anonymous Symbol]                       0x00002480   Section        0  ls7366r.o(.text._ZN7LS7366R7HandlerEv)
    __arm_cp.3_0                             0x00002530   Number         4  ls7366r.o(.text._ZN7LS7366R7HandlerEv)
    [Anonymous Symbol]                       0x00002534   Section        0  ls7366r.o(.text._ZN7LS7366RC2EP8SPI_RegsP9GPIO_Regsjj)
    [Anonymous Symbol]                       0x00002544   Section        0  n20_motor.o(.text._ZN9N20_Motor16output_intensityEv)
    __arm_cp.2_0                             0x000025ec   Number         4  n20_motor.o(.text._ZN9N20_Motor16output_intensityEv)
    __arm_cp.2_1                             0x000025f0   Number         4  n20_motor.o(.text._ZN9N20_Motor16output_intensityEv)
    __arm_cp.2_2                             0x000025f4   Number         4  n20_motor.o(.text._ZN9N20_Motor16output_intensityEv)
    [Anonymous Symbol]                       0x000025f8   Section        0  n20_motor.o(.text._ZN9N20_Motor17measure_parameterEv)
    __arm_cp.1_0                             0x000026c4   Number         4  n20_motor.o(.text._ZN9N20_Motor17measure_parameterEv)
    __arm_cp.1_1                             0x000026c8   Number         4  n20_motor.o(.text._ZN9N20_Motor17measure_parameterEv)
    __arm_cp.1_2                             0x000026cc   Number         4  n20_motor.o(.text._ZN9N20_Motor17measure_parameterEv)
    __arm_cp.1_3                             0x000026d0   Number         4  n20_motor.o(.text._ZN9N20_Motor17measure_parameterEv)
    __arm_cp.1_4                             0x000026d4   Number         4  n20_motor.o(.text._ZN9N20_Motor17measure_parameterEv)
    __arm_cp.1_5                             0x000026d8   Number         4  n20_motor.o(.text._ZN9N20_Motor17measure_parameterEv)
    [Anonymous Symbol]                       0x000026dc   Section        0  n20_motor.o(.text._ZN9N20_Motor4initEv)
    __arm_cp.5_0                             0x000026ec   Number         4  n20_motor.o(.text._ZN9N20_Motor4initEv)
    [Anonymous Symbol]                       0x000026f0   Section        0  n20_motor.o(.text._ZN9N20_Motor7HandlerEv)
    [Anonymous Symbol]                       0x00002700   Section        0  n20_motor.o(.text._ZN9N20_MotorC2EP12GPTIMER_Regs17DL_TIMER_CC_INDEXS2_P7Encoderff)
    [Anonymous Symbol]                       0x00002724   Section        0  arm_sin_cos_f32.o(.text.arm_sin_cos_f32)
    __arm_cp.0_0                             0x000028e0   Number         4  arm_sin_cos_f32.o(.text.arm_sin_cos_f32)
    __arm_cp.0_1                             0x000028e4   Number         4  arm_sin_cos_f32.o(.text.arm_sin_cos_f32)
    __arm_cp.0_2                             0x000028e8   Number         4  arm_sin_cos_f32.o(.text.arm_sin_cos_f32)
    __arm_cp.0_3                             0x000028ec   Number         4  arm_sin_cos_f32.o(.text.arm_sin_cos_f32)
    __arm_cp.0_4                             0x000028f0   Number         4  arm_sin_cos_f32.o(.text.arm_sin_cos_f32)
    [Anonymous Symbol]                       0x000028f4   Section        0  it.o(.text.delay_ms)
    __arm_cp.1_0                             0x00002904   Number         4  it.o(.text.delay_ms)
    [Anonymous Symbol]                       0x00002908   Section        0  imu963ra.o(.text.imu963ra_get_acc)
    __arm_cp.0_2                             0x0000294c   Number         4  imu963ra.o(.text.imu963ra_get_acc)
    __arm_cp.0_3                             0x00002950   Number         4  imu963ra.o(.text.imu963ra_get_acc)
    __arm_cp.0_4                             0x00002954   Number         4  imu963ra.o(.text.imu963ra_get_acc)
    [Anonymous Symbol]                       0x00002958   Section        0  imu963ra.o(.text.imu963ra_get_gyro)
    __arm_cp.1_2                             0x0000299c   Number         4  imu963ra.o(.text.imu963ra_get_gyro)
    __arm_cp.1_3                             0x000029a0   Number         4  imu963ra.o(.text.imu963ra_get_gyro)
    __arm_cp.1_4                             0x000029a4   Number         4  imu963ra.o(.text.imu963ra_get_gyro)
    [Anonymous Symbol]                       0x000029a8   Section        0  imu963ra.o(.text.imu963ra_get_mag)
    __arm_cp.2_2                             0x00002a18   Number         4  imu963ra.o(.text.imu963ra_get_mag)
    __arm_cp.2_3                             0x00002a1c   Number         4  imu963ra.o(.text.imu963ra_get_mag)
    __arm_cp.2_4                             0x00002a20   Number         4  imu963ra.o(.text.imu963ra_get_mag)
    [Anonymous Symbol]                       0x00002a24   Section        0  imu963ra.o(.text.imu963ra_init)
    __arm_cp.3_0                             0x00002ca0   Number         4  imu963ra.o(.text.imu963ra_init)
    __arm_cp.3_1                             0x00002ca4   Number         4  imu963ra.o(.text.imu963ra_init)
    __arm_cp.3_2                             0x00002ca8   Number         4  imu963ra.o(.text.imu963ra_init)
    __arm_cp.3_3                             0x00002cac   Number         4  imu963ra.o(.text.imu963ra_init)
    __arm_cp.3_4                             0x00002cb0   Number         4  imu963ra.o(.text.imu963ra_init)
    __arm_cp.3_5                             0x00002cb4   Number         4  imu963ra.o(.text.imu963ra_init)
    __arm_cp.3_6                             0x00002cb8   Number         4  imu963ra.o(.text.imu963ra_init)
    [Anonymous Symbol]                       0x00002cbc   Section        0  task.o(.text.loop)
    __arm_cp.1_1                             0x00002d58   Number         4  task.o(.text.loop)
    __arm_cp.1_2                             0x00002d5c   Number         4  task.o(.text.loop)
    __arm_cp.1_3                             0x00002d60   Number         4  task.o(.text.loop)
    __arm_cp.1_5                             0x00002d64   Number         4  task.o(.text.loop)
    [Anonymous Symbol]                       0x00002d68   Section        0  control.o(.text.main)
    [Anonymous Symbol]                       0x00002d78   Section        0  task.o(.text.setup)
    __arm_cp.0_0                             0x00002dd0   Number         4  task.o(.text.setup)
    __arm_cp.0_1                             0x00002dd4   Number         4  task.o(.text.setup)
    __arm_cp.0_6                             0x00002dd8   Number         4  task.o(.text.setup)
    __arm_cp.0_7                             0x00002ddc   Number         4  task.o(.text.setup)
    [Anonymous Symbol]                       0x00002de0   Section        0  hal.o(.text.spi_read_8bit_register)
    [Anonymous Symbol]                       0x00002e14   Section        0  hal.o(.text.spi_read_8bit_registers)
    __arm_cp.6_1                             0x00002e50   Number         4  hal.o(.text.spi_read_8bit_registers)
    [Anonymous Symbol]                       0x00002e54   Section        0  hal.o(.text.spi_write_8bit_register)
    __arm_cp.4_0                             0x00002e80   Number         4  hal.o(.text.spi_write_8bit_register)
    [Anonymous Symbol]                       0x00002e84   Section        0  task.o(.text.task_handler)
    __arm_cp.3_0                             0x00002f2c   Number         4  task.o(.text.task_handler)
    __arm_cp.3_1                             0x00002f30   Number         4  task.o(.text.task_handler)
    __arm_cp.3_2                             0x00002f34   Number         4  task.o(.text.task_handler)
    __arm_cp.3_3                             0x00002f38   Number         4  task.o(.text.task_handler)
    __arm_cp.3_4                             0x00002f3c   Number         4  task.o(.text.task_handler)
    __arm_cp.3_5                             0x00002f40   Number         4  task.o(.text.task_handler)
    __arm_cp.3_6                             0x00002f44   Number         4  task.o(.text.task_handler)
    __arm_cp.3_7                             0x00002f48   Number         4  task.o(.text.task_handler)
    __arm_cp.3_8                             0x00002f4c   Number         4  task.o(.text.task_handler)
    __arm_cp.3_9                             0x00002f50   Number         4  task.o(.text.task_handler)
    __arm_cp.3_10                            0x00002f54   Number         4  task.o(.text.task_handler)
    __arm_cp.3_11                            0x00002f58   Number         4  task.o(.text.task_handler)
    __arm_cp.3_12                            0x00002f5c   Number         4  task.o(.text.task_handler)
    __arm_cp.3_13                            0x00002f60   Number         4  task.o(.text.task_handler)
    __arm_cp.3_14                            0x00002f64   Number         4  task.o(.text.task_handler)
    __arm_cp.3_15                            0x00002f68   Number         4  task.o(.text.task_handler)
    __arm_cp.3_16                            0x00002f6c   Number         4  task.o(.text.task_handler)
    i.__ARM_clz                              0x00002f70   Section        0  depilogue.o(i.__ARM_clz)
    i.__ARM_fpclassifyf                      0x00002f9e   Section        0  fpclassifyf.o(i.__ARM_fpclassifyf)
    i.__mathlib_flt_infnan2                  0x00002fc0   Section        0  funder.o(i.__mathlib_flt_infnan2)
    i.__mathlib_flt_underflow                0x00002fc8   Section        0  funder.o(i.__mathlib_flt_underflow)
    i.__scatterload_copy                     0x00002fd8   Section       14  handlers.o(i.__scatterload_copy)
    i.__scatterload_null                     0x00002fe8   Section        2  handlers.o(i.__scatterload_null)
    i.__scatterload_zeroinit                 0x00002ff0   Section       14  handlers.o(i.__scatterload_zeroinit)
    i.__set_errno                            0x00003000   Section        0  errno.o(i.__set_errno)
    i.atan2f                                 0x0000300c   Section        0  atan2f.o(i.atan2f)
    i.sqrtf                                  0x00003294   Section        0  sqrtf.o(i.sqrtf)
    gADC_CCDClockConfig                      0x000032c0   Data           8  ti_msp_dl_config.o(.rodata.gADC_CCDClockConfig)
    [Anonymous Symbol]                       0x000032c0   Section        0  ti_msp_dl_config.o(.rodata.gADC_CCDClockConfig)
    gADC_VINClockConfig                      0x000032c8   Data           8  ti_msp_dl_config.o(.rodata.gADC_VINClockConfig)
    [Anonymous Symbol]                       0x000032c8   Section        0  ti_msp_dl_config.o(.rodata.gADC_VINClockConfig)
    gDMA_CH0Config                           0x000032d0   Data          24  ti_msp_dl_config.o(.rodata.gDMA_CH0Config)
    [Anonymous Symbol]                       0x000032d0   Section        0  ti_msp_dl_config.o(.rodata.gDMA_CH0Config)
    gPWM_BUZZERClockConfig                   0x000032e8   Data           3  ti_msp_dl_config.o(.rodata.gPWM_BUZZERClockConfig)
    [Anonymous Symbol]                       0x000032e8   Section        0  ti_msp_dl_config.o(.rodata.gPWM_BUZZERClockConfig)
    gPWM_BUZZERConfig                        0x000032ec   Data           8  ti_msp_dl_config.o(.rodata.gPWM_BUZZERConfig)
    [Anonymous Symbol]                       0x000032ec   Section        0  ti_msp_dl_config.o(.rodata.gPWM_BUZZERConfig)
    gPWM_MOTOR0ClockConfig                   0x000032f4   Data           3  ti_msp_dl_config.o(.rodata.gPWM_MOTOR0ClockConfig)
    [Anonymous Symbol]                       0x000032f4   Section        0  ti_msp_dl_config.o(.rodata.gPWM_MOTOR0ClockConfig)
    gPWM_MOTOR0Config                        0x000032f8   Data           8  ti_msp_dl_config.o(.rodata.gPWM_MOTOR0Config)
    [Anonymous Symbol]                       0x000032f8   Section        0  ti_msp_dl_config.o(.rodata.gPWM_MOTOR0Config)
    gPWM_MOTOR1ClockConfig                   0x00003300   Data           3  ti_msp_dl_config.o(.rodata.gPWM_MOTOR1ClockConfig)
    [Anonymous Symbol]                       0x00003300   Section        0  ti_msp_dl_config.o(.rodata.gPWM_MOTOR1ClockConfig)
    gPWM_MOTOR1Config                        0x00003304   Data           8  ti_msp_dl_config.o(.rodata.gPWM_MOTOR1Config)
    [Anonymous Symbol]                       0x00003304   Section        0  ti_msp_dl_config.o(.rodata.gPWM_MOTOR1Config)
    gSPI_ENCODER_clockConfig                 0x0000330c   Data           2  ti_msp_dl_config.o(.rodata.gSPI_ENCODER_clockConfig)
    [Anonymous Symbol]                       0x0000330c   Section        0  ti_msp_dl_config.o(.rodata.gSPI_ENCODER_clockConfig)
    gSPI_ENCODER_config                      0x0000330e   Data          10  ti_msp_dl_config.o(.rodata.gSPI_ENCODER_config)
    [Anonymous Symbol]                       0x0000330e   Section        0  ti_msp_dl_config.o(.rodata.gSPI_ENCODER_config)
    gSPI_IMU_clockConfig                     0x00003318   Data           2  ti_msp_dl_config.o(.rodata.gSPI_IMU_clockConfig)
    [Anonymous Symbol]                       0x00003318   Section        0  ti_msp_dl_config.o(.rodata.gSPI_IMU_clockConfig)
    gSPI_IMU_config                          0x0000331a   Data          10  ti_msp_dl_config.o(.rodata.gSPI_IMU_config)
    [Anonymous Symbol]                       0x0000331a   Section        0  ti_msp_dl_config.o(.rodata.gSPI_IMU_config)
    gSYSPLLConfig                            0x00003324   Data          40  ti_msp_dl_config.o(.rodata.gSYSPLLConfig)
    [Anonymous Symbol]                       0x00003324   Section        0  ti_msp_dl_config.o(.rodata.gSYSPLLConfig)
    gTIM_CCDClockConfig                      0x0000334c   Data           3  ti_msp_dl_config.o(.rodata.gTIM_CCDClockConfig)
    [Anonymous Symbol]                       0x0000334c   Section        0  ti_msp_dl_config.o(.rodata.gTIM_CCDClockConfig)
    gTIM_CCDConfig                           0x00003350   Data           8  ti_msp_dl_config.o(.rodata.gTIM_CCDConfig)
    [Anonymous Symbol]                       0x00003350   Section        0  ti_msp_dl_config.o(.rodata.gTIM_CCDConfig)
    gUART_0ClockConfig                       0x00003358   Data           2  ti_msp_dl_config.o(.rodata.gUART_0ClockConfig)
    [Anonymous Symbol]                       0x00003358   Section        0  ti_msp_dl_config.o(.rodata.gUART_0ClockConfig)
    gUART_0Config                            0x0000335a   Data          10  ti_msp_dl_config.o(.rodata.gUART_0Config)
    [Anonymous Symbol]                       0x0000335a   Section        0  ti_msp_dl_config.o(.rodata.gUART_0Config)
    .init_array                              0x00003b8c   Section        0  cpp_init.o(.init_array)
    _errno                                   0x20200000   Data           4  errno.o(.data)
    .data                                    0x20200000   Section        4  errno.o(.data)
    test_power()::power_flag                 0x20200020   Data           1  task.o(.bss._ZZ10test_powervE10power_flag)
    [Anonymous Symbol]                       0x20200020   Section        0  task.o(.bss._ZZ10test_powervE10power_flag)
    signal_Handler()::temp_utick             0x20200024   Data           4  task.o(.bss._ZZ14signal_HandlervE10temp_utick)
    [Anonymous Symbol]                       0x20200024   Section        0  task.o(.bss._ZZ14signal_HandlervE10temp_utick)
    STACK                                    0x20200968   Section      256  startup_mspm0g350x_uvision.o(STACK)

    Global Symbols

    Symbol Name                              Value     Ov Type        Size  Object(Section)

    BuildAttributes$$THM_ISAv3M$S$PE$A:L22$X:L11$S22$IEEE1$IW$~IW$USESV6$~STKCKD$USESV7$~SHL$OTIME$ROPI$IEEEX$EBA8$MICROLIB$REQ8$PRES8$EABIv2 0x00000000   Number         0  anon$$obj.o ABSOLUTE
    __Vectors                                0x00000000   Data           4  startup_mspm0g350x_uvision.o(RESET)
    __cxa_finalize                            - Undefined Weak Reference
    __decompress                              - Undefined Weak Reference
    _clock_init                               - Undefined Weak Reference
    _microlib_exit                            - Undefined Weak Reference
    __Vectors_End                            0x000000c0   Data           0  startup_mspm0g350x_uvision.o(RESET)
    __Vectors_Size                           0x000000c0   Number         0  startup_mspm0g350x_uvision.o ABSOLUTE
    __main                                   0x000000c1   Thumb Code     0  entry.o(.ARM.Collect$$$$00000000)
    _main_stk                                0x000000c1   Thumb Code     0  entry2.o(.ARM.Collect$$$$00000001)
    _main_scatterload                        0x000000c5   Thumb Code     0  entry5.o(.ARM.Collect$$$$00000004)
    __main_after_scatterload                 0x000000c9   Thumb Code     0  entry5.o(.ARM.Collect$$$$00000004)
    _main_clock                              0x000000c9   Thumb Code     0  entry7b.o(.ARM.Collect$$$$00000008)
    _main_cpp_init$empty                     0x000000c9   Thumb Code     0  entry8a.o(.ARM.Collect$$$$00000009)
    _main_cpp_init                           0x000000cd   Thumb Code     0  entry8b.o(.ARM.Collect$$$$0000000A)
    _main_init                               0x000000cd   Thumb Code     0  entry9a.o(.ARM.Collect$$$$0000000B)
    __rt_final_cpp                           0x000000d5   Thumb Code     0  entry10a.o(.ARM.Collect$$$$0000000D)
    __rt_final_exit                          0x000000d5   Thumb Code     0  entry11a.o(.ARM.Collect$$$$0000000F)
    Reset_Handler                            0x000000d9   Thumb Code     4  startup_mspm0g350x_uvision.o(.text)
    NMI_Handler                              0x000000dd   Thumb Code     2  startup_mspm0g350x_uvision.o(.text)
    HardFault_Handler                        0x000000df   Thumb Code     2  startup_mspm0g350x_uvision.o(.text)
    SVC_Handler                              0x000000e1   Thumb Code     2  startup_mspm0g350x_uvision.o(.text)
    PendSV_Handler                           0x000000e3   Thumb Code     2  startup_mspm0g350x_uvision.o(.text)
    ADC0_IRQHandler                          0x000000e7   Thumb Code     0  startup_mspm0g350x_uvision.o(.text)
    ADC1_IRQHandler                          0x000000e7   Thumb Code     0  startup_mspm0g350x_uvision.o(.text)
    AES_IRQHandler                           0x000000e7   Thumb Code     0  startup_mspm0g350x_uvision.o(.text)
    CANFD0_IRQHandler                        0x000000e7   Thumb Code     0  startup_mspm0g350x_uvision.o(.text)
    DAC0_IRQHandler                          0x000000e7   Thumb Code     0  startup_mspm0g350x_uvision.o(.text)
    DMA_IRQHandler                           0x000000e7   Thumb Code     0  startup_mspm0g350x_uvision.o(.text)
    Default_Handler                          0x000000e7   Thumb Code     2  startup_mspm0g350x_uvision.o(.text)
    GROUP0_IRQHandler                        0x000000e7   Thumb Code     0  startup_mspm0g350x_uvision.o(.text)
    GROUP1_IRQHandler                        0x000000e7   Thumb Code     0  startup_mspm0g350x_uvision.o(.text)
    I2C0_IRQHandler                          0x000000e7   Thumb Code     0  startup_mspm0g350x_uvision.o(.text)
    I2C1_IRQHandler                          0x000000e7   Thumb Code     0  startup_mspm0g350x_uvision.o(.text)
    RTC_IRQHandler                           0x000000e7   Thumb Code     0  startup_mspm0g350x_uvision.o(.text)
    SPI0_IRQHandler                          0x000000e7   Thumb Code     0  startup_mspm0g350x_uvision.o(.text)
    SPI1_IRQHandler                          0x000000e7   Thumb Code     0  startup_mspm0g350x_uvision.o(.text)
    TIMA0_IRQHandler                         0x000000e7   Thumb Code     0  startup_mspm0g350x_uvision.o(.text)
    TIMA1_IRQHandler                         0x000000e7   Thumb Code     0  startup_mspm0g350x_uvision.o(.text)
    TIMG0_IRQHandler                         0x000000e7   Thumb Code     0  startup_mspm0g350x_uvision.o(.text)
    TIMG12_IRQHandler                        0x000000e7   Thumb Code     0  startup_mspm0g350x_uvision.o(.text)
    TIMG6_IRQHandler                         0x000000e7   Thumb Code     0  startup_mspm0g350x_uvision.o(.text)
    TIMG7_IRQHandler                         0x000000e7   Thumb Code     0  startup_mspm0g350x_uvision.o(.text)
    TIMG8_IRQHandler                         0x000000e7   Thumb Code     0  startup_mspm0g350x_uvision.o(.text)
    UART0_IRQHandler                         0x000000e7   Thumb Code     0  startup_mspm0g350x_uvision.o(.text)
    UART1_IRQHandler                         0x000000e7   Thumb Code     0  startup_mspm0g350x_uvision.o(.text)
    UART2_IRQHandler                         0x000000e7   Thumb Code     0  startup_mspm0g350x_uvision.o(.text)
    UART3_IRQHandler                         0x000000e7   Thumb Code     0  startup_mspm0g350x_uvision.o(.text)
    __aeabi_uidiv                            0x000000ed   Thumb Code     0  uidiv.o(.text)
    __aeabi_uidivmod                         0x000000ed   Thumb Code    44  uidiv.o(.text)
    __aeabi_memset                           0x00000119   Thumb Code    14  memseta.o(.text)
    __aeabi_memset4                          0x00000119   Thumb Code     0  memseta.o(.text)
    __aeabi_memset8                          0x00000119   Thumb Code     0  memseta.o(.text)
    __aeabi_memclr                           0x00000127   Thumb Code     4  memseta.o(.text)
    __aeabi_memclr4                          0x00000127   Thumb Code     0  memseta.o(.text)
    __aeabi_memclr8                          0x00000127   Thumb Code     0  memseta.o(.text)
    _memset$wrapper                          0x0000012b   Thumb Code    18  memseta.o(.text)
    __cpp_initialize__aeabi_                 0x0000013d   Thumb Code    22  cpp_init.o(.text)
    __aeabi_fadd                             0x0000015d   Thumb Code   162  fadd.o(.text)
    __aeabi_fsub                             0x000001ff   Thumb Code     8  fadd.o(.text)
    __aeabi_frsub                            0x00000207   Thumb Code     8  fadd.o(.text)
    __aeabi_fmul                             0x0000020f   Thumb Code   122  fmul.o(.text)
    __aeabi_fdiv                             0x00000289   Thumb Code   124  fdiv.o(.text)
    __aeabi_dadd                             0x00000305   Thumb Code   328  dadd.o(.text)
    __aeabi_dsub                             0x0000044d   Thumb Code    12  dadd.o(.text)
    __aeabi_drsub                            0x00000459   Thumb Code    12  dadd.o(.text)
    __aeabi_dmul                             0x00000469   Thumb Code   202  dmul.o(.text)
    __aeabi_ddiv                             0x00000539   Thumb Code   234  ddiv.o(.text)
    __aeabi_fcmple                           0x00000629   Thumb Code    28  fcmple.o(.text)
    __aeabi_fcmplt                           0x00000645   Thumb Code    28  fcmplt.o(.text)
    __aeabi_fcmpge                           0x00000661   Thumb Code    28  fcmpge.o(.text)
    __aeabi_fcmpgt                           0x0000067d   Thumb Code    28  fcmpgt.o(.text)
    __aeabi_i2f                              0x00000699   Thumb Code    22  fflti.o(.text)
    __aeabi_ui2f                             0x000006af   Thumb Code    14  ffltui.o(.text)
    __aeabi_l2f                              0x000006bd   Thumb Code    44  ffltl.o(.text)
    __aeabi_i2d                              0x000006e9   Thumb Code    34  dflti.o(.text)
    __aeabi_f2iz                             0x00000711   Thumb Code    50  ffixi.o(.text)
    __aeabi_f2uiz                            0x00000743   Thumb Code    40  ffixui.o(.text)
    __aeabi_d2iz                             0x0000076d   Thumb Code    62  dfixi.o(.text)
    __aeabi_f2d                              0x000007b5   Thumb Code    40  f2d.o(.text)
    __aeabi_d2f                              0x000007dd   Thumb Code    56  d2f.o(.text)
    __aeabi_llsl                             0x00000815   Thumb Code    32  llshl.o(.text)
    _ll_shift_l                              0x00000815   Thumb Code     0  llshl.o(.text)
    __aeabi_llsr                             0x00000835   Thumb Code    34  llushr.o(.text)
    _ll_ushift_r                             0x00000835   Thumb Code     0  llushr.o(.text)
    __aeabi_lasr                             0x00000857   Thumb Code    38  llsshr.o(.text)
    _ll_sshift_r                             0x00000857   Thumb Code     0  llsshr.o(.text)
    __I$use$fp                               0x0000087d   Thumb Code     0  iusefp.o(.text)
    _float_round                             0x0000087d   Thumb Code    16  fepilogue.o(.text)
    _float_epilogue                          0x0000088d   Thumb Code   114  fepilogue.o(.text)
    _fsqrt                                   0x000008ff   Thumb Code    88  fsqrt.o(.text)
    _double_round                            0x00000957   Thumb Code    26  depilogue.o(.text)
    _double_epilogue                         0x00000971   Thumb Code   164  depilogue.o(.text)
    __scatterload                            0x00000a19   Thumb Code    28  init.o(.text)
    __scatterload_rt2                        0x00000a19   Thumb Code     0  init.o(.text)
    __ARM_scalbnf                            0x00000a3d   Thumb Code    24  fscalb.o(.text)
    scalbnf                                  0x00000a3d   Thumb Code     0  fscalb.o(.text)
    DL_ADC12_setClockConfig                  0x00000a55   Thumb Code    68  dl_adc12.o(.text.DL_ADC12_setClockConfig)
    DL_Common_delayCycles                    0x00000a95   Thumb Code    10  dl_common.o(.text.DL_Common_delayCycles)
    DL_DMA_initChannel                       0x00000aa1   Thumb Code    68  dl_dma.o(.text.DL_DMA_initChannel)
    DL_SPI_init                              0x00000ae5   Thumb Code    72  dl_spi.o(.text.DL_SPI_init)
    DL_SPI_setClockConfig                    0x00000b29   Thumb Code    20  dl_spi.o(.text.DL_SPI_setClockConfig)
    DL_SYSCTL_configSYSPLL                   0x00000b3d   Thumb Code   200  dl_sysctl_mspm0g1x0x_g3x0x.o(.text.DL_SYSCTL_configSYSPLL)
    DL_SYSCTL_setHFCLKSourceHFXTParams       0x00000c01   Thumb Code    84  dl_sysctl_mspm0g1x0x_g3x0x.o(.text.DL_SYSCTL_setHFCLKSourceHFXTParams)
    DL_SYSCTL_switchMCLKfromSYSOSCtoHSCLK    0x00000c51   Thumb Code    40  dl_sysctl_mspm0g1x0x_g3x0x.o(.text.DL_SYSCTL_switchMCLKfromSYSOSCtoHSCLK)
    DL_TimerA_initPWMMode                    0x00000c79   Thumb Code   172  dl_timer.o(.text.DL_TimerA_initPWMMode)
    DL_Timer_initPWMMode                     0x00000d19   Thumb Code   248  dl_timer.o(.text.DL_Timer_initPWMMode)
    DL_Timer_setCaptCompUpdateMethod         0x00000e09   Thumb Code    28  dl_timer.o(.text.DL_Timer_setCaptCompUpdateMethod)
    DL_Timer_setCaptureCompareOutCtl         0x00000e25   Thumb Code    24  dl_timer.o(.text.DL_Timer_setCaptureCompareOutCtl)
    DL_Timer_setCaptureCompareValue          0x00000e3d   Thumb Code    16  dl_timer.o(.text.DL_Timer_setCaptureCompareValue)
    DL_Timer_setClockConfig                  0x00000e4d   Thumb Code    32  dl_timer.o(.text.DL_Timer_setClockConfig)
    DL_UART_init                             0x00000e69   Thumb Code    76  dl_uart.o(.text.DL_UART_init)
    DL_UART_setClockConfig                   0x00000eb5   Thumb Code    20  dl_uart.o(.text.DL_UART_setClockConfig)
    SPI_transmitData                         0x00000ec9   Thumb Code    40  hal.o(.text.SPI_transmitData)
    SYSCFG_DL_ADC_CCD_init                   0x00000ef1   Thumb Code   168  ti_msp_dl_config.o(.text.SYSCFG_DL_ADC_CCD_init)
    SYSCFG_DL_ADC_VIN_init                   0x00000f99   Thumb Code    84  ti_msp_dl_config.o(.text.SYSCFG_DL_ADC_VIN_init)
    SYSCFG_DL_DMA_CH0_init                   0x00000fed   Thumb Code    24  ti_msp_dl_config.o(.text.SYSCFG_DL_DMA_CH0_init)
    SYSCFG_DL_DMA_init                       0x00001005   Thumb Code     8  ti_msp_dl_config.o(.text.SYSCFG_DL_DMA_init)
    SYSCFG_DL_GPIO_init                      0x0000100d   Thumb Code   148  ti_msp_dl_config.o(.text.SYSCFG_DL_GPIO_init)
    SYSCFG_DL_PWM_BUZZER_init                0x000010a1   Thumb Code    96  ti_msp_dl_config.o(.text.SYSCFG_DL_PWM_BUZZER_init)
    SYSCFG_DL_PWM_MOTOR0_init                0x00001101   Thumb Code   136  ti_msp_dl_config.o(.text.SYSCFG_DL_PWM_MOTOR0_init)
    SYSCFG_DL_PWM_MOTOR1_init                0x00001185   Thumb Code   132  ti_msp_dl_config.o(.text.SYSCFG_DL_PWM_MOTOR1_init)
    SYSCFG_DL_SPI_ENCODER_init               0x00001209   Thumb Code    76  ti_msp_dl_config.o(.text.SYSCFG_DL_SPI_ENCODER_init)
    SYSCFG_DL_SPI_IMU_init                   0x00001251   Thumb Code    76  ti_msp_dl_config.o(.text.SYSCFG_DL_SPI_IMU_init)
    SYSCFG_DL_SYSCTL_init                    0x0000129d   Thumb Code   100  ti_msp_dl_config.o(.text.SYSCFG_DL_SYSCTL_init)
    SYSCFG_DL_SYSTICK_init                   0x00001301   Thumb Code    48  ti_msp_dl_config.o(.text.SYSCFG_DL_SYSTICK_init)
    SYSCFG_DL_TIM_CCD_init                   0x0000132d   Thumb Code   140  ti_msp_dl_config.o(.text.SYSCFG_DL_TIM_CCD_init)
    SYSCFG_DL_UART_0_init                    0x000013b9   Thumb Code   136  ti_msp_dl_config.o(.text.SYSCFG_DL_UART_0_init)
    SYSCFG_DL_init                           0x0000143d   Thumb Code   100  ti_msp_dl_config.o(.text.SYSCFG_DL_init)
    SYSCFG_DL_initPower                      0x000014a1   Thumb Code   148  ti_msp_dl_config.o(.text.SYSCFG_DL_initPower)
    SysTick_Handler                          0x00001535   Thumb Code    64  it.o(.text.SysTick_Handler)
    UART_Transmit                            0x00001575   Thumb Code    36  hal.o(.text.UART_Transmit)
    test_power()                             0x000016b1   Thumb Code   160  task.o(.text._Z10test_powerv)
    Controller::Handler()                    0x000017e9   Thumb Code   560  controller.o(.text._ZN10Controller7HandlerEv)
    Controller::Controller(Chassis*)         0x00001a19   Thumb Code    52  controller.o(.text._ZN10ControllerC2EP7Chassis)
    Controller::Controller__sub_object(Chassis*) 0x00001a19   Thumb Code    52  controller.o(.text._ZN10ControllerC2EP7Chassis)
    PID_Controller::Handler()                0x00001a49   Thumb Code   112  pid_controller.o(.text._ZN14PID_Controller7HandlerEv)
    PID_Controller::PID_Controller(Chassis*) 0x00001ab9   Thumb Code    52  pid_controller.o(.text._ZN14PID_ControllerC2EP7Chassis)
    PID_Controller::PID_Controller__sub_object(Chassis*) 0x00001ab9   Thumb Code    52  pid_controller.o(.text._ZN14PID_ControllerC2EP7Chassis)
    CCD::init()                              0x00001aed   Thumb Code    24  ccd.o(.text._ZN3CCD4initEv)
    CCD::Handler()                           0x00001b05   Thumb Code    68  ccd.o(.text._ZN3CCD7HandlerEv)
    IMU::init()                              0x00001b49   Thumb Code   272  imu.o(.text._ZN3IMU4initEv)
    IMU::Handler()                           0x00001c59   Thumb Code    14  imu.o(.text._ZN3IMU7HandlerEv)
    IMU::get_data()                          0x00001c69   Thumb Code   452  imu.o(.text._ZN3IMU8get_dataEv)
    Buzzer::stop()                           0x00001e2d   Thumb Code    20  buzzer.o(.text._ZN6Buzzer4stopEv)
    Buzzer::start()                          0x00001e3d   Thumb Code    20  buzzer.o(.text._ZN6Buzzer5startEv)
    Buzzer::Buzzer(GPTIMER_Regs*)            0x00001e51   Thumb Code     4  buzzer.o(.text._ZN6BuzzerC2EP12GPTIMER_Regs)
    Buzzer::Buzzer__sub_object(GPTIMER_Regs*) 0x00001e51   Thumb Code     4  buzzer.o(.text._ZN6BuzzerC2EP12GPTIMER_Regs)
    Remote::process_data()                   0x00001e55   Thumb Code   276  remote.o(.text._ZN6Remote12process_dataEv)
    Remote::Handler()                        0x00001f61   Thumb Code    12  remote.o(.text._ZN6Remote7HandlerEv)
    Remote::Remote(UART_Regs*)               0x00001f6d   Thumb Code    38  remote.o(.text._ZN6RemoteC2EP9UART_Regs)
    Remote::Remote__sub_object(UART_Regs*)   0x00001f6d   Thumb Code    38  remote.o(.text._ZN6RemoteC2EP9UART_Regs)
    Chassis::Handler()                       0x00001f95   Thumb Code   880  chassis.o(.text._ZN7Chassis7HandlerEv)
    Chassis::Chassis(N20_Motor*, N20_Motor*, IMU*, CCD*, float) 0x00002305   Thumb Code    68  chassis.o(.text._ZN7ChassisC2EP9N20_MotorS1_P3IMUP3CCDf)
    Chassis::Chassis__sub_object(N20_Motor*, N20_Motor*, IMU*, CCD*, float) 0x00002305   Thumb Code    68  chassis.o(.text._ZN7ChassisC2EP9N20_MotorS1_P3IMUP3CCDf)
    Encoder::Handler()                       0x00002349   Thumb Code    80  encoder.o(.text._ZN7Encoder7HandlerEv)
    Encoder::Encoder(unsigned*)              0x00002399   Thumb Code    16  encoder.o(.text._ZN7EncoderC2EPj)
    Encoder::Encoder__sub_object(unsigned*)  0x00002399   Thumb Code    16  encoder.o(.text._ZN7EncoderC2EPj)
    LS7366R::init(unsigned char, unsigned char) 0x000023a9   Thumb Code   220  ls7366r.o(.text._ZN7LS7366R4initEhh)
    LS7366R::Handler()                       0x00002481   Thumb Code   180  ls7366r.o(.text._ZN7LS7366R7HandlerEv)
    LS7366R::LS7366R(SPI_Regs*, GPIO_Regs*, unsigned, unsigned) 0x00002535   Thumb Code    16  ls7366r.o(.text._ZN7LS7366RC2EP8SPI_RegsP9GPIO_Regsjj)
    LS7366R::LS7366R__sub_object(SPI_Regs*, GPIO_Regs*, unsigned, unsigned) 0x00002535   Thumb Code    16  ls7366r.o(.text._ZN7LS7366RC2EP8SPI_RegsP9GPIO_Regsjj)
    N20_Motor::output_intensity()            0x00002545   Thumb Code   180  n20_motor.o(.text._ZN9N20_Motor16output_intensityEv)
    N20_Motor::measure_parameter()           0x000025f9   Thumb Code   228  n20_motor.o(.text._ZN9N20_Motor17measure_parameterEv)
    N20_Motor::init()                        0x000026dd   Thumb Code    20  n20_motor.o(.text._ZN9N20_Motor4initEv)
    N20_Motor::Handler()                     0x000026f1   Thumb Code    16  n20_motor.o(.text._ZN9N20_Motor7HandlerEv)
    N20_Motor::N20_Motor(GPTIMER_Regs*, DL_TIMER_CC_INDEX, DL_TIMER_CC_INDEX, Encoder*, float, float) 0x00002701   Thumb Code    34  n20_motor.o(.text._ZN9N20_MotorC2EP12GPTIMER_Regs17DL_TIMER_CC_INDEXS2_P7Encoderff)
    N20_Motor::N20_Motor__sub_object(GPTIMER_Regs*, DL_TIMER_CC_INDEX, DL_TIMER_CC_INDEX, Encoder*, float, float) 0x00002701   Thumb Code    34  n20_motor.o(.text._ZN9N20_MotorC2EP12GPTIMER_Regs17DL_TIMER_CC_INDEXS2_P7Encoderff)
    arm_sin_cos_f32                          0x00002725   Thumb Code   464  arm_sin_cos_f32.o(.text.arm_sin_cos_f32)
    delay_ms                                 0x000028f5   Thumb Code    20  it.o(.text.delay_ms)
    imu963ra_get_acc                         0x00002909   Thumb Code    88  imu963ra.o(.text.imu963ra_get_acc)
    imu963ra_get_gyro                        0x00002959   Thumb Code    88  imu963ra.o(.text.imu963ra_get_gyro)
    imu963ra_get_mag                         0x000029a9   Thumb Code   132  imu963ra.o(.text.imu963ra_get_mag)
    imu963ra_init                            0x00002a25   Thumb Code   664  imu963ra.o(.text.imu963ra_init)
    loop                                     0x00002cbd   Thumb Code   180  task.o(.text.loop)
    main                                     0x00002d69   Thumb Code    14  control.o(.text.main)
    setup                                    0x00002d79   Thumb Code   124  task.o(.text.setup)
    spi_read_8bit_register                   0x00002de1   Thumb Code    60  hal.o(.text.spi_read_8bit_register)
    spi_read_8bit_registers                  0x00002e15   Thumb Code    68  hal.o(.text.spi_read_8bit_registers)
    spi_write_8bit_register                  0x00002e55   Thumb Code    48  hal.o(.text.spi_write_8bit_register)
    task_handler                             0x00002e85   Thumb Code   236  task.o(.text.task_handler)
    __ARM_clz                                0x00002f71   Thumb Code    46  depilogue.o(i.__ARM_clz)
    __ARM_fpclassifyf                        0x00002f9f   Thumb Code    34  fpclassifyf.o(i.__ARM_fpclassifyf)
    __mathlib_flt_infnan2                    0x00002fc1   Thumb Code     8  funder.o(i.__mathlib_flt_infnan2)
    __mathlib_flt_underflow                  0x00002fc9   Thumb Code    14  funder.o(i.__mathlib_flt_underflow)
    __scatterload_copy                       0x00002fd9   Thumb Code    14  handlers.o(i.__scatterload_copy)
    __scatterload_null                       0x00002fe9   Thumb Code     2  handlers.o(i.__scatterload_null)
    __scatterload_zeroinit                   0x00002ff1   Thumb Code    14  handlers.o(i.__scatterload_zeroinit)
    __set_errno                              0x00003001   Thumb Code     6  errno.o(i.__set_errno)
    atan2f                                   0x0000300d   Thumb Code   572  atan2f.o(i.atan2f)
    sqrtf                                    0x00003295   Thumb Code    44  sqrtf.o(i.sqrtf)
    sinTable_f32                             0x00003364   Data        2052  arm_common_tables.o(.rodata.sinTable_f32)
    Region$$Table$$Base                      0x00003b68   Number         0  anon$$obj.o(Region$$Table)
    Region$$Table$$Limit                     0x00003b88   Number         0  anon$$obj.o(Region$$Table)
    SHT$$INIT_ARRAY$$Base                    0x00003b88   Number         0  task.o(.init_array)
    SHT$$INIT_ARRAY$$Limit                   0x00003b8c   Number         0  cpp_init.o(.init_array)
    end_flag                                 0x20200004   Data           2  task.o(.data.end_flag)
    imu963ra_transition_factor               0x20200008   Data          12  imu963ra.o(.data.imu963ra_transition_factor)
    start_flag                               0x20200014   Data           2  task.o(.data.start_flag)
    vin                                      0x20200018   Data           4  task.o(.data.vin)
    buzzer                                   0x20200028   Data           4  task.o(.bss.buzzer)
    ccd                                      0x2020002c   Data         404  task.o(.bss.ccd)
    chassis                                  0x202001c0   Data         728  task.o(.bss.chassis)
    controller                               0x20200498   Data          80  task.o(.bss.controller)
    crc                                      0x202004e8   Data           2  remote.o(.bss.crc)
    crc1                                     0x202004ea   Data           2  remote.o(.bss.crc1)
    crc_err                                  0x202004ec   Data           4  remote.o(.bss.crc_err)
    gCheckADC                                0x202004f0   Data           1  task.o(.bss.gCheckADC)
    gPWM_MOTOR0Backup                        0x202004f4   Data         188  ti_msp_dl_config.o(.bss.gPWM_MOTOR0Backup)
    gPWM_MOTOR1Backup                        0x202005b0   Data         188  ti_msp_dl_config.o(.bss.gPWM_MOTOR1Backup)
    gSPI_ENCODERBackup                       0x2020066c   Data          40  ti_msp_dl_config.o(.bss.gSPI_ENCODERBackup)
    gSPI_IMUBackup                           0x20200694   Data          40  ti_msp_dl_config.o(.bss.gSPI_IMUBackup)
    imu                                      0x202006bc   Data          80  task.o(.bss.imu)
    imu963ra_acc_x                           0x2020070c   Data           2  imu963ra.o(.bss.imu963ra_acc_x)
    imu963ra_acc_y                           0x2020070e   Data           2  imu963ra.o(.bss.imu963ra_acc_y)
    imu963ra_acc_z                           0x20200710   Data           2  imu963ra.o(.bss.imu963ra_acc_z)
    imu963ra_gyro_x                          0x20200712   Data           2  imu963ra.o(.bss.imu963ra_gyro_x)
    imu963ra_gyro_y                          0x20200714   Data           2  imu963ra.o(.bss.imu963ra_gyro_y)
    imu963ra_gyro_z                          0x20200716   Data           2  imu963ra.o(.bss.imu963ra_gyro_z)
    imu963ra_mag_x                           0x20200718   Data           2  imu963ra.o(.bss.imu963ra_mag_x)
    imu963ra_mag_y                           0x2020071a   Data           2  imu963ra.o(.bss.imu963ra_mag_y)
    imu963ra_mag_z                           0x2020071c   Data           2  imu963ra.o(.bss.imu963ra_mag_z)
    imu963ra_state                           0x20200720   Data           4  imu963ra.o(.bss.imu963ra_state)
    left_encoder                             0x20200728   Data          24  task.o(.bss.left_encoder)
    left_motor                               0x20200740   Data          36  task.o(.bss.left_motor)
    ls7366r                                  0x20200764   Data          40  task.o(.bss.ls7366r)
    pid_controller                           0x2020078c   Data          44  task.o(.bss.pid_controller)
    power_vin                                0x202007b8   Data           2  task.o(.bss.power_vin)
    remote                                   0x202007bc   Data         220  task.o(.bss.remote)
    remote_cnt                               0x20200898   Data           4  remote.o(.bss.remote_cnt)
    right_encoder                            0x202008a0   Data          24  task.o(.bss.right_encoder)
    right_motor                              0x202008b8   Data          36  task.o(.bss.right_motor)
    signal_en_flag                           0x202008dc   Data           1  task.o(.bss.signal_en_flag)
    temp_rx                                  0x202008dd   Data         128  task.o(.bss.temp_rx)
    utick                                    0x20200960   Data           4  it.o(.bss.utick)
    __initial_sp                             0x20200a68   Data           0  startup_mspm0g350x_uvision.o(STACK)



==============================================================================

Memory Map of the image

  Image Entry point : 0x000000c1

  Load Region LR_IROM1 (Base: 0x00000000, Size: 0x00003bb0, Max: 0x00020000, ABSOLUTE)

    Execution Region ER_IROM1 (Exec base: 0x00000000, Load base: 0x00000000, Size: 0x00003b8c, Max: 0x00020000, ABSOLUTE)

    Exec Addr    Load Addr    Size         Type   Attr      Idx    E Section Name        Object

    0x00000000   0x00000000   0x000000c0   Data   RO          798    RESET               startup_mspm0g350x_uvision.o
    0x000000c0   0x000000c0   0x00000000   Code   RO         1308  * .ARM.Collect$$$$00000000  mc_p.l(entry.o)
    0x000000c0   0x000000c0   0x00000004   Code   RO         1378    .ARM.Collect$$$$00000001  mc_p.l(entry2.o)
    0x000000c4   0x000000c4   0x00000004   Code   RO         1381    .ARM.Collect$$$$00000004  mc_p.l(entry5.o)
    0x000000c8   0x000000c8   0x00000000   Code   RO         1383    .ARM.Collect$$$$00000008  mc_p.l(entry7b.o)
    0x000000c8   0x000000c8   0x00000004   Code   RO         1384    .ARM.Collect$$$$00000009  mc_p.l(entry8a.o)
    0x000000cc   0x000000cc   0x00000000   Code   RO         1385    .ARM.Collect$$$$0000000A  mc_p.l(entry8b.o)
    0x000000cc   0x000000cc   0x00000008   Code   RO         1386    .ARM.Collect$$$$0000000B  mc_p.l(entry9a.o)
    0x000000d4   0x000000d4   0x00000000   Code   RO         1388    .ARM.Collect$$$$0000000D  mc_p.l(entry10a.o)
    0x000000d4   0x000000d4   0x00000000   Code   RO         1390    .ARM.Collect$$$$0000000F  mc_p.l(entry11a.o)
    0x000000d4   0x000000d4   0x00000004   Code   RO         1379    .ARM.Collect$$$$00002712  mc_p.l(entry2.o)
    0x000000d8   0x000000d8   0x00000014   Code   RO          799    .text               startup_mspm0g350x_uvision.o
    0x000000ec   0x000000ec   0x0000002c   Code   RO         1311    .text               mc_p.l(uidiv.o)
    0x00000118   0x00000118   0x00000024   Code   RO         1315    .text               mc_p.l(memseta.o)
    0x0000013c   0x0000013c   0x00000020   Code   RO         1322    .text               mc_p.l(cpp_init.o)
    0x0000015c   0x0000015c   0x000000b2   Code   RO         1324    .text               mf_p.l(fadd.o)
    0x0000020e   0x0000020e   0x0000007a   Code   RO         1326    .text               mf_p.l(fmul.o)
    0x00000288   0x00000288   0x0000007c   Code   RO         1328    .text               mf_p.l(fdiv.o)
    0x00000304   0x00000304   0x00000164   Code   RO         1330    .text               mf_p.l(dadd.o)
    0x00000468   0x00000468   0x000000d0   Code   RO         1332    .text               mf_p.l(dmul.o)
    0x00000538   0x00000538   0x000000f0   Code   RO         1334    .text               mf_p.l(ddiv.o)
    0x00000628   0x00000628   0x0000001c   Code   RO         1336    .text               mf_p.l(fcmple.o)
    0x00000644   0x00000644   0x0000001c   Code   RO         1338    .text               mf_p.l(fcmplt.o)
    0x00000660   0x00000660   0x0000001c   Code   RO         1340    .text               mf_p.l(fcmpge.o)
    0x0000067c   0x0000067c   0x0000001c   Code   RO         1342    .text               mf_p.l(fcmpgt.o)
    0x00000698   0x00000698   0x00000016   Code   RO         1344    .text               mf_p.l(fflti.o)
    0x000006ae   0x000006ae   0x0000000e   Code   RO         1346    .text               mf_p.l(ffltui.o)
    0x000006bc   0x000006bc   0x0000002c   Code   RO         1348    .text               mf_p.l(ffltl.o)
    0x000006e8   0x000006e8   0x00000028   Code   RO         1350    .text               mf_p.l(dflti.o)
    0x00000710   0x00000710   0x00000032   Code   RO         1352    .text               mf_p.l(ffixi.o)
    0x00000742   0x00000742   0x00000028   Code   RO         1354    .text               mf_p.l(ffixui.o)
    0x0000076a   0x0000076a   0x00000002   PAD
    0x0000076c   0x0000076c   0x00000048   Code   RO         1356    .text               mf_p.l(dfixi.o)
    0x000007b4   0x000007b4   0x00000028   Code   RO         1358    .text               mf_p.l(f2d.o)
    0x000007dc   0x000007dc   0x00000038   Code   RO         1360    .text               mf_p.l(d2f.o)
    0x00000814   0x00000814   0x00000020   Code   RO         1392    .text               mc_p.l(llshl.o)
    0x00000834   0x00000834   0x00000022   Code   RO         1394    .text               mc_p.l(llushr.o)
    0x00000856   0x00000856   0x00000026   Code   RO         1396    .text               mc_p.l(llsshr.o)
    0x0000087c   0x0000087c   0x00000000   Code   RO         1405    .text               mc_p.l(iusefp.o)
    0x0000087c   0x0000087c   0x00000082   Code   RO         1406    .text               mf_p.l(fepilogue.o)
    0x000008fe   0x000008fe   0x00000058   Code   RO         1408    .text               mf_p.l(fsqrt.o)
    0x00000956   0x00000956   0x000000be   Code   RO         1410    .text               mf_p.l(depilogue.o)
    0x00000a14   0x00000a14   0x00000004   PAD
    0x00000a18   0x00000a18   0x00000024   Code   RO         1414    .text               mc_p.l(init.o)
    0x00000a3c   0x00000a3c   0x00000018   Code   RO         1416    .text               mf_p.l(fscalb.o)
    0x00000a54   0x00000a54   0x00000040   Code   RO            2    .text.DL_ADC12_setClockConfig  dl_adc12.o
    0x00000a94   0x00000a94   0x0000000a   Code   RO           53    .text.DL_Common_delayCycles  dl_common.o
    0x00000a9e   0x00000a9e   0x00000002   PAD
    0x00000aa0   0x00000aa0   0x00000044   Code   RO          102    .text.DL_DMA_initChannel  dl_dma.o
    0x00000ae4   0x00000ae4   0x00000044   Code   RO          523    .text.DL_SPI_init   dl_spi.o
    0x00000b28   0x00000b28   0x00000014   Code   RO          525    .text.DL_SPI_setClockConfig  dl_spi.o
    0x00000b3c   0x00000b3c   0x000000c4   Code   RO          762    .text.DL_SYSCTL_configSYSPLL  dl_sysctl_mspm0g1x0x_g3x0x.o
    0x00000c00   0x00000c00   0x00000050   Code   RO          776    .text.DL_SYSCTL_setHFCLKSourceHFXTParams  dl_sysctl_mspm0g1x0x_g3x0x.o
    0x00000c50   0x00000c50   0x00000028   Code   RO          770    .text.DL_SYSCTL_switchMCLKfromSYSOSCtoHSCLK  dl_sysctl_mspm0g1x0x_g3x0x.o
    0x00000c78   0x00000c78   0x000000a0   Code   RO          656    .text.DL_TimerA_initPWMMode  dl_timer.o
    0x00000d18   0x00000d18   0x000000f0   Code   RO          600    .text.DL_Timer_initPWMMode  dl_timer.o
    0x00000e08   0x00000e08   0x0000001c   Code   RO          630    .text.DL_Timer_setCaptCompUpdateMethod  dl_timer.o
    0x00000e24   0x00000e24   0x00000018   Code   RO          604    .text.DL_Timer_setCaptureCompareOutCtl  dl_timer.o
    0x00000e3c   0x00000e3c   0x00000010   Code   RO          584    .text.DL_Timer_setCaptureCompareValue  dl_timer.o
    0x00000e4c   0x00000e4c   0x0000001c   Code   RO          578    .text.DL_Timer_setClockConfig  dl_timer.o
    0x00000e68   0x00000e68   0x0000004c   Code   RO          691    .text.DL_UART_init  dl_uart.o
    0x00000eb4   0x00000eb4   0x00000014   Code   RO          693    .text.DL_UART_setClockConfig  dl_uart.o
    0x00000ec8   0x00000ec8   0x00000028   Code   RO          947    .text.SPI_transmitData  hal.o
    0x00000ef0   0x00000ef0   0x000000a8   Code   RO          828    .text.SYSCFG_DL_ADC_CCD_init  ti_msp_dl_config.o
    0x00000f98   0x00000f98   0x00000054   Code   RO          830    .text.SYSCFG_DL_ADC_VIN_init  ti_msp_dl_config.o
    0x00000fec   0x00000fec   0x00000018   Code   RO          840    .text.SYSCFG_DL_DMA_CH0_init  ti_msp_dl_config.o
    0x00001004   0x00001004   0x00000008   Code   RO          832    .text.SYSCFG_DL_DMA_init  ti_msp_dl_config.o
    0x0000100c   0x0000100c   0x00000094   Code   RO          810    .text.SYSCFG_DL_GPIO_init  ti_msp_dl_config.o
    0x000010a0   0x000010a0   0x00000060   Code   RO          820    .text.SYSCFG_DL_PWM_BUZZER_init  ti_msp_dl_config.o
    0x00001100   0x00001100   0x00000084   Code   RO          814    .text.SYSCFG_DL_PWM_MOTOR0_init  ti_msp_dl_config.o
    0x00001184   0x00001184   0x00000084   Code   RO          818    .text.SYSCFG_DL_PWM_MOTOR1_init  ti_msp_dl_config.o
    0x00001208   0x00001208   0x00000048   Code   RO          826    .text.SYSCFG_DL_SPI_ENCODER_init  ti_msp_dl_config.o
    0x00001250   0x00001250   0x0000004c   Code   RO          824    .text.SYSCFG_DL_SPI_IMU_init  ti_msp_dl_config.o
    0x0000129c   0x0000129c   0x00000064   Code   RO          812    .text.SYSCFG_DL_SYSCTL_init  ti_msp_dl_config.o
    0x00001300   0x00001300   0x0000002c   Code   RO          834    .text.SYSCFG_DL_SYSTICK_init  ti_msp_dl_config.o
    0x0000132c   0x0000132c   0x0000008c   Code   RO          816    .text.SYSCFG_DL_TIM_CCD_init  ti_msp_dl_config.o
    0x000013b8   0x000013b8   0x00000084   Code   RO          822    .text.SYSCFG_DL_UART_0_init  ti_msp_dl_config.o
    0x0000143c   0x0000143c   0x00000064   Code   RO          806    .text.SYSCFG_DL_init  ti_msp_dl_config.o
    0x000014a0   0x000014a0   0x00000094   Code   RO          808    .text.SYSCFG_DL_initPower  ti_msp_dl_config.o
    0x00001534   0x00001534   0x00000040   Code   RO          968    .text.SysTick_Handler  it.o
    0x00001574   0x00001574   0x00000024   Code   RO          943    .text.UART_Transmit  hal.o
    0x00001598   0x00001598   0x00000118   Code   RO          901    .text._GLOBAL__sub_I_task.cpp  task.o
    0x000016b0   0x000016b0   0x000000a0   Code   RO          887    .text._Z10test_powerv  task.o
    0x00001750   0x00001750   0x00000098   Code   RO         1042    .text._ZL27imu963ra_write_mag_registerhhh  imu963ra.o
    0x000017e8   0x000017e8   0x00000230   Code   RO         1181    .text._ZN10Controller7HandlerEv  controller.o
    0x00001a18   0x00001a18   0x00000030   Code   RO         1179    .text._ZN10ControllerC2EP7Chassis  controller.o
    0x00001a48   0x00001a48   0x00000070   Code   RO         1192    .text._ZN14PID_Controller7HandlerEv  pid_controller.o
    0x00001ab8   0x00001ab8   0x00000034   Code   RO         1194    .text._ZN14PID_ControllerC2EP7Chassis  pid_controller.o
    0x00001aec   0x00001aec   0x00000018   Code   RO         1144    .text._ZN3CCD4initEv  ccd.o
    0x00001b04   0x00001b04   0x00000044   Code   RO         1142    .text._ZN3CCD7HandlerEv  ccd.o
    0x00001b48   0x00001b48   0x00000110   Code   RO          997    .text._ZN3IMU4initEv  imu.o
    0x00001c58   0x00001c58   0x0000000e   Code   RO          999    .text._ZN3IMU7HandlerEv  imu.o
    0x00001c66   0x00001c66   0x00000002   PAD
    0x00001c68   0x00001c68   0x000001c4   Code   RO          995    .text._ZN3IMU8get_dataEv  imu.o
    0x00001e2c   0x00001e2c   0x00000010   Code   RO         1129    .text._ZN6Buzzer4stopEv  buzzer.o
    0x00001e3c   0x00001e3c   0x00000014   Code   RO         1127    .text._ZN6Buzzer5startEv  buzzer.o
    0x00001e50   0x00001e50   0x00000004   Code   RO         1125    .text._ZN6BuzzerC2EP12GPTIMER_Regs  buzzer.o
    0x00001e54   0x00001e54   0x0000010c   Code   RO         1106    .text._ZN6Remote12process_dataEv  remote.o
    0x00001f60   0x00001f60   0x0000000c   Code   RO         1110    .text._ZN6Remote7HandlerEv  remote.o
    0x00001f6c   0x00001f6c   0x00000026   Code   RO         1108    .text._ZN6RemoteC2EP9UART_Regs  remote.o
    0x00001f92   0x00001f92   0x00000002   PAD
    0x00001f94   0x00001f94   0x00000370   Code   RO         1162    .text._ZN7Chassis7HandlerEv  chassis.o
    0x00002304   0x00002304   0x00000044   Code   RO         1158    .text._ZN7ChassisC2EP9N20_MotorS1_P3IMUP3CCDf  chassis.o
    0x00002348   0x00002348   0x00000050   Code   RO          983    .text._ZN7Encoder7HandlerEv  encoder.o
    0x00002398   0x00002398   0x00000010   Code   RO          985    .text._ZN7EncoderC2EPj  encoder.o
    0x000023a8   0x000023a8   0x000000d8   Code   RO         1066    .text._ZN7LS7366R4initEhh  ls7366r.o
    0x00002480   0x00002480   0x000000b4   Code   RO         1070    .text._ZN7LS7366R7HandlerEv  ls7366r.o
    0x00002534   0x00002534   0x00000010   Code   RO         1064    .text._ZN7LS7366RC2EP8SPI_RegsP9GPIO_Regsjj  ls7366r.o
    0x00002544   0x00002544   0x000000b4   Code   RO         1089    .text._ZN9N20_Motor16output_intensityEv  n20_motor.o
    0x000025f8   0x000025f8   0x000000e4   Code   RO         1087    .text._ZN9N20_Motor17measure_parameterEv  n20_motor.o
    0x000026dc   0x000026dc   0x00000014   Code   RO         1095    .text._ZN9N20_Motor4initEv  n20_motor.o
    0x000026f0   0x000026f0   0x00000010   Code   RO         1085    .text._ZN9N20_Motor7HandlerEv  n20_motor.o
    0x00002700   0x00002700   0x00000022   Code   RO         1093    .text._ZN9N20_MotorC2EP12GPTIMER_Regs17DL_TIMER_CC_INDEXS2_P7Encoderff  n20_motor.o
    0x00002722   0x00002722   0x00000002   PAD
    0x00002724   0x00002724   0x000001d0   Code   RO         1218    .text.arm_sin_cos_f32  arm_cortexM0l_math.lib(arm_sin_cos_f32.o)
    0x000028f4   0x000028f4   0x00000014   Code   RO          970    .text.delay_ms      it.o
    0x00002908   0x00002908   0x00000050   Code   RO         1034    .text.imu963ra_get_acc  imu963ra.o
    0x00002958   0x00002958   0x00000050   Code   RO         1036    .text.imu963ra_get_gyro  imu963ra.o
    0x000029a8   0x000029a8   0x0000007c   Code   RO         1038    .text.imu963ra_get_mag  imu963ra.o
    0x00002a24   0x00002a24   0x00000298   Code   RO         1040    .text.imu963ra_init  imu963ra.o
    0x00002cbc   0x00002cbc   0x000000ac   Code   RO          885    .text.loop          task.o
    0x00002d68   0x00002d68   0x0000000e   Code   RO          873    .text.main          control.o
    0x00002d76   0x00002d76   0x00000002   PAD
    0x00002d78   0x00002d78   0x00000068   Code   RO          883    .text.setup         task.o
    0x00002de0   0x00002de0   0x00000034   Code   RO          957    .text.spi_read_8bit_register  hal.o
    0x00002e14   0x00002e14   0x00000040   Code   RO          955    .text.spi_read_8bit_registers  hal.o
    0x00002e54   0x00002e54   0x00000030   Code   RO          951    .text.spi_write_8bit_register  hal.o
    0x00002e84   0x00002e84   0x000000ec   Code   RO          889    .text.task_handler  task.o
    0x00002f70   0x00002f70   0x0000002e   Code   RO         1412    i.__ARM_clz         mf_p.l(depilogue.o)
    0x00002f9e   0x00002f9e   0x00000022   Code   RO         1362    i.__ARM_fpclassifyf  m_ps.l(fpclassifyf.o)
    0x00002fc0   0x00002fc0   0x00000008   Code   RO         1366    i.__mathlib_flt_infnan2  m_ps.l(funder.o)
    0x00002fc8   0x00002fc8   0x0000000e   Code   RO         1370    i.__mathlib_flt_underflow  m_ps.l(funder.o)
    0x00002fd6   0x00002fd6   0x00000002   PAD
    0x00002fd8   0x00002fd8   0x0000000e   Code   RO         1420    i.__scatterload_copy  mc_p.l(handlers.o)
    0x00002fe6   0x00002fe6   0x00000002   PAD
    0x00002fe8   0x00002fe8   0x00000002   Code   RO         1421    i.__scatterload_null  mc_p.l(handlers.o)
    0x00002fea   0x00002fea   0x00000006   PAD
    0x00002ff0   0x00002ff0   0x0000000e   Code   RO         1422    i.__scatterload_zeroinit  mc_p.l(handlers.o)
    0x00002ffe   0x00002ffe   0x00000002   PAD
    0x00003000   0x00003000   0x0000000c   Code   RO         1400    i.__set_errno       mc_p.l(errno.o)
    0x0000300c   0x0000300c   0x00000288   Code   RO         1293    i.atan2f            m_ps.l(atan2f.o)
    0x00003294   0x00003294   0x0000002c   Code   RO         1301    i.sqrtf             m_ps.l(sqrtf.o)
    0x000032c0   0x000032c0   0x00000008   Data   RO          861    .rodata.gADC_CCDClockConfig  ti_msp_dl_config.o
    0x000032c8   0x000032c8   0x00000008   Data   RO          862    .rodata.gADC_VINClockConfig  ti_msp_dl_config.o
    0x000032d0   0x000032d0   0x00000018   Data   RO          863    .rodata.gDMA_CH0Config  ti_msp_dl_config.o
    0x000032e8   0x000032e8   0x00000003   Data   RO          853    .rodata.gPWM_BUZZERClockConfig  ti_msp_dl_config.o
    0x000032eb   0x000032eb   0x00000001   PAD
    0x000032ec   0x000032ec   0x00000008   Data   RO          854    .rodata.gPWM_BUZZERConfig  ti_msp_dl_config.o
    0x000032f4   0x000032f4   0x00000003   Data   RO          847    .rodata.gPWM_MOTOR0ClockConfig  ti_msp_dl_config.o
    0x000032f7   0x000032f7   0x00000001   PAD
    0x000032f8   0x000032f8   0x00000008   Data   RO          848    .rodata.gPWM_MOTOR0Config  ti_msp_dl_config.o
    0x00003300   0x00003300   0x00000003   Data   RO          851    .rodata.gPWM_MOTOR1ClockConfig  ti_msp_dl_config.o
    0x00003303   0x00003303   0x00000001   PAD
    0x00003304   0x00003304   0x00000008   Data   RO          852    .rodata.gPWM_MOTOR1Config  ti_msp_dl_config.o
    0x0000330c   0x0000330c   0x00000002   Data   RO          859    .rodata.gSPI_ENCODER_clockConfig  ti_msp_dl_config.o
    0x0000330e   0x0000330e   0x0000000a   Data   RO          860    .rodata.gSPI_ENCODER_config  ti_msp_dl_config.o
    0x00003318   0x00003318   0x00000002   Data   RO          857    .rodata.gSPI_IMU_clockConfig  ti_msp_dl_config.o
    0x0000331a   0x0000331a   0x0000000a   Data   RO          858    .rodata.gSPI_IMU_config  ti_msp_dl_config.o
    0x00003324   0x00003324   0x00000028   Data   RO          846    .rodata.gSYSPLLConfig  ti_msp_dl_config.o
    0x0000334c   0x0000334c   0x00000003   Data   RO          849    .rodata.gTIM_CCDClockConfig  ti_msp_dl_config.o
    0x0000334f   0x0000334f   0x00000001   PAD
    0x00003350   0x00003350   0x00000008   Data   RO          850    .rodata.gTIM_CCDConfig  ti_msp_dl_config.o
    0x00003358   0x00003358   0x00000002   Data   RO          855    .rodata.gUART_0ClockConfig  ti_msp_dl_config.o
    0x0000335a   0x0000335a   0x0000000a   Data   RO          856    .rodata.gUART_0Config  ti_msp_dl_config.o
    0x00003364   0x00003364   0x00000804   Data   RO         1284    .rodata.sinTable_f32  arm_cortexM0l_math.lib(arm_common_tables.o)
    0x00003b68   0x00003b68   0x00000020   Data   RO         1419    Region$$Table       anon$$obj.o
    0x00003b88   0x00003b88   0x00000004   Data   RO          933    .init_array         task.o
    0x00003b8c   0x00003b88   0x00000000   Data   RO         1320    .init_array         mc_p.l(cpp_init.o)


    Execution Region RW_IRAM2 (Exec base: 0x20200000, Load base: 0x00003b90, Size: 0x00000a68, Max: 0x00008000, ABSOLUTE)

    Exec Addr    Load Addr    Size         Type   Attr      Idx    E Section Name        Object

    0x20200000   0x00003b90   0x00000004   Data   RW         1401    .data               mc_p.l(errno.o)
    0x20200004   0x00003b94   0x00000002   Data   RW          925    .data.end_flag      task.o
    0x20200006   0x00003b96   0x00000002   PAD
    0x20200008   0x00003b98   0x0000000c   Data   RW         1053    .data.imu963ra_transition_factor  imu963ra.o
    0x20200014   0x00003ba4   0x00000002   Data   RW          924    .data.start_flag    task.o
    0x20200016   0x00003ba6   0x00000002   PAD
    0x20200018   0x00003ba8   0x00000004   Data   RW          909    .data.vin           task.o
    0x2020001c   0x00003bac   0x00000004   PAD
    0x20200020        -       0x00000001   Zero   RW          930    .bss._ZZ10test_powervE10power_flag  task.o
    0x20200021   0x00003bac   0x00000003   PAD
    0x20200024        -       0x00000004   Zero   RW          932    .bss._ZZ14signal_HandlervE10temp_utick  task.o
    0x20200028        -       0x00000004   Zero   RW          920    .bss.buzzer         task.o
    0x2020002c        -       0x00000194   Zero   RW          917    .bss.ccd            task.o
    0x202001c0        -       0x000002d8   Zero   RW          921    .bss.chassis        task.o
    0x20200498        -       0x00000050   Zero   RW          922    .bss.controller     task.o
    0x202004e8        -       0x00000002   Zero   RW         1113    .bss.crc            remote.o
    0x202004ea        -       0x00000002   Zero   RW         1114    .bss.crc1           remote.o
    0x202004ec        -       0x00000004   Zero   RW         1115    .bss.crc_err        remote.o
    0x202004f0        -       0x00000001   Zero   RW          910    .bss.gCheckADC      task.o
    0x202004f1   0x00003bac   0x00000003   PAD
    0x202004f4        -       0x000000bc   Zero   RW          842    .bss.gPWM_MOTOR0Backup  ti_msp_dl_config.o
    0x202005b0        -       0x000000bc   Zero   RW          843    .bss.gPWM_MOTOR1Backup  ti_msp_dl_config.o
    0x2020066c        -       0x00000028   Zero   RW          845    .bss.gSPI_ENCODERBackup  ti_msp_dl_config.o
    0x20200694        -       0x00000028   Zero   RW          844    .bss.gSPI_IMUBackup  ti_msp_dl_config.o
    0x202006bc        -       0x00000050   Zero   RW          919    .bss.imu            task.o
    0x2020070c        -       0x00000002   Zero   RW         1047    .bss.imu963ra_acc_x  imu963ra.o
    0x2020070e        -       0x00000002   Zero   RW         1048    .bss.imu963ra_acc_y  imu963ra.o
    0x20200710        -       0x00000002   Zero   RW         1049    .bss.imu963ra_acc_z  imu963ra.o
    0x20200712        -       0x00000002   Zero   RW         1044    .bss.imu963ra_gyro_x  imu963ra.o
    0x20200714        -       0x00000002   Zero   RW         1045    .bss.imu963ra_gyro_y  imu963ra.o
    0x20200716        -       0x00000002   Zero   RW         1046    .bss.imu963ra_gyro_z  imu963ra.o
    0x20200718        -       0x00000002   Zero   RW         1050    .bss.imu963ra_mag_x  imu963ra.o
    0x2020071a        -       0x00000002   Zero   RW         1051    .bss.imu963ra_mag_y  imu963ra.o
    0x2020071c        -       0x00000002   Zero   RW         1052    .bss.imu963ra_mag_z  imu963ra.o
    0x2020071e   0x00003bac   0x00000002   PAD
    0x20200720        -       0x00000004   Zero   RW         1054    .bss.imu963ra_state  imu963ra.o
    0x20200724   0x00003bac   0x00000004   PAD
    0x20200728        -       0x00000018   Zero   RW          913    .bss.left_encoder   task.o
    0x20200740        -       0x00000024   Zero   RW          916    .bss.left_motor     task.o
    0x20200764        -       0x00000028   Zero   RW          912    .bss.ls7366r        task.o
    0x2020078c        -       0x0000002c   Zero   RW          923    .bss.pid_controller  task.o
    0x202007b8        -       0x00000002   Zero   RW          908    .bss.power_vin      task.o
    0x202007ba   0x00003bac   0x00000002   PAD
    0x202007bc        -       0x000000dc   Zero   RW          918    .bss.remote         task.o
    0x20200898        -       0x00000004   Zero   RW         1112    .bss.remote_cnt     remote.o
    0x2020089c   0x00003bac   0x00000004   PAD
    0x202008a0        -       0x00000018   Zero   RW          914    .bss.right_encoder  task.o
    0x202008b8        -       0x00000024   Zero   RW          915    .bss.right_motor    task.o
    0x202008dc        -       0x00000001   Zero   RW          911    .bss.signal_en_flag  task.o
    0x202008dd        -       0x00000080   Zero   RW          926    .bss.temp_rx        task.o
    0x2020095d   0x00003bac   0x00000003   PAD
    0x20200960        -       0x00000004   Zero   RW          972    .bss.utick          it.o
    0x20200964   0x00003bac   0x00000004   PAD
    0x20200968        -       0x00000100   Zero   RW          796    STACK               startup_mspm0g350x_uvision.o



  Load Region LR_BCR (Base: 0x41c00000, Size: 0x00000000, Max: 0x00000100, ABSOLUTE)

    Execution Region BCR_CONFIG (Exec base: 0x41c00000, Load base: 0x41c00000, Size: 0x00000000, Max: 0x00000080, ABSOLUTE)

    **** No section assigned to this execution region ****



  Load Region LR_BSL (Base: 0x41c00100, Size: 0x00000000, Max: 0x00000100, ABSOLUTE)

    Execution Region BSL_CONFIG (Exec base: 0x41c00100, Load base: 0x41c00100, Size: 0x00000000, Max: 0x00000080, ABSOLUTE)

    **** No section assigned to this execution region ****


==============================================================================

Image component sizes


      Code (inc. data)   RO Data    RW Data    ZI Data      Debug   Object Name

        40          4          0          0          0      18050   buzzer.o
        92         12          0          0          0      25489   ccd.o
       948         92          0          0          0      23261   chassis.o
        14          0          0          0          0        368   control.o
       608         40          0          0          0      17616   controller.o
        64          8          0          0          0       4268   dl_adc12.o
        10          0          0          0          0        589   dl_common.o
        68          4          0          0          0       4376   dl_dma.o
        88         12          0          0          0      12605   dl_spi.o
       316         28          0          0          0      17451   dl_sysctl_mspm0g1x0x_g3x0x.o
       496         96          0          0          0      32617   dl_timer.o
        96         16          0          0          0      12929   dl_uart.o
        96          0          0          0          0      15316   encoder.o
       240         16          0          0          0      22013   hal.o
       738         44          0          0          0      16470   imu.o
      1100         72          0         12         22      28578   imu963ra.o
        84         16          0          0          4      12705   it.o
       412          4          0          0          0      23207   ls7366r.o
       478         40          0          0          0      20999   n20_motor.o
       164         16          0          0          0      16484   pid_controller.o
       318         36          0          0         12      17816   remote.o
        20          4        192          0        256        616   startup_mspm0g350x_uvision.o
       952        224          4          8       1857      36586   task.o
      1604        320        160          0        456      45178   ti_msp_dl_config.o

    ----------------------------------------------------------------------
      9056       1104        392         24       2636     425587   Object Totals
         0          0         32          0          0          0   (incl. Generated)
        10          0          4          4         29          0   (incl. Padding)

    ----------------------------------------------------------------------

      Code (inc. data)   RO Data    RW Data    ZI Data      Debug   Library Member Name

         0          0       2052          0          0       3698   arm_common_tables.o
       464         20          0          0          0       1328   arm_sin_cos_f32.o
       648         76          0          0          0        120   atan2f.o
        34          0          0          0          0         60   fpclassifyf.o
        22          0          0          0          0        136   funder.o
        44          0          0          0          0         72   sqrtf.o
        32         10          0          0          0         72   cpp_init.o
         0          0          0          0          0          0   entry.o
         0          0          0          0          0          0   entry10a.o
         0          0          0          0          0          0   entry11a.o
         8          4          0          0          0          0   entry2.o
         4          0          0          0          0          0   entry5.o
         0          0          0          0          0          0   entry7b.o
         4          0          0          0          0          0   entry8a.o
         0          0          0          0          0          0   entry8b.o
         8          4          0          0          0          0   entry9a.o
        12          6          0          4          0         60   errno.o
        30          0          0          0          0          0   handlers.o
        36          8          0          0          0         68   init.o
         0          0          0          0          0          0   iusefp.o
        32          0          0          0          0         68   llshl.o
        38          0          0          0          0         68   llsshr.o
        34          0          0          0          0         68   llushr.o
        36          0          0          0          0        100   memseta.o
        44          0          0          0          0         72   uidiv.o
        56          0          0          0          0         68   d2f.o
       356          4          0          0          0        140   dadd.o
       240          6          0          0          0         84   ddiv.o
       236          0          0          0          0        216   depilogue.o
        72         10          0          0          0         72   dfixi.o
        40          6          0          0          0         68   dflti.o
       208          6          0          0          0         88   dmul.o
        40          0          0          0          0         60   f2d.o
       178          0          0          0          0        108   fadd.o
        28          0          0          0          0         60   fcmpge.o
        28          0          0          0          0         60   fcmpgt.o
        28          0          0          0          0         60   fcmple.o
        28          0          0          0          0         60   fcmplt.o
       124          0          0          0          0         72   fdiv.o
       130          0          0          0          0        144   fepilogue.o
        50          0          0          0          0         60   ffixi.o
        40          0          0          0          0         60   ffixui.o
        22          0          0          0          0         68   fflti.o
        44          0          0          0          0         72   ffltl.o
        14          0          0          0          0         68   ffltui.o
       122          0          0          0          0         72   fmul.o
        24          0          0          0          0         60   fscalb.o
        88          0          0          0          0         72   fsqrt.o

    ----------------------------------------------------------------------
      3744        160       2052          4          0       7882   Library Totals
        18          0          0          0          0          0   (incl. Padding)

    ----------------------------------------------------------------------

      Code (inc. data)   RO Data    RW Data    ZI Data      Debug   Library Name

       464         20       2052          0          0       5026   arm_cortexM0l_math.lib
       748         76          0          0          0        388   m_ps.l
       318         32          0          4          0        576   mc_p.l
      2196         32          0          0          0       1892   mf_p.l

    ----------------------------------------------------------------------
      3744        160       2052          4          0       7882   Library Totals

    ----------------------------------------------------------------------

==============================================================================


      Code (inc. data)   RO Data    RW Data    ZI Data      Debug   

     12800       1264       2444         28       2636     431757   Grand Totals
     12800       1264       2444         28       2636     431757   ELF Image Totals
     12800       1264       2444         28          0          0   ROM Totals

==============================================================================

    Total RO  Size (Code + RO Data)                15244 (  14.89kB)
    Total RW  Size (RW Data + ZI Data)              2664 (   2.60kB)
    Total ROM Size (Code + RO Data + RW Data)      15272 (  14.91kB)

==============================================================================

