Component: ARM Compiler 6.12 Tool: armlink [5d624300]

==============================================================================

Section Cross References

    dl_adc12.o(.text.DL_ADC12_setClockConfig) refers to dl_adc12.o(.text.DL_Common_updateReg) for DL_Common_updateReg
    dl_adc12.o(.ARM.exidx.text.DL_ADC12_setClockConfig) refers to dl_adc12.o(.text.DL_ADC12_setClockConfig) for [Anonymous Symbol]
    dl_adc12.o(.ARM.exidx.text.DL_Common_updateReg) refers to dl_adc12.o(.text.DL_Common_updateReg) for [Anonymous Symbol]
    dl_adc12.o(.ARM.exidx.text.DL_ADC12_getClockConfig) refers to dl_adc12.o(.text.DL_ADC12_getClockConfig) for [Anonymous Symbol]
    dl_aes.o(.text.DL_AES_setKey) refers to dl_aes.o(.text.DL_AES_checkAlignmentAndReturnPointer) for DL_AES_checkAlignmentAndReturnPointer
    dl_aes.o(.text.DL_AES_setKey) refers to dl_aes.o(.text.DL_AES_setKeyAligned) for DL_AES_setKeyAligned
    dl_aes.o(.ARM.exidx.text.DL_AES_setKey) refers to dl_aes.o(.text.DL_AES_setKey) for [Anonymous Symbol]
    dl_aes.o(.ARM.exidx.text.DL_AES_checkAlignmentAndReturnPointer) refers to dl_aes.o(.text.DL_AES_checkAlignmentAndReturnPointer) for [Anonymous Symbol]
    dl_aes.o(.text.DL_AES_setKeyAligned) refers to dl_aes.o(.text.DL_AES_loadDataWord) for DL_AES_loadDataWord
    dl_aes.o(.ARM.exidx.text.DL_AES_setKeyAligned) refers to dl_aes.o(.text.DL_AES_setKeyAligned) for [Anonymous Symbol]
    dl_aes.o(.ARM.exidx.text.DL_AES_loadDataWord) refers to dl_aes.o(.text.DL_AES_loadDataWord) for [Anonymous Symbol]
    dl_aes.o(.text.DL_AES_loadDataIn) refers to dl_aes.o(.text.DL_AES_checkAlignmentAndReturnPointer) for DL_AES_checkAlignmentAndReturnPointer
    dl_aes.o(.text.DL_AES_loadDataIn) refers to dl_aes.o(.text.DL_AES_loadDataInAligned) for DL_AES_loadDataInAligned
    dl_aes.o(.ARM.exidx.text.DL_AES_loadDataIn) refers to dl_aes.o(.text.DL_AES_loadDataIn) for [Anonymous Symbol]
    dl_aes.o(.text.DL_AES_loadDataInAligned) refers to dl_aes.o(.text.DL_AES_loadDataWord) for DL_AES_loadDataWord
    dl_aes.o(.ARM.exidx.text.DL_AES_loadDataInAligned) refers to dl_aes.o(.text.DL_AES_loadDataInAligned) for [Anonymous Symbol]
    dl_aes.o(.text.DL_AES_getDataOut) refers to dl_aes.o(.text.DL_AES_getDataOutAligned) for DL_AES_getDataOutAligned
    dl_aes.o(.ARM.exidx.text.DL_AES_getDataOut) refers to dl_aes.o(.text.DL_AES_getDataOut) for [Anonymous Symbol]
    dl_aes.o(.ARM.exidx.text.DL_AES_getDataOutAligned) refers to dl_aes.o(.text.DL_AES_getDataOutAligned) for [Anonymous Symbol]
    dl_aes.o(.text.DL_AES_loadXORDataIn) refers to dl_aes.o(.text.DL_AES_checkAlignmentAndReturnPointer) for DL_AES_checkAlignmentAndReturnPointer
    dl_aes.o(.text.DL_AES_loadXORDataIn) refers to dl_aes.o(.text.DL_AES_loadXORDataInAligned) for DL_AES_loadXORDataInAligned
    dl_aes.o(.ARM.exidx.text.DL_AES_loadXORDataIn) refers to dl_aes.o(.text.DL_AES_loadXORDataIn) for [Anonymous Symbol]
    dl_aes.o(.text.DL_AES_loadXORDataInAligned) refers to dl_aes.o(.text.DL_AES_loadDataWord) for DL_AES_loadDataWord
    dl_aes.o(.ARM.exidx.text.DL_AES_loadXORDataInAligned) refers to dl_aes.o(.text.DL_AES_loadXORDataInAligned) for [Anonymous Symbol]
    dl_aes.o(.text.DL_AES_loadXORDataInWithoutTrigger) refers to dl_aes.o(.text.DL_AES_checkAlignmentAndReturnPointer) for DL_AES_checkAlignmentAndReturnPointer
    dl_aes.o(.text.DL_AES_loadXORDataInWithoutTrigger) refers to dl_aes.o(.text.DL_AES_loadXORDataInWithoutTriggerAligned) for DL_AES_loadXORDataInWithoutTriggerAligned
    dl_aes.o(.ARM.exidx.text.DL_AES_loadXORDataInWithoutTrigger) refers to dl_aes.o(.text.DL_AES_loadXORDataInWithoutTrigger) for [Anonymous Symbol]
    dl_aes.o(.text.DL_AES_loadXORDataInWithoutTriggerAligned) refers to dl_aes.o(.text.DL_AES_loadDataWord) for DL_AES_loadDataWord
    dl_aes.o(.ARM.exidx.text.DL_AES_loadXORDataInWithoutTriggerAligned) refers to dl_aes.o(.text.DL_AES_loadXORDataInWithoutTriggerAligned) for [Anonymous Symbol]
    dl_aes.o(.text.DL_AES_xorData) refers to dl_aes.o(.text.DL_AES_xorDataAligned) for DL_AES_xorDataAligned
    dl_aes.o(.ARM.exidx.text.DL_AES_xorData) refers to dl_aes.o(.text.DL_AES_xorData) for [Anonymous Symbol]
    dl_aes.o(.ARM.exidx.text.DL_AES_xorDataAligned) refers to dl_aes.o(.text.DL_AES_xorDataAligned) for [Anonymous Symbol]
    dl_aes.o(.ARM.exidx.text.DL_AES_saveConfiguration) refers to dl_aes.o(.text.DL_AES_saveConfiguration) for [Anonymous Symbol]
    dl_aes.o(.ARM.exidx.text.DL_AES_restoreConfiguration) refers to dl_aes.o(.text.DL_AES_restoreConfiguration) for [Anonymous Symbol]
    dl_common.o(.ARM.exidx.text.DL_Common_delayCycles) refers to dl_common.o(.text.DL_Common_delayCycles) for [Anonymous Symbol]
    dl_crc.o(.text.DL_CRC_calculateBlock32) refers to dl_crc.o(.text.DL_CRC_setSeed32) for DL_CRC_setSeed32
    dl_crc.o(.text.DL_CRC_calculateBlock32) refers to dl_crc.o(.text.DL_CRC_feedData32) for DL_CRC_feedData32
    dl_crc.o(.text.DL_CRC_calculateBlock32) refers to dl_crc.o(.text.DL_CRC_getResult32) for DL_CRC_getResult32
[...]
    __arm_cp.20_1                            0x00000fc4   Number         4  ti_msp_dl_config.o(.text.DL_SPI_reset)
    DL_SPI_setBitRateSerialClockDivider      0x00000fc9   Thumb Code    44  ti_msp_dl_config.o(.text.DL_SPI_setBitRateSerialClockDivider)
    [Anonymous Symbol]                       0x00000fc8   Section        0  ti_msp_dl_config.o(.text.DL_SPI_setBitRateSerialClockDivider)
    __arm_cp.49_0                            0x00000fec   Number         4  ti_msp_dl_config.o(.text.DL_SPI_setBitRateSerialClockDivider)
    __arm_cp.49_1                            0x00000ff0   Number         4  ti_msp_dl_config.o(.text.DL_SPI_setBitRateSerialClockDivider)
    [Anonymous Symbol]                       0x00000ff4   Section        0  dl_spi.o(.text.DL_SPI_setClockConfig)
    __arm_cp.2_0                             0x00001020   Number         4  dl_spi.o(.text.DL_SPI_setClockConfig)
    DL_SPI_setFIFOThreshold                  0x00001025   Thumb Code    64  ti_msp_dl_config.o(.text.DL_SPI_setFIFOThreshold)
    [Anonymous Symbol]                       0x00001024   Section        0  ti_msp_dl_config.o(.text.DL_SPI_setFIFOThreshold)
    __arm_cp.50_0                            0x00001060   Number         4  ti_msp_dl_config.o(.text.DL_SPI_setFIFOThreshold)
    [Anonymous Symbol]                       0x00001064   Section        0  dl_sysctl_mspm0g1x0x_g3x0x.o(.text.DL_SYSCTL_configSYSPLL)
    __arm_cp.0_0                             0x00001138   Number         4  dl_sysctl_mspm0g1x0x_g3x0x.o(.text.DL_SYSCTL_configSYSPLL)
    __arm_cp.0_1                             0x0000113c   Number         4  dl_sysctl_mspm0g1x0x_g3x0x.o(.text.DL_SYSCTL_configSYSPLL)
    __arm_cp.0_2                             0x00001140   Number         4  dl_sysctl_mspm0g1x0x_g3x0x.o(.text.DL_SYSCTL_configSYSPLL)
    __arm_cp.0_3                             0x00001144   Number         4  dl_sysctl_mspm0g1x0x_g3x0x.o(.text.DL_SYSCTL_configSYSPLL)
    __arm_cp.0_4                             0x00001148   Number         4  dl_sysctl_mspm0g1x0x_g3x0x.o(.text.DL_SYSCTL_configSYSPLL)
    __arm_cp.0_5                             0x0000114c   Number         4  dl_sysctl_mspm0g1x0x_g3x0x.o(.text.DL_SYSCTL_configSYSPLL)
    DL_SYSCTL_disableHFCLKStartupMonitor     0x00001151   Thumb Code    20  dl_sysctl_mspm0g1x0x_g3x0x.o(.text.DL_SYSCTL_disableHFCLKStartupMonitor)
    [Anonymous Symbol]                       0x00001150   Section        0  dl_sysctl_mspm0g1x0x_g3x0x.o(.text.DL_SYSCTL_disableHFCLKStartupMonitor)
    DL_SYSCTL_disableHFXT                    0x00001161   Thumb Code    16  dl_sysctl_mspm0g1x0x_g3x0x.o(.text.DL_SYSCTL_disableHFXT)
    [Anonymous Symbol]                       0x00001160   Section        0  dl_sysctl_mspm0g1x0x_g3x0x.o(.text.DL_SYSCTL_disableHFXT)
    DL_SYSCTL_disableHFXT                    0x0000116d   Thumb Code    16  ti_msp_dl_config.o(.text.DL_SYSCTL_disableHFXT)
    [Anonymous Symbol]                       0x0000116c   Section        0  ti_msp_dl_config.o(.text.DL_SYSCTL_disableHFXT)
    DL_SYSCTL_disableSYSPLL                  0x00001179   Thumb Code    20  dl_sysctl_mspm0g1x0x_g3x0x.o(.text.DL_SYSCTL_disableSYSPLL)
    [Anonymous Symbol]                       0x00001178   Section        0  dl_sysctl_mspm0g1x0x_g3x0x.o(.text.DL_SYSCTL_disableSYSPLL)
    DL_SYSCTL_disableSYSPLL                  0x00001189   Thumb Code    20  ti_msp_dl_config.o(.text.DL_SYSCTL_disableSYSPLL)
    [Anonymous Symbol]                       0x00001188   Section        0  ti_msp_dl_config.o(.text.DL_SYSCTL_disableSYSPLL)
    DL_SYSCTL_enableHFCLKStartupMonitor      0x00001199   Thumb Code    20  dl_sysctl_mspm0g1x0x_g3x0x.o(.text.DL_SYSCTL_enableHFCLKStartupMonitor)
    [Anonymous Symbol]                       0x00001198   Section        0  dl_sysctl_mspm0g1x0x_g3x0x.o(.text.DL_SYSCTL_enableHFCLKStartupMonitor)
    DL_SYSCTL_getClockStatus                 0x000011a9   Thumb Code    12  dl_sysctl_mspm0g1x0x_g3x0x.o(.text.DL_SYSCTL_getClockStatus)
    [Anonymous Symbol]                       0x000011a8   Section        0  dl_sysctl_mspm0g1x0x_g3x0x.o(.text.DL_SYSCTL_getClockStatus)
    __arm_cp.2_0                             0x000011b0   Number         4  dl_sysctl_mspm0g1x0x_g3x0x.o(.text.DL_SYSCTL_getClockStatus)
    DL_SYSCTL_setBORThreshold                0x000011b5   Thumb Code    24  ti_msp_dl_config.o(.text.DL_SYSCTL_setBORThreshold)
    [Anonymous Symbol]                       0x000011b4   Section        0  ti_msp_dl_config.o(.text.DL_SYSCTL_setBORThreshold)
    __arm_cp.33_0                            0x000011c8   Number         4  ti_msp_dl_config.o(.text.DL_SYSCTL_setBORThreshold)
    DL_SYSCTL_setFlashWaitState              0x000011cd   Thumb Code    40  ti_msp_dl_config.o(.text.DL_SYSCTL_setFlashWaitState)
    [Anonymous Symbol]                       0x000011cc   Section        0  ti_msp_dl_config.o(.text.DL_SYSCTL_setFlashWaitState)
    [Anonymous Symbol]                       0x000011f0   Section        0  dl_sysctl_mspm0g1x0x_g3x0x.o(.text.DL_SYSCTL_setHFCLKSourceHFXTParams)
    __arm_cp.18_0                            0x0000125c   Number         4  dl_sysctl_mspm0g1x0x_g3x0x.o(.text.DL_SYSCTL_setHFCLKSourceHFXTParams)
    DL_SYSCTL_setHFXTFrequencyRange          0x00001261   Thumb Code    40  dl_sysctl_mspm0g1x0x_g3x0x.o(.text.DL_SYSCTL_setHFXTFrequencyRange)
    [Anonymous Symbol]                       0x00001260   Section        0  dl_sysctl_mspm0g1x0x_g3x0x.o(.text.DL_SYSCTL_setHFXTFrequencyRange)
    DL_SYSCTL_setHFXTStartupTime             0x00001285   Thumb Code    40  dl_sysctl_mspm0g1x0x_g3x0x.o(.text.DL_SYSCTL_setHFXTStartupTime)
    [Anonymous Symbol]                       0x00001284   Section        0  dl_sysctl_mspm0g1x0x_g3x0x.o(.text.DL_SYSCTL_setHFXTStartupTime)
    __arm_cp.16_0                            0x000012a8   Number         4  dl_sysctl_mspm0g1x0x_g3x0x.o(.text.DL_SYSCTL_setHFXTStartupTime)
    DL_SYSCTL_setHSCLKSource                 0x000012ad   Thumb Code    24  dl_sysctl_mspm0g1x0x_g3x0x.o(.text.DL_SYSCTL_setHSCLKSource)
    [Anonymous Symbol]                       0x000012ac   Section        0  dl_sysctl_mspm0g1x0x_g3x0x.o(.text.DL_SYSCTL_setHSCLKSource)
    __arm_cp.11_0                            0x000012c0   Number         4  dl_sysctl_mspm0g1x0x_g3x0x.o(.text.DL_SYSCTL_setHSCLKSource)
    DL_SYSCTL_setSYSOSCFreq                  0x000012c5   Thumb Code    40  ti_msp_dl_config.o(.text.DL_SYSCTL_setSYSOSCFreq)
    [Anonymous Symbol]                       0x000012c4   Section        0  ti_msp_dl_config.o(.text.DL_SYSCTL_setSYSOSCFreq)
    __arm_cp.35_0                            0x000012e8   Number         4  ti_msp_dl_config.o(.text.DL_SYSCTL_setSYSOSCFreq)
    DL_SYSCTL_setULPCLKDivider               0x000012ed   Thumb Code    40  ti_msp_dl_config.o(.text.DL_SYSCTL_setULPCLKDivider)
    [Anonymous Symbol]                       0x000012ec   Section        0  ti_msp_dl_config.o(.text.DL_SYSCTL_setULPCLKDivider)
    [Anonymous Symbol]                       0x00001310   Section        0  dl_sysctl_mspm0g1x0x_g3x0x.o(.text.DL_SYSCTL_switchMCLKfromSYSOSCtoHSCLK)
    __arm_cp.10_0                            0x00001358   Number         4  dl_sysctl_mspm0g1x0x_g3x0x.o(.text.DL_SYSCTL_switchMCLKfromSYSOSCtoHSCLK)
    [Anonymous Symbol]                       0x0000135c   Section        0  dl_timer.o(.text.DL_TimerA_initPWMMode)
    DL_Timer_enableClock                     0x00001459   Thumb Code    24  ti_msp_dl_config.o(.text.DL_Timer_enableClock)
    [Anonymous Symbol]                       0x00001458   Section        0  ti_msp_dl_config.o(.text.DL_Timer_enableClock)
    __arm_cp.39_0                            0x0000146c   Number         4  ti_msp_dl_config.o(.text.DL_Timer_enableClock)
    DL_Timer_enableEvent                     0x00001471   Thumb Code    56  ti_msp_dl_config.o(.text.DL_Timer_enableEvent)
    [Anonymous Symbol]                       0x00001470   Section        0  ti_msp_dl_config.o(.text.DL_Timer_enableEvent)
    __arm_cp.41_0                            0x000014a4   Number         4  ti_msp_dl_config.o(.text.DL_Timer_enableEvent)
    DL_Timer_enableInterrupt                 0x000014a9   Thumb Code    36  ti_msp_dl_config.o(.text.DL_Timer_enableInterrupt)
    [Anonymous Symbol]                       0x000014a8   Section        0  ti_msp_dl_config.o(.text.DL_Timer_enableInterrupt)
    __arm_cp.43_0                            0x000014c8   Number         4  ti_msp_dl_config.o(.text.DL_Timer_enableInterrupt)
    DL_Timer_enablePower                     0x000014cd   Thumb Code    28  ti_msp_dl_config.o(.text.DL_Timer_enablePower)
    [Anonymous Symbol]                       0x000014cc   Section        0  ti_msp_dl_config.o(.text.DL_Timer_enablePower)
    __arm_cp.23_0                            0x000014e4   Number         4  ti_msp_dl_config.o(.text.DL_Timer_enablePower)
    [Anonymous Symbol]                       0x000014e8   Section        0  dl_timer.o(.text.DL_Timer_initPWMMode)
    __arm_cp.17_0                            0x00001604   Number         4  dl_timer.o(.text.DL_Timer_initPWMMode)
    __arm_cp.17_2                            0x00001608   Number         4  dl_timer.o(.text.DL_Timer_initPWMMode)
    DL_Timer_reset                           0x0000160d   Thumb Code    28  ti_msp_dl_config.o(.text.DL_Timer_reset)
    [Anonymous Symbol]                       0x0000160c   Section        0  ti_msp_dl_config.o(.text.DL_Timer_reset)
    DL_Timer_setCCPDirection                 0x00001621   Thumb Code    30  ti_msp_dl_config.o(.text.DL_Timer_setCCPDirection)
    [Anonymous Symbol]                       0x00001620   Section        0  ti_msp_dl_config.o(.text.DL_Timer_setCCPDirection)
    [Anonymous Symbol]                       0x00001640   Section        0  dl_timer.o(.text.DL_Timer_setCaptCompUpdateMethod)
    [Anonymous Symbol]                       0x0000167c   Section        0  dl_timer.o(.text.DL_Timer_setCaptureCompareAction)
    __arm_cp.18_0                            0x000016b4   Number         4  dl_timer.o(.text.DL_Timer_setCaptureCompareAction)
    __arm_cp.18_1                            0x000016b8   Number         4  dl_timer.o(.text.DL_Timer_setCaptureCompareAction)
    [Anonymous Symbol]                       0x000016bc   Section        0  dl_timer.o(.text.DL_Timer_setCaptureCompareCtl)
    __arm_cp.6_0                             0x00001700   Number         4  dl_timer.o(.text.DL_Timer_setCaptureCompareCtl)
    __arm_cp.6_1                             0x00001704   Number         4  dl_timer.o(.text.DL_Timer_setCaptureCompareCtl)
    [Anonymous Symbol]                       0x00001708   Section        0  dl_timer.o(.text.DL_Timer_setCaptureCompareInput)
    [Anonymous Symbol]                       0x0000174c   Section        0  dl_timer.o(.text.DL_Timer_setCaptureCompareOutCtl)
    __arm_cp.19_0                            0x00001794   Number         4  dl_timer.o(.text.DL_Timer_setCaptureCompareOutCtl)
    [Anonymous Symbol]                       0x00001798   Section        0  dl_timer.o(.text.DL_Timer_setCaptureCompareValue)
    __arm_cp.5_0                             0x000017cc   Number         4  dl_timer.o(.text.DL_Timer_setCaptureCompareValue)
    [Anonymous Symbol]                       0x000017d0   Section        0  dl_timer.o(.text.DL_Timer_setClockConfig)
    __arm_cp.0_1                             0x00001804   Number         4  dl_timer.o(.text.DL_Timer_setClockConfig)
    DL_Timer_setCounterValueAfterEnable      0x00001809   Thumb Code    44  dl_timer.o(.text.DL_Timer_setCounterValueAfterEnable)
    [Anonymous Symbol]                       0x00001808   Section        0  dl_timer.o(.text.DL_Timer_setCounterValueAfterEnable)
    __arm_cp.4_0                             0x00001830   Number         4  dl_timer.o(.text.DL_Timer_setCounterValueAfterEnable)
    DL_Timer_setLoadValue                    0x00001835   Thumb Code    32  dl_timer.o(.text.DL_Timer_setLoadValue)
    [Anonymous Symbol]                       0x00001834   Section        0  dl_timer.o(.text.DL_Timer_setLoadValue)
    __arm_cp.3_0                             0x00001850   Number         4  dl_timer.o(.text.DL_Timer_setLoadValue)
    DL_Timer_setPublisherChanID              0x00001855   Thumb Code    56  ti_msp_dl_config.o(.text.DL_Timer_setPublisherChanID)
    [Anonymous Symbol]                       0x00001854   Section        0  ti_msp_dl_config.o(.text.DL_Timer_setPublisherChanID)
    __arm_cp.42_0                            0x00001888   Number         4  ti_msp_dl_config.o(.text.DL_Timer_setPublisherChanID)
    DL_UART_disable                          0x0000188d   Thumb Code    28  dl_uart.o(.text.DL_UART_disable)
    [Anonymous Symbol]                       0x0000188c   Section        0  dl_uart.o(.text.DL_UART_disable)
    DL_UART_enable                           0x000018a9   Thumb Code    28  ti_msp_dl_config.o(.text.DL_UART_enable)
    [Anonymous Symbol]                       0x000018a8   Section        0  ti_msp_dl_config.o(.text.DL_UART_enable)
    DL_UART_enableInterrupt                  0x000018c5   Thumb Code    36  ti_msp_dl_config.o(.text.DL_UART_enableInterrupt)
    [Anonymous Symbol]                       0x000018c4   Section        0  ti_msp_dl_config.o(.text.DL_UART_enableInterrupt)
    __arm_cp.47_0                            0x000018e4   Number         4  ti_msp_dl_config.o(.text.DL_UART_enableInterrupt)
    DL_UART_enablePower                      0x000018e9   Thumb Code    28  ti_msp_dl_config.o(.text.DL_UART_enablePower)
    [Anonymous Symbol]                       0x000018e8   Section        0  ti_msp_dl_config.o(.text.DL_UART_enablePower)
    __arm_cp.24_0                            0x00001900   Number         4  ti_msp_dl_config.o(.text.DL_UART_enablePower)
    [Anonymous Symbol]                       0x00001904   Section        0  dl_uart.o(.text.DL_UART_init)
    __arm_cp.0_0                             0x0000195c   Number         4  dl_uart.o(.text.DL_UART_init)
    DL_UART_reset                            0x00001961   Thumb Code    28  ti_msp_dl_config.o(.text.DL_UART_reset)
    [Anonymous Symbol]                       0x00001960   Section        0  ti_msp_dl_config.o(.text.DL_UART_reset)
    __arm_cp.19_0                            0x00001974   Number         4  ti_msp_dl_config.o(.text.DL_UART_reset)
    __arm_cp.19_1                            0x00001978   Number         4  ti_msp_dl_config.o(.text.DL_UART_reset)
    DL_UART_setBaudRateDivisor               0x0000197d   Thumb Code   100  ti_msp_dl_config.o(.text.DL_UART_setBaudRateDivisor)
    [Anonymous Symbol]                       0x0000197c   Section        0  ti_msp_dl_config.o(.text.DL_UART_setBaudRateDivisor)
    __arm_cp.46_0                            0x000019d0   Number         4  ti_msp_dl_config.o(.text.DL_UART_setBaudRateDivisor)
    __arm_cp.46_1                            0x000019d4   Number         4  ti_msp_dl_config.o(.text.DL_UART_setBaudRateDivisor)
    __arm_cp.46_2                            0x000019d8   Number         4  ti_msp_dl_config.o(.text.DL_UART_setBaudRateDivisor)
    __arm_cp.46_3                            0x000019dc   Number         4  ti_msp_dl_config.o(.text.DL_UART_setBaudRateDivisor)
    [Anonymous Symbol]                       0x000019e0   Section        0  dl_uart.o(.text.DL_UART_setClockConfig)
    __arm_cp.3_0                             0x00001a0c   Number         4  dl_uart.o(.text.DL_UART_setClockConfig)
    DL_UART_setOversampling                  0x00001a11   Thumb Code    40  ti_msp_dl_config.o(.text.DL_UART_setOversampling)
    [Anonymous Symbol]                       0x00001a10   Section        0  ti_msp_dl_config.o(.text.DL_UART_setOversampling)
    [Anonymous Symbol]                       0x00001a38   Section        0  ti_msp_dl_config.o(.text.SYSCFG_DL_ADC_CCD_init)
    __arm_cp.12_0                            0x00001ae0   Number         4  ti_msp_dl_config.o(.text.SYSCFG_DL_ADC_CCD_init)
    __arm_cp.12_1                            0x00001ae4   Number         4  ti_msp_dl_config.o(.text.SYSCFG_DL_ADC_CCD_init)
    [Anonymous Symbol]                       0x00001ae8   Section        0  ti_msp_dl_config.o(.text.SYSCFG_DL_ADC_VIN_init)
    __arm_cp.13_0                            0x00001b40   Number         4  ti_msp_dl_config.o(.text.SYSCFG_DL_ADC_VIN_init)
    [Anonymous Symbol]                       0x00001b44   Section        0  ti_msp_dl_config.o(.text.SYSCFG_DL_DMA_CH0_init)
    __arm_cp.64_0                            0x00001b54   Number         4  ti_msp_dl_config.o(.text.SYSCFG_DL_DMA_CH0_init)
    __arm_cp.64_1                            0x00001b58   Number         4  ti_msp_dl_config.o(.text.SYSCFG_DL_DMA_CH0_init)
    [Anonymous Symbol]                       0x00001b5c   Section        0  ti_msp_dl_config.o(.text.SYSCFG_DL_DMA_init)
    [Anonymous Symbol]                       0x00001b64   Section        0  ti_msp_dl_config.o(.text.SYSCFG_DL_GPIO_init)
    __arm_cp.2_0                             0x00001c8c   Number         4  ti_msp_dl_config.o(.text.SYSCFG_DL_GPIO_init)
    __arm_cp.2_1                             0x00001c90   Number         4  ti_msp_dl_config.o(.text.SYSCFG_DL_GPIO_init)
    __arm_cp.2_2                             0x00001c94   Number         4  ti_msp_dl_config.o(.text.SYSCFG_DL_GPIO_init)
    [Anonymous Symbol]                       0x00001c98   Section        0  ti_msp_dl_config.o(.text.SYSCFG_DL_PWM_BUZZER_init)
    __arm_cp.8_0                             0x00001cf0   Number         4  ti_msp_dl_config.o(.text.SYSCFG_DL_PWM_BUZZER_init)
    __arm_cp.8_1                             0x00001cf4   Number         4  ti_msp_dl_config.o(.text.SYSCFG_DL_PWM_BUZZER_init)
    __arm_cp.8_2                             0x00001cf8   Number         4  ti_msp_dl_config.o(.text.SYSCFG_DL_PWM_BUZZER_init)
    __arm_cp.8_3                             0x00001cfc   Number         4  ti_msp_dl_config.o(.text.SYSCFG_DL_PWM_BUZZER_init)
    [Anonymous Symbol]                       0x00001d00   Section        0  ti_msp_dl_config.o(.text.SYSCFG_DL_PWM_MOTOR0_init)
    __arm_cp.5_0                             0x00001d84   Number         4  ti_msp_dl_config.o(.text.SYSCFG_DL_PWM_MOTOR0_init)
    __arm_cp.5_2                             0x00001d88   Number         4  ti_msp_dl_config.o(.text.SYSCFG_DL_PWM_MOTOR0_init)
    [Anonymous Symbol]                       0x00001d8c   Section        0  ti_msp_dl_config.o(.text.SYSCFG_DL_PWM_MOTOR1_init)
    __arm_cp.7_0                             0x00001e08   Number         4  ti_msp_dl_config.o(.text.SYSCFG_DL_PWM_MOTOR1_init)
    __arm_cp.7_2                             0x00001e0c   Number         4  ti_msp_dl_config.o(.text.SYSCFG_DL_PWM_MOTOR1_init)
    __arm_cp.7_3                             0x00001e10   Number         4  ti_msp_dl_config.o(.text.SYSCFG_DL_PWM_MOTOR1_init)
    [Anonymous Symbol]                       0x00001e14   Section        0  ti_msp_dl_config.o(.text.SYSCFG_DL_SPI_ENCODER_init)
    __arm_cp.11_0                            0x00001e48   Number         4  ti_msp_dl_config.o(.text.SYSCFG_DL_SPI_ENCODER_init)
    __arm_cp.11_2                            0x00001e4c   Number         4  ti_msp_dl_config.o(.text.SYSCFG_DL_SPI_ENCODER_init)
    [Anonymous Symbol]                       0x00001e50   Section        0  ti_msp_dl_config.o(.text.SYSCFG_DL_SPI_IMU_init)
    __arm_cp.10_0                            0x00001e84   Number         4  ti_msp_dl_config.o(.text.SYSCFG_DL_SPI_IMU_init)
    __arm_cp.10_2                            0x00001e88   Number         4  ti_msp_dl_config.o(.text.SYSCFG_DL_SPI_IMU_init)
    [Anonymous Symbol]                       0x00001e8c   Section        0  ti_msp_dl_config.o(.text.SYSCFG_DL_SYSCTL_init)
    __arm_cp.3_0                             0x00001ed0   Number         4  ti_msp_dl_config.o(.text.SYSCFG_DL_SYSCTL_init)
    [Anonymous Symbol]                       0x00001ed4   Section        0  ti_msp_dl_config.o(.text.SYSCFG_DL_SYSTICK_init)
    __arm_cp.4_0                             0x00001ef0   Number         4  ti_msp_dl_config.o(.text.SYSCFG_DL_SYSTICK_init)
    [Anonymous Symbol]                       0x00001ef4   Section        0  ti_msp_dl_config.o(.text.SYSCFG_DL_TIM_CCD_init)
    __arm_cp.6_0                             0x00001f74   Number         4  ti_msp_dl_config.o(.text.SYSCFG_DL_TIM_CCD_init)
    __arm_cp.6_2                             0x00001f78   Number         4  ti_msp_dl_config.o(.text.SYSCFG_DL_TIM_CCD_init)
    [Anonymous Symbol]                       0x00001f7c   Section        0  ti_msp_dl_config.o(.text.SYSCFG_DL_UART_0_init)
    __arm_cp.9_0                             0x00001fc4   Number         4  ti_msp_dl_config.o(.text.SYSCFG_DL_UART_0_init)
    __arm_cp.9_2                             0x00001fc8   Number         4  ti_msp_dl_config.o(.text.SYSCFG_DL_UART_0_init)
    [Anonymous Symbol]                       0x00001fcc   Section        0  ti_msp_dl_config.o(.text.SYSCFG_DL_init)
    __arm_cp.0_0                             0x00002020   Number         4  ti_msp_dl_config.o(.text.SYSCFG_DL_init)
    __arm_cp.0_1                             0x00002024   Number         4  ti_msp_dl_config.o(.text.SYSCFG_DL_init)
    __arm_cp.0_2                             0x00002028   Number         4  ti_msp_dl_config.o(.text.SYSCFG_DL_init)
    __arm_cp.0_3                             0x0000202c   Number         4  ti_msp_dl_config.o(.text.SYSCFG_DL_init)
    [Anonymous Symbol]                       0x00002030   Section        0  ti_msp_dl_config.o(.text.SYSCFG_DL_initPower)
    __arm_cp.1_0                             0x000020dc   Number         4  ti_msp_dl_config.o(.text.SYSCFG_DL_initPower)
    __arm_cp.1_2                             0x000020e0   Number         4  ti_msp_dl_config.o(.text.SYSCFG_DL_initPower)
    __arm_cp.1_3                             0x000020e4   Number         4  ti_msp_dl_config.o(.text.SYSCFG_DL_initPower)
    __arm_cp.1_4                             0x000020e8   Number         4  ti_msp_dl_config.o(.text.SYSCFG_DL_initPower)
    __arm_cp.1_5                             0x000020ec   Number         4  ti_msp_dl_config.o(.text.SYSCFG_DL_initPower)
    __arm_cp.1_7                             0x000020f0   Number         4  ti_msp_dl_config.o(.text.SYSCFG_DL_initPower)
    __arm_cp.1_8                             0x000020f4   Number         4  ti_msp_dl_config.o(.text.SYSCFG_DL_initPower)
    __arm_cp.1_9                             0x000020f8   Number         4  ti_msp_dl_config.o(.text.SYSCFG_DL_initPower)
    SysTick_Config                           0x000020fd   Thumb Code    88  ti_msp_dl_config.o(.text.SysTick_Config)
    [Anonymous Symbol]                       0x000020fc   Section        0  ti_msp_dl_config.o(.text.SysTick_Config)
    __arm_cp.65_0                            0x00002148   Number         4  ti_msp_dl_config.o(.text.SysTick_Config)
    __arm_cp.65_1                            0x0000214c   Number         4  ti_msp_dl_config.o(.text.SysTick_Config)
    [Anonymous Symbol]                       0x00002150   Section        0  it.o(.text.SysTick_Handler)
    __arm_cp.0_0                             0x0000218c   Number         4  it.o(.text.SysTick_Handler)
    __arm_cp.0_1                             0x00002190   Number         4  it.o(.text.SysTick_Handler)
    __arm_cp.0_2                             0x00002194   Number         4  it.o(.text.SysTick_Handler)
    [Anonymous Symbol]                       0x00002198   Section        0  task.o(.text.TIMG12_IRQHandler)
    __arm_cp.20_0                            0x000021a4   Number         4  task.o(.text.TIMG12_IRQHandler)
    [Anonymous Symbol]                       0x000021a8   Section        0  task.o(.text.UART0_IRQHandler)
    __arm_cp.18_0                            0x00002244   Number         4  task.o(.text.UART0_IRQHandler)
    __arm_cp.18_1                            0x00002248   Number         4  task.o(.text.UART0_IRQHandler)
    __arm_cp.18_2                            0x0000224c   Number         4  task.o(.text.UART0_IRQHandler)
    __arm_cp.18_3                            0x00002250   Number         4  task.o(.text.UART0_IRQHandler)
    __arm_cp.18_4                            0x00002254   Number         4  task.o(.text.UART0_IRQHandler)
    __arm_cp.18_5                            0x00002258   Number         4  task.o(.text.UART0_IRQHandler)
    _GLOBAL__sub_I_task.cpp                  0x0000225d   Thumb Code    52  task.o(.text._GLOBAL__sub_I_task.cpp)
    [Anonymous Symbol]                       0x0000225c   Section        0  task.o(.text._GLOBAL__sub_I_task.cpp)
    _ZL18DL_GPIO_togglePinsP9GPIO_Regsj      0x00002291   Thumb Code    32  it.o(.text._ZL18DL_GPIO_togglePinsP9GPIO_Regsj)
    [Anonymous Symbol]                       0x00002290   Section        0  it.o(.text._ZL18DL_GPIO_togglePinsP9GPIO_Regsj)
    __arm_cp.1_0                             0x000022ac   Number         4  it.o(.text._ZL18DL_GPIO_togglePinsP9GPIO_Regsj)
    _ZL19DL_UART_receiveDataP9UART_Regs      0x000022b1   Thumb Code    24  task.o(.text._ZL19DL_UART_receiveDataP9UART_Regs)
    [Anonymous Symbol]                       0x000022b0   Section        0  task.o(.text._ZL19DL_UART_receiveDataP9UART_Regs)
    __arm_cp.19_0                            0x000022c4   Number         4  task.o(.text._ZL19DL_UART_receiveDataP9UART_Regs)
    _ZL21DL_DMA_disableChannelP8DMA_Regsh    0x000022c9   Thumb Code    42  task.o(.text._ZL21DL_DMA_disableChannelP8DMA_Regsh)
    [Anonymous Symbol]                       0x000022c8   Section        0  task.o(.text._ZL21DL_DMA_disableChannelP8DMA_Regsh)
    _ZL27DL_ADC12_disableConversionsP10ADC12_Regs 0x000022f3   Thumb Code    28  task.o(.text._ZL27DL_ADC12_disableConversionsP10ADC12_Regs)
    [Anonymous Symbol]                       0x000022f2   Section        0  task.o(.text._ZL27DL_ADC12_disableConversionsP10ADC12_Regs)
    _ZL28DL_ADC12_getPendingInterruptP10ADC12_Regs 0x0000230f   Thumb Code    22  task.o(.text._ZL28DL_ADC12_getPendingInterruptP10ADC12_Regs)
    [Anonymous Symbol]                       0x0000230e   Section        0  task.o(.text._ZL28DL_ADC12_getPendingInterruptP10ADC12_Regs)
    [Anonymous Symbol]                       0x00002324   Section        0  controller.o(.text._ZN10ControllerC2EP7Chassis)
    __arm_cp.0_0                             0x00002364   Number         4  controller.o(.text._ZN10ControllerC2EP7Chassis)
    [Anonymous Symbol]                       0x00002368   Section        0  pid_controller.o(.text._ZN14PID_ControllerC2EP7Chassis)
    __arm_cp.1_0                             0x000023a0   Number         4  pid_controller.o(.text._ZN14PID_ControllerC2EP7Chassis)
    __arm_cp.1_1                             0x000023a4   Number         4  pid_controller.o(.text._ZN14PID_ControllerC2EP7Chassis)
    __arm_cp.1_2                             0x000023a8   Number         4  pid_controller.o(.text._ZN14PID_ControllerC2EP7Chassis)
    __arm_cp.1_3                             0x000023ac   Number         4  pid_controller.o(.text._ZN14PID_ControllerC2EP7Chassis)
    [Anonymous Symbol]                       0x000023b0   Section        0  task.o(.text._ZN3CCDC2Ev)
    [Anonymous Symbol]                       0x000023d6   Section        0  task.o(.text._ZN3IMUC2Ev)
    [Anonymous Symbol]                       0x000023fc   Section        0  n20_motor.o(.text._ZN5MotorC2Ev)
    [Anonymous Symbol]                       0x00002414   Section        0  buzzer.o(.text._ZN6BuzzerC2EP12GPTIMER_Regs)
    [Anonymous Symbol]                       0x0000242c   Section        0  remote.o(.text._ZN6RemoteC2EP9UART_Regs)
    [Anonymous Symbol]                       0x0000245c   Section        0  chassis.o(.text._ZN7Chassis7processEv)
    __arm_cp.0_0                             0x00002700   Number         4  chassis.o(.text._ZN7Chassis7processEv)
    __arm_cp.0_1                             0x00002704   Number         4  chassis.o(.text._ZN7Chassis7processEv)
    __arm_cp.0_2                             0x00002708   Number         4  chassis.o(.text._ZN7Chassis7processEv)
    __arm_cp.0_3                             0x0000270c   Number         4  chassis.o(.text._ZN7Chassis7processEv)
    __arm_cp.0_4                             0x00002710   Number         4  chassis.o(.text._ZN7Chassis7processEv)
    __arm_cp.0_5                             0x00002714   Number         4  chassis.o(.text._ZN7Chassis7processEv)
    __arm_cp.0_6                             0x00002718   Number         4  chassis.o(.text._ZN7Chassis7processEv)
    __arm_cp.0_7                             0x0000271c   Number         4  chassis.o(.text._ZN7Chassis7processEv)
    [Anonymous Symbol]                       0x00002720   Section        0  chassis.o(.text._ZN7ChassisC2EP9N20_MotorS1_P3IMUP3CCDf)
    __arm_cp.1_0                             0x0000278c   Number         4  chassis.o(.text._ZN7ChassisC2EP9N20_MotorS1_P3IMUP3CCDf)
    __arm_cp.1_1                             0x00002790   Number         4  chassis.o(.text._ZN7ChassisC2EP9N20_MotorS1_P3IMUP3CCDf)
    [Anonymous Symbol]                       0x00002794   Section        0  encoder.o(.text._ZN7EncoderC2EPj)
    [Anonymous Symbol]                       0x000027b8   Section        0  ls7366r.o(.text._ZN7LS7366RC2EP8SPI_RegsP9GPIO_Regsjj)
    [Anonymous Symbol]                       0x000027f6   Section        0  n20_motor.o(.text._ZN9N20_MotorC2EP12GPTIMER_Regs17DL_TIMER_CC_INDEXS2_P7Encoderff)
    __NVIC_SetPriority                       0x00002855   Thumb Code   140  ti_msp_dl_config.o(.text.__NVIC_SetPriority)
    [Anonymous Symbol]                       0x00002854   Section        0  ti_msp_dl_config.o(.text.__NVIC_SetPriority)
    __arm_cp.44_0                            0x000028d8   Number         4  ti_msp_dl_config.o(.text.__NVIC_SetPriority)
    __arm_cp.44_1                            0x000028dc   Number         4  ti_msp_dl_config.o(.text.__NVIC_SetPriority)
    __cxx_global_var_init                    0x000028e1   Thumb Code    40  task.o(.text.__cxx_global_var_init)
    [Anonymous Symbol]                       0x000028e0   Section        0  task.o(.text.__cxx_global_var_init)
    __arm_cp.0_1                             0x000028fc   Number         4  task.o(.text.__cxx_global_var_init)
    __arm_cp.0_2                             0x00002900   Number         4  task.o(.text.__cxx_global_var_init)
    __cxx_global_var_init.1                  0x00002905   Thumb Code    32  task.o(.text.__cxx_global_var_init.1)
    [Anonymous Symbol]                       0x00002904   Section        0  task.o(.text.__cxx_global_var_init.1)
    __cxx_global_var_init.10                 0x0000291d   Thumb Code    20  task.o(.text.__cxx_global_var_init.10)
    [Anonymous Symbol]                       0x0000291c   Section        0  task.o(.text.__cxx_global_var_init.10)
    __arm_cp.12_0                            0x00002928   Number         4  task.o(.text.__cxx_global_var_init.10)
    __cxx_global_var_init.11                 0x0000292d   Thumb Code    20  task.o(.text.__cxx_global_var_init.11)
    [Anonymous Symbol]                       0x0000292c   Section        0  task.o(.text.__cxx_global_var_init.11)
    __arm_cp.13_0                            0x00002938   Number         4  task.o(.text.__cxx_global_var_init.11)
    __cxx_global_var_init.2                  0x0000293d   Thumb Code    32  task.o(.text.__cxx_global_var_init.2)
    [Anonymous Symbol]                       0x0000293c   Section        0  task.o(.text.__cxx_global_var_init.2)
    __arm_cp.2_0                             0x00002954   Number         4  task.o(.text.__cxx_global_var_init.2)
    __cxx_global_var_init.3                  0x00002959   Thumb Code    56  task.o(.text.__cxx_global_var_init.3)
    [Anonymous Symbol]                       0x00002958   Section        0  task.o(.text.__cxx_global_var_init.3)
    __arm_cp.3_2                             0x0000297c   Number         4  task.o(.text.__cxx_global_var_init.3)
    __arm_cp.3_4                             0x00002980   Number         4  task.o(.text.__cxx_global_var_init.3)
    __cxx_global_var_init.4                  0x00002985   Thumb Code    56  task.o(.text.__cxx_global_var_init.4)
    [Anonymous Symbol]                       0x00002984   Section        0  task.o(.text.__cxx_global_var_init.4)
    __arm_cp.4_0                             0x000029a8   Number         4  task.o(.text.__cxx_global_var_init.4)
    __arm_cp.4_1                             0x000029ac   Number         4  task.o(.text.__cxx_global_var_init.4)
    __arm_cp.4_2                             0x000029b0   Number         4  task.o(.text.__cxx_global_var_init.4)
    __arm_cp.4_4                             0x000029b4   Number         4  task.o(.text.__cxx_global_var_init.4)
    __cxx_global_var_init.5                  0x000029b9   Thumb Code    16  task.o(.text.__cxx_global_var_init.5)
    [Anonymous Symbol]                       0x000029b8   Section        0  task.o(.text.__cxx_global_var_init.5)
    __cxx_global_var_init.6                  0x000029c5   Thumb Code    20  task.o(.text.__cxx_global_var_init.6)
    [Anonymous Symbol]                       0x000029c4   Section        0  task.o(.text.__cxx_global_var_init.6)
    __arm_cp.7_0                             0x000029d0   Number         4  task.o(.text.__cxx_global_var_init.6)
    __arm_cp.7_1                             0x000029d4   Number         4  task.o(.text.__cxx_global_var_init.6)
    __cxx_global_var_init.7                  0x000029d9   Thumb Code    16  task.o(.text.__cxx_global_var_init.7)
    [Anonymous Symbol]                       0x000029d8   Section        0  task.o(.text.__cxx_global_var_init.7)
    __cxx_global_var_init.8                  0x000029e5   Thumb Code    20  task.o(.text.__cxx_global_var_init.8)
    [Anonymous Symbol]                       0x000029e4   Section        0  task.o(.text.__cxx_global_var_init.8)
    __arm_cp.10_0                            0x000029f0   Number         4  task.o(.text.__cxx_global_var_init.8)
    __arm_cp.10_1                            0x000029f4   Number         4  task.o(.text.__cxx_global_var_init.8)
    __cxx_global_var_init.9                  0x000029f9   Thumb Code    56  task.o(.text.__cxx_global_var_init.9)
    [Anonymous Symbol]                       0x000029f8   Section        0  task.o(.text.__cxx_global_var_init.9)
    __arm_cp.11_0                            0x00002a18   Number         4  task.o(.text.__cxx_global_var_init.9)
    __arm_cp.11_1                            0x00002a1c   Number         4  task.o(.text.__cxx_global_var_init.9)
    __arm_cp.11_2                            0x00002a20   Number         4  task.o(.text.__cxx_global_var_init.9)
    __arm_cp.11_3                            0x00002a24   Number         4  task.o(.text.__cxx_global_var_init.9)
    __arm_cp.11_4                            0x00002a28   Number         4  task.o(.text.__cxx_global_var_init.9)
    __arm_cp.11_5                            0x00002a2c   Number         4  task.o(.text.__cxx_global_var_init.9)
    [Anonymous Symbol]                       0x00002a30   Section        0  arm_sin_cos_f32.o(.text.arm_sin_cos_f32)
    __arm_cp.0_0                             0x00002bec   Number         4  arm_sin_cos_f32.o(.text.arm_sin_cos_f32)
    __arm_cp.0_1                             0x00002bf0   Number         4  arm_sin_cos_f32.o(.text.arm_sin_cos_f32)
    __arm_cp.0_2                             0x00002bf4   Number         4  arm_sin_cos_f32.o(.text.arm_sin_cos_f32)
    __arm_cp.0_3                             0x00002bf8   Number         4  arm_sin_cos_f32.o(.text.arm_sin_cos_f32)
    __arm_cp.0_4                             0x00002bfc   Number         4  arm_sin_cos_f32.o(.text.arm_sin_cos_f32)
    [Anonymous Symbol]                       0x00002c00   Section        0  control.o(.text.main)
    i.__ARM_clz                              0x00002c10   Section        0  depilogue.o(i.__ARM_clz)
    i.__scatterload_copy                     0x00002c40   Section       14  handlers.o(i.__scatterload_copy)
    i.__scatterload_null                     0x00002c50   Section        2  handlers.o(i.__scatterload_null)
    i.__scatterload_zeroinit                 0x00002c58   Section       14  handlers.o(i.__scatterload_zeroinit)
    gADC_CCDClockConfig                      0x00002c68   Data           8  ti_msp_dl_config.o(.rodata.gADC_CCDClockConfig)
    [Anonymous Symbol]                       0x00002c68   Section        0  ti_msp_dl_config.o(.rodata.gADC_CCDClockConfig)
    gADC_VINClockConfig                      0x00002c70   Data           8  ti_msp_dl_config.o(.rodata.gADC_VINClockConfig)
    [Anonymous Symbol]                       0x00002c70   Section        0  ti_msp_dl_config.o(.rodata.gADC_VINClockConfig)
    gDMA_CH0Config                           0x00002c78   Data          24  ti_msp_dl_config.o(.rodata.gDMA_CH0Config)
    [Anonymous Symbol]                       0x00002c78   Section        0  ti_msp_dl_config.o(.rodata.gDMA_CH0Config)
    gPWM_BUZZERClockConfig                   0x00002c90   Data           3  ti_msp_dl_config.o(.rodata.gPWM_BUZZERClockConfig)
    [Anonymous Symbol]                       0x00002c90   Section        0  ti_msp_dl_config.o(.rodata.gPWM_BUZZERClockConfig)
    gPWM_BUZZERConfig                        0x00002c94   Data           8  ti_msp_dl_config.o(.rodata.gPWM_BUZZERConfig)
    [Anonymous Symbol]                       0x00002c94   Section        0  ti_msp_dl_config.o(.rodata.gPWM_BUZZERConfig)
    gPWM_MOTOR0ClockConfig                   0x00002c9c   Data           3  ti_msp_dl_config.o(.rodata.gPWM_MOTOR0ClockConfig)
    [Anonymous Symbol]                       0x00002c9c   Section        0  ti_msp_dl_config.o(.rodata.gPWM_MOTOR0ClockConfig)
    gPWM_MOTOR0Config                        0x00002ca0   Data           8  ti_msp_dl_config.o(.rodata.gPWM_MOTOR0Config)
    [Anonymous Symbol]                       0x00002ca0   Section        0  ti_msp_dl_config.o(.rodata.gPWM_MOTOR0Config)
    gPWM_MOTOR1ClockConfig                   0x00002ca8   Data           3  ti_msp_dl_config.o(.rodata.gPWM_MOTOR1ClockConfig)
    [Anonymous Symbol]                       0x00002ca8   Section        0  ti_msp_dl_config.o(.rodata.gPWM_MOTOR1ClockConfig)
    gPWM_MOTOR1Config                        0x00002cac   Data           8  ti_msp_dl_config.o(.rodata.gPWM_MOTOR1Config)
    [Anonymous Symbol]                       0x00002cac   Section        0  ti_msp_dl_config.o(.rodata.gPWM_MOTOR1Config)
    gSPI_ENCODER_clockConfig                 0x00002cb4   Data           2  ti_msp_dl_config.o(.rodata.gSPI_ENCODER_clockConfig)
    [Anonymous Symbol]                       0x00002cb4   Section        0  ti_msp_dl_config.o(.rodata.gSPI_ENCODER_clockConfig)
    gSPI_ENCODER_config                      0x00002cb6   Data          10  ti_msp_dl_config.o(.rodata.gSPI_ENCODER_config)
    [Anonymous Symbol]                       0x00002cb6   Section        0  ti_msp_dl_config.o(.rodata.gSPI_ENCODER_config)
    gSPI_IMU_clockConfig                     0x00002cc0   Data           2  ti_msp_dl_config.o(.rodata.gSPI_IMU_clockConfig)
    [Anonymous Symbol]                       0x00002cc0   Section        0  ti_msp_dl_config.o(.rodata.gSPI_IMU_clockConfig)
    gSPI_IMU_config                          0x00002cc2   Data          10  ti_msp_dl_config.o(.rodata.gSPI_IMU_config)
    [Anonymous Symbol]                       0x00002cc2   Section        0  ti_msp_dl_config.o(.rodata.gSPI_IMU_config)
    gSYSPLLConfig                            0x00002ccc   Data          40  ti_msp_dl_config.o(.rodata.gSYSPLLConfig)
    [Anonymous Symbol]                       0x00002ccc   Section        0  ti_msp_dl_config.o(.rodata.gSYSPLLConfig)
    gTIM_CCDClockConfig                      0x00002cf4   Data           3  ti_msp_dl_config.o(.rodata.gTIM_CCDClockConfig)
    [Anonymous Symbol]                       0x00002cf4   Section        0  ti_msp_dl_config.o(.rodata.gTIM_CCDClockConfig)
    gTIM_CCDConfig                           0x00002cf8   Data           8  ti_msp_dl_config.o(.rodata.gTIM_CCDConfig)
    [Anonymous Symbol]                       0x00002cf8   Section        0  ti_msp_dl_config.o(.rodata.gTIM_CCDConfig)
    gUART_0ClockConfig                       0x00002d00   Data           2  ti_msp_dl_config.o(.rodata.gUART_0ClockConfig)
    [Anonymous Symbol]                       0x00002d00   Section        0  ti_msp_dl_config.o(.rodata.gUART_0ClockConfig)
    gUART_0Config                            0x00002d02   Data          10  ti_msp_dl_config.o(.rodata.gUART_0Config)
    [Anonymous Symbol]                       0x00002d02   Section        0  ti_msp_dl_config.o(.rodata.gUART_0Config)
    .init_array                              0x00003534   Section        0  cpp_init.o(.init_array)
    STACK                                    0x20200b00   Section      256  startup_mspm0g350x_uvision.o(STACK)

    Global Symbols

    Symbol Name                              Value     Ov Type        Size  Object(Section)

    BuildAttributes$$THM_ISAv3M$S$PE$A:L22$X:L11$S22$IEEE1$IW$~IW$USESV6$~STKCKD$USESV7$~SHL$OTIME$ROPI$IEEEX$EBA8$MICROLIB$REQ8$PRES8$EABIv2 0x00000000   Number         0  anon$$obj.o ABSOLUTE
    __Vectors                                0x00000000   Data           4  startup_mspm0g350x_uvision.o(RESET)
    __cxa_finalize                            - Undefined Weak Reference
    __decompress                              - Undefined Weak Reference
    _clock_init                               - Undefined Weak Reference
    _microlib_exit                            - Undefined Weak Reference
    __Vectors_End                            0x000000c0   Data           0  startup_mspm0g350x_uvision.o(RESET)
    __Vectors_Size                           0x000000c0   Number         0  startup_mspm0g350x_uvision.o ABSOLUTE
    __main                                   0x000000c1   Thumb Code     0  entry.o(.ARM.Collect$$$$00000000)
    _main_stk                                0x000000c1   Thumb Code     0  entry2.o(.ARM.Collect$$$$00000001)
    _main_scatterload                        0x000000c5   Thumb Code     0  entry5.o(.ARM.Collect$$$$00000004)
    __main_after_scatterload                 0x000000c9   Thumb Code     0  entry5.o(.ARM.Collect$$$$00000004)
    _main_clock                              0x000000c9   Thumb Code     0  entry7b.o(.ARM.Collect$$$$00000008)
    _main_cpp_init$empty                     0x000000c9   Thumb Code     0  entry8a.o(.ARM.Collect$$$$00000009)
    _main_cpp_init                           0x000000cd   Thumb Code     0  entry8b.o(.ARM.Collect$$$$0000000A)
    _main_init                               0x000000cd   Thumb Code     0  entry9a.o(.ARM.Collect$$$$0000000B)
    __rt_final_cpp                           0x000000d5   Thumb Code     0  entry10a.o(.ARM.Collect$$$$0000000D)
    __rt_final_exit                          0x000000d5   Thumb Code     0  entry11a.o(.ARM.Collect$$$$0000000F)
    Reset_Handler                            0x000000d9   Thumb Code     4  startup_mspm0g350x_uvision.o(.text)
    NMI_Handler                              0x000000dd   Thumb Code     2  startup_mspm0g350x_uvision.o(.text)
    HardFault_Handler                        0x000000df   Thumb Code     2  startup_mspm0g350x_uvision.o(.text)
    SVC_Handler                              0x000000e1   Thumb Code     2  startup_mspm0g350x_uvision.o(.text)
    PendSV_Handler                           0x000000e3   Thumb Code     2  startup_mspm0g350x_uvision.o(.text)
    ADC0_IRQHandler                          0x000000e7   Thumb Code     0  startup_mspm0g350x_uvision.o(.text)
    AES_IRQHandler                           0x000000e7   Thumb Code     0  startup_mspm0g350x_uvision.o(.text)
    CANFD0_IRQHandler                        0x000000e7   Thumb Code     0  startup_mspm0g350x_uvision.o(.text)
    DAC0_IRQHandler                          0x000000e7   Thumb Code     0  startup_mspm0g350x_uvision.o(.text)
    DMA_IRQHandler                           0x000000e7   Thumb Code     0  startup_mspm0g350x_uvision.o(.text)
    Default_Handler                          0x000000e7   Thumb Code     2  startup_mspm0g350x_uvision.o(.text)
    GROUP0_IRQHandler                        0x000000e7   Thumb Code     0  startup_mspm0g350x_uvision.o(.text)
    GROUP1_IRQHandler                        0x000000e7   Thumb Code     0  startup_mspm0g350x_uvision.o(.text)
    I2C0_IRQHandler                          0x000000e7   Thumb Code     0  startup_mspm0g350x_uvision.o(.text)
    I2C1_IRQHandler                          0x000000e7   Thumb Code     0  startup_mspm0g350x_uvision.o(.text)
    RTC_IRQHandler                           0x000000e7   Thumb Code     0  startup_mspm0g350x_uvision.o(.text)
    SPI0_IRQHandler                          0x000000e7   Thumb Code     0  startup_mspm0g350x_uvision.o(.text)
    SPI1_IRQHandler                          0x000000e7   Thumb Code     0  startup_mspm0g350x_uvision.o(.text)
    TIMA0_IRQHandler                         0x000000e7   Thumb Code     0  startup_mspm0g350x_uvision.o(.text)
    TIMA1_IRQHandler                         0x000000e7   Thumb Code     0  startup_mspm0g350x_uvision.o(.text)
    TIMG0_IRQHandler                         0x000000e7   Thumb Code     0  startup_mspm0g350x_uvision.o(.text)
    TIMG6_IRQHandler                         0x000000e7   Thumb Code     0  startup_mspm0g350x_uvision.o(.text)
    TIMG7_IRQHandler                         0x000000e7   Thumb Code     0  startup_mspm0g350x_uvision.o(.text)
    TIMG8_IRQHandler                         0x000000e7   Thumb Code     0  startup_mspm0g350x_uvision.o(.text)
    UART1_IRQHandler                         0x000000e7   Thumb Code     0  startup_mspm0g350x_uvision.o(.text)
    UART2_IRQHandler                         0x000000e7   Thumb Code     0  startup_mspm0g350x_uvision.o(.text)
    UART3_IRQHandler                         0x000000e7   Thumb Code     0  startup_mspm0g350x_uvision.o(.text)
    __aeabi_uidiv                            0x000000ed   Thumb Code     0  uidiv.o(.text)
    __aeabi_uidivmod                         0x000000ed   Thumb Code    44  uidiv.o(.text)
    __aeabi_memcpy                           0x00000119   Thumb Code    36  memcpya.o(.text)
    __aeabi_memcpy4                          0x00000119   Thumb Code     0  memcpya.o(.text)
    __aeabi_memcpy8                          0x00000119   Thumb Code     0  memcpya.o(.text)
    __cpp_initialize__aeabi_                 0x0000013d   Thumb Code    22  cpp_init.o(.text)
    __aeabi_fadd                             0x0000015d   Thumb Code   162  fadd.o(.text)
    __aeabi_fsub                             0x000001ff   Thumb Code     8  fadd.o(.text)
    __aeabi_frsub                            0x00000207   Thumb Code     8  fadd.o(.text)
    __aeabi_fmul                             0x0000020f   Thumb Code   122  fmul.o(.text)
    __aeabi_fdiv                             0x00000289   Thumb Code   124  fdiv.o(.text)
    __aeabi_dadd                             0x00000305   Thumb Code   328  dadd.o(.text)
    __aeabi_dsub                             0x0000044d   Thumb Code    12  dadd.o(.text)
    __aeabi_drsub                            0x00000459   Thumb Code    12  dadd.o(.text)
    __aeabi_dmul                             0x00000469   Thumb Code   202  dmul.o(.text)
    __aeabi_fcmple                           0x00000539   Thumb Code    28  fcmple.o(.text)
    __aeabi_fcmplt                           0x00000555   Thumb Code    28  fcmplt.o(.text)
    __aeabi_fcmpge                           0x00000571   Thumb Code    28  fcmpge.o(.text)
    __aeabi_i2f                              0x0000058d   Thumb Code    22  fflti.o(.text)
    __aeabi_ui2f                             0x000005a3   Thumb Code    14  ffltui.o(.text)
    __aeabi_f2iz                             0x000005b1   Thumb Code    50  ffixi.o(.text)
    __aeabi_f2uiz                            0x000005e3   Thumb Code    40  ffixui.o(.text)
    __aeabi_f2d                              0x0000060b   Thumb Code    40  f2d.o(.text)
    __aeabi_d2f                              0x00000633   Thumb Code    56  d2f.o(.text)
    __aeabi_llsl                             0x0000066b   Thumb Code    32  llshl.o(.text)
    _ll_shift_l                              0x0000066b   Thumb Code     0  llshl.o(.text)
    __aeabi_llsr                             0x0000068b   Thumb Code    34  llushr.o(.text)
    _ll_ushift_r                             0x0000068b   Thumb Code     0  llushr.o(.text)
    __aeabi_lasr                             0x000006ad   Thumb Code    38  llsshr.o(.text)
    _ll_sshift_r                             0x000006ad   Thumb Code     0  llsshr.o(.text)
    __I$use$fp                               0x000006d3   Thumb Code     0  iusefp.o(.text)
    _float_round                             0x000006d3   Thumb Code    16  fepilogue.o(.text)
    _float_epilogue                          0x000006e3   Thumb Code   114  fepilogue.o(.text)
    _double_round                            0x00000755   Thumb Code    26  depilogue.o(.text)
    _double_epilogue                         0x0000076f   Thumb Code   164  depilogue.o(.text)
    __scatterload                            0x00000819   Thumb Code    28  init.o(.text)
    __scatterload_rt2                        0x00000819   Thumb Code     0  init.o(.text)
    ADC1_IRQHandler                          0x0000083d   Thumb Code    80  task.o(.text.ADC1_IRQHandler)
    DL_ADC12_setClockConfig                  0x00000a2d   Thumb Code    88  dl_adc12.o(.text.DL_ADC12_setClockConfig)
    DL_Common_delayCycles                    0x00000b85   Thumb Code    24  dl_common.o(.text.DL_Common_delayCycles)
    DL_DMA_initChannel                       0x00000d79   Thumb Code   108  dl_dma.o(.text.DL_DMA_initChannel)
    DL_SPI_init                              0x00000f4d   Thumb Code    96  dl_spi.o(.text.DL_SPI_init)
    DL_SPI_setClockConfig                    0x00000ff5   Thumb Code    48  dl_spi.o(.text.DL_SPI_setClockConfig)
    DL_SYSCTL_configSYSPLL                   0x00001065   Thumb Code   240  dl_sysctl_mspm0g1x0x_g3x0x.o(.text.DL_SYSCTL_configSYSPLL)
    DL_SYSCTL_setHFCLKSourceHFXTParams       0x000011f1   Thumb Code   112  dl_sysctl_mspm0g1x0x_g3x0x.o(.text.DL_SYSCTL_setHFCLKSourceHFXTParams)
    DL_SYSCTL_switchMCLKfromSYSOSCtoHSCLK    0x00001311   Thumb Code    76  dl_sysctl_mspm0g1x0x_g3x0x.o(.text.DL_SYSCTL_switchMCLKfromSYSOSCtoHSCLK)
    DL_TimerA_initPWMMode                    0x0000135d   Thumb Code   256  dl_timer.o(.text.DL_TimerA_initPWMMode)
    DL_Timer_initPWMMode                     0x000014e9   Thumb Code   296  dl_timer.o(.text.DL_Timer_initPWMMode)
    DL_Timer_setCaptCompUpdateMethod         0x00001641   Thumb Code    64  dl_timer.o(.text.DL_Timer_setCaptCompUpdateMethod)
    DL_Timer_setCaptureCompareAction         0x0000167d   Thumb Code    64  dl_timer.o(.text.DL_Timer_setCaptureCompareAction)
    DL_Timer_setCaptureCompareCtl            0x000016bd   Thumb Code    76  dl_timer.o(.text.DL_Timer_setCaptureCompareCtl)
    DL_Timer_setCaptureCompareInput          0x00001709   Thumb Code    68  dl_timer.o(.text.DL_Timer_setCaptureCompareInput)
    DL_Timer_setCaptureCompareOutCtl         0x0000174d   Thumb Code    76  dl_timer.o(.text.DL_Timer_setCaptureCompareOutCtl)
    DL_Timer_setCaptureCompareValue          0x00001799   Thumb Code    56  dl_timer.o(.text.DL_Timer_setCaptureCompareValue)
    DL_Timer_setClockConfig                  0x000017d1   Thumb Code    60  dl_timer.o(.text.DL_Timer_setClockConfig)
    DL_UART_init                             0x00001905   Thumb Code    96  dl_uart.o(.text.DL_UART_init)
    DL_UART_setClockConfig                   0x000019e1   Thumb Code    48  dl_uart.o(.text.DL_UART_setClockConfig)
    SYSCFG_DL_ADC_CCD_init                   0x00001a39   Thumb Code   176  ti_msp_dl_config.o(.text.SYSCFG_DL_ADC_CCD_init)
    SYSCFG_DL_ADC_VIN_init                   0x00001ae9   Thumb Code    92  ti_msp_dl_config.o(.text.SYSCFG_DL_ADC_VIN_init)
    SYSCFG_DL_DMA_CH0_init                   0x00001b45   Thumb Code    24  ti_msp_dl_config.o(.text.SYSCFG_DL_DMA_CH0_init)
    SYSCFG_DL_DMA_init                       0x00001b5d   Thumb Code     8  ti_msp_dl_config.o(.text.SYSCFG_DL_DMA_init)
    SYSCFG_DL_GPIO_init                      0x00001b65   Thumb Code   308  ti_msp_dl_config.o(.text.SYSCFG_DL_GPIO_init)
    SYSCFG_DL_PWM_BUZZER_init                0x00001c99   Thumb Code   104  ti_msp_dl_config.o(.text.SYSCFG_DL_PWM_BUZZER_init)
    SYSCFG_DL_PWM_MOTOR0_init                0x00001d01   Thumb Code   148  ti_msp_dl_config.o(.text.SYSCFG_DL_PWM_MOTOR0_init)
    SYSCFG_DL_PWM_MOTOR1_init                0x00001d8d   Thumb Code   140  ti_msp_dl_config.o(.text.SYSCFG_DL_PWM_MOTOR1_init)
    SYSCFG_DL_SPI_ENCODER_init               0x00001e15   Thumb Code    64  ti_msp_dl_config.o(.text.SYSCFG_DL_SPI_ENCODER_init)
    SYSCFG_DL_SPI_IMU_init                   0x00001e51   Thumb Code    64  ti_msp_dl_config.o(.text.SYSCFG_DL_SPI_IMU_init)
    SYSCFG_DL_SYSCTL_init                    0x00001e8d   Thumb Code    72  ti_msp_dl_config.o(.text.SYSCFG_DL_SYSCTL_init)
    SYSCFG_DL_SYSTICK_init                   0x00001ed5   Thumb Code    32  ti_msp_dl_config.o(.text.SYSCFG_DL_SYSTICK_init)
    SYSCFG_DL_TIM_CCD_init                   0x00001ef5   Thumb Code   140  ti_msp_dl_config.o(.text.SYSCFG_DL_TIM_CCD_init)
    SYSCFG_DL_UART_0_init                    0x00001f7d   Thumb Code    84  ti_msp_dl_config.o(.text.SYSCFG_DL_UART_0_init)
    SYSCFG_DL_init                           0x00001fcd   Thumb Code   100  ti_msp_dl_config.o(.text.SYSCFG_DL_init)
    SYSCFG_DL_initPower                      0x00002031   Thumb Code   212  ti_msp_dl_config.o(.text.SYSCFG_DL_initPower)
    SysTick_Handler                          0x00002151   Thumb Code    72  it.o(.text.SysTick_Handler)
    TIMG12_IRQHandler                        0x00002199   Thumb Code    16  task.o(.text.TIMG12_IRQHandler)
    UART0_IRQHandler                         0x000021a9   Thumb Code   180  task.o(.text.UART0_IRQHandler)
    Controller::Controller(Chassis*)         0x00002325   Thumb Code    72  controller.o(.text._ZN10ControllerC2EP7Chassis)
    Controller::Controller__sub_object(Chassis*) 0x00002325   Thumb Code    72  controller.o(.text._ZN10ControllerC2EP7Chassis)
    PID_Controller::PID_Controller(Chassis*) 0x00002369   Thumb Code    72  pid_controller.o(.text._ZN14PID_ControllerC2EP7Chassis)
    PID_Controller::PID_Controller__sub_object(Chassis*) 0x00002369   Thumb Code    72  pid_controller.o(.text._ZN14PID_ControllerC2EP7Chassis)
    CCD::CCD__sub_object()                   0x000023b1   Thumb Code    38  task.o(.text._ZN3CCDC2Ev)
    IMU::IMU__sub_object()                   0x000023d7   Thumb Code    38  task.o(.text._ZN3IMUC2Ev)
    Motor::Motor__sub_object()               0x000023fd   Thumb Code    24  n20_motor.o(.text._ZN5MotorC2Ev)
    Buzzer::Buzzer(GPTIMER_Regs*)            0x00002415   Thumb Code    24  buzzer.o(.text._ZN6BuzzerC2EP12GPTIMER_Regs)
    Buzzer::Buzzer__sub_object(GPTIMER_Regs*) 0x00002415   Thumb Code    24  buzzer.o(.text._ZN6BuzzerC2EP12GPTIMER_Regs)
    Remote::Remote(UART_Regs*)               0x0000242d   Thumb Code    48  remote.o(.text._ZN6RemoteC2EP9UART_Regs)
    Remote::Remote__sub_object(UART_Regs*)   0x0000242d   Thumb Code    48  remote.o(.text._ZN6RemoteC2EP9UART_Regs)
    Chassis::process()                       0x0000245d   Thumb Code   708  chassis.o(.text._ZN7Chassis7processEv)
    Chassis::Chassis(N20_Motor*, N20_Motor*, IMU*, CCD*, float) 0x00002721   Thumb Code   116  chassis.o(.text._ZN7ChassisC2EP9N20_MotorS1_P3IMUP3CCDf)
    Chassis::Chassis__sub_object(N20_Motor*, N20_Motor*, IMU*, CCD*, float) 0x00002721   Thumb Code   116  chassis.o(.text._ZN7ChassisC2EP9N20_MotorS1_P3IMUP3CCDf)
    Encoder::Encoder(unsigned*)              0x00002795   Thumb Code    36  encoder.o(.text._ZN7EncoderC2EPj)
    Encoder::Encoder__sub_object(unsigned*)  0x00002795   Thumb Code    36  encoder.o(.text._ZN7EncoderC2EPj)
    LS7366R::LS7366R(SPI_Regs*, GPIO_Regs*, unsigned, unsigned) 0x000027b9   Thumb Code    62  ls7366r.o(.text._ZN7LS7366RC2EP8SPI_RegsP9GPIO_Regsjj)
    LS7366R::LS7366R__sub_object(SPI_Regs*, GPIO_Regs*, unsigned, unsigned) 0x000027b9   Thumb Code    62  ls7366r.o(.text._ZN7LS7366RC2EP8SPI_RegsP9GPIO_Regsjj)
    N20_Motor::N20_Motor(GPTIMER_Regs*, DL_TIMER_CC_INDEX, DL_TIMER_CC_INDEX, Encoder*, float, float) 0x000027f7   Thumb Code    94  n20_motor.o(.text._ZN9N20_MotorC2EP12GPTIMER_Regs17DL_TIMER_CC_INDEXS2_P7Encoderff)
    N20_Motor::N20_Motor__sub_object(GPTIMER_Regs*, DL_TIMER_CC_INDEX, DL_TIMER_CC_INDEX, Encoder*, float, float) 0x000027f7   Thumb Code    94  n20_motor.o(.text._ZN9N20_MotorC2EP12GPTIMER_Regs17DL_TIMER_CC_INDEXS2_P7Encoderff)
    arm_sin_cos_f32                          0x00002a31   Thumb Code   464  arm_sin_cos_f32.o(.text.arm_sin_cos_f32)
    main                                     0x00002c01   Thumb Code    16  control.o(.text.main)
    __ARM_clz                                0x00002c11   Thumb Code    46  depilogue.o(i.__ARM_clz)
    __scatterload_copy                       0x00002c41   Thumb Code    14  handlers.o(i.__scatterload_copy)
    __scatterload_null                       0x00002c51   Thumb Code     2  handlers.o(i.__scatterload_null)
    __scatterload_zeroinit                   0x00002c59   Thumb Code    14  handlers.o(i.__scatterload_zeroinit)
    sinTable_f32                             0x00002d0c   Data        2052  arm_common_tables.o(.rodata.sinTable_f32)
    Region$$Table$$Base                      0x00003510   Number         0  anon$$obj.o(Region$$Table)
    Region$$Table$$Limit                     0x00003530   Number         0  anon$$obj.o(Region$$Table)
    SHT$$INIT_ARRAY$$Base                    0x00003530   Number         0  task.o(.init_array)
    SHT$$INIT_ARRAY$$Limit                   0x00003534   Number         0  cpp_init.o(.init_array)
    ccd_norm                                 0x20200000   Data         512  chassis.o(.data.ccd_norm)
    ADC_cnt                                  0x20200200   Data           4  task.o(.bss.ADC_cnt)
    CCD_cnt                                  0x20200204   Data           4  task.o(.bss.CCD_cnt)
    buzzer                                   0x20200208   Data           4  task.o(.bss.buzzer)
    ccd                                      0x2020020c   Data         404  task.o(.bss.ccd)
    chassis                                  0x202003a0   Data         728  task.o(.bss.chassis)
    controller                               0x20200678   Data          80  task.o(.bss.controller)
    gPWM_MOTOR0Backup                        0x202006c8   Data         188  ti_msp_dl_config.o(.bss.gPWM_MOTOR0Backup)
    gPWM_MOTOR1Backup                        0x20200784   Data         188  ti_msp_dl_config.o(.bss.gPWM_MOTOR1Backup)
    gSPI_ENCODERBackup                       0x20200840   Data          40  ti_msp_dl_config.o(.bss.gSPI_ENCODERBackup)
    gSPI_IMUBackup                           0x20200868   Data          40  ti_msp_dl_config.o(.bss.gSPI_IMUBackup)
    imu                                      0x20200890   Data          80  task.o(.bss.imu)
    left_encoder                             0x202008e0   Data          24  task.o(.bss.left_encoder)
    left_motor                               0x202008f8   Data          36  task.o(.bss.left_motor)
    ls7366r                                  0x2020091c   Data          40  task.o(.bss.ls7366r)
    pid_controller                           0x20200944   Data          44  task.o(.bss.pid_controller)
    remote                                   0x20200970   Data         220  task.o(.bss.remote)
    right_encoder                            0x20200a50   Data          24  task.o(.bss.right_encoder)
    right_motor                              0x20200a68   Data          36  task.o(.bss.right_motor)
    uart1_cnt                                0x20200a8c   Data           4  task.o(.bss.uart1_cnt)
    uart1_rx_buf                             0x20200a90   Data         100  task.o(.bss.uart1_rx_buf)
    uart1_rx_len                             0x20200af4   Data           2  task.o(.bss.uart1_rx_len)
    uart1_state                              0x20200af8   Data           4  task.o(.bss.uart1_state)
    utick                                    0x20200afc   Data           4  it.o(.bss.utick)
    __initial_sp                             0x20200c00   Data           0  startup_mspm0g350x_uvision.o(STACK)



==============================================================================

Memory Map of the image

  Image Entry point : 0x000000c1

  Load Region LR_IROM1 (Base: 0x00000000, Size: 0x00003738, Max: 0x00020000, ABSOLUTE)

    Execution Region ER_IROM1 (Exec base: 0x00000000, Load base: 0x00000000, Size: 0x00003534, Max: 0x00020000, ABSOLUTE)

    Exec Addr    Load Addr    Size         Type   Attr      Idx    E Section Name        Object

    0x00000000   0x00000000   0x000000c0   Data   RO         1206    RESET               startup_mspm0g350x_uvision.o
    0x000000c0   0x000000c0   0x00000000   Code   RO         1927  * .ARM.Collect$$$$00000000  mc_p.l(entry.o)
    0x000000c0   0x000000c0   0x00000004   Code   RO         1995    .ARM.Collect$$$$00000001  mc_p.l(entry2.o)
    0x000000c4   0x000000c4   0x00000004   Code   RO         1998    .ARM.Collect$$$$00000004  mc_p.l(entry5.o)
    0x000000c8   0x000000c8   0x00000000   Code   RO         2000    .ARM.Collect$$$$00000008  mc_p.l(entry7b.o)
    0x000000c8   0x000000c8   0x00000004   Code   RO         2001    .ARM.Collect$$$$00000009  mc_p.l(entry8a.o)
    0x000000cc   0x000000cc   0x00000000   Code   RO         2002    .ARM.Collect$$$$0000000A  mc_p.l(entry8b.o)
    0x000000cc   0x000000cc   0x00000008   Code   RO         2003    .ARM.Collect$$$$0000000B  mc_p.l(entry9a.o)
    0x000000d4   0x000000d4   0x00000000   Code   RO         2005    .ARM.Collect$$$$0000000D  mc_p.l(entry10a.o)
    0x000000d4   0x000000d4   0x00000000   Code   RO         2007    .ARM.Collect$$$$0000000F  mc_p.l(entry11a.o)
    0x000000d4   0x000000d4   0x00000004   Code   RO         1996    .ARM.Collect$$$$00002712  mc_p.l(entry2.o)
    0x000000d8   0x000000d8   0x00000014   Code   RO         1207    .text               startup_mspm0g350x_uvision.o
    0x000000ec   0x000000ec   0x0000002c   Code   RO         1930    .text               mc_p.l(uidiv.o)
    0x00000118   0x00000118   0x00000024   Code   RO         1932    .text               mc_p.l(memcpya.o)
    0x0000013c   0x0000013c   0x00000020   Code   RO         1939    .text               mc_p.l(cpp_init.o)
    0x0000015c   0x0000015c   0x000000b2   Code   RO         1941    .text               mf_p.l(fadd.o)
    0x0000020e   0x0000020e   0x0000007a   Code   RO         1943    .text               mf_p.l(fmul.o)
    0x00000288   0x00000288   0x0000007c   Code   RO         1945    .text               mf_p.l(fdiv.o)
    0x00000304   0x00000304   0x00000164   Code   RO         1947    .text               mf_p.l(dadd.o)
    0x00000468   0x00000468   0x000000d0   Code   RO         1949    .text               mf_p.l(dmul.o)
    0x00000538   0x00000538   0x0000001c   Code   RO         1953    .text               mf_p.l(fcmple.o)
    0x00000554   0x00000554   0x0000001c   Code   RO         1955    .text               mf_p.l(fcmplt.o)
    0x00000570   0x00000570   0x0000001c   Code   RO         1957    .text               mf_p.l(fcmpge.o)
    0x0000058c   0x0000058c   0x00000016   Code   RO         1961    .text               mf_p.l(fflti.o)
    0x000005a2   0x000005a2   0x0000000e   Code   RO         1963    .text               mf_p.l(ffltui.o)
    0x000005b0   0x000005b0   0x00000032   Code   RO         1969    .text               mf_p.l(ffixi.o)
    0x000005e2   0x000005e2   0x00000028   Code   RO         1971    .text               mf_p.l(ffixui.o)
    0x0000060a   0x0000060a   0x00000028   Code   RO         1975    .text               mf_p.l(f2d.o)
    0x00000632   0x00000632   0x00000038   Code   RO         1977    .text               mf_p.l(d2f.o)
    0x0000066a   0x0000066a   0x00000020   Code   RO         2009    .text               mc_p.l(llshl.o)
    0x0000068a   0x0000068a   0x00000022   Code   RO         2011    .text               mc_p.l(llushr.o)
    0x000006ac   0x000006ac   0x00000026   Code   RO         2013    .text               mc_p.l(llsshr.o)
    0x000006d2   0x000006d2   0x00000000   Code   RO         2022    .text               mc_p.l(iusefp.o)
    0x000006d2   0x000006d2   0x00000082   Code   RO         2023    .text               mf_p.l(fepilogue.o)
    0x00000754   0x00000754   0x000000be   Code   RO         2027    .text               mf_p.l(depilogue.o)
    0x00000812   0x00000812   0x00000006   PAD
    0x00000818   0x00000818   0x00000024   Code   RO         2031    .text               mc_p.l(init.o)
    0x0000083c   0x0000083c   0x00000050   Code   RO         1425    .text.ADC1_IRQHandler  task.o
    0x0000088c   0x0000088c   0x00000024   Code   RO         1334    .text.DL_ADC12_clearInterruptStatus  ti_msp_dl_config.o
    0x000008b0   0x000008b0   0x00000062   Code   RO         1320    .text.DL_ADC12_configConversionMem  ti_msp_dl_config.o
    0x00000912   0x00000912   0x0000001c   Code   RO         1338    .text.DL_ADC12_enableConversions  ti_msp_dl_config.o
    0x0000092e   0x0000092e   0x00000002   PAD
    0x00000930   0x00000930   0x0000001c   Code   RO         1326    .text.DL_ADC12_enableDMA  ti_msp_dl_config.o
    0x0000094c   0x0000094c   0x00000024   Code   RO         1330    .text.DL_ADC12_enableDMATrigger  ti_msp_dl_config.o
    0x00000970   0x00000970   0x00000024   Code   RO         1336    .text.DL_ADC12_enableInterrupt  ti_msp_dl_config.o
    0x00000994   0x00000994   0x0000001c   Code   RO         1266    .text.DL_ADC12_enablePower  ti_msp_dl_config.o
    0x000009b0   0x000009b0   0x00000060   Code   RO         1318    .text.DL_ADC12_initSingleSample  ti_msp_dl_config.o
    0x00000a10   0x00000a10   0x0000001c   Code   RO         1256    .text.DL_ADC12_reset  ti_msp_dl_config.o
    0x00000a2c   0x00000a2c   0x00000054   Code   RO            2    .text.DL_ADC12_setClockConfig  dl_adc12.o
    0x00000a80   0x00000a80   0x00000030   Code   RO         1328    .text.DL_ADC12_setDMASamplesCnt  ti_msp_dl_config.o
    0x00000ab0   0x00000ab0   0x00000028   Code   RO         1322    .text.DL_ADC12_setPowerDownMode  ti_msp_dl_config.o
    0x00000ad8   0x00000ad8   0x00000024   Code   RO         1324    .text.DL_ADC12_setSampleTime0  ti_msp_dl_config.o
    0x00000afc   0x00000afc   0x0000002c   Code   RO         1340    .text.DL_ADC12_setStartAddress  ti_msp_dl_config.o
    0x00000b28   0x00000b28   0x00000024   Code   RO         1332    .text.DL_ADC12_setSubscriberChanID  ti_msp_dl_config.o
    0x00000b4c   0x00000b4c   0x00000028   Code   RO         1157    .text.DL_CORE_configInstruction  dl_sysctl_mspm0g1x0x_g3x0x.o
    0x00000b74   0x00000b74   0x00000010   Code   RO         1155    .text.DL_CORE_getInstructionConfig  dl_sysctl_mspm0g1x0x_g3x0x.o
    0x00000b84   0x00000b84   0x00000018   Code   RO           57    .text.DL_Common_delayCycles  dl_common.o
    0x00000b9c   0x00000b9c   0x00000036   Code   RO            4    .text.DL_Common_updateReg  dl_adc12.o
    0x00000bd2   0x00000bd2   0x00000036   Code   RO          137    .text.DL_Common_updateReg  dl_dma.o
    0x00000c08   0x00000c08   0x00000036   Code   RO          863    .text.DL_Common_updateReg  dl_spi.o
    0x00000c3e   0x00000c3e   0x00000036   Code   RO          957    .text.DL_Common_updateReg  dl_timer.o
    0x00000c74   0x00000c74   0x00000036   Code   RO         1065    .text.DL_Common_updateReg  dl_uart.o
    0x00000caa   0x00000caa   0x00000036   Code   RO         1153    .text.DL_Common_updateReg  dl_sysctl_mspm0g1x0x_g3x0x.o
    0x00000ce0   0x00000ce0   0x00000036   Code   RO         1346    .text.DL_Common_updateReg  ti_msp_dl_config.o
    0x00000d16   0x00000d16   0x00000062   Code   RO          133    .text.DL_DMA_configTransfer  dl_dma.o
    0x00000d78   0x00000d78   0x0000006c   Code   RO          131    .text.DL_DMA_initChannel  dl_dma.o
    0x00000de4   0x00000de4   0x00000044   Code   RO          135    .text.DL_DMA_setTrigger  dl_dma.o
    0x00000e28   0x00000e28   0x0000001e   Code   RO         1278    .text.DL_GPIO_clearPins  ti_msp_dl_config.o
    0x00000e46   0x00000e46   0x00000002   PAD
    0x00000e48   0x00000e48   0x00000020   Code   RO         1272    .text.DL_GPIO_enableOutput  ti_msp_dl_config.o
    0x00000e68   0x00000e68   0x00000018   Code   RO         1258    .text.DL_GPIO_enablePower  ti_msp_dl_config.o
    0x00000e80   0x00000e80   0x00000018   Code   RO         1276    .text.DL_GPIO_initDigitalOutput  ti_msp_dl_config.o
    0x00000e98   0x00000e98   0x00000018   Code   RO         1268    .text.DL_GPIO_initPeripheralAnalogFunction  ti_msp_dl_config.o
    0x00000eb0   0x00000eb0   0x00000028   Code   RO         1274    .text.DL_GPIO_initPeripheralInputFunction  ti_msp_dl_config.o
    0x00000ed8   0x00000ed8   0x00000028   Code   RO         1270    .text.DL_GPIO_initPeripheralOutputFunction  ti_msp_dl_config.o
    0x00000f00   0x00000f00   0x00000014   Code   RO         1248    .text.DL_GPIO_reset  ti_msp_dl_config.o
    0x00000f14   0x00000f14   0x0000001c   Code   RO         1316    .text.DL_SPI_enable  ti_msp_dl_config.o
    0x00000f30   0x00000f30   0x0000001c   Code   RO         1264    .text.DL_SPI_enablePower  ti_msp_dl_config.o
    0x00000f4c   0x00000f4c   0x00000060   Code   RO          861    .text.DL_SPI_init   dl_spi.o
    0x00000fac   0x00000fac   0x0000001c   Code   RO         1254    .text.DL_SPI_reset  ti_msp_dl_config.o
    0x00000fc8   0x00000fc8   0x0000002c   Code   RO         1312    .text.DL_SPI_setBitRateSerialClockDivider  ti_msp_dl_config.o
    0x00000ff4   0x00000ff4   0x00000030   Code   RO          865    .text.DL_SPI_setClockConfig  dl_spi.o
    0x00001024   0x00001024   0x00000040   Code   RO         1314    .text.DL_SPI_setFIFOThreshold  ti_msp_dl_config.o
    0x00001064   0x00001064   0x000000ec   Code   RO         1147    .text.DL_SYSCTL_configSYSPLL  dl_sysctl_mspm0g1x0x_g3x0x.o
    0x00001150   0x00001150   0x00000010   Code   RO         1185    .text.DL_SYSCTL_disableHFCLKStartupMonitor  dl_sysctl_mspm0g1x0x_g3x0x.o
    0x00001160   0x00001160   0x0000000c   Code   RO         1175    .text.DL_SYSCTL_disableHFXT  dl_sysctl_mspm0g1x0x_g3x0x.o
    0x0000116c   0x0000116c   0x0000000c   Code   RO         1286    .text.DL_SYSCTL_disableHFXT  ti_msp_dl_config.o
    0x00001178   0x00001178   0x00000010   Code   RO         1149    .text.DL_SYSCTL_disableSYSPLL  dl_sysctl_mspm0g1x0x_g3x0x.o
    0x00001188   0x00001188   0x00000010   Code   RO         1288    .text.DL_SYSCTL_disableSYSPLL  ti_msp_dl_config.o
    0x00001198   0x00001198   0x00000010   Code   RO         1181    .text.DL_SYSCTL_enableHFCLKStartupMonitor  dl_sysctl_mspm0g1x0x_g3x0x.o
    0x000011a8   0x000011a8   0x0000000c   Code   RO         1151    .text.DL_SYSCTL_getClockStatus  dl_sysctl_mspm0g1x0x_g3x0x.o
    0x000011b4   0x000011b4   0x00000018   Code   RO         1280    .text.DL_SYSCTL_setBORThreshold  ti_msp_dl_config.o
    0x000011cc   0x000011cc   0x00000024   Code   RO         1282    .text.DL_SYSCTL_setFlashWaitState  ti_msp_dl_config.o
    0x000011f0   0x000011f0   0x00000070   Code   RO         1183    .text.DL_SYSCTL_setHFCLKSourceHFXTParams  dl_sysctl_mspm0g1x0x_g3x0x.o
    0x00001260   0x00001260   0x00000024   Code   RO         1177    .text.DL_SYSCTL_setHFXTFrequencyRange  dl_sysctl_mspm0g1x0x_g3x0x.o
    0x00001284   0x00001284   0x00000028   Code   RO         1179    .text.DL_SYSCTL_setHFXTStartupTime  dl_sysctl_mspm0g1x0x_g3x0x.o
    0x000012ac   0x000012ac   0x00000018   Code   RO         1169    .text.DL_SYSCTL_setHSCLKSource  dl_sysctl_mspm0g1x0x_g3x0x.o
    0x000012c4   0x000012c4   0x00000028   Code   RO         1284    .text.DL_SYSCTL_setSYSOSCFreq  ti_msp_dl_config.o
    0x000012ec   0x000012ec   0x00000024   Code   RO         1290    .text.DL_SYSCTL_setULPCLKDivider  ti_msp_dl_config.o
    0x00001310   0x00001310   0x0000004c   Code   RO         1167    .text.DL_SYSCTL_switchMCLKfromSYSOSCtoHSCLK  dl_sysctl_mspm0g1x0x_g3x0x.o
    0x0000135c   0x0000135c   0x000000fc   Code   RO         1025    .text.DL_TimerA_initPWMMode  dl_timer.o
    0x00001458   0x00001458   0x00000018   Code   RO         1292    .text.DL_Timer_enableClock  ti_msp_dl_config.o
    0x00001470   0x00001470   0x00000038   Code   RO         1296    .text.DL_Timer_enableEvent  ti_msp_dl_config.o
    0x000014a8   0x000014a8   0x00000024   Code   RO         1300    .text.DL_Timer_enableInterrupt  ti_msp_dl_config.o
    0x000014cc   0x000014cc   0x0000001c   Code   RO         1260    .text.DL_Timer_enablePower  ti_msp_dl_config.o
    0x000014e8   0x000014e8   0x00000124   Code   RO          969    .text.DL_Timer_initPWMMode  dl_timer.o
    0x0000160c   0x0000160c   0x00000014   Code   RO         1250    .text.DL_Timer_reset  ti_msp_dl_config.o
    0x00001620   0x00001620   0x0000001e   Code   RO         1294    .text.DL_Timer_setCCPDirection  ti_msp_dl_config.o
    0x0000163e   0x0000163e   0x00000002   PAD
    0x00001640   0x00001640   0x0000003c   Code   RO          999    .text.DL_Timer_setCaptCompUpdateMethod  dl_timer.o
    0x0000167c   0x0000167c   0x00000040   Code   RO          971    .text.DL_Timer_setCaptureCompareAction  dl_timer.o
    0x000016bc   0x000016bc   0x0000004c   Code   RO          947    .text.DL_Timer_setCaptureCompareCtl  dl_timer.o
    0x00001708   0x00001708   0x00000044   Code   RO          953    .text.DL_Timer_setCaptureCompareInput  dl_timer.o
    0x0000174c   0x0000174c   0x0000004c   Code   RO          973    .text.DL_Timer_setCaptureCompareOutCtl  dl_timer.o
    0x00001798   0x00001798   0x00000038   Code   RO          945    .text.DL_Timer_setCaptureCompareValue  dl_timer.o
    0x000017d0   0x000017d0   0x00000038   Code   RO          935    .text.DL_Timer_setClockConfig  dl_timer.o
    0x00001808   0x00001808   0x0000002c   Code   RO          943    .text.DL_Timer_setCounterValueAfterEnable  dl_timer.o
    0x00001834   0x00001834   0x00000020   Code   RO          941    .text.DL_Timer_setLoadValue  dl_timer.o
    0x00001854   0x00001854   0x00000038   Code   RO         1298    .text.DL_Timer_setPublisherChanID  ti_msp_dl_config.o
    0x0000188c   0x0000188c   0x0000001c   Code   RO         1063    .text.DL_UART_disable  dl_uart.o
    0x000018a8   0x000018a8   0x0000001c   Code   RO         1310    .text.DL_UART_enable  ti_msp_dl_config.o
    0x000018c4   0x000018c4   0x00000024   Code   RO         1308    .text.DL_UART_enableInterrupt  ti_msp_dl_config.o
    0x000018e8   0x000018e8   0x0000001c   Code   RO         1262    .text.DL_UART_enablePower  ti_msp_dl_config.o
    0x00001904   0x00001904   0x0000005c   Code   RO         1061    .text.DL_UART_init  dl_uart.o
    0x00001960   0x00001960   0x0000001c   Code   RO         1252    .text.DL_UART_reset  ti_msp_dl_config.o
    0x0000197c   0x0000197c   0x00000064   Code   RO         1306    .text.DL_UART_setBaudRateDivisor  ti_msp_dl_config.o
    0x000019e0   0x000019e0   0x00000030   Code   RO         1067    .text.DL_UART_setClockConfig  dl_uart.o
    0x00001a10   0x00001a10   0x00000028   Code   RO         1304    .text.DL_UART_setOversampling  ti_msp_dl_config.o
    0x00001a38   0x00001a38   0x000000b0   Code   RO         1238    .text.SYSCFG_DL_ADC_CCD_init  ti_msp_dl_config.o
    0x00001ae8   0x00001ae8   0x0000005c   Code   RO         1240    .text.SYSCFG_DL_ADC_VIN_init  ti_msp_dl_config.o
    0x00001b44   0x00001b44   0x00000018   Code   RO         1342    .text.SYSCFG_DL_DMA_CH0_init  ti_msp_dl_config.o
    0x00001b5c   0x00001b5c   0x00000008   Code   RO         1242    .text.SYSCFG_DL_DMA_init  ti_msp_dl_config.o
    0x00001b64   0x00001b64   0x00000134   Code   RO         1218    .text.SYSCFG_DL_GPIO_init  ti_msp_dl_config.o
    0x00001c98   0x00001c98   0x00000068   Code   RO         1230    .text.SYSCFG_DL_PWM_BUZZER_init  ti_msp_dl_config.o
    0x00001d00   0x00001d00   0x0000008c   Code   RO         1224    .text.SYSCFG_DL_PWM_MOTOR0_init  ti_msp_dl_config.o
    0x00001d8c   0x00001d8c   0x00000088   Code   RO         1228    .text.SYSCFG_DL_PWM_MOTOR1_init  ti_msp_dl_config.o
    0x00001e14   0x00001e14   0x0000003c   Code   RO         1236    .text.SYSCFG_DL_SPI_ENCODER_init  ti_msp_dl_config.o
    0x00001e50   0x00001e50   0x0000003c   Code   RO         1234    .text.SYSCFG_DL_SPI_IMU_init  ti_msp_dl_config.o
    0x00001e8c   0x00001e8c   0x00000048   Code   RO         1220    .text.SYSCFG_DL_SYSCTL_init  ti_msp_dl_config.o
    0x00001ed4   0x00001ed4   0x00000020   Code   RO         1222    .text.SYSCFG_DL_SYSTICK_init  ti_msp_dl_config.o
    0x00001ef4   0x00001ef4   0x00000088   Code   RO         1226    .text.SYSCFG_DL_TIM_CCD_init  ti_msp_dl_config.o
    0x00001f7c   0x00001f7c   0x00000050   Code   RO         1232    .text.SYSCFG_DL_UART_0_init  ti_msp_dl_config.o
    0x00001fcc   0x00001fcc   0x00000064   Code   RO         1214    .text.SYSCFG_DL_init  ti_msp_dl_config.o
    0x00002030   0x00002030   0x000000cc   Code   RO         1216    .text.SYSCFG_DL_initPower  ti_msp_dl_config.o
    0x000020fc   0x000020fc   0x00000054   Code   RO         1344    .text.SysTick_Config  ti_msp_dl_config.o
    0x00002150   0x00002150   0x00000048   Code   RO         1525    .text.SysTick_Handler  it.o
    0x00002198   0x00002198   0x00000010   Code   RO         1423    .text.TIMG12_IRQHandler  task.o
    0x000021a8   0x000021a8   0x000000b4   Code   RO         1419    .text.UART0_IRQHandler  task.o
    0x0000225c   0x0000225c   0x00000034   Code   RO         1445    .text._GLOBAL__sub_I_task.cpp  task.o
    0x00002290   0x00002290   0x00000020   Code   RO         1527    .text._ZL18DL_GPIO_togglePinsP9GPIO_Regsj  it.o
    0x000022b0   0x000022b0   0x00000018   Code   RO         1421    .text._ZL19DL_UART_receiveDataP9UART_Regs  task.o
    0x000022c8   0x000022c8   0x0000002a   Code   RO         1429    .text._ZL21DL_DMA_disableChannelP8DMA_Regsh  task.o
    0x000022f2   0x000022f2   0x0000001c   Code   RO         1431    .text._ZL27DL_ADC12_disableConversionsP10ADC12_Regs  task.o
    0x0000230e   0x0000230e   0x00000016   Code   RO         1427    .text._ZL28DL_ADC12_getPendingInterruptP10ADC12_Regs  task.o
    0x00002324   0x00002324   0x00000044   Code   RO         1801    .text._ZN10ControllerC2EP7Chassis  controller.o
    0x00002368   0x00002368   0x00000048   Code   RO         1815    .text._ZN14PID_ControllerC2EP7Chassis  pid_controller.o
    0x000023b0   0x000023b0   0x00000026   Code   RO         1484    .text._ZN3CCDC2Ev   task.o
    0x000023d6   0x000023d6   0x00000026   Code   RO         1486    .text._ZN3IMUC2Ev   task.o
    0x000023fc   0x000023fc   0x00000018   Code   RO         1696    .text._ZN5MotorC2Ev  n20_motor.o
    0x00002414   0x00002414   0x00000018   Code   RO         1717    .text._ZN6BuzzerC2EP12GPTIMER_Regs  buzzer.o
    0x0000242c   0x0000242c   0x00000030   Code   RO         1701    .text._ZN6RemoteC2EP9UART_Regs  remote.o
    0x0000245c   0x0000245c   0x000002c4   Code   RO         1772    .text._ZN7Chassis7processEv  chassis.o
    0x00002720   0x00002720   0x00000074   Code   RO         1774    .text._ZN7ChassisC2EP9N20_MotorS1_P3IMUP3CCDf  chassis.o
    0x00002794   0x00002794   0x00000024   Code   RO         1543    .text._ZN7EncoderC2EPj  encoder.o
    0x000027b8   0x000027b8   0x0000003e   Code   RO         1651    .text._ZN7LS7366RC2EP8SPI_RegsP9GPIO_Regsjj  ls7366r.o
    0x000027f6   0x000027f6   0x0000005e   Code   RO         1683    .text._ZN9N20_MotorC2EP12GPTIMER_Regs17DL_TIMER_CC_INDEXS2_P7Encoderff  n20_motor.o
    0x00002854   0x00002854   0x0000008c   Code   RO         1302    .text.__NVIC_SetPriority  ti_msp_dl_config.o
    0x000028e0   0x000028e0   0x00000024   Code   RO         1387    .text.__cxx_global_var_init  task.o
    0x00002904   0x00002904   0x00000018   Code   RO         1389    .text.__cxx_global_var_init.1  task.o
    0x0000291c   0x0000291c   0x00000010   Code   RO         1407    .text.__cxx_global_var_init.10  task.o
    0x0000292c   0x0000292c   0x00000010   Code   RO         1409    .text.__cxx_global_var_init.11  task.o
    0x0000293c   0x0000293c   0x0000001c   Code   RO         1391    .text.__cxx_global_var_init.2  task.o
    0x00002958   0x00002958   0x0000002c   Code   RO         1393    .text.__cxx_global_var_init.3  task.o
    0x00002984   0x00002984   0x00000034   Code   RO         1395    .text.__cxx_global_var_init.4  task.o
    0x000029b8   0x000029b8   0x0000000c   Code   RO         1397    .text.__cxx_global_var_init.5  task.o
    0x000029c4   0x000029c4   0x00000014   Code   RO         1399    .text.__cxx_global_var_init.6  task.o
    0x000029d8   0x000029d8   0x0000000c   Code   RO         1401    .text.__cxx_global_var_init.7  task.o
    0x000029e4   0x000029e4   0x00000014   Code   RO         1403    .text.__cxx_global_var_init.8  task.o
    0x000029f8   0x000029f8   0x00000038   Code   RO         1405    .text.__cxx_global_var_init.9  task.o
    0x00002a30   0x00002a30   0x000001d0   Code   RO         1837    .text.arm_sin_cos_f32  arm_cortexM0l_math.lib(arm_sin_cos_f32.o)
    0x00002c00   0x00002c00   0x00000010   Code   RO         1378    .text.main          control.o
    0x00002c10   0x00002c10   0x0000002e   Code   RO         2029    i.__ARM_clz         mf_p.l(depilogue.o)
    0x00002c3e   0x00002c3e   0x00000002   PAD
    0x00002c40   0x00002c40   0x0000000e   Code   RO         2037    i.__scatterload_copy  mc_p.l(handlers.o)
    0x00002c4e   0x00002c4e   0x00000002   PAD
    0x00002c50   0x00002c50   0x00000002   Code   RO         2038    i.__scatterload_null  mc_p.l(handlers.o)
    0x00002c52   0x00002c52   0x00000006   PAD
    0x00002c58   0x00002c58   0x0000000e   Code   RO         2039    i.__scatterload_zeroinit  mc_p.l(handlers.o)
    0x00002c66   0x00002c66   0x00000002   PAD
    0x00002c68   0x00002c68   0x00000008   Data   RO         1367    .rodata.gADC_CCDClockConfig  ti_msp_dl_config.o
    0x00002c70   0x00002c70   0x00000008   Data   RO         1368    .rodata.gADC_VINClockConfig  ti_msp_dl_config.o
    0x00002c78   0x00002c78   0x00000018   Data   RO         1369    .rodata.gDMA_CH0Config  ti_msp_dl_config.o
    0x00002c90   0x00002c90   0x00000003   Data   RO         1359    .rodata.gPWM_BUZZERClockConfig  ti_msp_dl_config.o
    0x00002c93   0x00002c93   0x00000001   PAD
    0x00002c94   0x00002c94   0x00000008   Data   RO         1360    .rodata.gPWM_BUZZERConfig  ti_msp_dl_config.o
    0x00002c9c   0x00002c9c   0x00000003   Data   RO         1353    .rodata.gPWM_MOTOR0ClockConfig  ti_msp_dl_config.o
    0x00002c9f   0x00002c9f   0x00000001   PAD
    0x00002ca0   0x00002ca0   0x00000008   Data   RO         1354    .rodata.gPWM_MOTOR0Config  ti_msp_dl_config.o
    0x00002ca8   0x00002ca8   0x00000003   Data   RO         1357    .rodata.gPWM_MOTOR1ClockConfig  ti_msp_dl_config.o
    0x00002cab   0x00002cab   0x00000001   PAD
    0x00002cac   0x00002cac   0x00000008   Data   RO         1358    .rodata.gPWM_MOTOR1Config  ti_msp_dl_config.o
    0x00002cb4   0x00002cb4   0x00000002   Data   RO         1365    .rodata.gSPI_ENCODER_clockConfig  ti_msp_dl_config.o
    0x00002cb6   0x00002cb6   0x0000000a   Data   RO         1366    .rodata.gSPI_ENCODER_config  ti_msp_dl_config.o
    0x00002cc0   0x00002cc0   0x00000002   Data   RO         1363    .rodata.gSPI_IMU_clockConfig  ti_msp_dl_config.o
    0x00002cc2   0x00002cc2   0x0000000a   Data   RO         1364    .rodata.gSPI_IMU_config  ti_msp_dl_config.o
    0x00002ccc   0x00002ccc   0x00000028   Data   RO         1352    .rodata.gSYSPLLConfig  ti_msp_dl_config.o
    0x00002cf4   0x00002cf4   0x00000003   Data   RO         1355    .rodata.gTIM_CCDClockConfig  ti_msp_dl_config.o
    0x00002cf7   0x00002cf7   0x00000001   PAD
    0x00002cf8   0x00002cf8   0x00000008   Data   RO         1356    .rodata.gTIM_CCDConfig  ti_msp_dl_config.o
    0x00002d00   0x00002d00   0x00000002   Data   RO         1361    .rodata.gUART_0ClockConfig  ti_msp_dl_config.o
    0x00002d02   0x00002d02   0x0000000a   Data   RO         1362    .rodata.gUART_0Config  ti_msp_dl_config.o
    0x00002d0c   0x00002d0c   0x00000804   Data   RO         1903    .rodata.sinTable_f32  arm_cortexM0l_math.lib(arm_common_tables.o)
    0x00003510   0x00003510   0x00000020   Data   RO         2036    Region$$Table       anon$$obj.o
    0x00003530   0x00003530   0x00000004   Data   RO         1476    .init_array         task.o
    0x00003534   0x00003530   0x00000000   Data   RO         1937    .init_array         mc_p.l(cpp_init.o)


    Execution Region RW_IRAM2 (Exec base: 0x20200000, Load base: 0x00003538, Size: 0x00000c00, Max: 0x00008000, ABSOLUTE)

    Exec Addr    Load Addr    Size         Type   Attr      Idx    E Section Name        Object

    0x20200000   0x00003538   0x00000200   Data   RW         1780    .data.ccd_norm      chassis.o
    0x20200200        -       0x00000004   Zero   RW         1473    .bss.ADC_cnt        task.o
    0x20200204        -       0x00000004   Zero   RW         1472    .bss.CCD_cnt        task.o
    0x20200208        -       0x00000004   Zero   RW         1463    .bss.buzzer         task.o
    0x2020020c        -       0x00000194   Zero   RW         1460    .bss.ccd            task.o
    0x202003a0        -       0x000002d8   Zero   RW         1464    .bss.chassis        task.o
    0x20200678        -       0x00000050   Zero   RW         1465    .bss.controller     task.o
    0x202006c8        -       0x000000bc   Zero   RW         1348    .bss.gPWM_MOTOR0Backup  ti_msp_dl_config.o
    0x20200784        -       0x000000bc   Zero   RW         1349    .bss.gPWM_MOTOR1Backup  ti_msp_dl_config.o
    0x20200840        -       0x00000028   Zero   RW         1351    .bss.gSPI_ENCODERBackup  ti_msp_dl_config.o
    0x20200868        -       0x00000028   Zero   RW         1350    .bss.gSPI_IMUBackup  ti_msp_dl_config.o
    0x20200890        -       0x00000050   Zero   RW         1462    .bss.imu            task.o
    0x202008e0        -       0x00000018   Zero   RW         1456    .bss.left_encoder   task.o
    0x202008f8        -       0x00000024   Zero   RW         1459    .bss.left_motor     task.o
    0x2020091c        -       0x00000028   Zero   RW         1455    .bss.ls7366r        task.o
    0x20200944        -       0x0000002c   Zero   RW         1466    .bss.pid_controller  task.o
    0x20200970        -       0x000000dc   Zero   RW         1461    .bss.remote         task.o
    0x20200a4c   0x00003738   0x00000004   PAD
    0x20200a50        -       0x00000018   Zero   RW         1457    .bss.right_encoder  task.o
    0x20200a68        -       0x00000024   Zero   RW         1458    .bss.right_motor    task.o
    0x20200a8c        -       0x00000004   Zero   RW         1471    .bss.uart1_cnt      task.o
    0x20200a90        -       0x00000064   Zero   RW         1447    .bss.uart1_rx_buf   task.o
    0x20200af4        -       0x00000002   Zero   RW         1448    .bss.uart1_rx_len   task.o
    0x20200af6   0x00003738   0x00000002   PAD
    0x20200af8        -       0x00000004   Zero   RW         1449    .bss.uart1_state    task.o
    0x20200afc        -       0x00000004   Zero   RW         1531    .bss.utick          it.o
    0x20200b00        -       0x00000100   Zero   RW         1204    STACK               startup_mspm0g350x_uvision.o



  Load Region LR_BCR (Base: 0x41c00000, Size: 0x00000000, Max: 0x00000100, ABSOLUTE)

    Execution Region BCR_CONFIG (Exec base: 0x41c00000, Load base: 0x41c00000, Size: 0x00000000, Max: 0x00000080, ABSOLUTE)

    **** No section assigned to this execution region ****



  Load Region LR_BSL (Base: 0x41c00100, Size: 0x00000000, Max: 0x00000100, ABSOLUTE)

    Execution Region BSL_CONFIG (Exec base: 0x41c00100, Load base: 0x41c00100, Size: 0x00000000, Max: 0x00000080, ABSOLUTE)

    **** No section assigned to this execution region ****


==============================================================================

Image component sizes


      Code (inc. data)   RO Data    RW Data    ZI Data      Debug   Object Name

        24          0          0          0          0      18058   buzzer.o
       824         40          0        512          0      22948   chassis.o
        16          0          0          0          0        375   control.o
        68          4          0          0          0      17671   controller.o
       138          8          0          0          0       4065   dl_adc12.o
        24          0          0          0          0        579   dl_common.o
       328          4          0          0          0       4176   dl_dma.o
       198         12          0          0          0      10685   dl_spi.o
       706         48          0          0          0      16431   dl_sysctl_mspm0g1x0x_g3x0x.o
      1130         44          0          0          0      23765   dl_timer.o
       222          8          0          0          0      10741   dl_uart.o
        36          0          0          0          0      15346   encoder.o
       104         16          0          0          4      18166   it.o
        62          0          0          0          0      20887   ls7366r.o
       118          0          0          0          0      20055   n20_motor.o
        72         16          0          0          0      16425   pid_controller.o
        48          0          0          0          0      17777   remote.o
        20          4        192          0        256        616   startup_mspm0g350x_uvision.o
       856        136          4          0       1838      35520   task.o
      3728        312        160          0        456      43337   ti_msp_dl_config.o

    ----------------------------------------------------------------------
      8728        652        392        512       2560     317623   Object Totals
         0          0         32          0          0          0   (incl. Generated)
         6          0          4          0          6          0   (incl. Padding)

    ----------------------------------------------------------------------

      Code (inc. data)   RO Data    RW Data    ZI Data      Debug   Library Member Name

         0          0       2052          0          0       3698   arm_common_tables.o
       464         20          0          0          0       1328   arm_sin_cos_f32.o
        32         10          0          0          0         72   cpp_init.o
         0          0          0          0          0          0   entry.o
         0          0          0          0          0          0   entry10a.o
         0          0          0          0          0          0   entry11a.o
         8          4          0          0          0          0   entry2.o
         4          0          0          0          0          0   entry5.o
         0          0          0          0          0          0   entry7b.o
         4          0          0          0          0          0   entry8a.o
         0          0          0          0          0          0   entry8b.o
         8          4          0          0          0          0   entry9a.o
        30          0          0          0          0          0   handlers.o
        36          8          0          0          0         68   init.o
         0          0          0          0          0          0   iusefp.o
        32          0          0          0          0         68   llshl.o
        38          0          0          0          0         68   llsshr.o
        34          0          0          0          0         68   llushr.o
        36          0          0          0          0         60   memcpya.o
        44          0          0          0          0         72   uidiv.o
        56          0          0          0          0         68   d2f.o
       356          4          0          0          0        140   dadd.o
       236          0          0          0          0        216   depilogue.o
       208          6          0          0          0         88   dmul.o
        40          0          0          0          0         60   f2d.o
       178          0          0          0          0        108   fadd.o
        28          0          0          0          0         60   fcmpge.o
        28          0          0          0          0         60   fcmple.o
        28          0          0          0          0         60   fcmplt.o
       124          0          0          0          0         72   fdiv.o
       130          0          0          0          0        144   fepilogue.o
        50          0          0          0          0         60   ffixi.o
        40          0          0          0          0         60   ffixui.o
        22          0          0          0          0         68   fflti.o
        14          0          0          0          0         68   ffltui.o
       122          0          0          0          0         72   fmul.o

    ----------------------------------------------------------------------
      2448         56       2052          0          0       6906   Library Totals
        18          0          0          0          0          0   (incl. Padding)

    ----------------------------------------------------------------------

      Code (inc. data)   RO Data    RW Data    ZI Data      Debug   Library Name

       464         20       2052          0          0       5026   arm_cortexM0l_math.lib
       306         26          0          0          0        476   mc_p.l
      1660         10          0          0          0       1404   mf_p.l

    ----------------------------------------------------------------------
      2448         56       2052          0          0       6906   Library Totals

    ----------------------------------------------------------------------

==============================================================================


      Code (inc. data)   RO Data    RW Data    ZI Data      Debug   

     11176        708       2444        512       2560     323453   Grand Totals
     11176        708       2444        512       2560     323453   ELF Image Totals
     11176        708       2444        512          0          0   ROM Totals

==============================================================================

    Total RO  Size (Code + RO Data)                13620 (  13.30kB)
    Total RW  Size (RW Data + ZI Data)              3072 (   3.00kB)
    Total ROM Size (Code + RO Data + RW Data)      14132 (  13.80kB)

==============================================================================

